Component: Arm Compiler for Embedded 6.21 Tool: armlink [5ec1fa00]

==============================================================================

Section Cross References

    startup_m55m1.o(.ARM.exidx.text.Default_Handler) refers to startup_m55m1.o(.text.Default_Handler) for [Anonymous Symbol]
    startup_m55m1.o(.text.Reset_Handler) refers to system_m55m1.o(.data.SystemCoreClock) for SystemCoreClock
    startup_m55m1.o(.text.Reset_Handler) refers to startup_m55m1.o(.text.Reset_Handler_PreInit) for Reset_Handler_PreInit
    startup_m55m1.o(.text.Reset_Handler) refers to entry.o(.ARM.Collect$$$$00000000) for __main
    startup_m55m1.o(.ARM.exidx.text.Reset_Handler) refers to startup_m55m1.o(.text.Reset_Handler) for [Anonymous Symbol]
    startup_m55m1.o(.text.HardFault_Handler) refers to retarget.o(.text.ProcessHardFault) for ProcessHardFault
    startup_m55m1.o(.ARM.exidx.text.HardFault_Handler) refers to startup_m55m1.o(.text.HardFault_Handler) for [Anonymous Symbol]
    startup_m55m1.o(.text.Reset_Handler_PreInit) refers to clk.o(.text.CLK_SetBusClock) for CLK_SetBusClock
    startup_m55m1.o(.text.Reset_Handler_PreInit) refers to system_m55m1.o(.text.SystemCoreClockUpdate) for SystemCoreClockUpdate
    startup_m55m1.o(.ARM.exidx.text.Reset_Handler_PreInit) refers to startup_m55m1.o(.text.Reset_Handler_PreInit) for [Anonymous Symbol]
    startup_m55m1.o(RESET) refers to startup_m55m1.o(.text.Reset_Handler) for Reset_Handler
    startup_m55m1.o(RESET) refers to startup_m55m1.o(.text.Default_Handler) for NMI_Handler
    startup_m55m1.o(RESET) refers to startup_m55m1.o(.text.HardFault_Handler) for HardFault_Handler
    startup_m55m1.o(DTCM.VTOR) refers to startup_m55m1.o(.text.Reset_Handler) for Reset_Handler
    startup_m55m1.o(DTCM.VTOR) refers to startup_m55m1.o(.text.Default_Handler) for NMI_Handler
    startup_m55m1.o(DTCM.VTOR) refers to startup_m55m1.o(.text.HardFault_Handler) for HardFault_Handler
    startup_m55m1.o(DTCM.VTOR) refers to main.o(ITCM) for USCI0_IRQHandler
    system_m55m1.o(.text.SystemCoreClockUpdate) refers to clk.o(.text.CLK_SystemClockUpdate) for CLK_SystemClockUpdate
    system_m55m1.o(.text.SystemCoreClockUpdate) refers to system_m55m1.o(.data.SystemCoreClock) for SystemCoreClock
    system_m55m1.o(.text.SystemCoreClockUpdate) refers to system_m55m1.o(.data.CyclesPerUs) for CyclesPerUs
    system_m55m1.o(.ARM.exidx.text.SystemCoreClockUpdate) refers to system_m55m1.o(.text.SystemCoreClockUpdate) for [Anonymous Symbol]
    system_m55m1.o(.ARM.exidx.text.SetDebugUartMFP) refers to system_m55m1.o(.text.SetDebugUartMFP) for [Anonymous Symbol]
    system_m55m1.o(.text.SetDebugUartCLK) refers to clk.o(.text.CLK_EnableXtalRC) for CLK_EnableXtalRC
    system_m55m1.o(.text.SetDebugUartCLK) refers to clk.o(.text.CLK_WaitClockReady) for CLK_WaitClockReady
    system_m55m1.o(.text.SetDebugUartCLK) refers to clk.o(.text.CLK_SetModuleClock) for CLK_SetModuleClock
    system_m55m1.o(.text.SetDebugUartCLK) refers to clk.o(.text.CLK_EnableModuleClock) for CLK_EnableModuleClock
    system_m55m1.o(.text.SetDebugUartCLK) refers to sys.o(.text.SYS_ResetModule) for SYS_ResetModule
    system_m55m1.o(.ARM.exidx.text.SetDebugUartCLK) refers to system_m55m1.o(.text.SetDebugUartCLK) for [Anonymous Symbol]
    system_m55m1.o(.text.InitDebugUart) refers to uart.o(.text.UART_Open) for UART_Open
    system_m55m1.o(.ARM.exidx.text.InitDebugUart) refers to system_m55m1.o(.text.InitDebugUart) for [Anonymous Symbol]
    system_m55m1.o(.text.InitPreDefMPURegion) refers to system_m55m1.o(.bss.g_u32NonCacheableBase) for g_u32NonCacheableBase
    system_m55m1.o(.text.InitPreDefMPURegion) refers to system_m55m1.o(.bss.g_u32NonCacheableLimit) for g_u32NonCacheableLimit
    system_m55m1.o(.ARM.exidx.text.InitPreDefMPURegion) refers to system_m55m1.o(.text.InitPreDefMPURegion) for [Anonymous Symbol]
    system_m55m1.o(.text.SystemInit) refers to startup_m55m1.o(DTCM.VTOR) for DTCM_VECTOR_TABLE
    system_m55m1.o(.text.SystemInit) refers to system_m55m1.o(.text.InitPreDefMPURegion) for InitPreDefMPURegion
    system_m55m1.o(.ARM.exidx.text.SystemInit) refers to system_m55m1.o(.text.SystemInit) for [Anonymous Symbol]
    system_m55m1.o(.init_array) refers to system_m55m1.o(.text.SystemInit) for SystemInit
    clk.o(.ARM.exidx.text.CLK_DisableCKO) refers to clk.o(.text.CLK_DisableCKO) for [Anonymous Symbol]
    clk.o(.ARM.exidx.text.CLK_EnableCKO) refers to clk.o(.text.CLK_EnableCKO) for [Anonymous Symbol]
    clk.o(.ARM.exidx.text.CLK_GetHXTFreq) refers to clk.o(.text.CLK_GetHXTFreq) for [Anonymous Symbol]
    clk.o(.ARM.exidx.text.CLK_GetLXTFreq) refers to clk.o(.text.CLK_GetLXTFreq) for [Anonymous Symbol]
    clk.o(.text.CLK_GetMIRCFreq) refers to clk.o(.rodata.cst16) for .Lswitch.table.CLK_SystemClockUpdate
    clk.o(.ARM.exidx.text.CLK_GetMIRCFreq) refers to clk.o(.text.CLK_GetMIRCFreq) for [Anonymous Symbol]
    clk.o(.ARM.exidx.text.CLK_DisableMIRC) refers to clk.o(.text.CLK_DisableMIRC) for [Anonymous Symbol]
[...]
    printf1.o(i.__0fprintf$1) refers to retarget.o(.text.fputc) for fputc
    printf1.o(i.__0printf$1) refers to printf1.o(i._printf_core) for _printf_core
    printf1.o(i.__0printf$1) refers to retarget.o(.text.fputc) for fputc
    printf1.o(i.__0printf$1) refers to stdout.o(.data) for __stdout
    printf1.o(i.__0snprintf$1) refers to printf1.o(i._printf_core) for _printf_core
    printf1.o(i.__0snprintf$1) refers to printf1.o(i._snputc) for _snputc
    printf1.o(i.__0sprintf$1) refers to printf1.o(i._printf_core) for _printf_core
    printf1.o(i.__0sprintf$1) refers to printf1.o(i._sputc) for _sputc
    printf1.o(i.__0vfprintf$1) refers to printf1.o(i._printf_core) for _printf_core
    printf1.o(i.__0vfprintf$1) refers to retarget.o(.text.fputc) for fputc
    printf1.o(i.__0vprintf$1) refers to printf1.o(i._printf_core) for _printf_core
    printf1.o(i.__0vprintf$1) refers to retarget.o(.text.fputc) for fputc
    printf1.o(i.__0vprintf$1) refers to stdout.o(.data) for __stdout
    printf1.o(i.__0vsnprintf$1) refers to printf1.o(i._printf_core) for _printf_core
    printf1.o(i.__0vsnprintf$1) refers to printf1.o(i._snputc) for _snputc
    printf1.o(i.__0vsprintf$1) refers to printf1.o(i._printf_core) for _printf_core
    printf1.o(i.__0vsprintf$1) refers to printf1.o(i._sputc) for _sputc
    printf1.o(i._printf_core) refers to uidiv.o(.text) for __aeabi_uidivmod
    printf2.o(i.__0fprintf$2) refers to printf2.o(i._printf_core) for _printf_core
    printf2.o(i.__0fprintf$2) refers to retarget.o(.text.fputc) for fputc
    printf2.o(i.__0printf$2) refers to printf2.o(i._printf_core) for _printf_core
    printf2.o(i.__0printf$2) refers to retarget.o(.text.fputc) for fputc
    printf2.o(i.__0printf$2) refers to stdout.o(.data) for __stdout
    printf2.o(i.__0snprintf$2) refers to printf2.o(i._printf_core) for _printf_core
    printf2.o(i.__0snprintf$2) refers to printf2.o(i._snputc) for _snputc
    printf2.o(i.__0sprintf$2) refers to printf2.o(i._printf_core) for _printf_core
    printf2.o(i.__0sprintf$2) refers to printf2.o(i._sputc) for _sputc
    printf2.o(i.__0vfprintf$2) refers to printf2.o(i._printf_core) for _printf_core
    printf2.o(i.__0vfprintf$2) refers to retarget.o(.text.fputc) for fputc
    printf2.o(i.__0vprintf$2) refers to printf2.o(i._printf_core) for _printf_core
    printf2.o(i.__0vprintf$2) refers to retarget.o(.text.fputc) for fputc
    printf2.o(i.__0vprintf$2) refers to stdout.o(.data) for __stdout
    printf2.o(i.__0vsnprintf$2) refers to printf2.o(i._printf_core) for _printf_core
    printf2.o(i.__0vsnprintf$2) refers to printf2.o(i._snputc) for _snputc
    printf2.o(i.__0vsprintf$2) refers to printf2.o(i._printf_core) for _printf_core
    printf2.o(i.__0vsprintf$2) refers to printf2.o(i._sputc) for _sputc
    printf3.o(i.__0fprintf$3) refers to printf3.o(i._printf_core) for _printf_core
    printf3.o(i.__0fprintf$3) refers to retarget.o(.text.fputc) for fputc
    printf3.o(i.__0printf$3) refers to printf3.o(i._printf_core) for _printf_core
    printf3.o(i.__0printf$3) refers to retarget.o(.text.fputc) for fputc
    printf3.o(i.__0printf$3) refers to stdout.o(.data) for __stdout
    printf3.o(i.__0snprintf$3) refers to printf3.o(i._printf_core) for _printf_core
    printf3.o(i.__0snprintf$3) refers to printf3.o(i._snputc) for _snputc
    printf3.o(i.__0sprintf$3) refers to printf3.o(i._printf_core) for _printf_core
    printf3.o(i.__0sprintf$3) refers to printf3.o(i._sputc) for _sputc
    printf3.o(i.__0vfprintf$3) refers to printf3.o(i._printf_core) for _printf_core
    printf3.o(i.__0vfprintf$3) refers to retarget.o(.text.fputc) for fputc
    printf3.o(i.__0vprintf$3) refers to printf3.o(i._printf_core) for _printf_core
    printf3.o(i.__0vprintf$3) refers to retarget.o(.text.fputc) for fputc
    printf3.o(i.__0vprintf$3) refers to stdout.o(.data) for __stdout
    printf3.o(i.__0vsnprintf$3) refers to printf3.o(i._printf_core) for _printf_core
    printf3.o(i.__0vsnprintf$3) refers to printf3.o(i._snputc) for _snputc
    printf3.o(i.__0vsprintf$3) refers to printf3.o(i._printf_core) for _printf_core
    printf3.o(i.__0vsprintf$3) refers to printf3.o(i._sputc) for _sputc
    printf3.o(i._printf_core) refers to uidiv.o(.text) for __aeabi_uidivmod
    printf4.o(i.__0fprintf$4) refers to printf4.o(i._printf_core) for _printf_core
    printf4.o(i.__0fprintf$4) refers to retarget.o(.text.fputc) for fputc
    printf4.o(i.__0printf$4) refers to printf4.o(i._printf_core) for _printf_core
    printf4.o(i.__0printf$4) refers to retarget.o(.text.fputc) for fputc
    printf4.o(i.__0printf$4) refers to stdout.o(.data) for __stdout
    printf4.o(i.__0snprintf$4) refers to printf4.o(i._printf_core) for _printf_core
    printf4.o(i.__0snprintf$4) refers to printf4.o(i._snputc) for _snputc
    printf4.o(i.__0sprintf$4) refers to printf4.o(i._printf_core) for _printf_core
    printf4.o(i.__0sprintf$4) refers to printf4.o(i._sputc) for _sputc
    printf4.o(i.__0vfprintf$4) refers to printf4.o(i._printf_core) for _printf_core
    printf4.o(i.__0vfprintf$4) refers to retarget.o(.text.fputc) for fputc
    printf4.o(i.__0vprintf$4) refers to printf4.o(i._printf_core) for _printf_core
    printf4.o(i.__0vprintf$4) refers to retarget.o(.text.fputc) for fputc
    printf4.o(i.__0vprintf$4) refers to stdout.o(.data) for __stdout
    printf4.o(i.__0vsnprintf$4) refers to printf4.o(i._printf_core) for _printf_core
    printf4.o(i.__0vsnprintf$4) refers to printf4.o(i._snputc) for _snputc
    printf4.o(i.__0vsprintf$4) refers to printf4.o(i._printf_core) for _printf_core
    printf4.o(i.__0vsprintf$4) refers to printf4.o(i._sputc) for _sputc
    printf4.o(i._printf_core) refers to uldiv.o(.text) for __aeabi_uldivmod
    printf5.o(i.__0fprintf$5) refers to printf5.o(i._printf_core) for _printf_core
    printf5.o(i.__0fprintf$5) refers to retarget.o(.text.fputc) for fputc
    printf5.o(i.__0printf$5) refers to printf5.o(i._printf_core) for _printf_core
    printf5.o(i.__0printf$5) refers to retarget.o(.text.fputc) for fputc
    printf5.o(i.__0printf$5) refers to stdout.o(.data) for __stdout
    printf5.o(i.__0snprintf$5) refers to printf5.o(i._printf_core) for _printf_core
    printf5.o(i.__0snprintf$5) refers to printf5.o(i._snputc) for _snputc
    printf5.o(i.__0sprintf$5) refers to printf5.o(i._printf_core) for _printf_core
    printf5.o(i.__0sprintf$5) refers to printf5.o(i._sputc) for _sputc
    printf5.o(i.__0vfprintf$5) refers to printf5.o(i._printf_core) for _printf_core
    printf5.o(i.__0vfprintf$5) refers to retarget.o(.text.fputc) for fputc
    printf5.o(i.__0vprintf$5) refers to printf5.o(i._printf_core) for _printf_core
    printf5.o(i.__0vprintf$5) refers to retarget.o(.text.fputc) for fputc
    printf5.o(i.__0vprintf$5) refers to stdout.o(.data) for __stdout
    printf5.o(i.__0vsnprintf$5) refers to printf5.o(i._printf_core) for _printf_core
    printf5.o(i.__0vsnprintf$5) refers to printf5.o(i._snputc) for _snputc
    printf5.o(i.__0vsprintf$5) refers to printf5.o(i._printf_core) for _printf_core
    printf5.o(i.__0vsprintf$5) refers to printf5.o(i._sputc) for _sputc
    printf5.o(i._printf_core) refers to uldiv.o(.text) for __aeabi_uldivmod
    printf6.o(i.__0fprintf$6) refers to printf6.o(i._printf_core) for _printf_core
    printf6.o(i.__0fprintf$6) refers to retarget.o(.text.fputc) for fputc
    printf6.o(i.__0printf$6) refers to printf6.o(i._printf_core) for _printf_core
    printf6.o(i.__0printf$6) refers to retarget.o(.text.fputc) for fputc
    printf6.o(i.__0printf$6) refers to stdout.o(.data) for __stdout
    printf6.o(i.__0snprintf$6) refers to printf6.o(i._printf_core) for _printf_core
    printf6.o(i.__0snprintf$6) refers to printf6.o(i._snputc) for _snputc
    printf6.o(i.__0sprintf$6) refers to printf6.o(i._printf_core) for _printf_core
    printf6.o(i.__0sprintf$6) refers to printf6.o(i._sputc) for _sputc
    printf6.o(i.__0vfprintf$6) refers to printf6.o(i._printf_core) for _printf_core
    printf6.o(i.__0vfprintf$6) refers to retarget.o(.text.fputc) for fputc
    printf6.o(i.__0vprintf$6) refers to printf6.o(i._printf_core) for _printf_core
    printf6.o(i.__0vprintf$6) refers to retarget.o(.text.fputc) for fputc
    printf6.o(i.__0vprintf$6) refers to stdout.o(.data) for __stdout
    printf6.o(i.__0vsnprintf$6) refers to printf6.o(i._printf_core) for _printf_core
    printf6.o(i.__0vsnprintf$6) refers to printf6.o(i._snputc) for _snputc
    printf6.o(i.__0vsprintf$6) refers to printf6.o(i._printf_core) for _printf_core
    printf6.o(i.__0vsprintf$6) refers to printf6.o(i._sputc) for _sputc
    printf6.o(i._printf_core) refers to printf6.o(i._printf_pre_padding) for _printf_pre_padding
    printf6.o(i._printf_core) refers to uidiv.o(.text) for __aeabi_uidivmod
    printf6.o(i._printf_core) refers to printf6.o(i._printf_post_padding) for _printf_post_padding
    printf7.o(i.__0fprintf$7) refers to printf7.o(i._printf_core) for _printf_core
    printf7.o(i.__0fprintf$7) refers to retarget.o(.text.fputc) for fputc
    printf7.o(i.__0printf$7) refers to printf7.o(i._printf_core) for _printf_core
    printf7.o(i.__0printf$7) refers to retarget.o(.text.fputc) for fputc
    printf7.o(i.__0printf$7) refers to stdout.o(.data) for __stdout
    printf7.o(i.__0snprintf$7) refers to printf7.o(i._printf_core) for _printf_core
    printf7.o(i.__0snprintf$7) refers to printf7.o(i._snputc) for _snputc
    printf7.o(i.__0sprintf$7) refers to printf7.o(i._printf_core) for _printf_core
    printf7.o(i.__0sprintf$7) refers to printf7.o(i._sputc) for _sputc
    printf7.o(i.__0vfprintf$7) refers to printf7.o(i._printf_core) for _printf_core
    printf7.o(i.__0vfprintf$7) refers to retarget.o(.text.fputc) for fputc
    printf7.o(i.__0vprintf$7) refers to printf7.o(i._printf_core) for _printf_core
    printf7.o(i.__0vprintf$7) refers to retarget.o(.text.fputc) for fputc
    printf7.o(i.__0vprintf$7) refers to stdout.o(.data) for __stdout
    printf7.o(i.__0vsnprintf$7) refers to printf7.o(i._printf_core) for _printf_core
    printf7.o(i.__0vsnprintf$7) refers to printf7.o(i._snputc) for _snputc
    printf7.o(i.__0vsprintf$7) refers to printf7.o(i._printf_core) for _printf_core
    printf7.o(i.__0vsprintf$7) refers to printf7.o(i._sputc) for _sputc
    printf7.o(i._printf_core) refers to printf7.o(i._printf_pre_padding) for _printf_pre_padding
    printf7.o(i._printf_core) refers to uldiv.o(.text) for __aeabi_uldivmod
    printf7.o(i._printf_core) refers to printf7.o(i._printf_post_padding) for _printf_post_padding
    printf8.o(i.__0fprintf$8) refers to printf8.o(i._printf_core) for _printf_core
    printf8.o(i.__0fprintf$8) refers to retarget.o(.text.fputc) for fputc
    printf8.o(i.__0printf$8) refers to printf8.o(i._printf_core) for _printf_core
    printf8.o(i.__0printf$8) refers to retarget.o(.text.fputc) for fputc
    printf8.o(i.__0printf$8) refers to stdout.o(.data) for __stdout
    printf8.o(i.__0snprintf$8) refers to printf8.o(i._printf_core) for _printf_core
    printf8.o(i.__0snprintf$8) refers to printf8.o(i._snputc) for _snputc
    printf8.o(i.__0sprintf$8) refers to printf8.o(i._printf_core) for _printf_core
    printf8.o(i.__0sprintf$8) refers to printf8.o(i._sputc) for _sputc
    printf8.o(i.__0vfprintf$8) refers to printf8.o(i._printf_core) for _printf_core
    printf8.o(i.__0vfprintf$8) refers to retarget.o(.text.fputc) for fputc
    printf8.o(i.__0vprintf$8) refers to printf8.o(i._printf_core) for _printf_core
    printf8.o(i.__0vprintf$8) refers to retarget.o(.text.fputc) for fputc
    printf8.o(i.__0vprintf$8) refers to stdout.o(.data) for __stdout
    printf8.o(i.__0vsnprintf$8) refers to printf8.o(i._printf_core) for _printf_core
    printf8.o(i.__0vsnprintf$8) refers to printf8.o(i._snputc) for _snputc
    printf8.o(i.__0vsprintf$8) refers to printf8.o(i._printf_core) for _printf_core
    printf8.o(i.__0vsprintf$8) refers to printf8.o(i._sputc) for _sputc
    printf8.o(i._printf_core) refers to printf8.o(i._printf_pre_padding) for _printf_pre_padding
    printf8.o(i._printf_core) refers to uldiv.o(.text) for __aeabi_uldivmod
    printf8.o(i._printf_core) refers to printf8.o(i._printf_post_padding) for _printf_post_padding
    printfa.o(i.__0fprintf) refers (Special) to iusefp.o(.text) for __I$use$fp
    printfa.o(i.__0fprintf) refers to printfa.o(i._printf_core) for _printf_core
    printfa.o(i.__0fprintf) refers to retarget.o(.text.fputc) for fputc
    printfa.o(i.__0printf) refers (Special) to iusefp.o(.text) for __I$use$fp
    printfa.o(i.__0printf) refers to printfa.o(i._printf_core) for _printf_core
    printfa.o(i.__0printf) refers to retarget.o(.text.fputc) for fputc
    printfa.o(i.__0printf) refers to stdout.o(.data) for __stdout
    printfa.o(i.__0snprintf) refers (Special) to iusefp.o(.text) for __I$use$fp
    printfa.o(i.__0snprintf) refers to printfa.o(i._printf_core) for _printf_core
    printfa.o(i.__0snprintf) refers to printfa.o(i._snputc) for _snputc
    printfa.o(i.__0sprintf) refers (Special) to iusefp.o(.text) for __I$use$fp
    printfa.o(i.__0sprintf) refers to printfa.o(i._printf_core) for _printf_core
    printfa.o(i.__0sprintf) refers to printfa.o(i._sputc) for _sputc
    printfa.o(i.__0vfprintf) refers (Special) to iusefp.o(.text) for __I$use$fp
    printfa.o(i.__0vfprintf) refers to printfa.o(i._printf_core) for _printf_core
    printfa.o(i.__0vfprintf) refers to retarget.o(.text.fputc) for fputc
    printfa.o(i.__0vprintf) refers (Special) to iusefp.o(.text) for __I$use$fp
    printfa.o(i.__0vprintf) refers to printfa.o(i._printf_core) for _printf_core
    printfa.o(i.__0vprintf) refers to retarget.o(.text.fputc) for fputc
    printfa.o(i.__0vprintf) refers to stdout.o(.data) for __stdout
    printfa.o(i.__0vsnprintf) refers (Special) to iusefp.o(.text) for __I$use$fp
    printfa.o(i.__0vsnprintf) refers to printfa.o(i._printf_core) for _printf_core
    printfa.o(i.__0vsnprintf) refers to printfa.o(i._snputc) for _snputc
    printfa.o(i.__0vsprintf) refers (Special) to iusefp.o(.text) for __I$use$fp
    printfa.o(i.__0vsprintf) refers to printfa.o(i._printf_core) for _printf_core
    printfa.o(i.__0vsprintf) refers to printfa.o(i._sputc) for _sputc
    printfa.o(i._fp_digits) refers (Special) to iusefp.o(.text) for __I$use$fp
    printfa.o(i._fp_digits) refers to dmul.o(.text) for __aeabi_dmul
    printfa.o(i._fp_digits) refers to ddiv.o(.text) for __aeabi_ddiv
    printfa.o(i._fp_digits) refers to cdrcmple.o(.text) for __aeabi_cdrcmple
    printfa.o(i._fp_digits) refers to dadd.o(.text) for __aeabi_dadd
    printfa.o(i._fp_digits) refers to dfixul.o(.text) for __aeabi_d2ulz
    printfa.o(i._fp_digits) refers to uldiv.o(.text) for __aeabi_uldivmod
    printfa.o(i._printf_core) refers (Special) to iusefp.o(.text) for __I$use$fp
    printfa.o(i._printf_core) refers to printfa.o(i._printf_pre_padding) for _printf_pre_padding
    printfa.o(i._printf_core) refers to uldiv.o(.text) for __aeabi_uldivmod
    printfa.o(i._printf_core) refers to printfa.o(i._printf_post_padding) for _printf_post_padding
    printfa.o(i._printf_core) refers to printfa.o(i._fp_digits) for _fp_digits
    printfa.o(i._printf_core) refers to uidiv.o(.text) for __aeabi_uidivmod
    printfa.o(i._printf_post_padding) refers (Special) to iusefp.o(.text) for __I$use$fp
    printfa.o(i._printf_pre_padding) refers (Special) to iusefp.o(.text) for __I$use$fp
    printfa.o(i._snputc) refers (Special) to iusefp.o(.text) for __I$use$fp
    printfa.o(i._sputc) refers (Special) to iusefp.o(.text) for __I$use$fp
    cpp_init.o(.emb_text) refers (Special) to entry8a.o(.ARM.Collect$$$$00000009) for _main_cpp_init$empty
    cpp_init.o(.init_array) refers (Special) to entry8a.o(.ARM.Collect$$$$00000009) for _main_cpp_init$empty
    cpp_init.o(.dummy_text) refers (Special) to entry8a.o(.ARM.Collect$$$$00000009) for _main_cpp_init$empty
    cpp_init.o(.text) refers (Special) to entry8a.o(.ARM.Collect$$$$00000009) for _main_cpp_init$empty
    entry4.o(.ARM.Collect$$$$00000003) refers to entry4.o(.ARM.Collect$$$$00002714) for __lit__00000000
    entry4.o(__vectab_stack_and_reset_area) refers to entry.o(.ARM.Collect$$$$00000000) for __main
    entry5.o(.ARM.Collect$$$$00000004) refers to init.o(.text) for __scatterload
    entry8a.o(.ARM.Collect$$$$00000009) refers (Weak) to cpp_init.o(.text) for __cpp_initialize__aeabi_
    entry9a.o(.ARM.Collect$$$$0000000B) refers to main.o(.text.main) for main
    entry9b.o(.ARM.Collect$$$$0000000C) refers to main.o(.text.main) for main
    uldiv.o(.text) refers to llushr.o(.text) for __aeabi_llsr
    uldiv.o(.text) refers to llshl.o(.text) for __aeabi_llsl
    dadd.o(.text) refers (Special) to iusefp.o(.text) for __I$use$fp
    dadd.o(.text) refers to llshl.o(.text) for __aeabi_llsl
    dadd.o(.text) refers to llsshr.o(.text) for __aeabi_lasr
    dadd.o(.text) refers to depilogue.o(.text) for _double_epilogue
    dmul.o(.text) refers (Special) to iusefp.o(.text) for __I$use$fp
    dmul.o(.text) refers to depilogue.o(.text) for _double_epilogue
    ddiv.o(.text) refers (Special) to iusefp.o(.text) for __I$use$fp
    ddiv.o(.text) refers to depilogue.o(.text) for _double_round
    dfixul.o(.text) refers (Special) to iusefp.o(.text) for __I$use$fp
    dfixul.o(.text) refers to llushr.o(.text) for __aeabi_llsr
    dfixul.o(.text) refers to llshl.o(.text) for __aeabi_llsl
    cdrcmple.o(.text) refers (Special) to iusefp.o(.text) for __I$use$fp
    init.o(.text) refers to entry5.o(.ARM.Collect$$$$00000004) for __main_after_scatterload
    depilogue.o(.text) refers (Special) to iusefp.o(.text) for __I$use$fp
    depilogue.o(.text) refers to llshl.o(.text) for __aeabi_llsl
    depilogue.o(.text) refers to llushr.o(.text) for __aeabi_llsr


==============================================================================

Removing Unused input sections from the image.

    Removing startup_m55m1.o(.text), (0 bytes).
    Removing startup_m55m1.o(.ARM.exidx.text.Default_Handler), (8 bytes).
    Removing startup_m55m1.o(.ARM.exidx.text.Reset_Handler), (8 bytes).
    Removing startup_m55m1.o(.ARM.exidx.text.HardFault_Handler), (8 bytes).
    Removing startup_m55m1.o(.ARM.exidx.text.Reset_Handler_PreInit), (8 bytes).
    Removing system_m55m1.o(.text), (0 bytes).
    Removing system_m55m1.o(.ARM.exidx.text.SystemCoreClockUpdate), (8 bytes).
    Removing system_m55m1.o(.ARM.exidx.text.SetDebugUartMFP), (8 bytes).
    Removing system_m55m1.o(.ARM.exidx.text.SetDebugUartCLK), (8 bytes).
    Removing system_m55m1.o(.ARM.exidx.text.InitDebugUart), (8 bytes).
    Removing system_m55m1.o(.ARM.exidx.text.InitPreDefMPURegion), (8 bytes).
    Removing system_m55m1.o(.ARM.exidx.text.SystemInit), (8 bytes).
    Removing clk.o(.text), (0 bytes).
    Removing clk.o(.text.CLK_DisableCKO), (18 bytes).
    Removing clk.o(.ARM.exidx.text.CLK_DisableCKO), (8 bytes).
    Removing clk.o(.text.CLK_EnableCKO), (38 bytes).
    Removing clk.o(.ARM.exidx.text.CLK_EnableCKO), (8 bytes).
    Removing clk.o(.text.CLK_GetHXTFreq), (26 bytes).
    Removing clk.o(.ARM.exidx.text.CLK_GetHXTFreq), (8 bytes).
    Removing clk.o(.text.CLK_GetLXTFreq), (20 bytes).
    Removing clk.o(.ARM.exidx.text.CLK_GetLXTFreq), (8 bytes).
    Removing clk.o(.text.CLK_GetMIRCFreq), (38 bytes).
    Removing clk.o(.ARM.exidx.text.CLK_GetMIRCFreq), (8 bytes).
    Removing clk.o(.text.CLK_DisableMIRC), (18 bytes).
    Removing clk.o(.ARM.exidx.text.CLK_DisableMIRC), (8 bytes).
    Removing clk.o(.text.CLK_EnableMIRC), (124 bytes).
    Removing clk.o(.ARM.exidx.text.CLK_EnableMIRC), (8 bytes).
    Removing clk.o(.ARM.exidx.text.CLK_WaitClockReady), (8 bytes).
    Removing clk.o(.ARM.exidx.text.CLK_GetPCLK0Freq), (8 bytes).
    Removing clk.o(.text.CLK_GetHCLK0Freq), (4 bytes).
    Removing clk.o(.ARM.exidx.text.CLK_GetHCLK0Freq), (8 bytes).
    Removing clk.o(.ARM.exidx.text.CLK_GetPCLK1Freq), (8 bytes).
    Removing clk.o(.text.CLK_GetPCLK2Freq), (28 bytes).
    Removing clk.o(.ARM.exidx.text.CLK_GetPCLK2Freq), (8 bytes).
    Removing clk.o(.text.CLK_GetPCLK3Freq), (28 bytes).
    Removing clk.o(.ARM.exidx.text.CLK_GetPCLK3Freq), (8 bytes).
    Removing clk.o(.text.CLK_GetPCLK4Freq), (40 bytes).
    Removing clk.o(.ARM.exidx.text.CLK_GetPCLK4Freq), (8 bytes).
    Removing clk.o(.text.CLK_GetHCLK2Freq), (28 bytes).
    Removing clk.o(.ARM.exidx.text.CLK_GetHCLK2Freq), (8 bytes).
    Removing clk.o(.text.CLK_GetPCLK5Freq), (18 bytes).
    Removing clk.o(.ARM.exidx.text.CLK_GetPCLK5Freq), (8 bytes).
    Removing clk.o(.text.CLK_GetACLKFreq), (18 bytes).
    Removing clk.o(.ARM.exidx.text.CLK_GetACLKFreq), (8 bytes).
    Removing clk.o(.text.CLK_GetSCLKFreq), (18 bytes).
    Removing clk.o(.ARM.exidx.text.CLK_GetSCLKFreq), (8 bytes).
    Removing clk.o(.ARM.exidx.text.CLK_SystemClockUpdate), (8 bytes).
    Removing clk.o(.text.CLK_GetHCLK1Freq), (4 bytes).
    Removing clk.o(.ARM.exidx.text.CLK_GetHCLK1Freq), (8 bytes).
    Removing clk.o(.text.CLK_SetCoreClock), (222 bytes).
    Removing clk.o(.ARM.exidx.text.CLK_SetCoreClock), (8 bytes).
    Removing clk.o(.ARM.exidx.text.CLK_EnableAPLL), (8 bytes).
    Removing clk.o(.ARM.exidx.text.CLK_SetSCLK), (8 bytes).
    Removing clk.o(.ARM.exidx.text.CLK_GetAPLL0ClockFreq), (8 bytes).
    Removing clk.o(.ARM.exidx.text.CLK_SetModuleClock), (8 bytes).
    Removing clk.o(.text.CLK_SetSysTickClockSrc), (20 bytes).
    Removing clk.o(.ARM.exidx.text.CLK_SetSysTickClockSrc), (8 bytes).
    Removing clk.o(.ARM.exidx.text.CLK_EnableXtalRC), (8 bytes).
    Removing clk.o(.text.CLK_DisableXtalRC), (18 bytes).
    Removing clk.o(.ARM.exidx.text.CLK_DisableXtalRC), (8 bytes).
    Removing clk.o(.ARM.exidx.text.CLK_EnableModuleClock), (8 bytes).
    Removing clk.o(.text.CLK_DisableModuleClock), (38 bytes).
    Removing clk.o(.ARM.exidx.text.CLK_DisableModuleClock), (8 bytes).
    Removing clk.o(.text.CLK_DisableAPLL), (30 bytes).
    Removing clk.o(.ARM.exidx.text.CLK_DisableAPLL), (8 bytes).
    Removing clk.o(.text.CLK_WaitClockDisable), (68 bytes).
    Removing clk.o(.ARM.exidx.text.CLK_WaitClockDisable), (8 bytes).
    Removing clk.o(.text.CLK_EnableSysTick), (94 bytes).
    Removing clk.o(.ARM.exidx.text.CLK_EnableSysTick), (8 bytes).
    Removing clk.o(.text.CLK_DisableSysTick), (14 bytes).
    Removing clk.o(.ARM.exidx.text.CLK_DisableSysTick), (8 bytes).
    Removing clk.o(.text.CLK_GetAPLL1ClockFreq), (130 bytes).
    Removing clk.o(.ARM.exidx.text.CLK_GetAPLL1ClockFreq), (8 bytes).
    Removing clk.o(.text.CLK_GetModuleClockSource), (34 bytes).
    Removing clk.o(.ARM.exidx.text.CLK_GetModuleClockSource), (8 bytes).
    Removing clk.o(.text.CLK_GetModuleClockDivider), (36 bytes).
    Removing clk.o(.ARM.exidx.text.CLK_GetModuleClockDivider), (8 bytes).
    Removing clk.o(.ARM.exidx.text.CLK_SetBusClock), (8 bytes).
    Removing clk.o(.text.CLK_SysTickDelay), (452 bytes).
    Removing clk.o(.ARM.exidx.text.CLK_SysTickDelay), (8 bytes).
    Removing clk.o(.text.CLK_SysTickLongDelay), (90 bytes).
    Removing clk.o(.ARM.exidx.text.CLK_SysTickLongDelay), (8 bytes).
    Removing sys.o(.text), (0 bytes).
    Removing sys.o(.ARM.exidx.text.SYS_ResetModule), (8 bytes).
    Removing sys.o(.text.SYS_EnableBOD), (122 bytes).
    Removing sys.o(.ARM.exidx.text.SYS_EnableBOD), (8 bytes).
    Removing sys.o(.text.SYS_DisableBOD), (94 bytes).
    Removing sys.o(.ARM.exidx.text.SYS_DisableBOD), (8 bytes).
    Removing gpio.o(.text), (0 bytes).
    Removing gpio.o(.text.GPIO_SetMode), (264 bytes).
    Removing gpio.o(.ARM.exidx.text.GPIO_SetMode), (8 bytes).
    Removing gpio.o(.text.GPIO_EnableInt), (50 bytes).
    Removing gpio.o(.ARM.exidx.text.GPIO_EnableInt), (8 bytes).
    Removing gpio.o(.text.GPIO_DisableInt), (30 bytes).
    Removing gpio.o(.ARM.exidx.text.GPIO_DisableInt), (8 bytes).
    Removing gpio.o(.text.GPIO_SetSlewCtl), (264 bytes).
    Removing gpio.o(.ARM.exidx.text.GPIO_SetSlewCtl), (8 bytes).
    Removing gpio.o(.text.GPIO_SetPullCtl), (264 bytes).
    Removing gpio.o(.ARM.exidx.text.GPIO_SetPullCtl), (8 bytes).
    Removing gpio.o(.text.GPIO_EnableEINT), (104 bytes).
    Removing gpio.o(.ARM.exidx.text.GPIO_EnableEINT), (8 bytes).
    Removing gpio.o(.text.GPIO_DisableEINT), (100 bytes).
    Removing gpio.o(.ARM.exidx.text.GPIO_DisableEINT), (8 bytes).
    Removing retarget.o(.text), (0 bytes).
    Removing retarget.o(.text.SendChar), (78 bytes).
    Removing retarget.o(.ARM.exidx.text.SendChar), (8 bytes).
    Removing retarget.o(.text.GetChar), (42 bytes).
    Removing retarget.o(.ARM.exidx.text.GetChar), (8 bytes).
    Removing retarget.o(.ARM.exidx.text.ProcessHardFault), (8 bytes).
    Removing retarget.o(.text._sys_open), (80 bytes).
    Removing retarget.o(.ARM.exidx.text._sys_open), (8 bytes).
    Removing retarget.o(.text._sys_write), (292 bytes).
    Removing retarget.o(.ARM.exidx.text._sys_write), (8 bytes).
    Removing retarget.o(.text._sys_read), (116 bytes).
    Removing retarget.o(.ARM.exidx.text._sys_read), (8 bytes).
    Removing retarget.o(.text._sys_istty), (14 bytes).
    Removing retarget.o(.ARM.exidx.text._sys_istty), (8 bytes).
    Removing retarget.o(.text._sys_close), (16 bytes).
    Removing retarget.o(.ARM.exidx.text._sys_close), (8 bytes).
    Removing retarget.o(.text._sys_seek), (6 bytes).
    Removing retarget.o(.ARM.exidx.text._sys_seek), (8 bytes).
    Removing retarget.o(.text._sys_ensure), (6 bytes).
    Removing retarget.o(.ARM.exidx.text._sys_ensure), (8 bytes).
    Removing retarget.o(.text._sys_flen), (16 bytes).
    Removing retarget.o(.ARM.exidx.text._sys_flen), (8 bytes).
    Removing retarget.o(.text._sys_tmpnam), (2 bytes).
    Removing retarget.o(.ARM.exidx.text._sys_tmpnam), (8 bytes).
    Removing retarget.o(.text._sys_command_string), (2 bytes).
    Removing retarget.o(.ARM.exidx.text._sys_command_string), (8 bytes).
    Removing retarget.o(.text._sys_exit), (156 bytes).
    Removing retarget.o(.ARM.exidx.text._sys_exit), (8 bytes).
    Removing retarget.o(.text._ttywrch), (78 bytes).
    Removing retarget.o(.ARM.exidx.text._ttywrch), (8 bytes).
    Removing retarget.o(.text.abort), (2 bytes).
    Removing retarget.o(.ARM.exidx.text.abort), (8 bytes).
    Removing retarget.o(.text.__aeabi_assert), (332 bytes).
    Removing retarget.o(.ARM.exidx.text.__aeabi_assert), (8 bytes).
    Removing retarget.o(.ARM.exidx.text.fputc), (8 bytes).
    Removing retarget.o(.ARM.exidx.text.fgetc), (8 bytes).
    Removing retarget.o(.rodata.__stdin_name), (6 bytes).
    Removing retarget.o(.rodata.__stdout_name), (7 bytes).
    Removing retarget.o(.rodata.__stderr_name), (7 bytes).
    Removing uart.o(.text), (0 bytes).
    Removing uart.o(.text.UART_ClearIntFlag), (78 bytes).
    Removing uart.o(.ARM.exidx.text.UART_ClearIntFlag), (8 bytes).
    Removing uart.o(.text.UART_Close), (6 bytes).
    Removing uart.o(.ARM.exidx.text.UART_Close), (8 bytes).
    Removing uart.o(.text.UART_DisableFlowCtrl), (10 bytes).
    Removing uart.o(.ARM.exidx.text.UART_DisableFlowCtrl), (8 bytes).
    Removing uart.o(.text.UART_DisableInt), (10 bytes).
    Removing uart.o(.ARM.exidx.text.UART_DisableInt), (8 bytes).
    Removing uart.o(.text.UART_EnableFlowCtrl), (26 bytes).
    Removing uart.o(.ARM.exidx.text.UART_EnableFlowCtrl), (8 bytes).
    Removing uart.o(.text.UART_EnableInt), (8 bytes).
    Removing uart.o(.ARM.exidx.text.UART_EnableInt), (8 bytes).
    Removing uart.o(.ARM.exidx.text.UART_Open), (8 bytes).
    Removing uart.o(.text.UART_Read), (190 bytes).
    Removing uart.o(.ARM.exidx.text.UART_Read), (8 bytes).
    Removing uart.o(.text.UART_SetLineConfig), (500 bytes).
    Removing uart.o(.ARM.exidx.text.UART_SetLineConfig), (8 bytes).
    Removing uart.o(.text.UART_SetTimeoutCnt), (20 bytes).
    Removing uart.o(.ARM.exidx.text.UART_SetTimeoutCnt), (8 bytes).
    Removing uart.o(.text.UART_SelectIrDAMode), (502 bytes).
    Removing uart.o(.ARM.exidx.text.UART_SelectIrDAMode), (8 bytes).
    Removing uart.o(.text.UART_SelectRS485Mode), (34 bytes).
    Removing uart.o(.ARM.exidx.text.UART_SelectRS485Mode), (8 bytes).
    Removing uart.o(.text.UART_SelectLINMode), (22 bytes).
    Removing uart.o(.ARM.exidx.text.UART_SelectLINMode), (8 bytes).
    Removing uart.o(.text.UART_Write), (190 bytes).
    Removing uart.o(.ARM.exidx.text.UART_Write), (8 bytes).
    Removing uart.o(.text.UART_SelectSingleWireMode), (12 bytes).
    Removing uart.o(.ARM.exidx.text.UART_SelectSingleWireMode), (8 bytes).
    Removing uart.o(.text.UART_SetBaudRateFrationalDivider), (22 bytes).
    Removing uart.o(.ARM.exidx.text.UART_SetBaudRateFrationalDivider), (8 bytes).
    Removing uart.o(.text.UART_DisableBaudRateFrationalDivider), (16 bytes).
    Removing uart.o(.ARM.exidx.text.UART_DisableBaudRateFrationalDivider), (8 bytes).
    Removing usci_uart.o(.text), (0 bytes).
    Removing usci_uart.o(.text.UUART_ClearIntFlag), (60 bytes).
    Removing usci_uart.o(.ARM.exidx.text.UUART_ClearIntFlag), (8 bytes).
    Removing usci_uart.o(.text.UUART_GetIntFlag), (132 bytes).
    Removing usci_uart.o(.ARM.exidx.text.UUART_GetIntFlag), (8 bytes).
    Removing usci_uart.o(.text.UUART_Close), (6 bytes).
    Removing usci_uart.o(.ARM.exidx.text.UUART_Close), (8 bytes).
    Removing usci_uart.o(.text.UUART_DisableInt), (86 bytes).
    Removing usci_uart.o(.ARM.exidx.text.UUART_DisableInt), (8 bytes).
    Removing usci_uart.o(.text.UUART_EnableInt), (86 bytes).
    Removing usci_uart.o(.ARM.exidx.text.UUART_EnableInt), (8 bytes).
    Removing usci_uart.o(.ARM.exidx.text.UUART_Open), (8 bytes).
    Removing usci_uart.o(.text.UUART_Read), (190 bytes).
    Removing usci_uart.o(.ARM.exidx.text.UUART_Read), (8 bytes).
    Removing usci_uart.o(.ARM.exidx.text.UUART_SetLine_Config), (8 bytes).
    Removing usci_uart.o(.text.UUART_Write), (164 bytes).
    Removing usci_uart.o(.ARM.exidx.text.UUART_Write), (8 bytes).
    Removing usci_uart.o(.ARM.exidx.text.UUART_EnableWakeup), (8 bytes).
    Removing usci_uart.o(.ARM.exidx.text.UUART_DisableWakeup), (8 bytes).
    Removing usci_uart.o(.text.UUART_EnableFlowCtrl), (26 bytes).
    Removing usci_uart.o(.ARM.exidx.text.UUART_EnableFlowCtrl), (8 bytes).
    Removing usci_uart.o(.text.UUART_DisableFlowCtrl), (10 bytes).
    Removing usci_uart.o(.ARM.exidx.text.UUART_DisableFlowCtrl), (8 bytes).
    Removing pmc.o(.text), (0 bytes).
    Removing pmc.o(.ARM.exidx.text.PMC_SetPowerLevel), (8 bytes).
    Removing pmc.o(.text.PMC_Wait_BusyFlag), (74 bytes).
    Removing pmc.o(.ARM.exidx.text.PMC_Wait_BusyFlag), (8 bytes).
    Removing pmc.o(.text.PMC_SetSRAMPowerMode), (1238 bytes).
    Removing pmc.o(.ARM.exidx.text.PMC_SetSRAMPowerMode), (8 bytes).
    Removing pmc.o(.text.PMC_SetCCAP_SRAMPowerMode), (150 bytes).
    Removing pmc.o(.ARM.exidx.text.PMC_SetCCAP_SRAMPowerMode), (8 bytes).
    Removing pmc.o(.text.PMC_SetDMIC_SRAMPowerMode), (150 bytes).
    Removing pmc.o(.ARM.exidx.text.PMC_SetDMIC_SRAMPowerMode), (8 bytes).
    Removing pmc.o(.text.PMC_SetKS_SRAMPowerMode), (150 bytes).
    Removing pmc.o(.ARM.exidx.text.PMC_SetKS_SRAMPowerMode), (8 bytes).
    Removing pmc.o(.ARM.exidx.text.PMC_PowerDown), (8 bytes).
    Removing pmc.o(.text.PMC_Idle), (20 bytes).
    Removing pmc.o(.ARM.exidx.text.PMC_Idle), (8 bytes).
    Removing pmc.o(.ARM.exidx.text.PMC_SetPowerDownMode), (8 bytes).
    Removing pmc.o(.text.PMC_EnableWKPIN), (86 bytes).
    Removing pmc.o(.ARM.exidx.text.PMC_EnableWKPIN), (8 bytes).
    Removing pmc.o(.text.PMC_GetPMCWKSrc), (12 bytes).
    Removing pmc.o(.ARM.exidx.text.PMC_GetPMCWKSrc), (8 bytes).
    Removing pmc.o(.text.PMC_EnableTGPin), (182 bytes).
    Removing pmc.o(.ARM.exidx.text.PMC_EnableTGPin), (8 bytes).
    Removing pmc.o(.text.PMC_DisableTGPin), (170 bytes).
    Removing pmc.o(.ARM.exidx.text.PMC_DisableTGPin), (8 bytes).
    Removing pmc.o(.text.PMC_EnableSTMR), (214 bytes).
    Removing pmc.o(.ARM.exidx.text.PMC_EnableSTMR), (8 bytes).
    Removing pmc.o(.text.PMC_DisableSTMR), (144 bytes).
    Removing pmc.o(.ARM.exidx.text.PMC_DisableSTMR), (8 bytes).
    Removing pmc.o(.text.PMC_SetTGPinDebounce), (150 bytes).
    Removing pmc.o(.ARM.exidx.text.PMC_SetTGPinDebounce), (8 bytes).
    Removing main.o(.text), (0 bytes).
    Removing main.o(.text.PowerDownFunction), (52 bytes).
    Removing main.o(.ARM.exidx.text.PowerDownFunction), (8 bytes).
    Removing main.o(.text.SYS_Init), (84 bytes).
    Removing main.o(.ARM.exidx.text.SYS_Init), (8 bytes).
    Removing main.o(.text.USCI0_Init), (30 bytes).
    Removing main.o(.ARM.exidx.text.USCI0_Init), (8 bytes).
    Removing main.o(.ARM.exidx.text.main), (8 bytes).
    Removing main.o(.ARM.exidx.text.USCI_UART_PowerDownWakeUpTest), (8 bytes).
    Removing main.o(.ARM.exidxITCM), (8 bytes).
    Removing main.o(.text.USCI_UART_CTSWakeUp), (46 bytes).
    Removing main.o(.ARM.exidx.text.USCI_UART_CTSWakeUp), (8 bytes).
    Removing main.o(.ARM.exidx.text.USCI_UART_DataWakeUp), (8 bytes).
    Removing main.o(.text.USCI_UART_PowerDown_TestItem), (98 bytes).
    Removing main.o(.ARM.exidx.text.USCI_UART_PowerDown_TestItem), (8 bytes).
    Removing main.o(.ARM.use_no_argv), (4 bytes).
    Removing dadd.o(.text), (334 bytes).
    Removing dmul.o(.text), (228 bytes).
    Removing ddiv.o(.text), (222 bytes).
    Removing dfixul.o(.text), (48 bytes).
    Removing cdrcmple.o(.text), (48 bytes).
    Removing depilogue.o(.text), (186 bytes).

251 unused section(s) (total 11862 bytes) removed from the image.

==============================================================================

Image Symbol Table

    Local Symbols

    Symbol Name                              Value     Ov Type        Size  Object(Section)

    ../clib/division.s                       0x00000000   Number         0  aeabi_sdiv.o ABSOLUTE
    ../clib/microlib/cpp/cpp_init.c          0x00000000   Number         0  cpp_init.o ABSOLUTE
    ../clib/microlib/cpp/cpp_init.c          0x00000000   Number         0  cpp_init.o ABSOLUTE
    ../clib/microlib/division.c              0x00000000   Number         0  uidiv.o ABSOLUTE
    ../clib/microlib/division.c              0x00000000   Number         0  uldiv.o ABSOLUTE
    ../clib/microlib/init/entry.s            0x00000000   Number         0  entry.o ABSOLUTE
    ../clib/microlib/init/entry.s            0x00000000   Number         0  entry4.o ABSOLUTE
    ../clib/microlib/init/entry.s            0x00000000   Number         0  entry5.o ABSOLUTE
    ../clib/microlib/init/entry.s            0x00000000   Number         0  entry7a.o ABSOLUTE
    ../clib/microlib/init/entry.s            0x00000000   Number         0  entry7b.o ABSOLUTE
    ../clib/microlib/init/entry.s            0x00000000   Number         0  entry8a.o ABSOLUTE
    ../clib/microlib/init/entry.s            0x00000000   Number         0  entry8b.o ABSOLUTE
    ../clib/microlib/init/entry.s            0x00000000   Number         0  entry9a.o ABSOLUTE
    ../clib/microlib/init/entry.s            0x00000000   Number         0  entry9b.o ABSOLUTE
    ../clib/microlib/init/entry.s            0x00000000   Number         0  entry10a.o ABSOLUTE
    ../clib/microlib/init/entry.s            0x00000000   Number         0  entry10b.o ABSOLUTE
    ../clib/microlib/init/entry.s            0x00000000   Number         0  entry11a.o ABSOLUTE
    ../clib/microlib/init/entry.s            0x00000000   Number         0  entry11b.o ABSOLUTE
    ../clib/microlib/longlong.c              0x00000000   Number         0  llshl.o ABSOLUTE
    ../clib/microlib/longlong.c              0x00000000   Number         0  llushr.o ABSOLUTE
    ../clib/microlib/longlong.c              0x00000000   Number         0  llsshr.o ABSOLUTE
    ../clib/microlib/printf/printf.c         0x00000000   Number         0  printfb.o ABSOLUTE
    ../clib/microlib/printf/printf.c         0x00000000   Number         0  printf0.o ABSOLUTE
    ../clib/microlib/printf/printf.c         0x00000000   Number         0  printf1.o ABSOLUTE
    ../clib/microlib/printf/printf.c         0x00000000   Number         0  printf2.o ABSOLUTE
    ../clib/microlib/printf/printf.c         0x00000000   Number         0  printf3.o ABSOLUTE
    ../clib/microlib/printf/printf.c         0x00000000   Number         0  printf4.o ABSOLUTE
    ../clib/microlib/printf/printf.c         0x00000000   Number         0  printf5.o ABSOLUTE
    ../clib/microlib/printf/printf.c         0x00000000   Number         0  printf6.o ABSOLUTE
    ../clib/microlib/printf/printf.c         0x00000000   Number         0  printf7.o ABSOLUTE
    ../clib/microlib/printf/printf.c         0x00000000   Number         0  printf8.o ABSOLUTE
    ../clib/microlib/printf/printf.c         0x00000000   Number         0  printfa.o ABSOLUTE
    ../clib/microlib/printf/stubs.s          0x00000000   Number         0  printfstubs.o ABSOLUTE
    ../clib/microlib/stdio/fputs.c           0x00000000   Number         0  fputs.o ABSOLUTE
    ../clib/microlib/stdio/fputs.c           0x00000000   Number         0  fputs_e.o ABSOLUTE
    ../clib/microlib/stdio/fwrite.c          0x00000000   Number         0  fwrite.o ABSOLUTE
    ../clib/microlib/stdio/fwrite.c          0x00000000   Number         0  fwrite_e.o ABSOLUTE
    ../clib/microlib/stdio/getc.c            0x00000000   Number         0  getc.o ABSOLUTE
    ../clib/microlib/stdio/puts.c            0x00000000   Number         0  puts.o ABSOLUTE
    ../clib/microlib/stdio/puts.c            0x00000000   Number         0  puts_e.o ABSOLUTE
    ../clib/microlib/stdio/streams.c         0x00000000   Number         0  stdin.o ABSOLUTE
    ../clib/microlib/stdio/streams.c         0x00000000   Number         0  stderr.o ABSOLUTE
    ../clib/microlib/stdio/streams.c         0x00000000   Number         0  stdout.o ABSOLUTE
    ../clib/microlib/string/memset.c         0x00000000   Number         0  memseta.o ABSOLUTE
    ../clib/microlib/string/strcmp.c         0x00000000   Number         0  strcmp.o ABSOLUTE
    ../clib/microlib/stubs.s                 0x00000000   Number         0  iusefp.o ABSOLUTE
    ../clib/r_arm_target.c                   0x00000000   Number         0  __ARM_resolve_target1.o ABSOLUTE
    ../clib/r_arm_target.c                   0x00000000   Number         0  __ARM_resolve_target1_abs32.o ABSOLUTE
    ../fplib/microlib/fpadd.c                0x00000000   Number         0  dadd.o ABSOLUTE
    ../fplib/microlib/fpdiv.c                0x00000000   Number         0  ddiv.o ABSOLUTE
    ../fplib/microlib/fpepilogue.c           0x00000000   Number         0  depilogue.o ABSOLUTE
    ../fplib/microlib/fpfix.c                0x00000000   Number         0  dfixul.o ABSOLUTE
    ../fplib/microlib/fpmul.c                0x00000000   Number         0  dmul.o ABSOLUTE
    cdrcmple.s                               0x00000000   Number         0  cdrcmple.o ABSOLUTE
    clk.c                                    0x00000000   Number         0  clk.o ABSOLUTE
    dc.s                                     0x00000000   Number         0  dc.o ABSOLUTE
    gpio.c                                   0x00000000   Number         0  gpio.o ABSOLUTE
    handlers.s                               0x00000000   Number         0  handlers.o ABSOLUTE
    init.s                                   0x00000000   Number         0  init.o ABSOLUTE
    main.c                                   0x00000000   Number         0  main.o ABSOLUTE
    pmc.c                                    0x00000000   Number         0  pmc.o ABSOLUTE
    retarget.c                               0x00000000   Number         0  retarget.o ABSOLUTE
    startup_M55M1.c                          0x00000000   Number         0  startup_m55m1.o ABSOLUTE
    sys.c                                    0x00000000   Number         0  sys.o ABSOLUTE
    system_M55M1.c                           0x00000000   Number         0  system_m55m1.o ABSOLUTE
    uart.c                                   0x00000000   Number         0  uart.o ABSOLUTE
    usci_uart.c                              0x00000000   Number         0  usci_uart.o ABSOLUTE
    [Anonymous Symbol]                       0x00000000   Section        0  main.o(ITCM)
    __tagsym$$used.0                         0x00100000   Number         0  startup_m55m1.o(RESET)
    .ARM.Collect$$$$00000000                 0x00100040   Section        0  entry.o(.ARM.Collect$$$$00000000)
    .ARM.Collect$$$$00000003                 0x00100040   Section        4  entry4.o(.ARM.Collect$$$$00000003)
    .ARM.Collect$$$$00000004                 0x00100044   Section        4  entry5.o(.ARM.Collect$$$$00000004)
    .ARM.Collect$$$$00000008                 0x00100048   Section        0  entry7b.o(.ARM.Collect$$$$00000008)
    .ARM.Collect$$$$00000009                 0x00100048   Section        4  entry8a.o(.ARM.Collect$$$$00000009)
    .ARM.Collect$$$$0000000A                 0x0010004c   Section        0  entry8b.o(.ARM.Collect$$$$0000000A)
    .ARM.Collect$$$$0000000B                 0x0010004c   Section        8  entry9a.o(.ARM.Collect$$$$0000000B)
    __lit__00000000                          0x00100054   Data           4  entry4.o(.ARM.Collect$$$$00002714)
    .ARM.Collect$$$$0000000D                 0x00100054   Section        0  entry10a.o(.ARM.Collect$$$$0000000D)
    .ARM.Collect$$$$0000000F                 0x00100054   Section        0  entry11a.o(.ARM.Collect$$$$0000000F)
    .ARM.Collect$$$$00002714                 0x00100054   Section        4  entry4.o(.ARM.Collect$$$$00002714)
    .text                                    0x00100058   Section        0  cpp_init.o(.text)
    .text                                    0x00100080   Section        0  uldiv.o(.text)
    .text                                    0x001000e4   Section       48  init.o(.text)
    .text                                    0x00100114   Section        0  llshl.o(.text)
    .text                                    0x00100132   Section        0  llushr.o(.text)
    [Anonymous Symbol]                       0x00100154   Section        0  clk.o(.text.CLK_EnableAPLL)
    [Anonymous Symbol]                       0x0010056c   Section        0  clk.o(.text.CLK_EnableModuleClock)
    [Anonymous Symbol]                       0x00100590   Section        0  clk.o(.text.CLK_EnableXtalRC)
    [Anonymous Symbol]                       0x001005a0   Section        0  clk.o(.text.CLK_GetAPLL0ClockFreq)
    [Anonymous Symbol]                       0x00100624   Section        0  clk.o(.text.CLK_GetPCLK0Freq)
    [Anonymous Symbol]                       0x00100640   Section        0  clk.o(.text.CLK_GetPCLK1Freq)
    [Anonymous Symbol]                       0x0010065c   Section        0  clk.o(.text.CLK_SetBusClock)
    [Anonymous Symbol]                       0x001007f0   Section        0  clk.o(.text.CLK_SetModuleClock)
    [Anonymous Symbol]                       0x00100860   Section        0  clk.o(.text.CLK_SetSCLK)
    [Anonymous Symbol]                       0x00100bd4   Section        0  clk.o(.text.CLK_SystemClockUpdate)
    [Anonymous Symbol]                       0x00100cac   Section        0  clk.o(.text.CLK_WaitClockReady)
    [Anonymous Symbol]                       0x00100cf8   Section        0  startup_m55m1.o(.text.Default_Handler)
    [Anonymous Symbol]                       0x00100cfc   Section        0  startup_m55m1.o(.text.HardFault_Handler)
    [Anonymous Symbol]                       0x00100d18   Section        0  system_m55m1.o(.text.InitDebugUart)
    [Anonymous Symbol]                       0x00100d28   Section        0  system_m55m1.o(.text.InitPreDefMPURegion)
    [Anonymous Symbol]                       0x00101318   Section        0  pmc.o(.text.PMC_PowerDown)
    [Anonymous Symbol]                       0x001013a0   Section        0  pmc.o(.text.PMC_SetPowerDownMode)
    [Anonymous Symbol]                       0x00101504   Section        0  pmc.o(.text.PMC_SetPowerLevel)
    [Anonymous Symbol]                       0x0010159c   Section        0  retarget.o(.text.ProcessHardFault)
    [Anonymous Symbol]                       0x0010175c   Section        0  startup_m55m1.o(.text.Reset_Handler)
    [Anonymous Symbol]                       0x00101bd0   Section        0  startup_m55m1.o(.text.Reset_Handler_PreInit)
    [Anonymous Symbol]                       0x00101bec   Section        0  sys.o(.text.SYS_ResetModule)
    [Anonymous Symbol]                       0x00101c48   Section        0  system_m55m1.o(.text.SetDebugUartCLK)
    [Anonymous Symbol]                       0x00101c88   Section        0  system_m55m1.o(.text.SetDebugUartMFP)
    [Anonymous Symbol]                       0x00101ca4   Section        0  system_m55m1.o(.text.SystemCoreClockUpdate)
    [Anonymous Symbol]                       0x00101cd8   Section        0  system_m55m1.o(.text.SystemInit)
    [Anonymous Symbol]                       0x00101e9c   Section        0  uart.o(.text.UART_Open)
    [Anonymous Symbol]                       0x001020a8   Section        0  main.o(.text.USCI_UART_DataWakeUp)
    [Anonymous Symbol]                       0x00102150   Section        0  main.o(.text.USCI_UART_PowerDownWakeUpTest)
    [Anonymous Symbol]                       0x00102420   Section        0  usci_uart.o(.text.UUART_DisableWakeup)
    [Anonymous Symbol]                       0x00102434   Section        0  usci_uart.o(.text.UUART_EnableWakeup)
    [Anonymous Symbol]                       0x00102444   Section        0  usci_uart.o(.text.UUART_Open)
    [Anonymous Symbol]                       0x00102684   Section        0  usci_uart.o(.text.UUART_SetLine_Config)
    [Anonymous Symbol]                       0x001028fc   Section        0  retarget.o(.text.fgetc)
    [Anonymous Symbol]                       0x00102928   Section        0  retarget.o(.text.fputc)
    [Anonymous Symbol]                       0x00102978   Section        0  main.o(.text.main)
    i.__0printf$8                            0x00102aac   Section        0  printf8.o(i.__0printf$8)
    i.__scatterload_copy                     0x00102acc   Section       14  handlers.o(i.__scatterload_copy)
    i.__scatterload_null                     0x00102ada   Section        2  handlers.o(i.__scatterload_null)
    i.__scatterload_zeroinit                 0x00102adc   Section       14  handlers.o(i.__scatterload_zeroinit)
    _printf_core                             0x00102aed   Thumb Code   996  printf8.o(i._printf_core)
    i._printf_core                           0x00102aec   Section        0  printf8.o(i._printf_core)
    _printf_post_padding                     0x00102efd   Thumb Code    36  printf8.o(i._printf_post_padding)
    i._printf_post_padding                   0x00102efc   Section        0  printf8.o(i._printf_post_padding)
    _printf_pre_padding                      0x00102f21   Thumb Code    46  printf8.o(i._printf_pre_padding)
    i._printf_pre_padding                    0x00102f20   Section        0  printf8.o(i._printf_pre_padding)
    i.getc                                   0x00102f4e   Section        0  getc.o(i.getc)
    i.puts                                   0x00102f54   Section        0  puts.o(i.puts)
    .L__const.UART_SelectIrDAMode.u32ClkTbl  0x00102f78   Data          20  uart.o(.rodata..L__const.UART_SelectIrDAMode.u32ClkTbl)
    .Lswitch.table.CLK_SystemClockUpdate     0x00102f8c   Data          16  clk.o(.rodata.cst16)
    .L__const.CLK_GetAPLL1ClockFreq.au8NoTbl 0x00102f9c   Data           4  clk.o(.rodata.cst4)
    .L.str.5                                 0x00102fa0   Data          32  retarget.o(.rodata.str1.1)
    [Anonymous Symbol]                       0x00102fa0   Section        0  retarget.o(.rodata.str1.1)
    .L.str.9                                 0x00102fc0   Data          31  retarget.o(.rodata.str1.1)
    .L.str.8                                 0x00102fdf   Data          29  retarget.o(.rodata.str1.1)
    .L.str.10                                0x00102ffc   Data          25  retarget.o(.rodata.str1.1)
    .L.str.4                                 0x00103015   Data          27  retarget.o(.rodata.str1.1)
    .Lstr                                    0x00103030   Data          21  retarget.o(.rodata.str1.1)
    .L.str.6                                 0x00103045   Data           4  retarget.o(.rodata.str1.1)
    .L.str.7                                 0x00103049   Data           4  retarget.o(.rodata.str1.1)
    .Lstr.16                                 0x0010304d   Data          23  retarget.o(.rodata.str1.1)
    .Lstr.29                                 0x00103064   Data          67  main.o(.rodata.str1.1)
    [Anonymous Symbol]                       0x00103064   Section        0  main.o(.rodata.str1.1)
    .Lstr.26                                 0x001030a7   Data          43  main.o(.rodata.str1.1)
    .L.str.14                                0x001030d2   Data          26  main.o(.rodata.str1.1)
    .Lstr.37                                 0x001030ec   Data          62  main.o(.rodata.str1.1)
    .Lstr.22                                 0x0010312a   Data          81  main.o(.rodata.str1.1)
    .Lstr.28                                 0x0010317b   Data          33  main.o(.rodata.str1.1)
    .Lstr.27                                 0x0010319c   Data          87  main.o(.rodata.str1.1)
    .Lstr.33                                 0x001031f3   Data          62  main.o(.rodata.str1.1)
    .Lstr.34                                 0x00103231   Data          62  main.o(.rodata.str1.1)
    .Lstr.31                                 0x0010326f   Data          62  main.o(.rodata.str1.1)
    .Lstr.36                                 0x001032ad   Data          62  main.o(.rodata.str1.1)
    .init_array                              0x00103330   Section        0  cpp_init.o(.init_array)
    .data                                    0x20100000   Section        4  stdin.o(.data)
    .data                                    0x20100004   Section        4  stdout.o(.data)

    Global Symbols

    Symbol Name                              Value     Ov Type        Size  Object(Section)

    BuildAttributes$$THM_ISAv4$E$P$D$K$B$S$7EM$v8.1M$VFPv5_D16$PE$MVEf$A:L22UL41UL21$X:L11$S22US41US21$IEEE1$IW$USESV6$~STKCKD$USESV7$~SHL$OTIME$ROPI$MICROLIB$REQ8$PRES8$EABIv2 0x00000000   Number         0  anon$$obj.o ABSOLUTE
    USCI0_IRQHandler                         0x00000001   Thumb Code    68  main.o(ITCM)
    _printf_a                                0x00000000   Number         0  printfstubs.o ABSOLUTE
    _printf_c                                0x00000000   Number         0  printfstubs.o ABSOLUTE
    _printf_charcount                        0x00000000   Number         0  printfstubs.o ABSOLUTE
    _printf_d                                0x00000000   Number         0  printfstubs.o ABSOLUTE
    _printf_e                                0x00000000   Number         0  printfstubs.o ABSOLUTE
    _printf_f                                0x00000000   Number         0  printfstubs.o ABSOLUTE
    _printf_flags                            0x00000000   Number         0  printfstubs.o ABSOLUTE
    _printf_fp_dec                           0x00000000   Number         0  printfstubs.o ABSOLUTE
    _printf_fp_hex                           0x00000000   Number         0  printfstubs.o ABSOLUTE
    _printf_g                                0x00000000   Number         0  printfstubs.o ABSOLUTE
    _printf_i                                0x00000000   Number         0  printfstubs.o ABSOLUTE
    _printf_int_dec                          0x00000000   Number         0  printfstubs.o ABSOLUTE
    _printf_l                                0x00000000   Number         0  printfstubs.o ABSOLUTE
    _printf_lc                               0x00000000   Number         0  printfstubs.o ABSOLUTE
    _printf_ll                               0x00000000   Number         0  printfstubs.o ABSOLUTE
    _printf_lld                              0x00000000   Number         0  printfstubs.o ABSOLUTE
    _printf_lli                              0x00000000   Number         0  printfstubs.o ABSOLUTE
    _printf_llo                              0x00000000   Number         0  printfstubs.o ABSOLUTE
    _printf_llu                              0x00000000   Number         0  printfstubs.o ABSOLUTE
    _printf_llx                              0x00000000   Number         0  printfstubs.o ABSOLUTE
    _printf_longlong_dec                     0x00000000   Number         0  printfstubs.o ABSOLUTE
    _printf_longlong_hex                     0x00000000   Number         0  printfstubs.o ABSOLUTE
    _printf_longlong_oct                     0x00000000   Number         0  printfstubs.o ABSOLUTE
    _printf_ls                               0x00000000   Number         0  printfstubs.o ABSOLUTE
    _printf_mbtowc                           0x00000000   Number         0  printfstubs.o ABSOLUTE
    _printf_n                                0x00000000   Number         0  printfstubs.o ABSOLUTE
    _printf_o                                0x00000000   Number         0  printfstubs.o ABSOLUTE
    _printf_p                                0x00000000   Number         0  printfstubs.o ABSOLUTE
    _printf_percent                          0x00000000   Number         0  printfstubs.o ABSOLUTE
    _printf_pre_padding                      0x00000000   Number         0  printfstubs.o ABSOLUTE
    _printf_return_value                     0x00000000   Number         0  printfstubs.o ABSOLUTE
    _printf_s                                0x00000000   Number         0  printfstubs.o ABSOLUTE
    _printf_sizespec                         0x00000000   Number         0  printfstubs.o ABSOLUTE
    _printf_str                              0x00000000   Number         0  printfstubs.o ABSOLUTE
    _printf_truncate_signed                  0x00000000   Number         0  printfstubs.o ABSOLUTE
    _printf_truncate_unsigned                0x00000000   Number         0  printfstubs.o ABSOLUTE
    _printf_u                                0x00000000   Number         0  printfstubs.o ABSOLUTE
    _printf_wc                               0x00000000   Number         0  printfstubs.o ABSOLUTE
    _printf_wctomb                           0x00000000   Number         0  printfstubs.o ABSOLUTE
    _printf_widthprec                        0x00000000   Number         0  printfstubs.o ABSOLUTE
    _printf_x                                0x00000000   Number         0  printfstubs.o ABSOLUTE
    __cxa_finalize                            - Undefined Weak Reference
    __decompress                              - Undefined Weak Reference
    _clock_init                               - Undefined Weak Reference
    _microlib_exit                            - Undefined Weak Reference
    __Vectors                                0x00100000   Data          64  startup_m55m1.o(RESET)
    __main                                   0x00100041   Thumb Code     0  entry.o(.ARM.Collect$$$$00000000)
    _main_stk                                0x00100041   Thumb Code     0  entry4.o(.ARM.Collect$$$$00000003)
    _main_scatterload                        0x00100045   Thumb Code     0  entry5.o(.ARM.Collect$$$$00000004)
    __main_after_scatterload                 0x00100049   Thumb Code     0  entry5.o(.ARM.Collect$$$$00000004)
    _main_clock                              0x00100049   Thumb Code     0  entry7b.o(.ARM.Collect$$$$00000008)
    _main_cpp_init$empty                     0x00100049   Thumb Code     0  entry8a.o(.ARM.Collect$$$$00000009)
    _main_cpp_init                           0x0010004d   Thumb Code     0  entry8b.o(.ARM.Collect$$$$0000000A)
    _main_init                               0x0010004d   Thumb Code     0  entry9a.o(.ARM.Collect$$$$0000000B)
    __rt_final_cpp                           0x00100055   Thumb Code     0  entry10a.o(.ARM.Collect$$$$0000000D)
    __rt_final_exit                          0x00100055   Thumb Code     0  entry11a.o(.ARM.Collect$$$$0000000F)
    __cpp_initialize__aeabi_                 0x00100059   Thumb Code    32  cpp_init.o(.text)
    __aeabi_uldivmod                         0x00100081   Thumb Code    98  uldiv.o(.text)
    __scatterload                            0x001000e5   Thumb Code    38  init.o(.text)
    __scatterload_rt2                        0x001000e5   Thumb Code     0  init.o(.text)
    __aeabi_llsl                             0x00100115   Thumb Code    30  llshl.o(.text)
    _ll_shift_l                              0x00100115   Thumb Code     0  llshl.o(.text)
    __aeabi_llsr                             0x00100133   Thumb Code    32  llushr.o(.text)
    _ll_ushift_r                             0x00100133   Thumb Code     0  llushr.o(.text)
    CLK_EnableAPLL                           0x00100155   Thumb Code  1046  clk.o(.text.CLK_EnableAPLL)
    CLK_EnableModuleClock                    0x0010056d   Thumb Code    36  clk.o(.text.CLK_EnableModuleClock)
    CLK_EnableXtalRC                         0x00100591   Thumb Code    16  clk.o(.text.CLK_EnableXtalRC)
    CLK_GetAPLL0ClockFreq                    0x001005a1   Thumb Code   130  clk.o(.text.CLK_GetAPLL0ClockFreq)
    CLK_GetPCLK0Freq                         0x00100625   Thumb Code    28  clk.o(.text.CLK_GetPCLK0Freq)
    CLK_GetPCLK1Freq                         0x00100641   Thumb Code    28  clk.o(.text.CLK_GetPCLK1Freq)
    CLK_SetBusClock                          0x0010065d   Thumb Code   404  clk.o(.text.CLK_SetBusClock)
    CLK_SetModuleClock                       0x001007f1   Thumb Code   110  clk.o(.text.CLK_SetModuleClock)
    CLK_SetSCLK                              0x00100861   Thumb Code   882  clk.o(.text.CLK_SetSCLK)
    CLK_SystemClockUpdate                    0x00100bd5   Thumb Code   196  clk.o(.text.CLK_SystemClockUpdate)
    CLK_WaitClockReady                       0x00100cad   Thumb Code    76  clk.o(.text.CLK_WaitClockReady)
    ACMP01_IRQHandler                        0x00100cf9   Thumb Code     2  startup_m55m1.o(.text.Default_Handler)
    ACMP23_IRQHandler                        0x00100cf9   Thumb Code     2  startup_m55m1.o(.text.Default_Handler)
    AWF_IRQHandler                           0x00100cf9   Thumb Code     2  startup_m55m1.o(.text.Default_Handler)
    BODOUT_IRQHandler                        0x00100cf9   Thumb Code     2  startup_m55m1.o(.text.Default_Handler)
    BPWM0_IRQHandler                         0x00100cf9   Thumb Code     2  startup_m55m1.o(.text.Default_Handler)
    BPWM1_IRQHandler                         0x00100cf9   Thumb Code     2  startup_m55m1.o(.text.Default_Handler)
    BRAKE0_IRQHandler                        0x00100cf9   Thumb Code     2  startup_m55m1.o(.text.Default_Handler)
    BRAKE1_IRQHandler                        0x00100cf9   Thumb Code     2  startup_m55m1.o(.text.Default_Handler)
    BusFault_Handler                         0x00100cf9   Thumb Code     2  startup_m55m1.o(.text.Default_Handler)
    CANFD00_IRQHandler                       0x00100cf9   Thumb Code     2  startup_m55m1.o(.text.Default_Handler)
    CANFD01_IRQHandler                       0x00100cf9   Thumb Code     2  startup_m55m1.o(.text.Default_Handler)
    CANFD10_IRQHandler                       0x00100cf9   Thumb Code     2  startup_m55m1.o(.text.Default_Handler)
    CANFD11_IRQHandler                       0x00100cf9   Thumb Code     2  startup_m55m1.o(.text.Default_Handler)
    CCAP_IRQHandler                          0x00100cf9   Thumb Code     2  startup_m55m1.o(.text.Default_Handler)
    CKFAIL_IRQHandler                        0x00100cf9   Thumb Code     2  startup_m55m1.o(.text.Default_Handler)
    CRC_IRQHandler                           0x00100cf9   Thumb Code     2  startup_m55m1.o(.text.Default_Handler)
    CRYPTO_IRQHandler                        0x00100cf9   Thumb Code     2  startup_m55m1.o(.text.Default_Handler)
    DAC01_IRQHandler                         0x00100cf9   Thumb Code     2  startup_m55m1.o(.text.Default_Handler)
    DMIC0VAD_IRQHandler                      0x00100cf9   Thumb Code     2  startup_m55m1.o(.text.Default_Handler)
    DMIC0_IRQHandler                         0x00100cf9   Thumb Code     2  startup_m55m1.o(.text.Default_Handler)
    DebugMon_Handler                         0x00100cf9   Thumb Code     2  startup_m55m1.o(.text.Default_Handler)
    Default_Handler                          0x00100cf9   Thumb Code     2  startup_m55m1.o(.text.Default_Handler)
    EADC00_IRQHandler                        0x00100cf9   Thumb Code     2  startup_m55m1.o(.text.Default_Handler)
    EADC01_IRQHandler                        0x00100cf9   Thumb Code     2  startup_m55m1.o(.text.Default_Handler)
    EADC02_IRQHandler                        0x00100cf9   Thumb Code     2  startup_m55m1.o(.text.Default_Handler)
    EADC03_IRQHandler                        0x00100cf9   Thumb Code     2  startup_m55m1.o(.text.Default_Handler)
    ECAP0_IRQHandler                         0x00100cf9   Thumb Code     2  startup_m55m1.o(.text.Default_Handler)
    ECAP1_IRQHandler                         0x00100cf9   Thumb Code     2  startup_m55m1.o(.text.Default_Handler)
    ECAP2_IRQHandler                         0x00100cf9   Thumb Code     2  startup_m55m1.o(.text.Default_Handler)
    ECAP3_IRQHandler                         0x00100cf9   Thumb Code     2  startup_m55m1.o(.text.Default_Handler)
    EINT0_IRQHandler                         0x00100cf9   Thumb Code     2  startup_m55m1.o(.text.Default_Handler)
    EINT1_IRQHandler                         0x00100cf9   Thumb Code     2  startup_m55m1.o(.text.Default_Handler)
    EINT2_IRQHandler                         0x00100cf9   Thumb Code     2  startup_m55m1.o(.text.Default_Handler)
    EINT3_IRQHandler                         0x00100cf9   Thumb Code     2  startup_m55m1.o(.text.Default_Handler)
    EINT4_IRQHandler                         0x00100cf9   Thumb Code     2  startup_m55m1.o(.text.Default_Handler)
    EINT5_IRQHandler                         0x00100cf9   Thumb Code     2  startup_m55m1.o(.text.Default_Handler)
    EINT6_IRQHandler                         0x00100cf9   Thumb Code     2  startup_m55m1.o(.text.Default_Handler)
    EINT7_IRQHandler                         0x00100cf9   Thumb Code     2  startup_m55m1.o(.text.Default_Handler)
    EMAC0_IRQHandler                         0x00100cf9   Thumb Code     2  startup_m55m1.o(.text.Default_Handler)
    EPWM0P0_IRQHandler                       0x00100cf9   Thumb Code     2  startup_m55m1.o(.text.Default_Handler)
    EPWM0P1_IRQHandler                       0x00100cf9   Thumb Code     2  startup_m55m1.o(.text.Default_Handler)
    EPWM0P2_IRQHandler                       0x00100cf9   Thumb Code     2  startup_m55m1.o(.text.Default_Handler)
    EPWM1P0_IRQHandler                       0x00100cf9   Thumb Code     2  startup_m55m1.o(.text.Default_Handler)
    EPWM1P1_IRQHandler                       0x00100cf9   Thumb Code     2  startup_m55m1.o(.text.Default_Handler)
    EPWM1P2_IRQHandler                       0x00100cf9   Thumb Code     2  startup_m55m1.o(.text.Default_Handler)
    EQEI0_IRQHandler                         0x00100cf9   Thumb Code     2  startup_m55m1.o(.text.Default_Handler)
    EQEI1_IRQHandler                         0x00100cf9   Thumb Code     2  startup_m55m1.o(.text.Default_Handler)
    EQEI2_IRQHandler                         0x00100cf9   Thumb Code     2  startup_m55m1.o(.text.Default_Handler)
    EQEI3_IRQHandler                         0x00100cf9   Thumb Code     2  startup_m55m1.o(.text.Default_Handler)
    GDMACH0_IRQHandler                       0x00100cf9   Thumb Code     2  startup_m55m1.o(.text.Default_Handler)
    GDMACH1_IRQHandler                       0x00100cf9   Thumb Code     2  startup_m55m1.o(.text.Default_Handler)
    GPA_IRQHandler                           0x00100cf9   Thumb Code     2  startup_m55m1.o(.text.Default_Handler)
    GPB_IRQHandler                           0x00100cf9   Thumb Code     2  startup_m55m1.o(.text.Default_Handler)
    GPC_IRQHandler                           0x00100cf9   Thumb Code     2  startup_m55m1.o(.text.Default_Handler)
    GPD_IRQHandler                           0x00100cf9   Thumb Code     2  startup_m55m1.o(.text.Default_Handler)
    GPE_IRQHandler                           0x00100cf9   Thumb Code     2  startup_m55m1.o(.text.Default_Handler)
    GPF_IRQHandler                           0x00100cf9   Thumb Code     2  startup_m55m1.o(.text.Default_Handler)
    GPG_IRQHandler                           0x00100cf9   Thumb Code     2  startup_m55m1.o(.text.Default_Handler)
    GPH_IRQHandler                           0x00100cf9   Thumb Code     2  startup_m55m1.o(.text.Default_Handler)
    GPI_IRQHandler                           0x00100cf9   Thumb Code     2  startup_m55m1.o(.text.Default_Handler)
    GPJ_IRQHandler                           0x00100cf9   Thumb Code     2  startup_m55m1.o(.text.Default_Handler)
    HSOTG_IRQHandler                         0x00100cf9   Thumb Code     2  startup_m55m1.o(.text.Default_Handler)
    HSUSBD_IRQHandler                        0x00100cf9   Thumb Code     2  startup_m55m1.o(.text.Default_Handler)
    HSUSBH_IRQHandler                        0x00100cf9   Thumb Code     2  startup_m55m1.o(.text.Default_Handler)
    I2C0_IRQHandler                          0x00100cf9   Thumb Code     2  startup_m55m1.o(.text.Default_Handler)
    I2C1_IRQHandler                          0x00100cf9   Thumb Code     2  startup_m55m1.o(.text.Default_Handler)
    I2C2_IRQHandler                          0x00100cf9   Thumb Code     2  startup_m55m1.o(.text.Default_Handler)
    I2C3_IRQHandler                          0x00100cf9   Thumb Code     2  startup_m55m1.o(.text.Default_Handler)
    I2S0_IRQHandler                          0x00100cf9   Thumb Code     2  startup_m55m1.o(.text.Default_Handler)
    I2S1_IRQHandler                          0x00100cf9   Thumb Code     2  startup_m55m1.o(.text.Default_Handler)
    I3C0_IRQHandler                          0x00100cf9   Thumb Code     2  startup_m55m1.o(.text.Default_Handler)
    IRC_IRQHandler                           0x00100cf9   Thumb Code     2  startup_m55m1.o(.text.Default_Handler)
    ISP_IRQHandler                           0x00100cf9   Thumb Code     2  startup_m55m1.o(.text.Default_Handler)
    KPI_IRQHandler                           0x00100cf9   Thumb Code     2  startup_m55m1.o(.text.Default_Handler)
    KS_IRQHandler                            0x00100cf9   Thumb Code     2  startup_m55m1.o(.text.Default_Handler)
    LPADC0_IRQHandler                        0x00100cf9   Thumb Code     2  startup_m55m1.o(.text.Default_Handler)
    LPI2C0_IRQHandler                        0x00100cf9   Thumb Code     2  startup_m55m1.o(.text.Default_Handler)
    LPPDMA_IRQHandler                        0x00100cf9   Thumb Code     2  startup_m55m1.o(.text.Default_Handler)
    LPSPI0_IRQHandler                        0x00100cf9   Thumb Code     2  startup_m55m1.o(.text.Default_Handler)
    LPTMR0_IRQHandler                        0x00100cf9   Thumb Code     2  startup_m55m1.o(.text.Default_Handler)
    LPTMR1_IRQHandler                        0x00100cf9   Thumb Code     2  startup_m55m1.o(.text.Default_Handler)
    LPUART0_IRQHandler                       0x00100cf9   Thumb Code     2  startup_m55m1.o(.text.Default_Handler)
    MemManage_Handler                        0x00100cf9   Thumb Code     2  startup_m55m1.o(.text.Default_Handler)
    NMI_Handler                              0x00100cf9   Thumb Code     2  startup_m55m1.o(.text.Default_Handler)
    NPU_IRQHandler                           0x00100cf9   Thumb Code     2  startup_m55m1.o(.text.Default_Handler)
    OTFC0_IRQHandler                         0x00100cf9   Thumb Code     2  startup_m55m1.o(.text.Default_Handler)
    PDMA0_IRQHandler                         0x00100cf9   Thumb Code     2  startup_m55m1.o(.text.Default_Handler)
    PDMA1_IRQHandler                         0x00100cf9   Thumb Code     2  startup_m55m1.o(.text.Default_Handler)
    PMC_IRQHandler                           0x00100cf9   Thumb Code     2  startup_m55m1.o(.text.Default_Handler)
    PSIO_IRQHandler                          0x00100cf9   Thumb Code     2  startup_m55m1.o(.text.Default_Handler)
    PendSV_Handler                           0x00100cf9   Thumb Code     2  startup_m55m1.o(.text.Default_Handler)
    QSPI0_IRQHandler                         0x00100cf9   Thumb Code     2  startup_m55m1.o(.text.Default_Handler)
    QSPI1_IRQHandler                         0x00100cf9   Thumb Code     2  startup_m55m1.o(.text.Default_Handler)
    RTCTAMPER_IRQHandler                     0x00100cf9   Thumb Code     2  startup_m55m1.o(.text.Default_Handler)
    RTC_IRQHandler                           0x00100cf9   Thumb Code     2  startup_m55m1.o(.text.Default_Handler)
    SC0_IRQHandler                           0x00100cf9   Thumb Code     2  startup_m55m1.o(.text.Default_Handler)
    SC1_IRQHandler                           0x00100cf9   Thumb Code     2  startup_m55m1.o(.text.Default_Handler)
    SC2_IRQHandler                           0x00100cf9   Thumb Code     2  startup_m55m1.o(.text.Default_Handler)
    SCU_IRQHandler                           0x00100cf9   Thumb Code     2  startup_m55m1.o(.text.Default_Handler)
    SDH0_IRQHandler                          0x00100cf9   Thumb Code     2  startup_m55m1.o(.text.Default_Handler)
    SDH1_IRQHandler                          0x00100cf9   Thumb Code     2  startup_m55m1.o(.text.Default_Handler)
    SPI0_IRQHandler                          0x00100cf9   Thumb Code     2  startup_m55m1.o(.text.Default_Handler)
    SPI1_IRQHandler                          0x00100cf9   Thumb Code     2  startup_m55m1.o(.text.Default_Handler)
    SPI2_IRQHandler                          0x00100cf9   Thumb Code     2  startup_m55m1.o(.text.Default_Handler)
    SPI3_IRQHandler                          0x00100cf9   Thumb Code     2  startup_m55m1.o(.text.Default_Handler)
    SPIM0_IRQHandler                         0x00100cf9   Thumb Code     2  startup_m55m1.o(.text.Default_Handler)
    SRAMPERR_IRQHandler                      0x00100cf9   Thumb Code     2  startup_m55m1.o(.text.Default_Handler)
    SVC_Handler                              0x00100cf9   Thumb Code     2  startup_m55m1.o(.text.Default_Handler)
    SecureFault_Handler                      0x00100cf9   Thumb Code     2  startup_m55m1.o(.text.Default_Handler)
    SysTick_Handler                          0x00100cf9   Thumb Code     2  startup_m55m1.o(.text.Default_Handler)
    TIMER0_IRQHandler                        0x00100cf9   Thumb Code     2  startup_m55m1.o(.text.Default_Handler)
    TIMER1_IRQHandler                        0x00100cf9   Thumb Code     2  startup_m55m1.o(.text.Default_Handler)
    TIMER2_IRQHandler                        0x00100cf9   Thumb Code     2  startup_m55m1.o(.text.Default_Handler)
    TIMER3_IRQHandler                        0x00100cf9   Thumb Code     2  startup_m55m1.o(.text.Default_Handler)
    TRNG_IRQHandler                          0x00100cf9   Thumb Code     2  startup_m55m1.o(.text.Default_Handler)
    TTMR0_IRQHandler                         0x00100cf9   Thumb Code     2  startup_m55m1.o(.text.Default_Handler)
    TTMR1_IRQHandler                         0x00100cf9   Thumb Code     2  startup_m55m1.o(.text.Default_Handler)
    UART0_IRQHandler                         0x00100cf9   Thumb Code     2  startup_m55m1.o(.text.Default_Handler)
    UART1_IRQHandler                         0x00100cf9   Thumb Code     2  startup_m55m1.o(.text.Default_Handler)
    UART2_IRQHandler                         0x00100cf9   Thumb Code     2  startup_m55m1.o(.text.Default_Handler)
    UART3_IRQHandler                         0x00100cf9   Thumb Code     2  startup_m55m1.o(.text.Default_Handler)
    UART4_IRQHandler                         0x00100cf9   Thumb Code     2  startup_m55m1.o(.text.Default_Handler)
    UART5_IRQHandler                         0x00100cf9   Thumb Code     2  startup_m55m1.o(.text.Default_Handler)
    UART6_IRQHandler                         0x00100cf9   Thumb Code     2  startup_m55m1.o(.text.Default_Handler)
    UART7_IRQHandler                         0x00100cf9   Thumb Code     2  startup_m55m1.o(.text.Default_Handler)
    UART8_IRQHandler                         0x00100cf9   Thumb Code     2  startup_m55m1.o(.text.Default_Handler)
    UART9_IRQHandler                         0x00100cf9   Thumb Code     2  startup_m55m1.o(.text.Default_Handler)
    USBD_IRQHandler                          0x00100cf9   Thumb Code     2  startup_m55m1.o(.text.Default_Handler)
    USBH0_IRQHandler                         0x00100cf9   Thumb Code     2  startup_m55m1.o(.text.Default_Handler)
    USBH1_IRQHandler                         0x00100cf9   Thumb Code     2  startup_m55m1.o(.text.Default_Handler)
    USBOTG_IRQHandler                        0x00100cf9   Thumb Code     2  startup_m55m1.o(.text.Default_Handler)
    UTCPD_IRQHandler                         0x00100cf9   Thumb Code     2  startup_m55m1.o(.text.Default_Handler)
    UsageFault_Handler                       0x00100cf9   Thumb Code     2  startup_m55m1.o(.text.Default_Handler)
    WDT0_IRQHandler                          0x00100cf9   Thumb Code     2  startup_m55m1.o(.text.Default_Handler)
    WDT1_IRQHandler                          0x00100cf9   Thumb Code     2  startup_m55m1.o(.text.Default_Handler)
    WWDT0_IRQHandler                         0x00100cf9   Thumb Code     2  startup_m55m1.o(.text.Default_Handler)
    WWDT1_IRQHandler                         0x00100cf9   Thumb Code     2  startup_m55m1.o(.text.Default_Handler)
    HardFault_Handler                        0x00100cfd   Thumb Code    26  startup_m55m1.o(.text.HardFault_Handler)
    InitDebugUart                            0x00100d19   Thumb Code    16  system_m55m1.o(.text.InitDebugUart)
    InitPreDefMPURegion                      0x00100d29   Thumb Code  1520  system_m55m1.o(.text.InitPreDefMPURegion)
    PMC_PowerDown                            0x00101319   Thumb Code   136  pmc.o(.text.PMC_PowerDown)
    PMC_SetPowerDownMode                     0x001013a1   Thumb Code   354  pmc.o(.text.PMC_SetPowerDownMode)
    PMC_SetPowerLevel                        0x00101505   Thumb Code   150  pmc.o(.text.PMC_SetPowerLevel)
    ProcessHardFault                         0x0010159d   Thumb Code   328  retarget.o(.text.ProcessHardFault)
    Reset_Handler                            0x0010175d   Thumb Code  1140  startup_m55m1.o(.text.Reset_Handler)
    Reset_Handler_PreInit                    0x00101bd1   Thumb Code    26  startup_m55m1.o(.text.Reset_Handler_PreInit)
    SYS_ResetModule                          0x00101bed   Thumb Code    90  sys.o(.text.SYS_ResetModule)
    SetDebugUartCLK                          0x00101c49   Thumb Code    62  system_m55m1.o(.text.SetDebugUartCLK)
    SetDebugUartMFP                          0x00101c89   Thumb Code    28  system_m55m1.o(.text.SetDebugUartMFP)
    SystemCoreClockUpdate                    0x00101ca5   Thumb Code    50  system_m55m1.o(.text.SystemCoreClockUpdate)
    SystemInit                               0x00101cd9   Thumb Code   452  system_m55m1.o(.text.SystemInit)
    UART_Open                                0x00101e9d   Thumb Code   518  uart.o(.text.UART_Open)
    USCI_UART_DataWakeUp                     0x001020a9   Thumb Code   160  main.o(.text.USCI_UART_DataWakeUp)
    USCI_UART_PowerDownWakeUpTest            0x00102151   Thumb Code   632  main.o(.text.USCI_UART_PowerDownWakeUpTest)
    UUART_DisableWakeup                      0x00102421   Thumb Code    18  usci_uart.o(.text.UUART_DisableWakeup)
    UUART_EnableWakeup                       0x00102435   Thumb Code    16  usci_uart.o(.text.UUART_EnableWakeup)
    UUART_Open                               0x00102445   Thumb Code   576  usci_uart.o(.text.UUART_Open)
    UUART_SetLine_Config                     0x00102685   Thumb Code   630  usci_uart.o(.text.UUART_SetLine_Config)
    fgetc                                    0x001028fd   Thumb Code    42  retarget.o(.text.fgetc)
    fputc                                    0x00102929   Thumb Code    78  retarget.o(.text.fputc)
    main                                     0x00102979   Thumb Code   232  main.o(.text.main)
    __0printf$8                              0x00102aad   Thumb Code    22  printf8.o(i.__0printf$8)
    __1printf$8                              0x00102aad   Thumb Code     0  printf8.o(i.__0printf$8)
    __2printf                                0x00102aad   Thumb Code     0  printf8.o(i.__0printf$8)
    __scatterload_copy                       0x00102acd   Thumb Code    14  handlers.o(i.__scatterload_copy)
    __scatterload_null                       0x00102adb   Thumb Code     2  handlers.o(i.__scatterload_null)
    __scatterload_zeroinit                   0x00102add   Thumb Code    14  handlers.o(i.__scatterload_zeroinit)
    getc                                     0x00102f4f   Thumb Code     4  getc.o(i.getc)
    puts                                     0x00102f55   Thumb Code    30  puts.o(i.puts)
    Region$$Table$$Base                      0x001032ec   Number         0  anon$$obj.o(Region$$Table)
    Region$$Table$$Limit                     0x0010332c   Number         0  anon$$obj.o(Region$$Table)
    SHT$$INIT_ARRAY$$Base                    0x0010332c   Number         0  system_m55m1.o(.init_array)
    SHT$$INIT_ARRAY$$Limit                   0x00103330   Number         0  cpp_init.o(.init_array)
    DTCM_VECTOR_TABLE                        0x20000000   Data         712  startup_m55m1.o(DTCM.VTOR)
    Image$$ARM_LIB_STACK$$ZI$$Base           0x2001f800   Number         0  anon$$obj.o ABSOLUTE
    Image$$ARM_LIB_STACK$$ZI$$Limit          0x20020000   Number         0  anon$$obj.o ABSOLUTE
    __stdin                                  0x20100000   Data           4  stdin.o(.data)
    __stdout                                 0x20100004   Data           4  stdout.o(.data)
    CyclesPerUs                              0x20100008   Data           4  system_m55m1.o(.data.CyclesPerUs)
    PllClock                                 0x2010000c   Data           4  system_m55m1.o(.data.PllClock)
    SystemCoreClock                          0x20100010   Data           4  system_m55m1.o(.data.SystemCoreClock)
    g_u32NonCacheableBase                    0x20100014   Data           4  system_m55m1.o(.bss.g_u32NonCacheableBase)
    g_u32NonCacheableLimit                   0x20100018   Data           4  system_m55m1.o(.bss.g_u32NonCacheableLimit)
    Image$$SRAM_NONCACHEABLE$$Base           0x20230000   Number         0  anon$$obj.o ABSOLUTE
    Image$$SRAM_NONCACHEABLE_END$$Base       0x20250000   Number         0  anon$$obj.o ABSOLUTE



==============================================================================

Memory Map of the image

  Image Entry point : 0x00100041

  Load Region LR_ROM (Base: 0x00100000, Size: 0x00003670, Max: 0x00200000, ABSOLUTE)

    Execution Region ITCM (Exec base: 0x00000000, Load base: 0x00103330, Size: 0x00000064, Max: 0x00010000, ABSOLUTE)

    Exec Addr    Load Addr    Size         Type   Attr      Idx    E Section Name        Object

    0x00000000   0x00103330   0x00000064   Code   RO          351    ITCM                main.o


    Execution Region ER_ROM (Exec base: 0x00100000, Load base: 0x00100000, Size: 0x00003330, Max: 0x00200000, ABSOLUTE)

    Exec Addr    Load Addr    Size         Type   Attr      Idx    E Section Name        Object

    0x00100000   0x00100000   0x00000040   Data   RO           12    RESET               startup_m55m1.o
    0x00100040   0x00100040   0x00000000   Code   RO          368  * .ARM.Collect$$$$00000000  mc_w.l(entry.o)
    0x00100040   0x00100040   0x00000004   Code   RO          657    .ARM.Collect$$$$00000003  mc_w.l(entry4.o)
    0x00100044   0x00100044   0x00000004   Code   RO          660    .ARM.Collect$$$$00000004  mc_w.l(entry5.o)
    0x00100048   0x00100048   0x00000000   Code   RO          662    .ARM.Collect$$$$00000008  mc_w.l(entry7b.o)
    0x00100048   0x00100048   0x00000004   Code   RO          663    .ARM.Collect$$$$00000009  mc_w.l(entry8a.o)
    0x0010004c   0x0010004c   0x00000000   Code   RO          664    .ARM.Collect$$$$0000000A  mc_w.l(entry8b.o)
    0x0010004c   0x0010004c   0x00000008   Code   RO          665    .ARM.Collect$$$$0000000B  mc_w.l(entry9a.o)
    0x00100054   0x00100054   0x00000000   Code   RO          667    .ARM.Collect$$$$0000000D  mc_w.l(entry10a.o)
    0x00100054   0x00100054   0x00000000   Code   RO          669    .ARM.Collect$$$$0000000F  mc_w.l(entry11a.o)
    0x00100054   0x00100054   0x00000004   Code   RO          658    .ARM.Collect$$$$00002714  mc_w.l(entry4.o)
    0x00100058   0x00100058   0x00000028   Code   RO          655    .text               mc_w.l(cpp_init.o)
    0x00100080   0x00100080   0x00000062   Code   RO          683    .text               mc_w.l(uldiv.o)
    0x001000e2   0x001000e2   0x00000002   PAD
    0x001000e4   0x001000e4   0x00000030   Code   RO          700    .text               mc_w.l(init.o)
    0x00100114   0x00100114   0x0000001e   Code   RO          702    .text               mc_w.l(llshl.o)
    0x00100132   0x00100132   0x00000020   Code   RO          704    .text               mc_w.l(llushr.o)
    0x00100152   0x00100152   0x00000002   PAD
    0x00100154   0x00100154   0x00000416   Code   RO           90    .text.CLK_EnableAPLL  clk.o
    0x0010056a   0x0010056a   0x00000002   PAD
    0x0010056c   0x0010056c   0x00000024   Code   RO          104    .text.CLK_EnableModuleClock  clk.o
    0x00100590   0x00100590   0x00000010   Code   RO          100    .text.CLK_EnableXtalRC  clk.o
    0x001005a0   0x001005a0   0x00000082   Code   RO           94    .text.CLK_GetAPLL0ClockFreq  clk.o
    0x00100622   0x00100622   0x00000002   PAD
    0x00100624   0x00100624   0x0000001c   Code   RO           64    .text.CLK_GetPCLK0Freq  clk.o
    0x00100640   0x00100640   0x0000001c   Code   RO           68    .text.CLK_GetPCLK1Freq  clk.o
    0x0010065c   0x0010065c   0x00000194   Code   RO          122    .text.CLK_SetBusClock  clk.o
    0x001007f0   0x001007f0   0x0000006e   Code   RO           96    .text.CLK_SetModuleClock  clk.o
    0x0010085e   0x0010085e   0x00000002   PAD
    0x00100860   0x00100860   0x00000372   Code   RO           92    .text.CLK_SetSCLK   clk.o
    0x00100bd2   0x00100bd2   0x00000002   PAD
    0x00100bd4   0x00100bd4   0x000000d8   Code   RO           84    .text.CLK_SystemClockUpdate  clk.o
    0x00100cac   0x00100cac   0x0000004c   Code   RO           62    .text.CLK_WaitClockReady  clk.o
    0x00100cf8   0x00100cf8   0x00000002   Code   RO            4    .text.Default_Handler  startup_m55m1.o
    0x00100cfa   0x00100cfa   0x00000002   PAD
    0x00100cfc   0x00100cfc   0x0000001a   Code   RO            8    .text.HardFault_Handler  startup_m55m1.o
    0x00100d16   0x00100d16   0x00000002   PAD
    0x00100d18   0x00100d18   0x00000010   Code   RO           28    .text.InitDebugUart  system_m55m1.o
    0x00100d28   0x00100d28   0x000005f0   Code   RO           30    .text.InitPreDefMPURegion  system_m55m1.o
    0x00101318   0x00101318   0x00000088   Code   RO          313    .text.PMC_PowerDown  pmc.o
    0x001013a0   0x001013a0   0x00000162   Code   RO          317    .text.PMC_SetPowerDownMode  pmc.o
    0x00101502   0x00101502   0x00000002   PAD
    0x00101504   0x00101504   0x00000096   Code   RO          301    .text.PMC_SetPowerLevel  pmc.o
    0x0010159a   0x0010159a   0x00000002   PAD
    0x0010159c   0x0010159c   0x000001c0   Code   RO          178    .text.ProcessHardFault  retarget.o
    0x0010175c   0x0010175c   0x00000474   Code   RO            6    .text.Reset_Handler  startup_m55m1.o
    0x00101bd0   0x00101bd0   0x0000001a   Code   RO           10    .text.Reset_Handler_PreInit  startup_m55m1.o
    0x00101bea   0x00101bea   0x00000002   PAD
    0x00101bec   0x00101bec   0x0000005a   Code   RO          138    .text.SYS_ResetModule  sys.o
    0x00101c46   0x00101c46   0x00000002   PAD
    0x00101c48   0x00101c48   0x0000003e   Code   RO           26    .text.SetDebugUartCLK  system_m55m1.o
    0x00101c86   0x00101c86   0x00000002   PAD
    0x00101c88   0x00101c88   0x0000001c   Code   RO           24    .text.SetDebugUartMFP  system_m55m1.o
    0x00101ca4   0x00101ca4   0x00000032   Code   RO           22    .text.SystemCoreClockUpdate  system_m55m1.o
    0x00101cd6   0x00101cd6   0x00000002   PAD
    0x00101cd8   0x00101cd8   0x000001c4   Code   RO           32    .text.SystemInit    system_m55m1.o
    0x00101e9c   0x00101e9c   0x00000206   Code   RO          236    .text.UART_Open     uart.o
    0x001020a2   0x001020a2   0x00000006   PAD
    0x001020a8   0x001020a8   0x000000a8   Code   RO          355    .text.USCI_UART_DataWakeUp  main.o
    0x00102150   0x00102150   0x000002d0   Code   RO          349    .text.USCI_UART_PowerDownWakeUpTest  main.o
    0x00102420   0x00102420   0x00000012   Code   RO          287    .text.UUART_DisableWakeup  usci_uart.o
    0x00102432   0x00102432   0x00000002   PAD
    0x00102434   0x00102434   0x00000010   Code   RO          285    .text.UUART_EnableWakeup  usci_uart.o
    0x00102444   0x00102444   0x00000240   Code   RO          277    .text.UUART_Open    usci_uart.o
    0x00102684   0x00102684   0x00000276   Code   RO          281    .text.UUART_SetLine_Config  usci_uart.o
    0x001028fa   0x001028fa   0x00000002   PAD
    0x001028fc   0x001028fc   0x0000002a   Code   RO          210    .text.fgetc         retarget.o
    0x00102926   0x00102926   0x00000002   PAD
    0x00102928   0x00102928   0x0000004e   Code   RO          208    .text.fputc         retarget.o
    0x00102976   0x00102976   0x00000002   PAD
    0x00102978   0x00102978   0x00000134   Code   RO          347    .text.main          main.o
    0x00102aac   0x00102aac   0x00000020   Code   RO          598    i.__0printf$8       mc_w.l(printf8.o)
    0x00102acc   0x00102acc   0x0000000e   Code   RO          712    i.__scatterload_copy  mc_w.l(handlers.o)
    0x00102ada   0x00102ada   0x00000002   Code   RO          713    i.__scatterload_null  mc_w.l(handlers.o)
    0x00102adc   0x00102adc   0x0000000e   Code   RO          714    i.__scatterload_zeroinit  mc_w.l(handlers.o)
    0x00102aea   0x00102aea   0x00000002   PAD
    0x00102aec   0x00102aec   0x00000410   Code   RO          605    i._printf_core      mc_w.l(printf8.o)
    0x00102efc   0x00102efc   0x00000024   Code   RO          606    i._printf_post_padding  mc_w.l(printf8.o)
    0x00102f20   0x00102f20   0x0000002e   Code   RO          607    i._printf_pre_padding  mc_w.l(printf8.o)
    0x00102f4e   0x00102f4e   0x00000004   Code   RO          377    i.getc              mc_w.l(getc.o)
    0x00102f52   0x00102f52   0x00000002   PAD
    0x00102f54   0x00102f54   0x00000024   Code   RO          373    i.puts              mc_w.l(puts.o)
    0x00102f78   0x00102f78   0x00000014   Data   RO          258    .rodata..L__const.UART_SelectIrDAMode.u32ClkTbl  uart.o
    0x00102f8c   0x00102f8c   0x00000010   Data   RO          129    .rodata.cst16       clk.o
    0x00102f9c   0x00102f9c   0x00000004   Data   RO          128    .rodata.cst4        clk.o
    0x00102fa0   0x00102fa0   0x000000c4   Data   RO          212    .rodata.str1.1      retarget.o
    0x00103064   0x00103064   0x00000287   Data   RO          359    .rodata.str1.1      main.o
    0x001032eb   0x001032eb   0x00000001   PAD
    0x001032ec   0x001032ec   0x00000040   Data   RO          711    Region$$Table       anon$$obj.o
    0x0010332c   0x0010332c   0x00000004   Data   RO           39    .init_array         system_m55m1.o
    0x00103330   0x0010332c   0x00000000   Data   RO          653    .init_array         mc_w.l(cpp_init.o)


    Execution Region DTCM_VTOR (Exec base: 0x20000000, Load base: 0x001033a8, Size: 0x000002c8, Max: 0xffffffff, ABSOLUTE)

    Exec Addr    Load Addr    Size         Type   Attr      Idx    E Section Name        Object

    0x20000000   0x001033a8   0x000002c8   Data   RO           13    DTCM.VTOR           startup_m55m1.o


    Execution Region DTCM (Exec base: 0x200002c8, Load base: 0x00103670, Size: 0x00000000, Max: 0xffffffff, ABSOLUTE)

    **** No section assigned to this execution region ****


    Execution Region ARM_LIB_STACK (Exec base: 0x2001f800, Load base: 0x00103670, Size: 0x00000800, Max: 0x00000800, ABSOLUTE)

    Exec Addr    Load Addr    Size         Type   Attr      Idx    E Section Name        Object

    0x2001f800        -       0x00000800   Zero   RW            2    ARM_LIB_STACK.bss   anon$$obj.o


    Execution Region RW_NOINIT (Exec base: 0x20100000, Load base: 0x00103394, Size: 0x00000000, Max: 0x0012f800, ABSOLUTE, UNINIT)

    **** No section assigned to this execution region ****


    Execution Region RW_RAM (Exec base: 0x20100000, Load base: 0x00103394, Size: 0x0000001c, Max: 0xffffffff, ABSOLUTE)

    Exec Addr    Load Addr    Size         Type   Attr      Idx    E Section Name        Object

    0x20100000   0x00103394   0x00000004   Data   RW          385    .data               mc_w.l(stdin.o)
    0x20100004   0x00103398   0x00000004   Data   RW          671    .data               mc_w.l(stdout.o)
    0x20100008   0x0010339c   0x00000004   Data   RW           35    .data.CyclesPerUs   system_m55m1.o
    0x2010000c   0x001033a0   0x00000004   Data   RW           36    .data.PllClock      system_m55m1.o
    0x20100010   0x001033a4   0x00000004   Data   RW           34    .data.SystemCoreClock  system_m55m1.o
    0x20100014        -       0x00000004   Zero   RW           37    .bss.g_u32NonCacheableBase  system_m55m1.o
    0x20100018        -       0x00000004   Zero   RW           38    .bss.g_u32NonCacheableLimit  system_m55m1.o


    Execution Region ARM_LIB_HEAP (Exec base: 0x20100020, Load base: 0x001033a8, Size: 0x00000800, Max: 0x00000800, ABSOLUTE)

    Exec Addr    Load Addr    Size         Type   Attr      Idx    E Section Name        Object

    0x20100020        -       0x00000800   Zero   RW            1    ARM_LIB_HEAP.bss    anon$$obj.o


    Execution Region SRAM_NONCACHEABLE (Exec base: 0x20230000, Load base: 0x00103670, Size: 0x00000000, Max: 0x00020000, ABSOLUTE)

    **** No section assigned to this execution region ****


    Execution Region SRAM_NONCACHEABLE_END (Exec base: 0x20250000, Load base: 0x00103670, Size: 0x00000000, Max: 0xffffffff, ABSOLUTE)

    **** No section assigned to this execution region ****


    Execution Region LPSRAM (Exec base: 0x20310000, Load base: 0x00103670, Size: 0x00000000, Max: 0x00002000, ABSOLUTE)

    **** No section assigned to this execution region ****


==============================================================================

Image component sizes


      Code (inc. data)   RO Data    RW Data    ZI Data      Debug   Object Name

      2972         24         20          0          0      24211   clk.o
      1296        204        647          0          0      12626   main.o
       640          8          0          0          0      19602   pmc.o
       568        120        196          0          0      11234   retarget.o
      1194          0        776          0          0      15707   startup_m55m1.o
        90          0          0          0          0       8736   sys.o
      2128          0          4         12          8      15593   system_m55m1.o
       518          0         20          0          0      12508   uart.o
      1240          0          0          0          0       9740   usci_uart.o

    ----------------------------------------------------------------------
     10684        356       1728         12       4104     129957   Object Totals
         0          0         64          0       4096          0   (incl. Generated)
        38          0          1          0          0          0   (incl. Padding)

    ----------------------------------------------------------------------

      Code (inc. data)   RO Data    RW Data    ZI Data      Debug   Library Member Name

        40          8          0          0          0         80   cpp_init.o
         0          0          0          0          0          0   entry.o
         0          0          0          0          0          0   entry10a.o
         0          0          0          0          0          0   entry11a.o
         8          4          0          0          0          0   entry4.o
         4          0          0          0          0          0   entry5.o
         0          0          0          0          0          0   entry7b.o
         4          0          0          0          0          0   entry8a.o
         0          0          0          0          0          0   entry8b.o
         8          4          0          0          0          0   entry9a.o
         4          0          0          0          0         68   getc.o
        30          0          0          0          0          0   handlers.o
        48         10          0          0          0         68   init.o
        30          0          0          0          0         68   llshl.o
        32          0          0          0          0         68   llushr.o
      1154         54          0          0          0        352   printf8.o
        36          6          0          0          0         80   puts.o
         0          0          0          4          0          0   stdin.o
         0          0          0          4          0          0   stdout.o
        98          0          0          0          0         92   uldiv.o

    ----------------------------------------------------------------------
      1504         86          0          8          0        876   Library Totals
         8          0          0          0          0          0   (incl. Padding)

    ----------------------------------------------------------------------

      Code (inc. data)   RO Data    RW Data    ZI Data      Debug   Library Name

      1496         86          0          8          0        876   mc_w.l

    ----------------------------------------------------------------------
      1504         86          0          8          0        876   Library Totals

    ----------------------------------------------------------------------

==============================================================================


      Code (inc. data)   RO Data    RW Data    ZI Data      Debug   

     12188        442       1728         20       4104     130461   Grand Totals
     12188        442       1728         20       4104     130461   ELF Image Totals
     12188        442       1728         20          0          0   ROM Totals

==============================================================================

    Total RO  Size (Code + RO Data)                13916 (  13.59kB)
    Total RW  Size (RW Data + ZI Data)              4124 (   4.03kB)
    Total ROM Size (Code + RO Data + RW Data)      13936 (  13.61kB)

==============================================================================

