<!doctype html public "-//w3c//dtd html 4.0 transitional//en">
<html><head>
<title>Static Call Graph - [.\Objects\ISP_SPI.axf]</title></head>
<body><HR>
<H1>Static Call Graph for image .\Objects\ISP_SPI.axf</H1><HR>
<BR><P>#&#060CALLGRAPH&#062# ARM Linker, 6210000: Last Updated: Tue Feb  3 17:11:19 2026
<BR><P>
<H3>Maximum Stack Usage =        180 bytes + Unknown(Cycles, Untraceable Function Pointers)</H3><H3>
Call chain for Maximum Stack Depth:</H3>
main &rArr; SYS_Init &rArr; CLK_EnableAPLL
<P>
<H3>
Mutually Recursive functions
</H3> <LI><a href="#[2]">HardFault_Handler</a>&nbsp;&nbsp;&nbsp;&rArr;&nbsp;&nbsp;&nbsp;<a href="#[2]">HardFault_Handler</a><BR>
</UL>
<P>
<H3>
Function Pointers
</H3><UL>
 <LI><a href="#[d]">BODOUT_IRQHandler</a> from isp_startup_m55m1.o(.text.Default_Handler) referenced from isp_startup_m55m1.o(DTCM.VTOR)
 <LI><a href="#[32]">BPWM0_IRQHandler</a> from isp_startup_m55m1.o(.text.Default_Handler) referenced from isp_startup_m55m1.o(DTCM.VTOR)
 <LI><a href="#[33]">BPWM1_IRQHandler</a> from isp_startup_m55m1.o(.text.Default_Handler) referenced from isp_startup_m55m1.o(DTCM.VTOR)
 <LI><a href="#[2a]">BRAKE0_IRQHandler</a> from isp_startup_m55m1.o(.text.Default_Handler) referenced from isp_startup_m55m1.o(DTCM.VTOR)
 <LI><a href="#[2e]">BRAKE1_IRQHandler</a> from isp_startup_m55m1.o(.text.Default_Handler) referenced from isp_startup_m55m1.o(DTCM.VTOR)
 <LI><a href="#[4]">BusFault_Handler</a> from isp_startup_m55m1.o(.text.Default_Handler) referenced from isp_startup_m55m1.o(DTCM.VTOR)
 <LI><a href="#[4]">BusFault_Handler</a> from isp_startup_m55m1.o(.text.Default_Handler) referenced from isp_startup_m55m1.o(RESET)
 <LI><a href="#[73]">CANFD00_IRQHandler</a> from isp_startup_m55m1.o(.text.Default_Handler) referenced from isp_startup_m55m1.o(DTCM.VTOR)
 <LI><a href="#[74]">CANFD01_IRQHandler</a> from isp_startup_m55m1.o(.text.Default_Handler) referenced from isp_startup_m55m1.o(DTCM.VTOR)
 <LI><a href="#[75]">CANFD10_IRQHandler</a> from isp_startup_m55m1.o(.text.Default_Handler) referenced from isp_startup_m55m1.o(DTCM.VTOR)
 <LI><a href="#[76]">CANFD11_IRQHandler</a> from isp_startup_m55m1.o(.text.Default_Handler) referenced from isp_startup_m55m1.o(DTCM.VTOR)
 <LI><a href="#[71]">CCAP_IRQHandler</a> from isp_startup_m55m1.o(.text.Default_Handler) referenced from isp_startup_m55m1.o(DTCM.VTOR)
 <LI><a href="#[11]">CKFAIL_IRQHandler</a> from isp_startup_m55m1.o(.text.Default_Handler) referenced from isp_startup_m55m1.o(DTCM.VTOR)
 <LI><a href="#[72]">CRYPTO_IRQHandler</a> from isp_startup_m55m1.o(.text.Default_Handler) referenced from isp_startup_m55m1.o(DTCM.VTOR)
 <LI><a href="#[68]">DMIC0VAD_IRQHandler</a> from isp_startup_m55m1.o(.text.Default_Handler) referenced from isp_startup_m55m1.o(DTCM.VTOR)
 <LI><a href="#[67]">DMIC0_IRQHandler</a> from isp_startup_m55m1.o(.text.Default_Handler) referenced from isp_startup_m55m1.o(DTCM.VTOR)
 <LI><a href="#[a]">DebugMon_Handler</a> from isp_startup_m55m1.o(.text.Default_Handler) referenced from isp_startup_m55m1.o(DTCM.VTOR)
 <LI><a href="#[1a]">EINT0_IRQHandler</a> from isp_startup_m55m1.o(.text.Default_Handler) referenced from isp_startup_m55m1.o(DTCM.VTOR)
 <LI><a href="#[1b]">EINT1_IRQHandler</a> from isp_startup_m55m1.o(.text.Default_Handler) referenced from isp_startup_m55m1.o(DTCM.VTOR)
 <LI><a href="#[1c]">EINT2_IRQHandler</a> from isp_startup_m55m1.o(.text.Default_Handler) referenced from isp_startup_m55m1.o(DTCM.VTOR)
 <LI><a href="#[1d]">EINT3_IRQHandler</a> from isp_startup_m55m1.o(.text.Default_Handler) referenced from isp_startup_m55m1.o(DTCM.VTOR)
 <LI><a href="#[1e]">EINT4_IRQHandler</a> from isp_startup_m55m1.o(.text.Default_Handler) referenced from isp_startup_m55m1.o(DTCM.VTOR)
 <LI><a href="#[1f]">EINT5_IRQHandler</a> from isp_startup_m55m1.o(.text.Default_Handler) referenced from isp_startup_m55m1.o(DTCM.VTOR)
 <LI><a href="#[5a]">EINT6_IRQHandler</a> from isp_startup_m55m1.o(.text.Default_Handler) referenced from isp_startup_m55m1.o(DTCM.VTOR)
 <LI><a href="#[5b]">EINT7_IRQHandler</a> from isp_startup_m55m1.o(.text.Default_Handler) referenced from isp_startup_m55m1.o(DTCM.VTOR)
 <LI><a href="#[47]">EMAC0_IRQHandler</a> from isp_startup_m55m1.o(.text.Default_Handler) referenced from isp_startup_m55m1.o(DTCM.VTOR)
 <LI><a href="#[2b]">EPWM0P0_IRQHandler</a> from isp_startup_m55m1.o(.text.Default_Handler) referenced from isp_startup_m55m1.o(DTCM.VTOR)
 <LI><a href="#[2c]">EPWM0P1_IRQHandler</a> from isp_startup_m55m1.o(.text.Default_Handler) referenced from isp_startup_m55m1.o(DTCM.VTOR)
 <LI><a href="#[2d]">EPWM0P2_IRQHandler</a> from isp_startup_m55m1.o(.text.Default_Handler) referenced from isp_startup_m55m1.o(DTCM.VTOR)
 <LI><a href="#[2f]">EPWM1P0_IRQHandler</a> from isp_startup_m55m1.o(.text.Default_Handler) referenced from isp_startup_m55m1.o(DTCM.VTOR)
 <LI><a href="#[30]">EPWM1P1_IRQHandler</a> from isp_startup_m55m1.o(.text.Default_Handler) referenced from isp_startup_m55m1.o(DTCM.VTOR)
 <LI><a href="#[31]">EPWM1P2_IRQHandler</a> from isp_startup_m55m1.o(.text.Default_Handler) referenced from isp_startup_m55m1.o(DTCM.VTOR)
 <LI><a href="#[20]">GPA_IRQHandler</a> from isp_startup_m55m1.o(.text.Default_Handler) referenced from isp_startup_m55m1.o(DTCM.VTOR)
 <LI><a href="#[21]">GPB_IRQHandler</a> from isp_startup_m55m1.o(.text.Default_Handler) referenced from isp_startup_m55m1.o(DTCM.VTOR)
 <LI><a href="#[22]">GPC_IRQHandler</a> from isp_startup_m55m1.o(.text.Default_Handler) referenced from isp_startup_m55m1.o(DTCM.VTOR)
 <LI><a href="#[23]">GPD_IRQHandler</a> from isp_startup_m55m1.o(.text.Default_Handler) referenced from isp_startup_m55m1.o(DTCM.VTOR)
 <LI><a href="#[24]">GPE_IRQHandler</a> from isp_startup_m55m1.o(.text.Default_Handler) referenced from isp_startup_m55m1.o(DTCM.VTOR)
 <LI><a href="#[25]">GPF_IRQHandler</a> from isp_startup_m55m1.o(.text.Default_Handler) referenced from isp_startup_m55m1.o(DTCM.VTOR)
 <LI><a href="#[26]">GPG_IRQHandler</a> from isp_startup_m55m1.o(.text.Default_Handler) referenced from isp_startup_m55m1.o(DTCM.VTOR)
 <LI><a href="#[27]">GPH_IRQHandler</a> from isp_startup_m55m1.o(.text.Default_Handler) referenced from isp_startup_m55m1.o(DTCM.VTOR)
 <LI><a href="#[28]">GPI_IRQHandler</a> from isp_startup_m55m1.o(.text.Default_Handler) referenced from isp_startup_m55m1.o(DTCM.VTOR)
 <LI><a href="#[29]">GPJ_IRQHandler</a> from isp_startup_m55m1.o(.text.Default_Handler) referenced from isp_startup_m55m1.o(DTCM.VTOR)
 <LI><a href="#[46]">HSOTG_IRQHandler</a> from isp_startup_m55m1.o(.text.Default_Handler) referenced from isp_startup_m55m1.o(DTCM.VTOR)
 <LI><a href="#[45]">HSUSBD_IRQHandler</a> from isp_startup_m55m1.o(.text.Default_Handler) referenced from isp_startup_m55m1.o(DTCM.VTOR)
 <LI><a href="#[44]">HSUSBH_IRQHandler</a> from isp_startup_m55m1.o(.text.Default_Handler) referenced from isp_startup_m55m1.o(DTCM.VTOR)
 <LI><a href="#[2]">HardFault_Handler</a> from isp_startup_m55m1.o(.text.HardFault_Handler) referenced from isp_startup_m55m1.o(DTCM.VTOR)
 <LI><a href="#[2]">HardFault_Handler</a> from isp_startup_m55m1.o(.text.HardFault_Handler) referenced from isp_startup_m55m1.o(RESET)
 <LI><a href="#[5d]">I2C0_IRQHandler</a> from isp_startup_m55m1.o(.text.Default_Handler) referenced from isp_startup_m55m1.o(DTCM.VTOR)
 <LI><a href="#[5e]">I2C1_IRQHandler</a> from isp_startup_m55m1.o(.text.Default_Handler) referenced from isp_startup_m55m1.o(DTCM.VTOR)
 <LI><a href="#[5f]">I2C2_IRQHandler</a> from isp_startup_m55m1.o(.text.Default_Handler) referenced from isp_startup_m55m1.o(DTCM.VTOR)
 <LI><a href="#[60]">I2C3_IRQHandler</a> from isp_startup_m55m1.o(.text.Default_Handler) referenced from isp_startup_m55m1.o(DTCM.VTOR)
 <LI><a href="#[69]">I2S0_IRQHandler</a> from isp_startup_m55m1.o(.text.Default_Handler) referenced from isp_startup_m55m1.o(DTCM.VTOR)
 <LI><a href="#[6a]">I2S1_IRQHandler</a> from isp_startup_m55m1.o(.text.Default_Handler) referenced from isp_startup_m55m1.o(DTCM.VTOR)
 <LI><a href="#[6c]">I3C0_IRQHandler</a> from isp_startup_m55m1.o(.text.Default_Handler) referenced from isp_startup_m55m1.o(DTCM.VTOR)
 <LI><a href="#[e]">IRC_IRQHandler</a> from isp_startup_m55m1.o(.text.Default_Handler) referenced from isp_startup_m55m1.o(DTCM.VTOR)
 <LI><a href="#[12]">ISP_IRQHandler</a> from isp_startup_m55m1.o(.text.Default_Handler) referenced from isp_startup_m55m1.o(DTCM.VTOR)
 <LI><a href="#[6e]">KPI_IRQHandler</a> from isp_startup_m55m1.o(.text.Default_Handler) referenced from isp_startup_m55m1.o(DTCM.VTOR)
 <LI><a href="#[37]">KS_IRQHandler</a> from isp_startup_m55m1.o(.text.Default_Handler) referenced from isp_startup_m55m1.o(DTCM.VTOR)
 <LI><a href="#[61]">LPI2C0_IRQHandler</a> from isp_startup_m55m1.o(.text.Default_Handler) referenced from isp_startup_m55m1.o(DTCM.VTOR)
 <LI><a href="#[36]">LPPDMA_IRQHandler</a> from isp_startup_m55m1.o(.text.Default_Handler) referenced from isp_startup_m55m1.o(DTCM.VTOR)
 <LI><a href="#[4e]">LPSPI0_IRQHandler</a> from isp_startup_m55m1.o(.text.Default_Handler) referenced from isp_startup_m55m1.o(DTCM.VTOR)
 <LI><a href="#[3c]">LPTMR0_IRQHandler</a> from isp_startup_m55m1.o(.text.Default_Handler) referenced from isp_startup_m55m1.o(DTCM.VTOR)
 <LI><a href="#[3d]">LPTMR1_IRQHandler</a> from isp_startup_m55m1.o(.text.Default_Handler) referenced from isp_startup_m55m1.o(DTCM.VTOR)
 <LI><a href="#[5c]">LPUART0_IRQHandler</a> from isp_startup_m55m1.o(.text.Default_Handler) referenced from isp_startup_m55m1.o(DTCM.VTOR)
 <LI><a href="#[3]">MemManage_Handler</a> from isp_startup_m55m1.o(.text.Default_Handler) referenced from isp_startup_m55m1.o(DTCM.VTOR)
 <LI><a href="#[3]">MemManage_Handler</a> from isp_startup_m55m1.o(.text.Default_Handler) referenced from isp_startup_m55m1.o(RESET)
 <LI><a href="#[1]">NMI_Handler</a> from isp_startup_m55m1.o(.text.Default_Handler) referenced from isp_startup_m55m1.o(DTCM.VTOR)
 <LI><a href="#[1]">NMI_Handler</a> from isp_startup_m55m1.o(.text.Default_Handler) referenced from isp_startup_m55m1.o(RESET)
 <LI><a href="#[19]">NPU_IRQHandler</a> from isp_startup_m55m1.o(.text.Default_Handler) referenced from isp_startup_m55m1.o(DTCM.VTOR)
 <LI><a href="#[6d]">OTFC0_IRQHandler</a> from isp_startup_m55m1.o(.text.Default_Handler) referenced from isp_startup_m55m1.o(DTCM.VTOR)
 <LI><a href="#[34]">PDMA0_IRQHandler</a> from isp_startup_m55m1.o(.text.Default_Handler) referenced from isp_startup_m55m1.o(DTCM.VTOR)
 <LI><a href="#[35]">PDMA1_IRQHandler</a> from isp_startup_m55m1.o(.text.Default_Handler) referenced from isp_startup_m55m1.o(DTCM.VTOR)
 <LI><a href="#[f]">PMC_IRQHandler</a> from isp_startup_m55m1.o(.text.Default_Handler) referenced from isp_startup_m55m1.o(DTCM.VTOR)
 <LI><a href="#[66]">PSIO_IRQHandler</a> from isp_startup_m55m1.o(.text.Default_Handler) referenced from isp_startup_m55m1.o(DTCM.VTOR)
 <LI><a href="#[b]">PendSV_Handler</a> from isp_startup_m55m1.o(.text.Default_Handler) referenced from isp_startup_m55m1.o(DTCM.VTOR)
 <LI><a href="#[48]">QSPI0_IRQHandler</a> from isp_startup_m55m1.o(.text.Default_Handler) referenced from isp_startup_m55m1.o(DTCM.VTOR)
 <LI><a href="#[49]">QSPI1_IRQHandler</a> from isp_startup_m55m1.o(.text.Default_Handler) referenced from isp_startup_m55m1.o(DTCM.VTOR)
 <LI><a href="#[14]">RTCTAMPER_IRQHandler</a> from isp_startup_m55m1.o(.text.Default_Handler) referenced from isp_startup_m55m1.o(DTCM.VTOR)
 <LI><a href="#[13]">RTC_IRQHandler</a> from isp_startup_m55m1.o(.text.Default_Handler) referenced from isp_startup_m55m1.o(DTCM.VTOR)
 <LI><a href="#[0]">Reset_Handler</a> from isp_startup_m55m1.o(.text.Reset_Handler) referenced from isp_startup_m55m1.o(DTCM.VTOR)
 <LI><a href="#[0]">Reset_Handler</a> from isp_startup_m55m1.o(.text.Reset_Handler) referenced from isp_startup_m55m1.o(RESET)
 <LI><a href="#[63]">SC0_IRQHandler</a> from isp_startup_m55m1.o(.text.Default_Handler) referenced from isp_startup_m55m1.o(DTCM.VTOR)
 <LI><a href="#[64]">SC1_IRQHandler</a> from isp_startup_m55m1.o(.text.Default_Handler) referenced from isp_startup_m55m1.o(DTCM.VTOR)
 <LI><a href="#[65]">SC2_IRQHandler</a> from isp_startup_m55m1.o(.text.Default_Handler) referenced from isp_startup_m55m1.o(DTCM.VTOR)
 <LI><a href="#[6f]">SDH0_IRQHandler</a> from isp_startup_m55m1.o(.text.Default_Handler) referenced from isp_startup_m55m1.o(DTCM.VTOR)
 <LI><a href="#[70]">SDH1_IRQHandler</a> from isp_startup_m55m1.o(.text.Default_Handler) referenced from isp_startup_m55m1.o(DTCM.VTOR)
 <LI><a href="#[4a]">SPI0_IRQHandler</a> from isp_startup_m55m1.o(.text.Default_Handler) referenced from isp_startup_m55m1.o(DTCM.VTOR)
 <LI><a href="#[4b]">SPI1_IRQHandler</a> from isp_startup_m55m1.o(.text.Default_Handler) referenced from isp_startup_m55m1.o(DTCM.VTOR)
 <LI><a href="#[4c]">SPI2_IRQHandler</a> from spi_transfer.o(ITCM) referenced from isp_startup_m55m1.o(DTCM.VTOR)
 <LI><a href="#[4d]">SPI3_IRQHandler</a> from isp_startup_m55m1.o(.text.Default_Handler) referenced from isp_startup_m55m1.o(DTCM.VTOR)
 <LI><a href="#[4f]">SPIM0_IRQHandler</a> from isp_startup_m55m1.o(.text.Default_Handler) referenced from isp_startup_m55m1.o(DTCM.VTOR)
 <LI><a href="#[10]">SRAMPERR_IRQHandler</a> from isp_startup_m55m1.o(.text.Default_Handler) referenced from isp_startup_m55m1.o(DTCM.VTOR)
 <LI><a href="#[9]">SVC_Handler</a> from isp_startup_m55m1.o(.text.Default_Handler) referenced from isp_startup_m55m1.o(DTCM.VTOR)
 <LI><a href="#[6]">SecureFault_Handler</a> from isp_startup_m55m1.o(.text.Default_Handler) referenced from isp_startup_m55m1.o(DTCM.VTOR)
 <LI><a href="#[6]">SecureFault_Handler</a> from isp_startup_m55m1.o(.text.Default_Handler) referenced from isp_startup_m55m1.o(RESET)
 <LI><a href="#[c]">SysTick_Handler</a> from isp_startup_m55m1.o(.text.Default_Handler) referenced from isp_startup_m55m1.o(DTCM.VTOR)
 <LI><a href="#[8]">SystemInit</a> from isp_system_m55m1.o(.text.SystemInit) referenced from isp_system_m55m1.o(.init_array)
 <LI><a href="#[38]">TIMER0_IRQHandler</a> from isp_startup_m55m1.o(.text.Default_Handler) referenced from isp_startup_m55m1.o(DTCM.VTOR)
 <LI><a href="#[39]">TIMER1_IRQHandler</a> from isp_startup_m55m1.o(.text.Default_Handler) referenced from isp_startup_m55m1.o(DTCM.VTOR)
 <LI><a href="#[3a]">TIMER2_IRQHandler</a> from isp_startup_m55m1.o(.text.Default_Handler) referenced from isp_startup_m55m1.o(DTCM.VTOR)
 <LI><a href="#[3b]">TIMER3_IRQHandler</a> from isp_startup_m55m1.o(.text.Default_Handler) referenced from isp_startup_m55m1.o(DTCM.VTOR)
 <LI><a href="#[6b]">TRNG_IRQHandler</a> from isp_startup_m55m1.o(.text.Default_Handler) referenced from isp_startup_m55m1.o(DTCM.VTOR)
 <LI><a href="#[3e]">TTMR0_IRQHandler</a> from isp_startup_m55m1.o(.text.Default_Handler) referenced from isp_startup_m55m1.o(DTCM.VTOR)
 <LI><a href="#[3f]">TTMR1_IRQHandler</a> from isp_startup_m55m1.o(.text.Default_Handler) referenced from isp_startup_m55m1.o(DTCM.VTOR)
 <LI><a href="#[50]">UART0_IRQHandler</a> from isp_startup_m55m1.o(.text.Default_Handler) referenced from isp_startup_m55m1.o(DTCM.VTOR)
 <LI><a href="#[51]">UART1_IRQHandler</a> from isp_startup_m55m1.o(.text.Default_Handler) referenced from isp_startup_m55m1.o(DTCM.VTOR)
 <LI><a href="#[52]">UART2_IRQHandler</a> from isp_startup_m55m1.o(.text.Default_Handler) referenced from isp_startup_m55m1.o(DTCM.VTOR)
 <LI><a href="#[53]">UART3_IRQHandler</a> from isp_startup_m55m1.o(.text.Default_Handler) referenced from isp_startup_m55m1.o(DTCM.VTOR)
 <LI><a href="#[54]">UART4_IRQHandler</a> from isp_startup_m55m1.o(.text.Default_Handler) referenced from isp_startup_m55m1.o(DTCM.VTOR)
 <LI><a href="#[55]">UART5_IRQHandler</a> from isp_startup_m55m1.o(.text.Default_Handler) referenced from isp_startup_m55m1.o(DTCM.VTOR)
 <LI><a href="#[56]">UART6_IRQHandler</a> from isp_startup_m55m1.o(.text.Default_Handler) referenced from isp_startup_m55m1.o(DTCM.VTOR)
 <LI><a href="#[57]">UART7_IRQHandler</a> from isp_startup_m55m1.o(.text.Default_Handler) referenced from isp_startup_m55m1.o(DTCM.VTOR)
 <LI><a href="#[58]">UART8_IRQHandler</a> from isp_startup_m55m1.o(.text.Default_Handler) referenced from isp_startup_m55m1.o(DTCM.VTOR)
 <LI><a href="#[59]">UART9_IRQHandler</a> from isp_startup_m55m1.o(.text.Default_Handler) referenced from isp_startup_m55m1.o(DTCM.VTOR)
 <LI><a href="#[42]">USBD_IRQHandler</a> from isp_startup_m55m1.o(.text.Default_Handler) referenced from isp_startup_m55m1.o(DTCM.VTOR)
 <LI><a href="#[40]">USBH0_IRQHandler</a> from isp_startup_m55m1.o(.text.Default_Handler) referenced from isp_startup_m55m1.o(DTCM.VTOR)
 <LI><a href="#[41]">USBH1_IRQHandler</a> from isp_startup_m55m1.o(.text.Default_Handler) referenced from isp_startup_m55m1.o(DTCM.VTOR)
 <LI><a href="#[43]">USBOTG_IRQHandler</a> from isp_startup_m55m1.o(.text.Default_Handler) referenced from isp_startup_m55m1.o(DTCM.VTOR)
 <LI><a href="#[62]">USCI0_IRQHandler</a> from isp_startup_m55m1.o(.text.Default_Handler) referenced from isp_startup_m55m1.o(DTCM.VTOR)
 <LI><a href="#[5]">UsageFault_Handler</a> from isp_startup_m55m1.o(.text.Default_Handler) referenced from isp_startup_m55m1.o(DTCM.VTOR)
 <LI><a href="#[5]">UsageFault_Handler</a> from isp_startup_m55m1.o(.text.Default_Handler) referenced from isp_startup_m55m1.o(RESET)
 <LI><a href="#[15]">WDT0_IRQHandler</a> from isp_startup_m55m1.o(.text.Default_Handler) referenced from isp_startup_m55m1.o(DTCM.VTOR)
 <LI><a href="#[17]">WDT1_IRQHandler</a> from isp_startup_m55m1.o(.text.Default_Handler) referenced from isp_startup_m55m1.o(DTCM.VTOR)
 <LI><a href="#[16]">WWDT0_IRQHandler</a> from isp_startup_m55m1.o(.text.Default_Handler) referenced from isp_startup_m55m1.o(DTCM.VTOR)
 <LI><a href="#[18]">WWDT1_IRQHandler</a> from isp_startup_m55m1.o(.text.Default_Handler) referenced from isp_startup_m55m1.o(DTCM.VTOR)
 <LI><a href="#[7]">main</a> from main.o(.text.main) referenced from entry9a.o(.ARM.Collect$$$$0000000B)
</UL>
<P>
<H3>
Global Symbols
</H3>
<P><STRONG><a name="[4c]"></a>SPI2_IRQHandler</STRONG> (Thumb, 282 bytes, Stack size 0 bytes, spi_transfer.o(ITCM))
<BR>[Address Reference Count : 1]<UL><LI> isp_startup_m55m1.o(DTCM.VTOR)
</UL>
<P><STRONG><a name="[77]"></a>__main</STRONG> (Thumb, 0 bytes, Stack size unknown bytes, entry.o(.ARM.Collect$$$$00000000))
<BR><BR>[Called By]<UL><LI><a href="#[0]">&gt;&gt;</a>&nbsp;&nbsp;&nbsp;Reset_Handler
</UL>

<P><STRONG><a name="[93]"></a>_main_stk</STRONG> (Thumb, 0 bytes, Stack size unknown bytes, entry4.o(.ARM.Collect$$$$00000003))

<P><STRONG><a name="[79]"></a>_main_scatterload</STRONG> (Thumb, 0 bytes, Stack size unknown bytes, entry5.o(.ARM.Collect$$$$00000004))
<BR><BR>[Calls]<UL><LI><a href="#[7a]">&gt;&gt;</a>&nbsp;&nbsp;&nbsp;__scatterload
</UL>

<P><STRONG><a name="[7f]"></a>__main_after_scatterload</STRONG> (Thumb, 0 bytes, Stack size unknown bytes, entry5.o(.ARM.Collect$$$$00000004))
<BR><BR>[Called By]<UL><LI><a href="#[7a]">&gt;&gt;</a>&nbsp;&nbsp;&nbsp;__scatterload
</UL>

<P><STRONG><a name="[94]"></a>_main_clock</STRONG> (Thumb, 0 bytes, Stack size unknown bytes, entry7b.o(.ARM.Collect$$$$00000008))

<P><STRONG><a name="[7b]"></a>_main_cpp_init$empty</STRONG> (Thumb, 0 bytes, Stack size unknown bytes, entry8a.o(.ARM.Collect$$$$00000009))
<BR><BR>[Stack]<UL><LI>Max Depth = 24 + Unknown Stack Size
<LI>Call Chain = _main_cpp_init$empty &rArr; __cpp_initialize__aeabi_
</UL>
<BR>[Calls]<UL><LI><a href="#[78]">&gt;&gt;</a>&nbsp;&nbsp;&nbsp;__cpp_initialize__aeabi_
</UL>

<P><STRONG><a name="[95]"></a>_main_cpp_init</STRONG> (Thumb, 0 bytes, Stack size unknown bytes, entry8b.o(.ARM.Collect$$$$0000000A))

<P><STRONG><a name="[96]"></a>_main_init</STRONG> (Thumb, 0 bytes, Stack size unknown bytes, entry9a.o(.ARM.Collect$$$$0000000B))

<P><STRONG><a name="[97]"></a>__rt_final_cpp</STRONG> (Thumb, 0 bytes, Stack size unknown bytes, entry10a.o(.ARM.Collect$$$$0000000D))

<P><STRONG><a name="[98]"></a>__rt_final_exit</STRONG> (Thumb, 0 bytes, Stack size unknown bytes, entry11a.o(.ARM.Collect$$$$0000000F))

<P><STRONG><a name="[7d]"></a>__aeabi_memset</STRONG> (Thumb, 14 bytes, Stack size 0 bytes, memseta.o(.text))
<BR><BR>[Called By]<UL><LI><a href="#[7e]">&gt;&gt;</a>&nbsp;&nbsp;&nbsp;_memset$wrapper
<LI><a href="#[7c]">&gt;&gt;</a>&nbsp;&nbsp;&nbsp;__aeabi_memclr
</UL>

<P><STRONG><a name="[99]"></a>__aeabi_memset4</STRONG> (Thumb, 0 bytes, Stack size 0 bytes, memseta.o(.text), UNUSED)

<P><STRONG><a name="[9a]"></a>__aeabi_memset8</STRONG> (Thumb, 0 bytes, Stack size 0 bytes, memseta.o(.text), UNUSED)

<P><STRONG><a name="[7c]"></a>__aeabi_memclr</STRONG> (Thumb, 4 bytes, Stack size 0 bytes, memseta.o(.text))
<BR><BR>[Calls]<UL><LI><a href="#[7d]">&gt;&gt;</a>&nbsp;&nbsp;&nbsp;__aeabi_memset
</UL>
<BR>[Called By]<UL><LI><a href="#[85]">&gt;&gt;</a>&nbsp;&nbsp;&nbsp;ParseCmd
</UL>

<P><STRONG><a name="[9b]"></a>__aeabi_memclr4</STRONG> (Thumb, 0 bytes, Stack size 0 bytes, memseta.o(.text), UNUSED)

<P><STRONG><a name="[9c]"></a>__aeabi_memclr8</STRONG> (Thumb, 0 bytes, Stack size 0 bytes, memseta.o(.text), UNUSED)

<P><STRONG><a name="[7e]"></a>_memset$wrapper</STRONG> (Thumb, 18 bytes, Stack size 8 bytes, memseta.o(.text), UNUSED)
<BR><BR>[Calls]<UL><LI><a href="#[7d]">&gt;&gt;</a>&nbsp;&nbsp;&nbsp;__aeabi_memset
</UL>

<P><STRONG><a name="[78]"></a>__cpp_initialize__aeabi_</STRONG> (Thumb, 32 bytes, Stack size 24 bytes, cpp_init.o(.text))
<BR><BR>[Stack]<UL><LI>Max Depth = 24<LI>Call Chain = __cpp_initialize__aeabi_
</UL>
<BR>[Called By]<UL><LI><a href="#[7b]">&gt;&gt;</a>&nbsp;&nbsp;&nbsp;_main_cpp_init$empty
</UL>

<P><STRONG><a name="[7a]"></a>__scatterload</STRONG> (Thumb, 38 bytes, Stack size 0 bytes, init.o(.text))
<BR><BR>[Calls]<UL><LI><a href="#[7f]">&gt;&gt;</a>&nbsp;&nbsp;&nbsp;__main_after_scatterload
</UL>
<BR>[Called By]<UL><LI><a href="#[79]">&gt;&gt;</a>&nbsp;&nbsp;&nbsp;_main_scatterload
</UL>

<P><STRONG><a name="[9d]"></a>__scatterload_rt2</STRONG> (Thumb, 0 bytes, Stack size 0 bytes, init.o(.text), UNUSED)

<P><STRONG><a name="[8c]"></a>CLK_EnableAPLL</STRONG> (Thumb, 1046 bytes, Stack size 100 bytes, clk.o(.text.CLK_EnableAPLL))
<BR><BR>[Stack]<UL><LI>Max Depth = 100<LI>Call Chain = CLK_EnableAPLL
</UL>
<BR>[Called By]<UL><LI><a href="#[8b]">&gt;&gt;</a>&nbsp;&nbsp;&nbsp;SYS_Init
</UL>

<P><STRONG><a name="[8d]"></a>CLK_EnableModuleClock</STRONG> (Thumb, 36 bytes, Stack size 0 bytes, clk.o(.text.CLK_EnableModuleClock))
<BR><BR>[Called By]<UL><LI><a href="#[8b]">&gt;&gt;</a>&nbsp;&nbsp;&nbsp;SYS_Init
</UL>

<P><STRONG><a name="[80]"></a>CLK_SetSCLK</STRONG> (Thumb, 882 bytes, Stack size 40 bytes, clk.o(.text.CLK_SetSCLK))
<BR><BR>[Stack]<UL><LI>Max Depth = 64<LI>Call Chain = CLK_SetSCLK &rArr; SystemCoreClockUpdate &rArr; CLK_SystemClockUpdate
</UL>
<BR>[Calls]<UL><LI><a href="#[81]">&gt;&gt;</a>&nbsp;&nbsp;&nbsp;SystemCoreClockUpdate
</UL>
<BR>[Called By]<UL><LI><a href="#[8b]">&gt;&gt;</a>&nbsp;&nbsp;&nbsp;SYS_Init
</UL>

<P><STRONG><a name="[90]"></a>CLK_SysTickDelay</STRONG> (Thumb, 452 bytes, Stack size 8 bytes, clk.o(.text.CLK_SysTickDelay))
<BR><BR>[Stack]<UL><LI>Max Depth = 8<LI>Call Chain = CLK_SysTickDelay
</UL>
<BR>[Called By]<UL><LI><a href="#[7]">&gt;&gt;</a>&nbsp;&nbsp;&nbsp;main
</UL>

<P><STRONG><a name="[8e]"></a>CLK_SystemClockUpdate</STRONG> (Thumb, 196 bytes, Stack size 16 bytes, clk.o(.text.CLK_SystemClockUpdate))
<BR><BR>[Stack]<UL><LI>Max Depth = 16<LI>Call Chain = CLK_SystemClockUpdate
</UL>
<BR>[Called By]<UL><LI><a href="#[81]">&gt;&gt;</a>&nbsp;&nbsp;&nbsp;SystemCoreClockUpdate
</UL>

<P><STRONG><a name="[82]"></a>ACMP01_IRQHandler</STRONG> (Thumb, 2 bytes, Stack size 0 bytes, isp_startup_m55m1.o(.text.Default_Handler), UNUSED)
<BR><BR>[Calls]<UL><LI><a href="#[82]">&gt;&gt;</a>&nbsp;&nbsp;&nbsp;ACMP01_IRQHandler
</UL>
<BR>[Called By]<UL><LI><a href="#[82]">&gt;&gt;</a>&nbsp;&nbsp;&nbsp;ACMP01_IRQHandler
</UL>

<P><STRONG><a name="[9e]"></a>ACMP23_IRQHandler</STRONG> (Thumb, 2 bytes, Stack size 0 bytes, isp_startup_m55m1.o(.text.Default_Handler), UNUSED)

<P><STRONG><a name="[9f]"></a>AWF_IRQHandler</STRONG> (Thumb, 2 bytes, Stack size 0 bytes, isp_startup_m55m1.o(.text.Default_Handler), UNUSED)

<P><STRONG><a name="[d]"></a>BODOUT_IRQHandler</STRONG> (Thumb, 2 bytes, Stack size 0 bytes, isp_startup_m55m1.o(.text.Default_Handler))
<BR>[Address Reference Count : 1]<UL><LI> isp_startup_m55m1.o(DTCM.VTOR)
</UL>
<P><STRONG><a name="[32]"></a>BPWM0_IRQHandler</STRONG> (Thumb, 2 bytes, Stack size 0 bytes, isp_startup_m55m1.o(.text.Default_Handler))
<BR>[Address Reference Count : 1]<UL><LI> isp_startup_m55m1.o(DTCM.VTOR)
</UL>
<P><STRONG><a name="[33]"></a>BPWM1_IRQHandler</STRONG> (Thumb, 2 bytes, Stack size 0 bytes, isp_startup_m55m1.o(.text.Default_Handler))
<BR>[Address Reference Count : 1]<UL><LI> isp_startup_m55m1.o(DTCM.VTOR)
</UL>
<P><STRONG><a name="[2a]"></a>BRAKE0_IRQHandler</STRONG> (Thumb, 2 bytes, Stack size 0 bytes, isp_startup_m55m1.o(.text.Default_Handler))
<BR>[Address Reference Count : 1]<UL><LI> isp_startup_m55m1.o(DTCM.VTOR)
</UL>
<P><STRONG><a name="[2e]"></a>BRAKE1_IRQHandler</STRONG> (Thumb, 2 bytes, Stack size 0 bytes, isp_startup_m55m1.o(.text.Default_Handler))
<BR>[Address Reference Count : 1]<UL><LI> isp_startup_m55m1.o(DTCM.VTOR)
</UL>
<P><STRONG><a name="[4]"></a>BusFault_Handler</STRONG> (Thumb, 2 bytes, Stack size 0 bytes, isp_startup_m55m1.o(.text.Default_Handler))
<BR>[Address Reference Count : 2]<UL><LI> isp_startup_m55m1.o(RESET)
<LI> isp_startup_m55m1.o(DTCM.VTOR)
</UL>
<P><STRONG><a name="[73]"></a>CANFD00_IRQHandler</STRONG> (Thumb, 2 bytes, Stack size 0 bytes, isp_startup_m55m1.o(.text.Default_Handler))
<BR>[Address Reference Count : 1]<UL><LI> isp_startup_m55m1.o(DTCM.VTOR)
</UL>
<P><STRONG><a name="[74]"></a>CANFD01_IRQHandler</STRONG> (Thumb, 2 bytes, Stack size 0 bytes, isp_startup_m55m1.o(.text.Default_Handler))
<BR>[Address Reference Count : 1]<UL><LI> isp_startup_m55m1.o(DTCM.VTOR)
</UL>
<P><STRONG><a name="[75]"></a>CANFD10_IRQHandler</STRONG> (Thumb, 2 bytes, Stack size 0 bytes, isp_startup_m55m1.o(.text.Default_Handler))
<BR>[Address Reference Count : 1]<UL><LI> isp_startup_m55m1.o(DTCM.VTOR)
</UL>
<P><STRONG><a name="[76]"></a>CANFD11_IRQHandler</STRONG> (Thumb, 2 bytes, Stack size 0 bytes, isp_startup_m55m1.o(.text.Default_Handler))
<BR>[Address Reference Count : 1]<UL><LI> isp_startup_m55m1.o(DTCM.VTOR)
</UL>
<P><STRONG><a name="[71]"></a>CCAP_IRQHandler</STRONG> (Thumb, 2 bytes, Stack size 0 bytes, isp_startup_m55m1.o(.text.Default_Handler))
<BR>[Address Reference Count : 1]<UL><LI> isp_startup_m55m1.o(DTCM.VTOR)
</UL>
<P><STRONG><a name="[11]"></a>CKFAIL_IRQHandler</STRONG> (Thumb, 2 bytes, Stack size 0 bytes, isp_startup_m55m1.o(.text.Default_Handler))
<BR>[Address Reference Count : 1]<UL><LI> isp_startup_m55m1.o(DTCM.VTOR)
</UL>
<P><STRONG><a name="[a0]"></a>CRC_IRQHandler</STRONG> (Thumb, 2 bytes, Stack size 0 bytes, isp_startup_m55m1.o(.text.Default_Handler), UNUSED)

<P><STRONG><a name="[72]"></a>CRYPTO_IRQHandler</STRONG> (Thumb, 2 bytes, Stack size 0 bytes, isp_startup_m55m1.o(.text.Default_Handler))
<BR>[Address Reference Count : 1]<UL><LI> isp_startup_m55m1.o(DTCM.VTOR)
</UL>
<P><STRONG><a name="[a1]"></a>DAC01_IRQHandler</STRONG> (Thumb, 2 bytes, Stack size 0 bytes, isp_startup_m55m1.o(.text.Default_Handler), UNUSED)

<P><STRONG><a name="[68]"></a>DMIC0VAD_IRQHandler</STRONG> (Thumb, 2 bytes, Stack size 0 bytes, isp_startup_m55m1.o(.text.Default_Handler))
<BR>[Address Reference Count : 1]<UL><LI> isp_startup_m55m1.o(DTCM.VTOR)
</UL>
<P><STRONG><a name="[67]"></a>DMIC0_IRQHandler</STRONG> (Thumb, 2 bytes, Stack size 0 bytes, isp_startup_m55m1.o(.text.Default_Handler))
<BR>[Address Reference Count : 1]<UL><LI> isp_startup_m55m1.o(DTCM.VTOR)
</UL>
<P><STRONG><a name="[a]"></a>DebugMon_Handler</STRONG> (Thumb, 2 bytes, Stack size 0 bytes, isp_startup_m55m1.o(.text.Default_Handler))
<BR>[Address Reference Count : 1]<UL><LI> isp_startup_m55m1.o(DTCM.VTOR)
</UL>
<P><STRONG><a name="[a2]"></a>Default_Handler</STRONG> (Thumb, 2 bytes, Stack size 0 bytes, isp_startup_m55m1.o(.text.Default_Handler), UNUSED)

<P><STRONG><a name="[a3]"></a>EADC00_IRQHandler</STRONG> (Thumb, 2 bytes, Stack size 0 bytes, isp_startup_m55m1.o(.text.Default_Handler), UNUSED)

<P><STRONG><a name="[a4]"></a>EADC01_IRQHandler</STRONG> (Thumb, 2 bytes, Stack size 0 bytes, isp_startup_m55m1.o(.text.Default_Handler), UNUSED)

<P><STRONG><a name="[a5]"></a>EADC02_IRQHandler</STRONG> (Thumb, 2 bytes, Stack size 0 bytes, isp_startup_m55m1.o(.text.Default_Handler), UNUSED)

<P><STRONG><a name="[a6]"></a>EADC03_IRQHandler</STRONG> (Thumb, 2 bytes, Stack size 0 bytes, isp_startup_m55m1.o(.text.Default_Handler), UNUSED)

<P><STRONG><a name="[a7]"></a>ECAP0_IRQHandler</STRONG> (Thumb, 2 bytes, Stack size 0 bytes, isp_startup_m55m1.o(.text.Default_Handler), UNUSED)

<P><STRONG><a name="[a8]"></a>ECAP1_IRQHandler</STRONG> (Thumb, 2 bytes, Stack size 0 bytes, isp_startup_m55m1.o(.text.Default_Handler), UNUSED)

<P><STRONG><a name="[a9]"></a>ECAP2_IRQHandler</STRONG> (Thumb, 2 bytes, Stack size 0 bytes, isp_startup_m55m1.o(.text.Default_Handler), UNUSED)

<P><STRONG><a name="[aa]"></a>ECAP3_IRQHandler</STRONG> (Thumb, 2 bytes, Stack size 0 bytes, isp_startup_m55m1.o(.text.Default_Handler), UNUSED)

<P><STRONG><a name="[1a]"></a>EINT0_IRQHandler</STRONG> (Thumb, 2 bytes, Stack size 0 bytes, isp_startup_m55m1.o(.text.Default_Handler))
<BR>[Address Reference Count : 1]<UL><LI> isp_startup_m55m1.o(DTCM.VTOR)
</UL>
<P><STRONG><a name="[1b]"></a>EINT1_IRQHandler</STRONG> (Thumb, 2 bytes, Stack size 0 bytes, isp_startup_m55m1.o(.text.Default_Handler))
<BR>[Address Reference Count : 1]<UL><LI> isp_startup_m55m1.o(DTCM.VTOR)
</UL>
<P><STRONG><a name="[1c]"></a>EINT2_IRQHandler</STRONG> (Thumb, 2 bytes, Stack size 0 bytes, isp_startup_m55m1.o(.text.Default_Handler))
<BR>[Address Reference Count : 1]<UL><LI> isp_startup_m55m1.o(DTCM.VTOR)
</UL>
<P><STRONG><a name="[1d]"></a>EINT3_IRQHandler</STRONG> (Thumb, 2 bytes, Stack size 0 bytes, isp_startup_m55m1.o(.text.Default_Handler))
<BR>[Address Reference Count : 1]<UL><LI> isp_startup_m55m1.o(DTCM.VTOR)
</UL>
<P><STRONG><a name="[1e]"></a>EINT4_IRQHandler</STRONG> (Thumb, 2 bytes, Stack size 0 bytes, isp_startup_m55m1.o(.text.Default_Handler))
<BR>[Address Reference Count : 1]<UL><LI> isp_startup_m55m1.o(DTCM.VTOR)
</UL>
<P><STRONG><a name="[1f]"></a>EINT5_IRQHandler</STRONG> (Thumb, 2 bytes, Stack size 0 bytes, isp_startup_m55m1.o(.text.Default_Handler))
<BR>[Address Reference Count : 1]<UL><LI> isp_startup_m55m1.o(DTCM.VTOR)
</UL>
<P><STRONG><a name="[5a]"></a>EINT6_IRQHandler</STRONG> (Thumb, 2 bytes, Stack size 0 bytes, isp_startup_m55m1.o(.text.Default_Handler))
<BR>[Address Reference Count : 1]<UL><LI> isp_startup_m55m1.o(DTCM.VTOR)
</UL>
<P><STRONG><a name="[5b]"></a>EINT7_IRQHandler</STRONG> (Thumb, 2 bytes, Stack size 0 bytes, isp_startup_m55m1.o(.text.Default_Handler))
<BR>[Address Reference Count : 1]<UL><LI> isp_startup_m55m1.o(DTCM.VTOR)
</UL>
<P><STRONG><a name="[47]"></a>EMAC0_IRQHandler</STRONG> (Thumb, 2 bytes, Stack size 0 bytes, isp_startup_m55m1.o(.text.Default_Handler))
<BR>[Address Reference Count : 1]<UL><LI> isp_startup_m55m1.o(DTCM.VTOR)
</UL>
<P><STRONG><a name="[2b]"></a>EPWM0P0_IRQHandler</STRONG> (Thumb, 2 bytes, Stack size 0 bytes, isp_startup_m55m1.o(.text.Default_Handler))
<BR>[Address Reference Count : 1]<UL><LI> isp_startup_m55m1.o(DTCM.VTOR)
</UL>
<P><STRONG><a name="[2c]"></a>EPWM0P1_IRQHandler</STRONG> (Thumb, 2 bytes, Stack size 0 bytes, isp_startup_m55m1.o(.text.Default_Handler))
<BR>[Address Reference Count : 1]<UL><LI> isp_startup_m55m1.o(DTCM.VTOR)
</UL>
<P><STRONG><a name="[2d]"></a>EPWM0P2_IRQHandler</STRONG> (Thumb, 2 bytes, Stack size 0 bytes, isp_startup_m55m1.o(.text.Default_Handler))
<BR>[Address Reference Count : 1]<UL><LI> isp_startup_m55m1.o(DTCM.VTOR)
</UL>
<P><STRONG><a name="[2f]"></a>EPWM1P0_IRQHandler</STRONG> (Thumb, 2 bytes, Stack size 0 bytes, isp_startup_m55m1.o(.text.Default_Handler))
<BR>[Address Reference Count : 1]<UL><LI> isp_startup_m55m1.o(DTCM.VTOR)
</UL>
<P><STRONG><a name="[30]"></a>EPWM1P1_IRQHandler</STRONG> (Thumb, 2 bytes, Stack size 0 bytes, isp_startup_m55m1.o(.text.Default_Handler))
<BR>[Address Reference Count : 1]<UL><LI> isp_startup_m55m1.o(DTCM.VTOR)
</UL>
<P><STRONG><a name="[31]"></a>EPWM1P2_IRQHandler</STRONG> (Thumb, 2 bytes, Stack size 0 bytes, isp_startup_m55m1.o(.text.Default_Handler))
<BR>[Address Reference Count : 1]<UL><LI> isp_startup_m55m1.o(DTCM.VTOR)
</UL>
<P><STRONG><a name="[ab]"></a>EQEI0_IRQHandler</STRONG> (Thumb, 2 bytes, Stack size 0 bytes, isp_startup_m55m1.o(.text.Default_Handler), UNUSED)

<P><STRONG><a name="[ac]"></a>EQEI1_IRQHandler</STRONG> (Thumb, 2 bytes, Stack size 0 bytes, isp_startup_m55m1.o(.text.Default_Handler), UNUSED)

<P><STRONG><a name="[ad]"></a>EQEI2_IRQHandler</STRONG> (Thumb, 2 bytes, Stack size 0 bytes, isp_startup_m55m1.o(.text.Default_Handler), UNUSED)

<P><STRONG><a name="[ae]"></a>EQEI3_IRQHandler</STRONG> (Thumb, 2 bytes, Stack size 0 bytes, isp_startup_m55m1.o(.text.Default_Handler), UNUSED)

<P><STRONG><a name="[af]"></a>ETI_IRQHandler</STRONG> (Thumb, 2 bytes, Stack size 0 bytes, isp_startup_m55m1.o(.text.Default_Handler), UNUSED)

<P><STRONG><a name="[b0]"></a>GDMACH0_IRQHandler</STRONG> (Thumb, 2 bytes, Stack size 0 bytes, isp_startup_m55m1.o(.text.Default_Handler), UNUSED)

<P><STRONG><a name="[b1]"></a>GDMACH1_IRQHandler</STRONG> (Thumb, 2 bytes, Stack size 0 bytes, isp_startup_m55m1.o(.text.Default_Handler), UNUSED)

<P><STRONG><a name="[20]"></a>GPA_IRQHandler</STRONG> (Thumb, 2 bytes, Stack size 0 bytes, isp_startup_m55m1.o(.text.Default_Handler))
<BR>[Address Reference Count : 1]<UL><LI> isp_startup_m55m1.o(DTCM.VTOR)
</UL>
<P><STRONG><a name="[21]"></a>GPB_IRQHandler</STRONG> (Thumb, 2 bytes, Stack size 0 bytes, isp_startup_m55m1.o(.text.Default_Handler))
<BR>[Address Reference Count : 1]<UL><LI> isp_startup_m55m1.o(DTCM.VTOR)
</UL>
<P><STRONG><a name="[22]"></a>GPC_IRQHandler</STRONG> (Thumb, 2 bytes, Stack size 0 bytes, isp_startup_m55m1.o(.text.Default_Handler))
<BR>[Address Reference Count : 1]<UL><LI> isp_startup_m55m1.o(DTCM.VTOR)
</UL>
<P><STRONG><a name="[23]"></a>GPD_IRQHandler</STRONG> (Thumb, 2 bytes, Stack size 0 bytes, isp_startup_m55m1.o(.text.Default_Handler))
<BR>[Address Reference Count : 1]<UL><LI> isp_startup_m55m1.o(DTCM.VTOR)
</UL>
<P><STRONG><a name="[24]"></a>GPE_IRQHandler</STRONG> (Thumb, 2 bytes, Stack size 0 bytes, isp_startup_m55m1.o(.text.Default_Handler))
<BR>[Address Reference Count : 1]<UL><LI> isp_startup_m55m1.o(DTCM.VTOR)
</UL>
<P><STRONG><a name="[25]"></a>GPF_IRQHandler</STRONG> (Thumb, 2 bytes, Stack size 0 bytes, isp_startup_m55m1.o(.text.Default_Handler))
<BR>[Address Reference Count : 1]<UL><LI> isp_startup_m55m1.o(DTCM.VTOR)
</UL>
<P><STRONG><a name="[26]"></a>GPG_IRQHandler</STRONG> (Thumb, 2 bytes, Stack size 0 bytes, isp_startup_m55m1.o(.text.Default_Handler))
<BR>[Address Reference Count : 1]<UL><LI> isp_startup_m55m1.o(DTCM.VTOR)
</UL>
<P><STRONG><a name="[27]"></a>GPH_IRQHandler</STRONG> (Thumb, 2 bytes, Stack size 0 bytes, isp_startup_m55m1.o(.text.Default_Handler))
<BR>[Address Reference Count : 1]<UL><LI> isp_startup_m55m1.o(DTCM.VTOR)
</UL>
<P><STRONG><a name="[28]"></a>GPI_IRQHandler</STRONG> (Thumb, 2 bytes, Stack size 0 bytes, isp_startup_m55m1.o(.text.Default_Handler))
<BR>[Address Reference Count : 1]<UL><LI> isp_startup_m55m1.o(DTCM.VTOR)
</UL>
<P><STRONG><a name="[29]"></a>GPJ_IRQHandler</STRONG> (Thumb, 2 bytes, Stack size 0 bytes, isp_startup_m55m1.o(.text.Default_Handler))
<BR>[Address Reference Count : 1]<UL><LI> isp_startup_m55m1.o(DTCM.VTOR)
</UL>
<P><STRONG><a name="[46]"></a>HSOTG_IRQHandler</STRONG> (Thumb, 2 bytes, Stack size 0 bytes, isp_startup_m55m1.o(.text.Default_Handler))
<BR>[Address Reference Count : 1]<UL><LI> isp_startup_m55m1.o(DTCM.VTOR)
</UL>
<P><STRONG><a name="[45]"></a>HSUSBD_IRQHandler</STRONG> (Thumb, 2 bytes, Stack size 0 bytes, isp_startup_m55m1.o(.text.Default_Handler))
<BR>[Address Reference Count : 1]<UL><LI> isp_startup_m55m1.o(DTCM.VTOR)
</UL>
<P><STRONG><a name="[44]"></a>HSUSBH_IRQHandler</STRONG> (Thumb, 2 bytes, Stack size 0 bytes, isp_startup_m55m1.o(.text.Default_Handler))
<BR>[Address Reference Count : 1]<UL><LI> isp_startup_m55m1.o(DTCM.VTOR)
</UL>
<P><STRONG><a name="[5d]"></a>I2C0_IRQHandler</STRONG> (Thumb, 2 bytes, Stack size 0 bytes, isp_startup_m55m1.o(.text.Default_Handler))
<BR>[Address Reference Count : 1]<UL><LI> isp_startup_m55m1.o(DTCM.VTOR)
</UL>
<P><STRONG><a name="[5e]"></a>I2C1_IRQHandler</STRONG> (Thumb, 2 bytes, Stack size 0 bytes, isp_startup_m55m1.o(.text.Default_Handler))
<BR>[Address Reference Count : 1]<UL><LI> isp_startup_m55m1.o(DTCM.VTOR)
</UL>
<P><STRONG><a name="[5f]"></a>I2C2_IRQHandler</STRONG> (Thumb, 2 bytes, Stack size 0 bytes, isp_startup_m55m1.o(.text.Default_Handler))
<BR>[Address Reference Count : 1]<UL><LI> isp_startup_m55m1.o(DTCM.VTOR)
</UL>
<P><STRONG><a name="[60]"></a>I2C3_IRQHandler</STRONG> (Thumb, 2 bytes, Stack size 0 bytes, isp_startup_m55m1.o(.text.Default_Handler))
<BR>[Address Reference Count : 1]<UL><LI> isp_startup_m55m1.o(DTCM.VTOR)
</UL>
<P><STRONG><a name="[69]"></a>I2S0_IRQHandler</STRONG> (Thumb, 2 bytes, Stack size 0 bytes, isp_startup_m55m1.o(.text.Default_Handler))
<BR>[Address Reference Count : 1]<UL><LI> isp_startup_m55m1.o(DTCM.VTOR)
</UL>
<P><STRONG><a name="[6a]"></a>I2S1_IRQHandler</STRONG> (Thumb, 2 bytes, Stack size 0 bytes, isp_startup_m55m1.o(.text.Default_Handler))
<BR>[Address Reference Count : 1]<UL><LI> isp_startup_m55m1.o(DTCM.VTOR)
</UL>
<P><STRONG><a name="[6c]"></a>I3C0_IRQHandler</STRONG> (Thumb, 2 bytes, Stack size 0 bytes, isp_startup_m55m1.o(.text.Default_Handler))
<BR>[Address Reference Count : 1]<UL><LI> isp_startup_m55m1.o(DTCM.VTOR)
</UL>
<P><STRONG><a name="[e]"></a>IRC_IRQHandler</STRONG> (Thumb, 2 bytes, Stack size 0 bytes, isp_startup_m55m1.o(.text.Default_Handler))
<BR>[Address Reference Count : 1]<UL><LI> isp_startup_m55m1.o(DTCM.VTOR)
</UL>
<P><STRONG><a name="[12]"></a>ISP_IRQHandler</STRONG> (Thumb, 2 bytes, Stack size 0 bytes, isp_startup_m55m1.o(.text.Default_Handler))
<BR>[Address Reference Count : 1]<UL><LI> isp_startup_m55m1.o(DTCM.VTOR)
</UL>
<P><STRONG><a name="[6e]"></a>KPI_IRQHandler</STRONG> (Thumb, 2 bytes, Stack size 0 bytes, isp_startup_m55m1.o(.text.Default_Handler))
<BR>[Address Reference Count : 1]<UL><LI> isp_startup_m55m1.o(DTCM.VTOR)
</UL>
<P><STRONG><a name="[37]"></a>KS_IRQHandler</STRONG> (Thumb, 2 bytes, Stack size 0 bytes, isp_startup_m55m1.o(.text.Default_Handler))
<BR>[Address Reference Count : 1]<UL><LI> isp_startup_m55m1.o(DTCM.VTOR)
</UL>
<P><STRONG><a name="[b2]"></a>LPADC0_IRQHandler</STRONG> (Thumb, 2 bytes, Stack size 0 bytes, isp_startup_m55m1.o(.text.Default_Handler), UNUSED)

<P><STRONG><a name="[61]"></a>LPI2C0_IRQHandler</STRONG> (Thumb, 2 bytes, Stack size 0 bytes, isp_startup_m55m1.o(.text.Default_Handler))
<BR>[Address Reference Count : 1]<UL><LI> isp_startup_m55m1.o(DTCM.VTOR)
</UL>
<P><STRONG><a name="[36]"></a>LPPDMA_IRQHandler</STRONG> (Thumb, 2 bytes, Stack size 0 bytes, isp_startup_m55m1.o(.text.Default_Handler))
<BR>[Address Reference Count : 1]<UL><LI> isp_startup_m55m1.o(DTCM.VTOR)
</UL>
<P><STRONG><a name="[4e]"></a>LPSPI0_IRQHandler</STRONG> (Thumb, 2 bytes, Stack size 0 bytes, isp_startup_m55m1.o(.text.Default_Handler))
<BR>[Address Reference Count : 1]<UL><LI> isp_startup_m55m1.o(DTCM.VTOR)
</UL>
<P><STRONG><a name="[3c]"></a>LPTMR0_IRQHandler</STRONG> (Thumb, 2 bytes, Stack size 0 bytes, isp_startup_m55m1.o(.text.Default_Handler))
<BR>[Address Reference Count : 1]<UL><LI> isp_startup_m55m1.o(DTCM.VTOR)
</UL>
<P><STRONG><a name="[3d]"></a>LPTMR1_IRQHandler</STRONG> (Thumb, 2 bytes, Stack size 0 bytes, isp_startup_m55m1.o(.text.Default_Handler))
<BR>[Address Reference Count : 1]<UL><LI> isp_startup_m55m1.o(DTCM.VTOR)
</UL>
<P><STRONG><a name="[5c]"></a>LPUART0_IRQHandler</STRONG> (Thumb, 2 bytes, Stack size 0 bytes, isp_startup_m55m1.o(.text.Default_Handler))
<BR>[Address Reference Count : 1]<UL><LI> isp_startup_m55m1.o(DTCM.VTOR)
</UL>
<P><STRONG><a name="[3]"></a>MemManage_Handler</STRONG> (Thumb, 2 bytes, Stack size 0 bytes, isp_startup_m55m1.o(.text.Default_Handler))
<BR>[Address Reference Count : 2]<UL><LI> isp_startup_m55m1.o(RESET)
<LI> isp_startup_m55m1.o(DTCM.VTOR)
</UL>
<P><STRONG><a name="[1]"></a>NMI_Handler</STRONG> (Thumb, 2 bytes, Stack size 0 bytes, isp_startup_m55m1.o(.text.Default_Handler))
<BR>[Address Reference Count : 2]<UL><LI> isp_startup_m55m1.o(RESET)
<LI> isp_startup_m55m1.o(DTCM.VTOR)
</UL>
<P><STRONG><a name="[19]"></a>NPU_IRQHandler</STRONG> (Thumb, 2 bytes, Stack size 0 bytes, isp_startup_m55m1.o(.text.Default_Handler))
<BR>[Address Reference Count : 1]<UL><LI> isp_startup_m55m1.o(DTCM.VTOR)
</UL>
<P><STRONG><a name="[6d]"></a>OTFC0_IRQHandler</STRONG> (Thumb, 2 bytes, Stack size 0 bytes, isp_startup_m55m1.o(.text.Default_Handler))
<BR>[Address Reference Count : 1]<UL><LI> isp_startup_m55m1.o(DTCM.VTOR)
</UL>
<P><STRONG><a name="[34]"></a>PDMA0_IRQHandler</STRONG> (Thumb, 2 bytes, Stack size 0 bytes, isp_startup_m55m1.o(.text.Default_Handler))
<BR>[Address Reference Count : 1]<UL><LI> isp_startup_m55m1.o(DTCM.VTOR)
</UL>
<P><STRONG><a name="[35]"></a>PDMA1_IRQHandler</STRONG> (Thumb, 2 bytes, Stack size 0 bytes, isp_startup_m55m1.o(.text.Default_Handler))
<BR>[Address Reference Count : 1]<UL><LI> isp_startup_m55m1.o(DTCM.VTOR)
</UL>
<P><STRONG><a name="[f]"></a>PMC_IRQHandler</STRONG> (Thumb, 2 bytes, Stack size 0 bytes, isp_startup_m55m1.o(.text.Default_Handler))
<BR>[Address Reference Count : 1]<UL><LI> isp_startup_m55m1.o(DTCM.VTOR)
</UL>
<P><STRONG><a name="[66]"></a>PSIO_IRQHandler</STRONG> (Thumb, 2 bytes, Stack size 0 bytes, isp_startup_m55m1.o(.text.Default_Handler))
<BR>[Address Reference Count : 1]<UL><LI> isp_startup_m55m1.o(DTCM.VTOR)
</UL>
<P><STRONG><a name="[b]"></a>PendSV_Handler</STRONG> (Thumb, 2 bytes, Stack size 0 bytes, isp_startup_m55m1.o(.text.Default_Handler))
<BR>[Address Reference Count : 1]<UL><LI> isp_startup_m55m1.o(DTCM.VTOR)
</UL>
<P><STRONG><a name="[48]"></a>QSPI0_IRQHandler</STRONG> (Thumb, 2 bytes, Stack size 0 bytes, isp_startup_m55m1.o(.text.Default_Handler))
<BR>[Address Reference Count : 1]<UL><LI> isp_startup_m55m1.o(DTCM.VTOR)
</UL>
<P><STRONG><a name="[49]"></a>QSPI1_IRQHandler</STRONG> (Thumb, 2 bytes, Stack size 0 bytes, isp_startup_m55m1.o(.text.Default_Handler))
<BR>[Address Reference Count : 1]<UL><LI> isp_startup_m55m1.o(DTCM.VTOR)
</UL>
<P><STRONG><a name="[14]"></a>RTCTAMPER_IRQHandler</STRONG> (Thumb, 2 bytes, Stack size 0 bytes, isp_startup_m55m1.o(.text.Default_Handler))
<BR>[Address Reference Count : 1]<UL><LI> isp_startup_m55m1.o(DTCM.VTOR)
</UL>
<P><STRONG><a name="[13]"></a>RTC_IRQHandler</STRONG> (Thumb, 2 bytes, Stack size 0 bytes, isp_startup_m55m1.o(.text.Default_Handler))
<BR>[Address Reference Count : 1]<UL><LI> isp_startup_m55m1.o(DTCM.VTOR)
</UL>
<P><STRONG><a name="[63]"></a>SC0_IRQHandler</STRONG> (Thumb, 2 bytes, Stack size 0 bytes, isp_startup_m55m1.o(.text.Default_Handler))
<BR>[Address Reference Count : 1]<UL><LI> isp_startup_m55m1.o(DTCM.VTOR)
</UL>
<P><STRONG><a name="[64]"></a>SC1_IRQHandler</STRONG> (Thumb, 2 bytes, Stack size 0 bytes, isp_startup_m55m1.o(.text.Default_Handler))
<BR>[Address Reference Count : 1]<UL><LI> isp_startup_m55m1.o(DTCM.VTOR)
</UL>
<P><STRONG><a name="[65]"></a>SC2_IRQHandler</STRONG> (Thumb, 2 bytes, Stack size 0 bytes, isp_startup_m55m1.o(.text.Default_Handler))
<BR>[Address Reference Count : 1]<UL><LI> isp_startup_m55m1.o(DTCM.VTOR)
</UL>
<P><STRONG><a name="[6f]"></a>SDH0_IRQHandler</STRONG> (Thumb, 2 bytes, Stack size 0 bytes, isp_startup_m55m1.o(.text.Default_Handler))
<BR>[Address Reference Count : 1]<UL><LI> isp_startup_m55m1.o(DTCM.VTOR)
</UL>
<P><STRONG><a name="[70]"></a>SDH1_IRQHandler</STRONG> (Thumb, 2 bytes, Stack size 0 bytes, isp_startup_m55m1.o(.text.Default_Handler))
<BR>[Address Reference Count : 1]<UL><LI> isp_startup_m55m1.o(DTCM.VTOR)
</UL>
<P><STRONG><a name="[4a]"></a>SPI0_IRQHandler</STRONG> (Thumb, 2 bytes, Stack size 0 bytes, isp_startup_m55m1.o(.text.Default_Handler))
<BR>[Address Reference Count : 1]<UL><LI> isp_startup_m55m1.o(DTCM.VTOR)
</UL>
<P><STRONG><a name="[4b]"></a>SPI1_IRQHandler</STRONG> (Thumb, 2 bytes, Stack size 0 bytes, isp_startup_m55m1.o(.text.Default_Handler))
<BR>[Address Reference Count : 1]<UL><LI> isp_startup_m55m1.o(DTCM.VTOR)
</UL>
<P><STRONG><a name="[4d]"></a>SPI3_IRQHandler</STRONG> (Thumb, 2 bytes, Stack size 0 bytes, isp_startup_m55m1.o(.text.Default_Handler))
<BR>[Address Reference Count : 1]<UL><LI> isp_startup_m55m1.o(DTCM.VTOR)
</UL>
<P><STRONG><a name="[4f]"></a>SPIM0_IRQHandler</STRONG> (Thumb, 2 bytes, Stack size 0 bytes, isp_startup_m55m1.o(.text.Default_Handler))
<BR>[Address Reference Count : 1]<UL><LI> isp_startup_m55m1.o(DTCM.VTOR)
</UL>
<P><STRONG><a name="[10]"></a>SRAMPERR_IRQHandler</STRONG> (Thumb, 2 bytes, Stack size 0 bytes, isp_startup_m55m1.o(.text.Default_Handler))
<BR>[Address Reference Count : 1]<UL><LI> isp_startup_m55m1.o(DTCM.VTOR)
</UL>
<P><STRONG><a name="[9]"></a>SVC_Handler</STRONG> (Thumb, 2 bytes, Stack size 0 bytes, isp_startup_m55m1.o(.text.Default_Handler))
<BR>[Address Reference Count : 1]<UL><LI> isp_startup_m55m1.o(DTCM.VTOR)
</UL>
<P><STRONG><a name="[6]"></a>SecureFault_Handler</STRONG> (Thumb, 2 bytes, Stack size 0 bytes, isp_startup_m55m1.o(.text.Default_Handler))
<BR>[Address Reference Count : 2]<UL><LI> isp_startup_m55m1.o(RESET)
<LI> isp_startup_m55m1.o(DTCM.VTOR)
</UL>
<P><STRONG><a name="[c]"></a>SysTick_Handler</STRONG> (Thumb, 2 bytes, Stack size 0 bytes, isp_startup_m55m1.o(.text.Default_Handler))
<BR>[Address Reference Count : 1]<UL><LI> isp_startup_m55m1.o(DTCM.VTOR)
</UL>
<P><STRONG><a name="[38]"></a>TIMER0_IRQHandler</STRONG> (Thumb, 2 bytes, Stack size 0 bytes, isp_startup_m55m1.o(.text.Default_Handler))
<BR>[Address Reference Count : 1]<UL><LI> isp_startup_m55m1.o(DTCM.VTOR)
</UL>
<P><STRONG><a name="[39]"></a>TIMER1_IRQHandler</STRONG> (Thumb, 2 bytes, Stack size 0 bytes, isp_startup_m55m1.o(.text.Default_Handler))
<BR>[Address Reference Count : 1]<UL><LI> isp_startup_m55m1.o(DTCM.VTOR)
</UL>
<P><STRONG><a name="[3a]"></a>TIMER2_IRQHandler</STRONG> (Thumb, 2 bytes, Stack size 0 bytes, isp_startup_m55m1.o(.text.Default_Handler))
<BR>[Address Reference Count : 1]<UL><LI> isp_startup_m55m1.o(DTCM.VTOR)
</UL>
<P><STRONG><a name="[3b]"></a>TIMER3_IRQHandler</STRONG> (Thumb, 2 bytes, Stack size 0 bytes, isp_startup_m55m1.o(.text.Default_Handler))
<BR>[Address Reference Count : 1]<UL><LI> isp_startup_m55m1.o(DTCM.VTOR)
</UL>
<P><STRONG><a name="[6b]"></a>TRNG_IRQHandler</STRONG> (Thumb, 2 bytes, Stack size 0 bytes, isp_startup_m55m1.o(.text.Default_Handler))
<BR>[Address Reference Count : 1]<UL><LI> isp_startup_m55m1.o(DTCM.VTOR)
</UL>
<P><STRONG><a name="[3e]"></a>TTMR0_IRQHandler</STRONG> (Thumb, 2 bytes, Stack size 0 bytes, isp_startup_m55m1.o(.text.Default_Handler))
<BR>[Address Reference Count : 1]<UL><LI> isp_startup_m55m1.o(DTCM.VTOR)
</UL>
<P><STRONG><a name="[3f]"></a>TTMR1_IRQHandler</STRONG> (Thumb, 2 bytes, Stack size 0 bytes, isp_startup_m55m1.o(.text.Default_Handler))
<BR>[Address Reference Count : 1]<UL><LI> isp_startup_m55m1.o(DTCM.VTOR)
</UL>
<P><STRONG><a name="[50]"></a>UART0_IRQHandler</STRONG> (Thumb, 2 bytes, Stack size 0 bytes, isp_startup_m55m1.o(.text.Default_Handler))
<BR>[Address Reference Count : 1]<UL><LI> isp_startup_m55m1.o(DTCM.VTOR)
</UL>
<P><STRONG><a name="[51]"></a>UART1_IRQHandler</STRONG> (Thumb, 2 bytes, Stack size 0 bytes, isp_startup_m55m1.o(.text.Default_Handler))
<BR>[Address Reference Count : 1]<UL><LI> isp_startup_m55m1.o(DTCM.VTOR)
</UL>
<P><STRONG><a name="[52]"></a>UART2_IRQHandler</STRONG> (Thumb, 2 bytes, Stack size 0 bytes, isp_startup_m55m1.o(.text.Default_Handler))
<BR>[Address Reference Count : 1]<UL><LI> isp_startup_m55m1.o(DTCM.VTOR)
</UL>
<P><STRONG><a name="[53]"></a>UART3_IRQHandler</STRONG> (Thumb, 2 bytes, Stack size 0 bytes, isp_startup_m55m1.o(.text.Default_Handler))
<BR>[Address Reference Count : 1]<UL><LI> isp_startup_m55m1.o(DTCM.VTOR)
</UL>
<P><STRONG><a name="[54]"></a>UART4_IRQHandler</STRONG> (Thumb, 2 bytes, Stack size 0 bytes, isp_startup_m55m1.o(.text.Default_Handler))
<BR>[Address Reference Count : 1]<UL><LI> isp_startup_m55m1.o(DTCM.VTOR)
</UL>
<P><STRONG><a name="[55]"></a>UART5_IRQHandler</STRONG> (Thumb, 2 bytes, Stack size 0 bytes, isp_startup_m55m1.o(.text.Default_Handler))
<BR>[Address Reference Count : 1]<UL><LI> isp_startup_m55m1.o(DTCM.VTOR)
</UL>
<P><STRONG><a name="[56]"></a>UART6_IRQHandler</STRONG> (Thumb, 2 bytes, Stack size 0 bytes, isp_startup_m55m1.o(.text.Default_Handler))
<BR>[Address Reference Count : 1]<UL><LI> isp_startup_m55m1.o(DTCM.VTOR)
</UL>
<P><STRONG><a name="[57]"></a>UART7_IRQHandler</STRONG> (Thumb, 2 bytes, Stack size 0 bytes, isp_startup_m55m1.o(.text.Default_Handler))
<BR>[Address Reference Count : 1]<UL><LI> isp_startup_m55m1.o(DTCM.VTOR)
</UL>
<P><STRONG><a name="[58]"></a>UART8_IRQHandler</STRONG> (Thumb, 2 bytes, Stack size 0 bytes, isp_startup_m55m1.o(.text.Default_Handler))
<BR>[Address Reference Count : 1]<UL><LI> isp_startup_m55m1.o(DTCM.VTOR)
</UL>
<P><STRONG><a name="[59]"></a>UART9_IRQHandler</STRONG> (Thumb, 2 bytes, Stack size 0 bytes, isp_startup_m55m1.o(.text.Default_Handler))
<BR>[Address Reference Count : 1]<UL><LI> isp_startup_m55m1.o(DTCM.VTOR)
</UL>
<P><STRONG><a name="[42]"></a>USBD_IRQHandler</STRONG> (Thumb, 2 bytes, Stack size 0 bytes, isp_startup_m55m1.o(.text.Default_Handler))
<BR>[Address Reference Count : 1]<UL><LI> isp_startup_m55m1.o(DTCM.VTOR)
</UL>
<P><STRONG><a name="[40]"></a>USBH0_IRQHandler</STRONG> (Thumb, 2 bytes, Stack size 0 bytes, isp_startup_m55m1.o(.text.Default_Handler))
<BR>[Address Reference Count : 1]<UL><LI> isp_startup_m55m1.o(DTCM.VTOR)
</UL>
<P><STRONG><a name="[41]"></a>USBH1_IRQHandler</STRONG> (Thumb, 2 bytes, Stack size 0 bytes, isp_startup_m55m1.o(.text.Default_Handler))
<BR>[Address Reference Count : 1]<UL><LI> isp_startup_m55m1.o(DTCM.VTOR)
</UL>
<P><STRONG><a name="[43]"></a>USBOTG_IRQHandler</STRONG> (Thumb, 2 bytes, Stack size 0 bytes, isp_startup_m55m1.o(.text.Default_Handler))
<BR>[Address Reference Count : 1]<UL><LI> isp_startup_m55m1.o(DTCM.VTOR)
</UL>
<P><STRONG><a name="[62]"></a>USCI0_IRQHandler</STRONG> (Thumb, 2 bytes, Stack size 0 bytes, isp_startup_m55m1.o(.text.Default_Handler))
<BR>[Address Reference Count : 1]<UL><LI> isp_startup_m55m1.o(DTCM.VTOR)
</UL>
<P><STRONG><a name="[b3]"></a>UTCPD_IRQHandler</STRONG> (Thumb, 2 bytes, Stack size 0 bytes, isp_startup_m55m1.o(.text.Default_Handler), UNUSED)

<P><STRONG><a name="[5]"></a>UsageFault_Handler</STRONG> (Thumb, 2 bytes, Stack size 0 bytes, isp_startup_m55m1.o(.text.Default_Handler))
<BR>[Address Reference Count : 2]<UL><LI> isp_startup_m55m1.o(RESET)
<LI> isp_startup_m55m1.o(DTCM.VTOR)
</UL>
<P><STRONG><a name="[15]"></a>WDT0_IRQHandler</STRONG> (Thumb, 2 bytes, Stack size 0 bytes, isp_startup_m55m1.o(.text.Default_Handler))
<BR>[Address Reference Count : 1]<UL><LI> isp_startup_m55m1.o(DTCM.VTOR)
</UL>
<P><STRONG><a name="[17]"></a>WDT1_IRQHandler</STRONG> (Thumb, 2 bytes, Stack size 0 bytes, isp_startup_m55m1.o(.text.Default_Handler))
<BR>[Address Reference Count : 1]<UL><LI> isp_startup_m55m1.o(DTCM.VTOR)
</UL>
<P><STRONG><a name="[16]"></a>WWDT0_IRQHandler</STRONG> (Thumb, 2 bytes, Stack size 0 bytes, isp_startup_m55m1.o(.text.Default_Handler))
<BR>[Address Reference Count : 1]<UL><LI> isp_startup_m55m1.o(DTCM.VTOR)
</UL>
<P><STRONG><a name="[18]"></a>WWDT1_IRQHandler</STRONG> (Thumb, 2 bytes, Stack size 0 bytes, isp_startup_m55m1.o(.text.Default_Handler))
<BR>[Address Reference Count : 1]<UL><LI> isp_startup_m55m1.o(DTCM.VTOR)
</UL>
<P><STRONG><a name="[87]"></a>EraseAP</STRONG> (Thumb, 194 bytes, Stack size 20 bytes, fmc_user.o(.text.EraseAP))
<BR><BR>[Stack]<UL><LI>Max Depth = 20<LI>Call Chain = EraseAP
</UL>
<BR>[Called By]<UL><LI><a href="#[85]">&gt;&gt;</a>&nbsp;&nbsp;&nbsp;ParseCmd
</UL>

<P><STRONG><a name="[88]"></a>FMC_Erase_User</STRONG> (Thumb, 142 bytes, Stack size 16 bytes, fmc_user.o(.text.FMC_Erase_User))
<BR><BR>[Stack]<UL><LI>Max Depth = 16<LI>Call Chain = FMC_Erase_User
</UL>
<BR>[Called By]<UL><LI><a href="#[85]">&gt;&gt;</a>&nbsp;&nbsp;&nbsp;ParseCmd
</UL>

<P><STRONG><a name="[84]"></a>FMC_Read_User</STRONG> (Thumb, 150 bytes, Stack size 16 bytes, fmc_user.o(.text.FMC_Read_User))
<BR><BR>[Stack]<UL><LI>Max Depth = 16<LI>Call Chain = FMC_Read_User
</UL>
<BR>[Called By]<UL><LI><a href="#[83]">&gt;&gt;</a>&nbsp;&nbsp;&nbsp;GetApromSize
</UL>

<P><STRONG><a name="[83]"></a>GetApromSize</STRONG> (Thumb, 40 bytes, Stack size 24 bytes, targetdev.o(.text.GetApromSize))
<BR><BR>[Stack]<UL><LI>Max Depth = 40<LI>Call Chain = GetApromSize &rArr; FMC_Read_User
</UL>
<BR>[Calls]<UL><LI><a href="#[84]">&gt;&gt;</a>&nbsp;&nbsp;&nbsp;FMC_Read_User
</UL>
<BR>[Called By]<UL><LI><a href="#[7]">&gt;&gt;</a>&nbsp;&nbsp;&nbsp;main
</UL>

<P><STRONG><a name="[2]"></a>HardFault_Handler</STRONG> (Thumb, 2 bytes, Stack size 0 bytes, isp_startup_m55m1.o(.text.HardFault_Handler))
<BR><BR>[Calls]<UL><LI><a href="#[2]">&gt;&gt;</a>&nbsp;&nbsp;&nbsp;HardFault_Handler
</UL>
<BR>[Called By]<UL><LI><a href="#[2]">&gt;&gt;</a>&nbsp;&nbsp;&nbsp;HardFault_Handler
</UL>
<BR>[Address Reference Count : 2]<UL><LI> isp_startup_m55m1.o(RESET)
<LI> isp_startup_m55m1.o(DTCM.VTOR)
</UL>
<P><STRONG><a name="[85]"></a>ParseCmd</STRONG> (Thumb, 996 bytes, Stack size 40 bytes, isp_user.o(.text.ParseCmd))
<BR><BR>[Stack]<UL><LI>Max Depth = 76<LI>Call Chain = ParseCmd &rArr; UpdateConfig
</UL>
<BR>[Calls]<UL><LI><a href="#[7c]">&gt;&gt;</a>&nbsp;&nbsp;&nbsp;__aeabi_memclr
<LI><a href="#[8a]">&gt;&gt;</a>&nbsp;&nbsp;&nbsp;UpdateConfig
<LI><a href="#[87]">&gt;&gt;</a>&nbsp;&nbsp;&nbsp;EraseAP
<LI><a href="#[89]">&gt;&gt;</a>&nbsp;&nbsp;&nbsp;WriteData
<LI><a href="#[86]">&gt;&gt;</a>&nbsp;&nbsp;&nbsp;ReadData
<LI><a href="#[88]">&gt;&gt;</a>&nbsp;&nbsp;&nbsp;FMC_Erase_User
</UL>
<BR>[Called By]<UL><LI><a href="#[7]">&gt;&gt;</a>&nbsp;&nbsp;&nbsp;main
</UL>

<P><STRONG><a name="[86]"></a>ReadData</STRONG> (Thumb, 140 bytes, Stack size 16 bytes, fmc_user.o(.text.ReadData))
<BR><BR>[Stack]<UL><LI>Max Depth = 16<LI>Call Chain = ReadData
</UL>
<BR>[Called By]<UL><LI><a href="#[85]">&gt;&gt;</a>&nbsp;&nbsp;&nbsp;ParseCmd
</UL>

<P><STRONG><a name="[0]"></a>Reset_Handler</STRONG> (Thumb, 932 bytes, Stack size 16 bytes, isp_startup_m55m1.o(.text.Reset_Handler))
<BR><BR>[Stack]<UL><LI>Max Depth = 16 + Unknown Stack Size
<LI>Call Chain = Reset_Handler
</UL>
<BR>[Calls]<UL><LI><a href="#[77]">&gt;&gt;</a>&nbsp;&nbsp;&nbsp;__main
</UL>
<BR>[Address Reference Count : 2]<UL><LI> isp_startup_m55m1.o(RESET)
<LI> isp_startup_m55m1.o(DTCM.VTOR)
</UL>
<P><STRONG><a name="[8f]"></a>SPI_Init</STRONG> (Thumb, 74 bytes, Stack size 0 bytes, spi_transfer.o(.text.SPI_Init))
<BR><BR>[Called By]<UL><LI><a href="#[7]">&gt;&gt;</a>&nbsp;&nbsp;&nbsp;main
</UL>

<P><STRONG><a name="[8b]"></a>SYS_Init</STRONG> (Thumb, 236 bytes, Stack size 16 bytes, main.o(.text.SYS_Init))
<BR><BR>[Stack]<UL><LI>Max Depth = 116<LI>Call Chain = SYS_Init &rArr; CLK_EnableAPLL
</UL>
<BR>[Calls]<UL><LI><a href="#[80]">&gt;&gt;</a>&nbsp;&nbsp;&nbsp;CLK_SetSCLK
<LI><a href="#[8c]">&gt;&gt;</a>&nbsp;&nbsp;&nbsp;CLK_EnableAPLL
<LI><a href="#[8d]">&gt;&gt;</a>&nbsp;&nbsp;&nbsp;CLK_EnableModuleClock
</UL>
<BR>[Called By]<UL><LI><a href="#[7]">&gt;&gt;</a>&nbsp;&nbsp;&nbsp;main
</UL>

<P><STRONG><a name="[81]"></a>SystemCoreClockUpdate</STRONG> (Thumb, 50 bytes, Stack size 8 bytes, isp_system_m55m1.o(.text.SystemCoreClockUpdate))
<BR><BR>[Stack]<UL><LI>Max Depth = 24<LI>Call Chain = SystemCoreClockUpdate &rArr; CLK_SystemClockUpdate
</UL>
<BR>[Calls]<UL><LI><a href="#[8e]">&gt;&gt;</a>&nbsp;&nbsp;&nbsp;CLK_SystemClockUpdate
</UL>
<BR>[Called By]<UL><LI><a href="#[80]">&gt;&gt;</a>&nbsp;&nbsp;&nbsp;CLK_SetSCLK
</UL>

<P><STRONG><a name="[8]"></a>SystemInit</STRONG> (Thumb, 70 bytes, Stack size 0 bytes, isp_system_m55m1.o(.text.SystemInit))
<BR>[Address Reference Count : 1]<UL><LI> isp_system_m55m1.o(.init_array)
</UL>
<P><STRONG><a name="[8a]"></a>UpdateConfig</STRONG> (Thumb, 368 bytes, Stack size 36 bytes, fmc_user.o(.text.UpdateConfig))
<BR><BR>[Stack]<UL><LI>Max Depth = 36<LI>Call Chain = UpdateConfig
</UL>
<BR>[Called By]<UL><LI><a href="#[85]">&gt;&gt;</a>&nbsp;&nbsp;&nbsp;ParseCmd
</UL>

<P><STRONG><a name="[89]"></a>WriteData</STRONG> (Thumb, 140 bytes, Stack size 16 bytes, fmc_user.o(.text.WriteData))
<BR><BR>[Stack]<UL><LI>Max Depth = 16<LI>Call Chain = WriteData
</UL>
<BR>[Called By]<UL><LI><a href="#[85]">&gt;&gt;</a>&nbsp;&nbsp;&nbsp;ParseCmd
</UL>

<P><STRONG><a name="[7]"></a>main</STRONG> (Thumb, 278 bytes, Stack size 64 bytes, main.o(.text.main))
<BR><BR>[Stack]<UL><LI>Max Depth = 180<LI>Call Chain = main &rArr; SYS_Init &rArr; CLK_EnableAPLL
</UL>
<BR>[Calls]<UL><LI><a href="#[85]">&gt;&gt;</a>&nbsp;&nbsp;&nbsp;ParseCmd
<LI><a href="#[8f]">&gt;&gt;</a>&nbsp;&nbsp;&nbsp;SPI_Init
<LI><a href="#[83]">&gt;&gt;</a>&nbsp;&nbsp;&nbsp;GetApromSize
<LI><a href="#[8b]">&gt;&gt;</a>&nbsp;&nbsp;&nbsp;SYS_Init
<LI><a href="#[92]">&gt;&gt;</a>&nbsp;&nbsp;&nbsp;__NVIC_SystemReset
<LI><a href="#[91]">&gt;&gt;</a>&nbsp;&nbsp;&nbsp;FMC_SetVectorPageAddr
<LI><a href="#[90]">&gt;&gt;</a>&nbsp;&nbsp;&nbsp;CLK_SysTickDelay
</UL>
<BR>[Address Reference Count : 1]<UL><LI> entry9a.o(.ARM.Collect$$$$0000000B)
</UL>
<P><STRONG><a name="[b4]"></a>__scatterload_copy</STRONG> (Thumb, 14 bytes, Stack size unknown bytes, handlers.o(i.__scatterload_copy), UNUSED)

<P><STRONG><a name="[b5]"></a>__scatterload_null</STRONG> (Thumb, 2 bytes, Stack size unknown bytes, handlers.o(i.__scatterload_null), UNUSED)

<P><STRONG><a name="[b6]"></a>__scatterload_zeroinit</STRONG> (Thumb, 14 bytes, Stack size unknown bytes, handlers.o(i.__scatterload_zeroinit), UNUSED)
<P>
<H3>
Local Symbols
</H3>
<P><STRONG><a name="[91]"></a>FMC_SetVectorPageAddr</STRONG> (Thumb, 100 bytes, Stack size 0 bytes, main.o(.text.FMC_SetVectorPageAddr))
<BR><BR>[Called By]<UL><LI><a href="#[7]">&gt;&gt;</a>&nbsp;&nbsp;&nbsp;main
</UL>

<P><STRONG><a name="[92]"></a>__NVIC_SystemReset</STRONG> (Thumb, 42 bytes, Stack size 0 bytes, main.o(.text.__NVIC_SystemReset))
<BR><BR>[Called By]<UL><LI><a href="#[7]">&gt;&gt;</a>&nbsp;&nbsp;&nbsp;main
</UL>
<P>
<H3>
Undefined Global Symbols
</H3><HR></body></html>
