<!doctype html public "-//w3c//dtd html 4.0 transitional//en">
<html><head>
<title>Static Call Graph - [.\obj\I2S_Codec_PDMA.axf]</title></head>
<body><HR>
<H1>Static Call Graph for image .\obj\I2S_Codec_PDMA.axf</H1><HR>
<BR><P>#&#060CALLGRAPH&#062# ARM Linker, 6210000: Last Updated: Thu Jan 22 17:23:05 2026
<BR><P>
<H3>Maximum Stack Usage =        148 bytes + Unknown(Cycles, Untraceable Function Pointers)</H3><H3>
Call chain for Maximum Stack Depth:</H3>
Reset_Handler &rArr; Reset_Handler_PreInit &rArr; CLK_SetBusClock &rArr; CLK_EnableAPLL
<P>
<H3>
Mutually Recursive functions
</H3> <LI><a href="#[7a]">ACMP01_IRQHandler</a>&nbsp;&nbsp;&nbsp;&rArr;&nbsp;&nbsp;&nbsp;<a href="#[7a]">ACMP01_IRQHandler</a><BR>
</UL>
<P>
<H3>
Function Pointers
</H3><UL>
 <LI><a href="#[7a]">ACMP01_IRQHandler</a> from startup_m55m1.o(.text.Default_Handler) referenced from startup_m55m1.o(DTCM.VTOR)
 <LI><a href="#[7b]">ACMP23_IRQHandler</a> from startup_m55m1.o(.text.Default_Handler) referenced from startup_m55m1.o(DTCM.VTOR)
 <LI><a href="#[8b]">AWF_IRQHandler</a> from startup_m55m1.o(.text.Default_Handler) referenced from startup_m55m1.o(DTCM.VTOR)
 <LI><a href="#[f]">BODOUT_IRQHandler</a> from startup_m55m1.o(.text.Default_Handler) referenced from startup_m55m1.o(DTCM.VTOR)
 <LI><a href="#[34]">BPWM0_IRQHandler</a> from startup_m55m1.o(.text.Default_Handler) referenced from startup_m55m1.o(DTCM.VTOR)
 <LI><a href="#[35]">BPWM1_IRQHandler</a> from startup_m55m1.o(.text.Default_Handler) referenced from startup_m55m1.o(DTCM.VTOR)
 <LI><a href="#[2c]">BRAKE0_IRQHandler</a> from startup_m55m1.o(.text.Default_Handler) referenced from startup_m55m1.o(DTCM.VTOR)
 <LI><a href="#[30]">BRAKE1_IRQHandler</a> from startup_m55m1.o(.text.Default_Handler) referenced from startup_m55m1.o(DTCM.VTOR)
 <LI><a href="#[4]">BusFault_Handler</a> from startup_m55m1.o(.text.Default_Handler) referenced from startup_m55m1.o(DTCM.VTOR)
 <LI><a href="#[4]">BusFault_Handler</a> from startup_m55m1.o(.text.Default_Handler) referenced from startup_m55m1.o(RESET)
 <LI><a href="#[76]">CANFD00_IRQHandler</a> from startup_m55m1.o(.text.Default_Handler) referenced from startup_m55m1.o(DTCM.VTOR)
 <LI><a href="#[77]">CANFD01_IRQHandler</a> from startup_m55m1.o(.text.Default_Handler) referenced from startup_m55m1.o(DTCM.VTOR)
 <LI><a href="#[78]">CANFD10_IRQHandler</a> from startup_m55m1.o(.text.Default_Handler) referenced from startup_m55m1.o(DTCM.VTOR)
 <LI><a href="#[79]">CANFD11_IRQHandler</a> from startup_m55m1.o(.text.Default_Handler) referenced from startup_m55m1.o(DTCM.VTOR)
 <LI><a href="#[74]">CCAP_IRQHandler</a> from startup_m55m1.o(.text.Default_Handler) referenced from startup_m55m1.o(DTCM.VTOR)
 <LI><a href="#[13]">CKFAIL_IRQHandler</a> from startup_m55m1.o(.text.Default_Handler) referenced from startup_m55m1.o(DTCM.VTOR)
 <LI><a href="#[7c]">CRC_IRQHandler</a> from startup_m55m1.o(.text.Default_Handler) referenced from startup_m55m1.o(DTCM.VTOR)
 <LI><a href="#[75]">CRYPTO_IRQHandler</a> from startup_m55m1.o(.text.Default_Handler) referenced from startup_m55m1.o(DTCM.VTOR)
 <LI><a href="#[82]">DAC01_IRQHandler</a> from startup_m55m1.o(.text.Default_Handler) referenced from startup_m55m1.o(DTCM.VTOR)
 <LI><a href="#[6b]">DMIC0VAD_IRQHandler</a> from startup_m55m1.o(.text.Default_Handler) referenced from startup_m55m1.o(DTCM.VTOR)
 <LI><a href="#[6a]">DMIC0_IRQHandler</a> from startup_m55m1.o(.text.Default_Handler) referenced from startup_m55m1.o(DTCM.VTOR)
 <LI><a href="#[8]">DebugMon_Handler</a> from startup_m55m1.o(.text.Default_Handler) referenced from startup_m55m1.o(DTCM.VTOR)
 <LI><a href="#[8]">DebugMon_Handler</a> from startup_m55m1.o(.text.Default_Handler) referenced from startup_m55m1.o(RESET)
 <LI><a href="#[a]">Default_Handler</a> from startup_m55m1.o(.text.Default_Handler) referenced from startup_m55m1.o(RESET)
 <LI><a href="#[7d]">EADC00_IRQHandler</a> from startup_m55m1.o(.text.Default_Handler) referenced from startup_m55m1.o(DTCM.VTOR)
 <LI><a href="#[7e]">EADC01_IRQHandler</a> from startup_m55m1.o(.text.Default_Handler) referenced from startup_m55m1.o(DTCM.VTOR)
 <LI><a href="#[7f]">EADC02_IRQHandler</a> from startup_m55m1.o(.text.Default_Handler) referenced from startup_m55m1.o(DTCM.VTOR)
 <LI><a href="#[80]">EADC03_IRQHandler</a> from startup_m55m1.o(.text.Default_Handler) referenced from startup_m55m1.o(DTCM.VTOR)
 <LI><a href="#[87]">ECAP0_IRQHandler</a> from startup_m55m1.o(.text.Default_Handler) referenced from startup_m55m1.o(DTCM.VTOR)
 <LI><a href="#[88]">ECAP1_IRQHandler</a> from startup_m55m1.o(.text.Default_Handler) referenced from startup_m55m1.o(DTCM.VTOR)
 <LI><a href="#[89]">ECAP2_IRQHandler</a> from startup_m55m1.o(.text.Default_Handler) referenced from startup_m55m1.o(DTCM.VTOR)
 <LI><a href="#[8a]">ECAP3_IRQHandler</a> from startup_m55m1.o(.text.Default_Handler) referenced from startup_m55m1.o(DTCM.VTOR)
 <LI><a href="#[1c]">EINT0_IRQHandler</a> from startup_m55m1.o(.text.Default_Handler) referenced from startup_m55m1.o(DTCM.VTOR)
 <LI><a href="#[1d]">EINT1_IRQHandler</a> from startup_m55m1.o(.text.Default_Handler) referenced from startup_m55m1.o(DTCM.VTOR)
 <LI><a href="#[1e]">EINT2_IRQHandler</a> from startup_m55m1.o(.text.Default_Handler) referenced from startup_m55m1.o(DTCM.VTOR)
 <LI><a href="#[1f]">EINT3_IRQHandler</a> from startup_m55m1.o(.text.Default_Handler) referenced from startup_m55m1.o(DTCM.VTOR)
 <LI><a href="#[20]">EINT4_IRQHandler</a> from startup_m55m1.o(.text.Default_Handler) referenced from startup_m55m1.o(DTCM.VTOR)
 <LI><a href="#[21]">EINT5_IRQHandler</a> from startup_m55m1.o(.text.Default_Handler) referenced from startup_m55m1.o(DTCM.VTOR)
 <LI><a href="#[5d]">EINT6_IRQHandler</a> from startup_m55m1.o(.text.Default_Handler) referenced from startup_m55m1.o(DTCM.VTOR)
 <LI><a href="#[5e]">EINT7_IRQHandler</a> from startup_m55m1.o(.text.Default_Handler) referenced from startup_m55m1.o(DTCM.VTOR)
 <LI><a href="#[4a]">EMAC0_IRQHandler</a> from startup_m55m1.o(.text.Default_Handler) referenced from startup_m55m1.o(DTCM.VTOR)
 <LI><a href="#[2d]">EPWM0P0_IRQHandler</a> from startup_m55m1.o(.text.Default_Handler) referenced from startup_m55m1.o(DTCM.VTOR)
 <LI><a href="#[2e]">EPWM0P1_IRQHandler</a> from startup_m55m1.o(.text.Default_Handler) referenced from startup_m55m1.o(DTCM.VTOR)
 <LI><a href="#[2f]">EPWM0P2_IRQHandler</a> from startup_m55m1.o(.text.Default_Handler) referenced from startup_m55m1.o(DTCM.VTOR)
 <LI><a href="#[31]">EPWM1P0_IRQHandler</a> from startup_m55m1.o(.text.Default_Handler) referenced from startup_m55m1.o(DTCM.VTOR)
 <LI><a href="#[32]">EPWM1P1_IRQHandler</a> from startup_m55m1.o(.text.Default_Handler) referenced from startup_m55m1.o(DTCM.VTOR)
 <LI><a href="#[33]">EPWM1P2_IRQHandler</a> from startup_m55m1.o(.text.Default_Handler) referenced from startup_m55m1.o(DTCM.VTOR)
 <LI><a href="#[83]">EQEI0_IRQHandler</a> from startup_m55m1.o(.text.Default_Handler) referenced from startup_m55m1.o(DTCM.VTOR)
 <LI><a href="#[84]">EQEI1_IRQHandler</a> from startup_m55m1.o(.text.Default_Handler) referenced from startup_m55m1.o(DTCM.VTOR)
 <LI><a href="#[85]">EQEI2_IRQHandler</a> from startup_m55m1.o(.text.Default_Handler) referenced from startup_m55m1.o(DTCM.VTOR)
 <LI><a href="#[86]">EQEI3_IRQHandler</a> from startup_m55m1.o(.text.Default_Handler) referenced from startup_m55m1.o(DTCM.VTOR)
 <LI><a href="#[8d]">GDMACH0_IRQHandler</a> from startup_m55m1.o(.text.Default_Handler) referenced from startup_m55m1.o(DTCM.VTOR)
 <LI><a href="#[8e]">GDMACH1_IRQHandler</a> from startup_m55m1.o(.text.Default_Handler) referenced from startup_m55m1.o(DTCM.VTOR)
 <LI><a href="#[22]">GPA_IRQHandler</a> from startup_m55m1.o(.text.Default_Handler) referenced from startup_m55m1.o(DTCM.VTOR)
 <LI><a href="#[23]">GPB_IRQHandler</a> from startup_m55m1.o(.text.Default_Handler) referenced from startup_m55m1.o(DTCM.VTOR)
 <LI><a href="#[24]">GPC_IRQHandler</a> from startup_m55m1.o(.text.Default_Handler) referenced from startup_m55m1.o(DTCM.VTOR)
 <LI><a href="#[25]">GPD_IRQHandler</a> from startup_m55m1.o(.text.Default_Handler) referenced from startup_m55m1.o(DTCM.VTOR)
 <LI><a href="#[26]">GPE_IRQHandler</a> from startup_m55m1.o(.text.Default_Handler) referenced from startup_m55m1.o(DTCM.VTOR)
 <LI><a href="#[27]">GPF_IRQHandler</a> from startup_m55m1.o(.text.Default_Handler) referenced from startup_m55m1.o(DTCM.VTOR)
 <LI><a href="#[28]">GPG_IRQHandler</a> from startup_m55m1.o(.text.Default_Handler) referenced from startup_m55m1.o(DTCM.VTOR)
 <LI><a href="#[29]">GPH_IRQHandler</a> from startup_m55m1.o(.text.Default_Handler) referenced from startup_m55m1.o(DTCM.VTOR)
 <LI><a href="#[2a]">GPI_IRQHandler</a> from startup_m55m1.o(.text.Default_Handler) referenced from startup_m55m1.o(DTCM.VTOR)
 <LI><a href="#[2b]">GPJ_IRQHandler</a> from startup_m55m1.o(.text.Default_Handler) referenced from startup_m55m1.o(DTCM.VTOR)
 <LI><a href="#[49]">HSOTG_IRQHandler</a> from startup_m55m1.o(.text.Default_Handler) referenced from startup_m55m1.o(DTCM.VTOR)
 <LI><a href="#[48]">HSUSBD_IRQHandler</a> from startup_m55m1.o(.text.Default_Handler) referenced from startup_m55m1.o(DTCM.VTOR)
 <LI><a href="#[47]">HSUSBH_IRQHandler</a> from startup_m55m1.o(.text.Default_Handler) referenced from startup_m55m1.o(DTCM.VTOR)
 <LI><a href="#[2]">HardFault_Handler</a> from startup_m55m1.o(.text.HardFault_Handler) referenced from startup_m55m1.o(DTCM.VTOR)
 <LI><a href="#[2]">HardFault_Handler</a> from startup_m55m1.o(.text.HardFault_Handler) referenced from startup_m55m1.o(RESET)
 <LI><a href="#[60]">I2C0_IRQHandler</a> from startup_m55m1.o(.text.Default_Handler) referenced from startup_m55m1.o(DTCM.VTOR)
 <LI><a href="#[61]">I2C1_IRQHandler</a> from startup_m55m1.o(.text.Default_Handler) referenced from startup_m55m1.o(DTCM.VTOR)
 <LI><a href="#[62]">I2C2_IRQHandler</a> from startup_m55m1.o(.text.Default_Handler) referenced from startup_m55m1.o(DTCM.VTOR)
 <LI><a href="#[63]">I2C3_IRQHandler</a> from startup_m55m1.o(.text.Default_Handler) referenced from startup_m55m1.o(DTCM.VTOR)
 <LI><a href="#[6c]">I2S0_IRQHandler</a> from startup_m55m1.o(.text.Default_Handler) referenced from startup_m55m1.o(DTCM.VTOR)
 <LI><a href="#[6d]">I2S1_IRQHandler</a> from startup_m55m1.o(.text.Default_Handler) referenced from startup_m55m1.o(DTCM.VTOR)
 <LI><a href="#[6f]">I3C0_IRQHandler</a> from startup_m55m1.o(.text.Default_Handler) referenced from startup_m55m1.o(DTCM.VTOR)
 <LI><a href="#[10]">IRC_IRQHandler</a> from startup_m55m1.o(.text.Default_Handler) referenced from startup_m55m1.o(DTCM.VTOR)
 <LI><a href="#[14]">ISP_IRQHandler</a> from startup_m55m1.o(.text.Default_Handler) referenced from startup_m55m1.o(DTCM.VTOR)
 <LI><a href="#[71]">KPI_IRQHandler</a> from startup_m55m1.o(.text.Default_Handler) referenced from startup_m55m1.o(DTCM.VTOR)
 <LI><a href="#[3a]">KS_IRQHandler</a> from startup_m55m1.o(.text.Default_Handler) referenced from startup_m55m1.o(DTCM.VTOR)
 <LI><a href="#[81]">LPADC0_IRQHandler</a> from startup_m55m1.o(.text.Default_Handler) referenced from startup_m55m1.o(DTCM.VTOR)
 <LI><a href="#[64]">LPI2C0_IRQHandler</a> from startup_m55m1.o(.text.Default_Handler) referenced from startup_m55m1.o(DTCM.VTOR)
 <LI><a href="#[38]">LPPDMA_IRQHandler</a> from startup_m55m1.o(.text.Default_Handler) referenced from startup_m55m1.o(DTCM.VTOR)
 <LI><a href="#[51]">LPSPI0_IRQHandler</a> from startup_m55m1.o(.text.Default_Handler) referenced from startup_m55m1.o(DTCM.VTOR)
 <LI><a href="#[3f]">LPTMR0_IRQHandler</a> from startup_m55m1.o(.text.Default_Handler) referenced from startup_m55m1.o(DTCM.VTOR)
 <LI><a href="#[40]">LPTMR1_IRQHandler</a> from startup_m55m1.o(.text.Default_Handler) referenced from startup_m55m1.o(DTCM.VTOR)
 <LI><a href="#[5f]">LPUART0_IRQHandler</a> from startup_m55m1.o(.text.Default_Handler) referenced from startup_m55m1.o(DTCM.VTOR)
 <LI><a href="#[3]">MemManage_Handler</a> from startup_m55m1.o(.text.Default_Handler) referenced from startup_m55m1.o(DTCM.VTOR)
 <LI><a href="#[3]">MemManage_Handler</a> from startup_m55m1.o(.text.Default_Handler) referenced from startup_m55m1.o(RESET)
 <LI><a href="#[1]">NMI_Handler</a> from startup_m55m1.o(.text.Default_Handler) referenced from startup_m55m1.o(DTCM.VTOR)
 <LI><a href="#[1]">NMI_Handler</a> from startup_m55m1.o(.text.Default_Handler) referenced from startup_m55m1.o(RESET)
 <LI><a href="#[1b]">NPU_IRQHandler</a> from startup_m55m1.o(.text.Default_Handler) referenced from startup_m55m1.o(DTCM.VTOR)
 <LI><a href="#[70]">OTFC0_IRQHandler</a> from startup_m55m1.o(.text.Default_Handler) referenced from startup_m55m1.o(DTCM.VTOR)
 <LI><a href="#[36]">PDMA0_IRQHandler</a> from main.o(ITCM) referenced from startup_m55m1.o(DTCM.VTOR)
 <LI><a href="#[37]">PDMA1_IRQHandler</a> from startup_m55m1.o(.text.Default_Handler) referenced from startup_m55m1.o(DTCM.VTOR)
 <LI><a href="#[11]">PMC_IRQHandler</a> from startup_m55m1.o(.text.Default_Handler) referenced from startup_m55m1.o(DTCM.VTOR)
 <LI><a href="#[69]">PSIO_IRQHandler</a> from startup_m55m1.o(.text.Default_Handler) referenced from startup_m55m1.o(DTCM.VTOR)
 <LI><a href="#[9]">PendSV_Handler</a> from startup_m55m1.o(.text.Default_Handler) referenced from startup_m55m1.o(DTCM.VTOR)
 <LI><a href="#[9]">PendSV_Handler</a> from startup_m55m1.o(.text.Default_Handler) referenced from startup_m55m1.o(RESET)
 <LI><a href="#[4b]">QSPI0_IRQHandler</a> from startup_m55m1.o(.text.Default_Handler) referenced from startup_m55m1.o(DTCM.VTOR)
 <LI><a href="#[4c]">QSPI1_IRQHandler</a> from startup_m55m1.o(.text.Default_Handler) referenced from startup_m55m1.o(DTCM.VTOR)
 <LI><a href="#[16]">RTCTAMPER_IRQHandler</a> from startup_m55m1.o(.text.Default_Handler) referenced from startup_m55m1.o(DTCM.VTOR)
 <LI><a href="#[15]">RTC_IRQHandler</a> from startup_m55m1.o(.text.Default_Handler) referenced from startup_m55m1.o(DTCM.VTOR)
 <LI><a href="#[0]">Reset_Handler</a> from startup_m55m1.o(.text.Reset_Handler) referenced from startup_m55m1.o(DTCM.VTOR)
 <LI><a href="#[0]">Reset_Handler</a> from startup_m55m1.o(.text.Reset_Handler) referenced from startup_m55m1.o(RESET)
 <LI><a href="#[66]">SC0_IRQHandler</a> from startup_m55m1.o(.text.Default_Handler) referenced from startup_m55m1.o(DTCM.VTOR)
 <LI><a href="#[67]">SC1_IRQHandler</a> from startup_m55m1.o(.text.Default_Handler) referenced from startup_m55m1.o(DTCM.VTOR)
 <LI><a href="#[68]">SC2_IRQHandler</a> from startup_m55m1.o(.text.Default_Handler) referenced from startup_m55m1.o(DTCM.VTOR)
 <LI><a href="#[39]">SCU_IRQHandler</a> from startup_m55m1.o(.text.Default_Handler) referenced from startup_m55m1.o(DTCM.VTOR)
 <LI><a href="#[72]">SDH0_IRQHandler</a> from startup_m55m1.o(.text.Default_Handler) referenced from startup_m55m1.o(DTCM.VTOR)
 <LI><a href="#[73]">SDH1_IRQHandler</a> from startup_m55m1.o(.text.Default_Handler) referenced from startup_m55m1.o(DTCM.VTOR)
 <LI><a href="#[4d]">SPI0_IRQHandler</a> from startup_m55m1.o(.text.Default_Handler) referenced from startup_m55m1.o(DTCM.VTOR)
 <LI><a href="#[4e]">SPI1_IRQHandler</a> from startup_m55m1.o(.text.Default_Handler) referenced from startup_m55m1.o(DTCM.VTOR)
 <LI><a href="#[4f]">SPI2_IRQHandler</a> from startup_m55m1.o(.text.Default_Handler) referenced from startup_m55m1.o(DTCM.VTOR)
 <LI><a href="#[50]">SPI3_IRQHandler</a> from startup_m55m1.o(.text.Default_Handler) referenced from startup_m55m1.o(DTCM.VTOR)
 <LI><a href="#[52]">SPIM0_IRQHandler</a> from startup_m55m1.o(.text.Default_Handler) referenced from startup_m55m1.o(DTCM.VTOR)
 <LI><a href="#[12]">SRAMPERR_IRQHandler</a> from startup_m55m1.o(.text.Default_Handler) referenced from startup_m55m1.o(DTCM.VTOR)
 <LI><a href="#[7]">SVC_Handler</a> from startup_m55m1.o(.text.Default_Handler) referenced from startup_m55m1.o(DTCM.VTOR)
 <LI><a href="#[7]">SVC_Handler</a> from startup_m55m1.o(.text.Default_Handler) referenced from startup_m55m1.o(RESET)
 <LI><a href="#[6]">SecureFault_Handler</a> from startup_m55m1.o(.text.Default_Handler) referenced from startup_m55m1.o(DTCM.VTOR)
 <LI><a href="#[6]">SecureFault_Handler</a> from startup_m55m1.o(.text.Default_Handler) referenced from startup_m55m1.o(RESET)
 <LI><a href="#[e]">SysTick_Handler</a> from startup_m55m1.o(.text.Default_Handler) referenced from startup_m55m1.o(DTCM.VTOR)
 <LI><a href="#[d]">SystemInit</a> from system_m55m1.o(.text.SystemInit) referenced from system_m55m1.o(.init_array)
 <LI><a href="#[3b]">TIMER0_IRQHandler</a> from startup_m55m1.o(.text.Default_Handler) referenced from startup_m55m1.o(DTCM.VTOR)
 <LI><a href="#[3c]">TIMER1_IRQHandler</a> from startup_m55m1.o(.text.Default_Handler) referenced from startup_m55m1.o(DTCM.VTOR)
 <LI><a href="#[3d]">TIMER2_IRQHandler</a> from startup_m55m1.o(.text.Default_Handler) referenced from startup_m55m1.o(DTCM.VTOR)
 <LI><a href="#[3e]">TIMER3_IRQHandler</a> from startup_m55m1.o(.text.Default_Handler) referenced from startup_m55m1.o(DTCM.VTOR)
 <LI><a href="#[6e]">TRNG_IRQHandler</a> from startup_m55m1.o(.text.Default_Handler) referenced from startup_m55m1.o(DTCM.VTOR)
 <LI><a href="#[41]">TTMR0_IRQHandler</a> from startup_m55m1.o(.text.Default_Handler) referenced from startup_m55m1.o(DTCM.VTOR)
 <LI><a href="#[42]">TTMR1_IRQHandler</a> from startup_m55m1.o(.text.Default_Handler) referenced from startup_m55m1.o(DTCM.VTOR)
 <LI><a href="#[53]">UART0_IRQHandler</a> from startup_m55m1.o(.text.Default_Handler) referenced from startup_m55m1.o(DTCM.VTOR)
 <LI><a href="#[54]">UART1_IRQHandler</a> from startup_m55m1.o(.text.Default_Handler) referenced from startup_m55m1.o(DTCM.VTOR)
 <LI><a href="#[55]">UART2_IRQHandler</a> from startup_m55m1.o(.text.Default_Handler) referenced from startup_m55m1.o(DTCM.VTOR)
 <LI><a href="#[56]">UART3_IRQHandler</a> from startup_m55m1.o(.text.Default_Handler) referenced from startup_m55m1.o(DTCM.VTOR)
 <LI><a href="#[57]">UART4_IRQHandler</a> from startup_m55m1.o(.text.Default_Handler) referenced from startup_m55m1.o(DTCM.VTOR)
 <LI><a href="#[58]">UART5_IRQHandler</a> from startup_m55m1.o(.text.Default_Handler) referenced from startup_m55m1.o(DTCM.VTOR)
 <LI><a href="#[59]">UART6_IRQHandler</a> from startup_m55m1.o(.text.Default_Handler) referenced from startup_m55m1.o(DTCM.VTOR)
 <LI><a href="#[5a]">UART7_IRQHandler</a> from startup_m55m1.o(.text.Default_Handler) referenced from startup_m55m1.o(DTCM.VTOR)
 <LI><a href="#[5b]">UART8_IRQHandler</a> from startup_m55m1.o(.text.Default_Handler) referenced from startup_m55m1.o(DTCM.VTOR)
 <LI><a href="#[5c]">UART9_IRQHandler</a> from startup_m55m1.o(.text.Default_Handler) referenced from startup_m55m1.o(DTCM.VTOR)
 <LI><a href="#[45]">USBD_IRQHandler</a> from startup_m55m1.o(.text.Default_Handler) referenced from startup_m55m1.o(DTCM.VTOR)
 <LI><a href="#[43]">USBH0_IRQHandler</a> from startup_m55m1.o(.text.Default_Handler) referenced from startup_m55m1.o(DTCM.VTOR)
 <LI><a href="#[44]">USBH1_IRQHandler</a> from startup_m55m1.o(.text.Default_Handler) referenced from startup_m55m1.o(DTCM.VTOR)
 <LI><a href="#[46]">USBOTG_IRQHandler</a> from startup_m55m1.o(.text.Default_Handler) referenced from startup_m55m1.o(DTCM.VTOR)
 <LI><a href="#[65]">USCI0_IRQHandler</a> from startup_m55m1.o(.text.Default_Handler) referenced from startup_m55m1.o(DTCM.VTOR)
 <LI><a href="#[8c]">UTCPD_IRQHandler</a> from startup_m55m1.o(.text.Default_Handler) referenced from startup_m55m1.o(DTCM.VTOR)
 <LI><a href="#[5]">UsageFault_Handler</a> from startup_m55m1.o(.text.Default_Handler) referenced from startup_m55m1.o(DTCM.VTOR)
 <LI><a href="#[5]">UsageFault_Handler</a> from startup_m55m1.o(.text.Default_Handler) referenced from startup_m55m1.o(RESET)
 <LI><a href="#[17]">WDT0_IRQHandler</a> from startup_m55m1.o(.text.Default_Handler) referenced from startup_m55m1.o(DTCM.VTOR)
 <LI><a href="#[19]">WDT1_IRQHandler</a> from startup_m55m1.o(.text.Default_Handler) referenced from startup_m55m1.o(DTCM.VTOR)
 <LI><a href="#[18]">WWDT0_IRQHandler</a> from startup_m55m1.o(.text.Default_Handler) referenced from startup_m55m1.o(DTCM.VTOR)
 <LI><a href="#[1a]">WWDT1_IRQHandler</a> from startup_m55m1.o(.text.Default_Handler) referenced from startup_m55m1.o(DTCM.VTOR)
 <LI><a href="#[c]">fputc</a> from retarget.o(.text.fputc) referenced from printf8.o(i.__0printf$8)
 <LI><a href="#[b]">main</a> from main.o(.text.main) referenced from entry9a.o(.ARM.Collect$$$$0000000B)
</UL>
<P>
<H3>
Global Symbols
</H3>
<P><STRONG><a name="[36]"></a>PDMA0_IRQHandler</STRONG> (Thumb, 60 bytes, Stack size 0 bytes, main.o(ITCM))
<BR>[Address Reference Count : 1]<UL><LI> startup_m55m1.o(DTCM.VTOR)
</UL>
<P><STRONG><a name="[90]"></a>__main</STRONG> (Thumb, 0 bytes, Stack size unknown bytes, entry.o(.ARM.Collect$$$$00000000))
<BR><BR>[Called By]<UL><LI><a href="#[0]">&gt;&gt;</a>&nbsp;&nbsp;&nbsp;Reset_Handler
</UL>

<P><STRONG><a name="[bc]"></a>_main_stk</STRONG> (Thumb, 0 bytes, Stack size unknown bytes, entry4.o(.ARM.Collect$$$$00000003))

<P><STRONG><a name="[91]"></a>_main_scatterload</STRONG> (Thumb, 0 bytes, Stack size unknown bytes, entry5.o(.ARM.Collect$$$$00000004))
<BR><BR>[Calls]<UL><LI><a href="#[92]">&gt;&gt;</a>&nbsp;&nbsp;&nbsp;__scatterload
</UL>

<P><STRONG><a name="[97]"></a>__main_after_scatterload</STRONG> (Thumb, 0 bytes, Stack size unknown bytes, entry5.o(.ARM.Collect$$$$00000004))
<BR><BR>[Called By]<UL><LI><a href="#[92]">&gt;&gt;</a>&nbsp;&nbsp;&nbsp;__scatterload
</UL>

<P><STRONG><a name="[bd]"></a>_main_clock</STRONG> (Thumb, 0 bytes, Stack size unknown bytes, entry7b.o(.ARM.Collect$$$$00000008))

<P><STRONG><a name="[93]"></a>_main_cpp_init$empty</STRONG> (Thumb, 0 bytes, Stack size unknown bytes, entry8a.o(.ARM.Collect$$$$00000009))
<BR><BR>[Stack]<UL><LI>Max Depth = 24 + Unknown Stack Size
<LI>Call Chain = _main_cpp_init$empty &rArr; __cpp_initialize__aeabi_
</UL>
<BR>[Calls]<UL><LI><a href="#[8f]">&gt;&gt;</a>&nbsp;&nbsp;&nbsp;__cpp_initialize__aeabi_
</UL>

<P><STRONG><a name="[be]"></a>_main_cpp_init</STRONG> (Thumb, 0 bytes, Stack size unknown bytes, entry8b.o(.ARM.Collect$$$$0000000A))

<P><STRONG><a name="[bf]"></a>_main_init</STRONG> (Thumb, 0 bytes, Stack size unknown bytes, entry9a.o(.ARM.Collect$$$$0000000B))

<P><STRONG><a name="[c0]"></a>__rt_final_cpp</STRONG> (Thumb, 0 bytes, Stack size unknown bytes, entry10a.o(.ARM.Collect$$$$0000000D))

<P><STRONG><a name="[c1]"></a>__rt_final_exit</STRONG> (Thumb, 0 bytes, Stack size unknown bytes, entry11a.o(.ARM.Collect$$$$0000000F))

<P><STRONG><a name="[8f]"></a>__cpp_initialize__aeabi_</STRONG> (Thumb, 32 bytes, Stack size 24 bytes, cpp_init.o(.text))
<BR><BR>[Stack]<UL><LI>Max Depth = 24<LI>Call Chain = __cpp_initialize__aeabi_
</UL>
<BR>[Called By]<UL><LI><a href="#[93]">&gt;&gt;</a>&nbsp;&nbsp;&nbsp;_main_cpp_init$empty
</UL>

<P><STRONG><a name="[94]"></a>__aeabi_uldivmod</STRONG> (Thumb, 98 bytes, Stack size 40 bytes, uldiv.o(.text), UNUSED)
<BR><BR>[Calls]<UL><LI><a href="#[95]">&gt;&gt;</a>&nbsp;&nbsp;&nbsp;__aeabi_llsr
<LI><a href="#[96]">&gt;&gt;</a>&nbsp;&nbsp;&nbsp;__aeabi_llsl
</UL>
<BR>[Called By]<UL><LI><a href="#[b9]">&gt;&gt;</a>&nbsp;&nbsp;&nbsp;_printf_core
</UL>

<P><STRONG><a name="[92]"></a>__scatterload</STRONG> (Thumb, 38 bytes, Stack size 0 bytes, init.o(.text))
<BR><BR>[Calls]<UL><LI><a href="#[97]">&gt;&gt;</a>&nbsp;&nbsp;&nbsp;__main_after_scatterload
</UL>
<BR>[Called By]<UL><LI><a href="#[91]">&gt;&gt;</a>&nbsp;&nbsp;&nbsp;_main_scatterload
</UL>

<P><STRONG><a name="[c2]"></a>__scatterload_rt2</STRONG> (Thumb, 0 bytes, Stack size 0 bytes, init.o(.text), UNUSED)

<P><STRONG><a name="[96]"></a>__aeabi_llsl</STRONG> (Thumb, 30 bytes, Stack size 0 bytes, llshl.o(.text), UNUSED)
<BR><BR>[Called By]<UL><LI><a href="#[94]">&gt;&gt;</a>&nbsp;&nbsp;&nbsp;__aeabi_uldivmod
</UL>

<P><STRONG><a name="[c3]"></a>_ll_shift_l</STRONG> (Thumb, 0 bytes, Stack size 0 bytes, llshl.o(.text), UNUSED)

<P><STRONG><a name="[95]"></a>__aeabi_llsr</STRONG> (Thumb, 32 bytes, Stack size 0 bytes, llushr.o(.text), UNUSED)
<BR><BR>[Called By]<UL><LI><a href="#[94]">&gt;&gt;</a>&nbsp;&nbsp;&nbsp;__aeabi_uldivmod
</UL>

<P><STRONG><a name="[c4]"></a>_ll_ushift_r</STRONG> (Thumb, 0 bytes, Stack size 0 bytes, llushr.o(.text), UNUSED)

<P><STRONG><a name="[9d]"></a>CLK_EnableAPLL</STRONG> (Thumb, 1046 bytes, Stack size 100 bytes, clk.o(.text.CLK_EnableAPLL))
<BR><BR>[Stack]<UL><LI>Max Depth = 100<LI>Call Chain = CLK_EnableAPLL
</UL>
<BR>[Called By]<UL><LI><a href="#[9b]">&gt;&gt;</a>&nbsp;&nbsp;&nbsp;CLK_SetBusClock
</UL>

<P><STRONG><a name="[b0]"></a>CLK_EnableModuleClock</STRONG> (Thumb, 36 bytes, Stack size 0 bytes, clk.o(.text.CLK_EnableModuleClock))
<BR><BR>[Called By]<UL><LI><a href="#[b]">&gt;&gt;</a>&nbsp;&nbsp;&nbsp;main
<LI><a href="#[ac]">&gt;&gt;</a>&nbsp;&nbsp;&nbsp;SetDebugUartCLK
</UL>

<P><STRONG><a name="[ad]"></a>CLK_EnableXtalRC</STRONG> (Thumb, 16 bytes, Stack size 0 bytes, clk.o(.text.CLK_EnableXtalRC))
<BR><BR>[Called By]<UL><LI><a href="#[ac]">&gt;&gt;</a>&nbsp;&nbsp;&nbsp;SetDebugUartCLK
</UL>

<P><STRONG><a name="[a3]"></a>CLK_GetAPLL0ClockFreq</STRONG> (Thumb, 130 bytes, Stack size 8 bytes, clk.o(.text.CLK_GetAPLL0ClockFreq))
<BR><BR>[Stack]<UL><LI>Max Depth = 8<LI>Call Chain = CLK_GetAPLL0ClockFreq
</UL>
<BR>[Called By]<UL><LI><a href="#[a0]">&gt;&gt;</a>&nbsp;&nbsp;&nbsp;I2S_GetSourceClockFreq
<LI><a href="#[a8]">&gt;&gt;</a>&nbsp;&nbsp;&nbsp;UART_Open
</UL>

<P><STRONG><a name="[a2]"></a>CLK_GetAPLL1ClockFreq</STRONG> (Thumb, 130 bytes, Stack size 8 bytes, clk.o(.text.CLK_GetAPLL1ClockFreq))
<BR><BR>[Stack]<UL><LI>Max Depth = 8<LI>Call Chain = CLK_GetAPLL1ClockFreq
</UL>
<BR>[Called By]<UL><LI><a href="#[a0]">&gt;&gt;</a>&nbsp;&nbsp;&nbsp;I2S_GetSourceClockFreq
</UL>

<P><STRONG><a name="[a4]"></a>CLK_GetModuleClockDivider</STRONG> (Thumb, 36 bytes, Stack size 0 bytes, clk.o(.text.CLK_GetModuleClockDivider))
<BR><BR>[Called By]<UL><LI><a href="#[a0]">&gt;&gt;</a>&nbsp;&nbsp;&nbsp;I2S_GetSourceClockFreq
</UL>

<P><STRONG><a name="[a1]"></a>CLK_GetModuleClockSource</STRONG> (Thumb, 34 bytes, Stack size 0 bytes, clk.o(.text.CLK_GetModuleClockSource))
<BR><BR>[Called By]<UL><LI><a href="#[a0]">&gt;&gt;</a>&nbsp;&nbsp;&nbsp;I2S_GetSourceClockFreq
</UL>

<P><STRONG><a name="[98]"></a>CLK_GetPCLK1Freq</STRONG> (Thumb, 28 bytes, Stack size 8 bytes, clk.o(.text.CLK_GetPCLK1Freq))
<BR><BR>[Stack]<UL><LI>Max Depth = 24<LI>Call Chain = CLK_GetPCLK1Freq &rArr; CLK_SystemClockUpdate
</UL>
<BR>[Calls]<UL><LI><a href="#[99]">&gt;&gt;</a>&nbsp;&nbsp;&nbsp;CLK_SystemClockUpdate
</UL>
<BR>[Called By]<UL><LI><a href="#[a0]">&gt;&gt;</a>&nbsp;&nbsp;&nbsp;I2S_GetSourceClockFreq
</UL>

<P><STRONG><a name="[9a]"></a>CLK_GetPCLK3Freq</STRONG> (Thumb, 28 bytes, Stack size 8 bytes, clk.o(.text.CLK_GetPCLK3Freq))
<BR><BR>[Stack]<UL><LI>Max Depth = 24<LI>Call Chain = CLK_GetPCLK3Freq &rArr; CLK_SystemClockUpdate
</UL>
<BR>[Calls]<UL><LI><a href="#[99]">&gt;&gt;</a>&nbsp;&nbsp;&nbsp;CLK_SystemClockUpdate
</UL>
<BR>[Called By]<UL><LI><a href="#[a0]">&gt;&gt;</a>&nbsp;&nbsp;&nbsp;I2S_GetSourceClockFreq
</UL>

<P><STRONG><a name="[9b]"></a>CLK_SetBusClock</STRONG> (Thumb, 404 bytes, Stack size 24 bytes, clk.o(.text.CLK_SetBusClock))
<BR><BR>[Stack]<UL><LI>Max Depth = 124<LI>Call Chain = CLK_SetBusClock &rArr; CLK_EnableAPLL
</UL>
<BR>[Calls]<UL><LI><a href="#[9c]">&gt;&gt;</a>&nbsp;&nbsp;&nbsp;CLK_SetSCLK
<LI><a href="#[9d]">&gt;&gt;</a>&nbsp;&nbsp;&nbsp;CLK_EnableAPLL
</UL>
<BR>[Called By]<UL><LI><a href="#[b]">&gt;&gt;</a>&nbsp;&nbsp;&nbsp;main
<LI><a href="#[ab]">&gt;&gt;</a>&nbsp;&nbsp;&nbsp;Reset_Handler_PreInit
</UL>

<P><STRONG><a name="[af]"></a>CLK_SetModuleClock</STRONG> (Thumb, 110 bytes, Stack size 16 bytes, clk.o(.text.CLK_SetModuleClock))
<BR><BR>[Stack]<UL><LI>Max Depth = 16<LI>Call Chain = CLK_SetModuleClock
</UL>
<BR>[Called By]<UL><LI><a href="#[b]">&gt;&gt;</a>&nbsp;&nbsp;&nbsp;main
<LI><a href="#[ac]">&gt;&gt;</a>&nbsp;&nbsp;&nbsp;SetDebugUartCLK
</UL>

<P><STRONG><a name="[9c]"></a>CLK_SetSCLK</STRONG> (Thumb, 882 bytes, Stack size 40 bytes, clk.o(.text.CLK_SetSCLK))
<BR><BR>[Stack]<UL><LI>Max Depth = 64<LI>Call Chain = CLK_SetSCLK &rArr; SystemCoreClockUpdate &rArr; CLK_SystemClockUpdate
</UL>
<BR>[Calls]<UL><LI><a href="#[9e]">&gt;&gt;</a>&nbsp;&nbsp;&nbsp;SystemCoreClockUpdate
</UL>
<BR>[Called By]<UL><LI><a href="#[9b]">&gt;&gt;</a>&nbsp;&nbsp;&nbsp;CLK_SetBusClock
</UL>

<P><STRONG><a name="[b7]"></a>CLK_SysTickDelay</STRONG> (Thumb, 452 bytes, Stack size 8 bytes, clk.o(.text.CLK_SysTickDelay))
<BR><BR>[Stack]<UL><LI>Max Depth = 8<LI>Call Chain = CLK_SysTickDelay
</UL>
<BR>[Called By]<UL><LI><a href="#[b]">&gt;&gt;</a>&nbsp;&nbsp;&nbsp;main
</UL>

<P><STRONG><a name="[99]"></a>CLK_SystemClockUpdate</STRONG> (Thumb, 196 bytes, Stack size 16 bytes, clk.o(.text.CLK_SystemClockUpdate))
<BR><BR>[Stack]<UL><LI>Max Depth = 16<LI>Call Chain = CLK_SystemClockUpdate
</UL>
<BR>[Called By]<UL><LI><a href="#[9a]">&gt;&gt;</a>&nbsp;&nbsp;&nbsp;CLK_GetPCLK3Freq
<LI><a href="#[98]">&gt;&gt;</a>&nbsp;&nbsp;&nbsp;CLK_GetPCLK1Freq
<LI><a href="#[9e]">&gt;&gt;</a>&nbsp;&nbsp;&nbsp;SystemCoreClockUpdate
</UL>

<P><STRONG><a name="[ae]"></a>CLK_WaitClockReady</STRONG> (Thumb, 76 bytes, Stack size 0 bytes, clk.o(.text.CLK_WaitClockReady))
<BR><BR>[Called By]<UL><LI><a href="#[ac]">&gt;&gt;</a>&nbsp;&nbsp;&nbsp;SetDebugUartCLK
</UL>

<P><STRONG><a name="[7a]"></a>ACMP01_IRQHandler</STRONG> (Thumb, 2 bytes, Stack size 0 bytes, startup_m55m1.o(.text.Default_Handler))
<BR><BR>[Calls]<UL><LI><a href="#[7a]">&gt;&gt;</a>&nbsp;&nbsp;&nbsp;ACMP01_IRQHandler
</UL>
<BR>[Called By]<UL><LI><a href="#[7a]">&gt;&gt;</a>&nbsp;&nbsp;&nbsp;ACMP01_IRQHandler
</UL>
<BR>[Address Reference Count : 1]<UL><LI> startup_m55m1.o(DTCM.VTOR)
</UL>
<P><STRONG><a name="[7b]"></a>ACMP23_IRQHandler</STRONG> (Thumb, 2 bytes, Stack size 0 bytes, startup_m55m1.o(.text.Default_Handler))
<BR>[Address Reference Count : 1]<UL><LI> startup_m55m1.o(DTCM.VTOR)
</UL>
<P><STRONG><a name="[8b]"></a>AWF_IRQHandler</STRONG> (Thumb, 2 bytes, Stack size 0 bytes, startup_m55m1.o(.text.Default_Handler))
<BR>[Address Reference Count : 1]<UL><LI> startup_m55m1.o(DTCM.VTOR)
</UL>
<P><STRONG><a name="[f]"></a>BODOUT_IRQHandler</STRONG> (Thumb, 2 bytes, Stack size 0 bytes, startup_m55m1.o(.text.Default_Handler))
<BR>[Address Reference Count : 1]<UL><LI> startup_m55m1.o(DTCM.VTOR)
</UL>
<P><STRONG><a name="[34]"></a>BPWM0_IRQHandler</STRONG> (Thumb, 2 bytes, Stack size 0 bytes, startup_m55m1.o(.text.Default_Handler))
<BR>[Address Reference Count : 1]<UL><LI> startup_m55m1.o(DTCM.VTOR)
</UL>
<P><STRONG><a name="[35]"></a>BPWM1_IRQHandler</STRONG> (Thumb, 2 bytes, Stack size 0 bytes, startup_m55m1.o(.text.Default_Handler))
<BR>[Address Reference Count : 1]<UL><LI> startup_m55m1.o(DTCM.VTOR)
</UL>
<P><STRONG><a name="[2c]"></a>BRAKE0_IRQHandler</STRONG> (Thumb, 2 bytes, Stack size 0 bytes, startup_m55m1.o(.text.Default_Handler))
<BR>[Address Reference Count : 1]<UL><LI> startup_m55m1.o(DTCM.VTOR)
</UL>
<P><STRONG><a name="[30]"></a>BRAKE1_IRQHandler</STRONG> (Thumb, 2 bytes, Stack size 0 bytes, startup_m55m1.o(.text.Default_Handler))
<BR>[Address Reference Count : 1]<UL><LI> startup_m55m1.o(DTCM.VTOR)
</UL>
<P><STRONG><a name="[4]"></a>BusFault_Handler</STRONG> (Thumb, 2 bytes, Stack size 0 bytes, startup_m55m1.o(.text.Default_Handler))
<BR>[Address Reference Count : 2]<UL><LI> startup_m55m1.o(RESET)
<LI> startup_m55m1.o(DTCM.VTOR)
</UL>
<P><STRONG><a name="[76]"></a>CANFD00_IRQHandler</STRONG> (Thumb, 2 bytes, Stack size 0 bytes, startup_m55m1.o(.text.Default_Handler))
<BR>[Address Reference Count : 1]<UL><LI> startup_m55m1.o(DTCM.VTOR)
</UL>
<P><STRONG><a name="[77]"></a>CANFD01_IRQHandler</STRONG> (Thumb, 2 bytes, Stack size 0 bytes, startup_m55m1.o(.text.Default_Handler))
<BR>[Address Reference Count : 1]<UL><LI> startup_m55m1.o(DTCM.VTOR)
</UL>
<P><STRONG><a name="[78]"></a>CANFD10_IRQHandler</STRONG> (Thumb, 2 bytes, Stack size 0 bytes, startup_m55m1.o(.text.Default_Handler))
<BR>[Address Reference Count : 1]<UL><LI> startup_m55m1.o(DTCM.VTOR)
</UL>
<P><STRONG><a name="[79]"></a>CANFD11_IRQHandler</STRONG> (Thumb, 2 bytes, Stack size 0 bytes, startup_m55m1.o(.text.Default_Handler))
<BR>[Address Reference Count : 1]<UL><LI> startup_m55m1.o(DTCM.VTOR)
</UL>
<P><STRONG><a name="[74]"></a>CCAP_IRQHandler</STRONG> (Thumb, 2 bytes, Stack size 0 bytes, startup_m55m1.o(.text.Default_Handler))
<BR>[Address Reference Count : 1]<UL><LI> startup_m55m1.o(DTCM.VTOR)
</UL>
<P><STRONG><a name="[13]"></a>CKFAIL_IRQHandler</STRONG> (Thumb, 2 bytes, Stack size 0 bytes, startup_m55m1.o(.text.Default_Handler))
<BR>[Address Reference Count : 1]<UL><LI> startup_m55m1.o(DTCM.VTOR)
</UL>
<P><STRONG><a name="[7c]"></a>CRC_IRQHandler</STRONG> (Thumb, 2 bytes, Stack size 0 bytes, startup_m55m1.o(.text.Default_Handler))
<BR>[Address Reference Count : 1]<UL><LI> startup_m55m1.o(DTCM.VTOR)
</UL>
<P><STRONG><a name="[75]"></a>CRYPTO_IRQHandler</STRONG> (Thumb, 2 bytes, Stack size 0 bytes, startup_m55m1.o(.text.Default_Handler))
<BR>[Address Reference Count : 1]<UL><LI> startup_m55m1.o(DTCM.VTOR)
</UL>
<P><STRONG><a name="[82]"></a>DAC01_IRQHandler</STRONG> (Thumb, 2 bytes, Stack size 0 bytes, startup_m55m1.o(.text.Default_Handler))
<BR>[Address Reference Count : 1]<UL><LI> startup_m55m1.o(DTCM.VTOR)
</UL>
<P><STRONG><a name="[6b]"></a>DMIC0VAD_IRQHandler</STRONG> (Thumb, 2 bytes, Stack size 0 bytes, startup_m55m1.o(.text.Default_Handler))
<BR>[Address Reference Count : 1]<UL><LI> startup_m55m1.o(DTCM.VTOR)
</UL>
<P><STRONG><a name="[6a]"></a>DMIC0_IRQHandler</STRONG> (Thumb, 2 bytes, Stack size 0 bytes, startup_m55m1.o(.text.Default_Handler))
<BR>[Address Reference Count : 1]<UL><LI> startup_m55m1.o(DTCM.VTOR)
</UL>
<P><STRONG><a name="[8]"></a>DebugMon_Handler</STRONG> (Thumb, 2 bytes, Stack size 0 bytes, startup_m55m1.o(.text.Default_Handler))
<BR>[Address Reference Count : 2]<UL><LI> startup_m55m1.o(RESET)
<LI> startup_m55m1.o(DTCM.VTOR)
</UL>
<P><STRONG><a name="[a]"></a>Default_Handler</STRONG> (Thumb, 2 bytes, Stack size 0 bytes, startup_m55m1.o(.text.Default_Handler))
<BR>[Address Reference Count : 1]<UL><LI> startup_m55m1.o(RESET)
</UL>
<P><STRONG><a name="[7d]"></a>EADC00_IRQHandler</STRONG> (Thumb, 2 bytes, Stack size 0 bytes, startup_m55m1.o(.text.Default_Handler))
<BR>[Address Reference Count : 1]<UL><LI> startup_m55m1.o(DTCM.VTOR)
</UL>
<P><STRONG><a name="[7e]"></a>EADC01_IRQHandler</STRONG> (Thumb, 2 bytes, Stack size 0 bytes, startup_m55m1.o(.text.Default_Handler))
<BR>[Address Reference Count : 1]<UL><LI> startup_m55m1.o(DTCM.VTOR)
</UL>
<P><STRONG><a name="[7f]"></a>EADC02_IRQHandler</STRONG> (Thumb, 2 bytes, Stack size 0 bytes, startup_m55m1.o(.text.Default_Handler))
<BR>[Address Reference Count : 1]<UL><LI> startup_m55m1.o(DTCM.VTOR)
</UL>
<P><STRONG><a name="[80]"></a>EADC03_IRQHandler</STRONG> (Thumb, 2 bytes, Stack size 0 bytes, startup_m55m1.o(.text.Default_Handler))
<BR>[Address Reference Count : 1]<UL><LI> startup_m55m1.o(DTCM.VTOR)
</UL>
<P><STRONG><a name="[87]"></a>ECAP0_IRQHandler</STRONG> (Thumb, 2 bytes, Stack size 0 bytes, startup_m55m1.o(.text.Default_Handler))
<BR>[Address Reference Count : 1]<UL><LI> startup_m55m1.o(DTCM.VTOR)
</UL>
<P><STRONG><a name="[88]"></a>ECAP1_IRQHandler</STRONG> (Thumb, 2 bytes, Stack size 0 bytes, startup_m55m1.o(.text.Default_Handler))
<BR>[Address Reference Count : 1]<UL><LI> startup_m55m1.o(DTCM.VTOR)
</UL>
<P><STRONG><a name="[89]"></a>ECAP2_IRQHandler</STRONG> (Thumb, 2 bytes, Stack size 0 bytes, startup_m55m1.o(.text.Default_Handler))
<BR>[Address Reference Count : 1]<UL><LI> startup_m55m1.o(DTCM.VTOR)
</UL>
<P><STRONG><a name="[8a]"></a>ECAP3_IRQHandler</STRONG> (Thumb, 2 bytes, Stack size 0 bytes, startup_m55m1.o(.text.Default_Handler))
<BR>[Address Reference Count : 1]<UL><LI> startup_m55m1.o(DTCM.VTOR)
</UL>
<P><STRONG><a name="[1c]"></a>EINT0_IRQHandler</STRONG> (Thumb, 2 bytes, Stack size 0 bytes, startup_m55m1.o(.text.Default_Handler))
<BR>[Address Reference Count : 1]<UL><LI> startup_m55m1.o(DTCM.VTOR)
</UL>
<P><STRONG><a name="[1d]"></a>EINT1_IRQHandler</STRONG> (Thumb, 2 bytes, Stack size 0 bytes, startup_m55m1.o(.text.Default_Handler))
<BR>[Address Reference Count : 1]<UL><LI> startup_m55m1.o(DTCM.VTOR)
</UL>
<P><STRONG><a name="[1e]"></a>EINT2_IRQHandler</STRONG> (Thumb, 2 bytes, Stack size 0 bytes, startup_m55m1.o(.text.Default_Handler))
<BR>[Address Reference Count : 1]<UL><LI> startup_m55m1.o(DTCM.VTOR)
</UL>
<P><STRONG><a name="[1f]"></a>EINT3_IRQHandler</STRONG> (Thumb, 2 bytes, Stack size 0 bytes, startup_m55m1.o(.text.Default_Handler))
<BR>[Address Reference Count : 1]<UL><LI> startup_m55m1.o(DTCM.VTOR)
</UL>
<P><STRONG><a name="[20]"></a>EINT4_IRQHandler</STRONG> (Thumb, 2 bytes, Stack size 0 bytes, startup_m55m1.o(.text.Default_Handler))
<BR>[Address Reference Count : 1]<UL><LI> startup_m55m1.o(DTCM.VTOR)
</UL>
<P><STRONG><a name="[21]"></a>EINT5_IRQHandler</STRONG> (Thumb, 2 bytes, Stack size 0 bytes, startup_m55m1.o(.text.Default_Handler))
<BR>[Address Reference Count : 1]<UL><LI> startup_m55m1.o(DTCM.VTOR)
</UL>
<P><STRONG><a name="[5d]"></a>EINT6_IRQHandler</STRONG> (Thumb, 2 bytes, Stack size 0 bytes, startup_m55m1.o(.text.Default_Handler))
<BR>[Address Reference Count : 1]<UL><LI> startup_m55m1.o(DTCM.VTOR)
</UL>
<P><STRONG><a name="[5e]"></a>EINT7_IRQHandler</STRONG> (Thumb, 2 bytes, Stack size 0 bytes, startup_m55m1.o(.text.Default_Handler))
<BR>[Address Reference Count : 1]<UL><LI> startup_m55m1.o(DTCM.VTOR)
</UL>
<P><STRONG><a name="[4a]"></a>EMAC0_IRQHandler</STRONG> (Thumb, 2 bytes, Stack size 0 bytes, startup_m55m1.o(.text.Default_Handler))
<BR>[Address Reference Count : 1]<UL><LI> startup_m55m1.o(DTCM.VTOR)
</UL>
<P><STRONG><a name="[2d]"></a>EPWM0P0_IRQHandler</STRONG> (Thumb, 2 bytes, Stack size 0 bytes, startup_m55m1.o(.text.Default_Handler))
<BR>[Address Reference Count : 1]<UL><LI> startup_m55m1.o(DTCM.VTOR)
</UL>
<P><STRONG><a name="[2e]"></a>EPWM0P1_IRQHandler</STRONG> (Thumb, 2 bytes, Stack size 0 bytes, startup_m55m1.o(.text.Default_Handler))
<BR>[Address Reference Count : 1]<UL><LI> startup_m55m1.o(DTCM.VTOR)
</UL>
<P><STRONG><a name="[2f]"></a>EPWM0P2_IRQHandler</STRONG> (Thumb, 2 bytes, Stack size 0 bytes, startup_m55m1.o(.text.Default_Handler))
<BR>[Address Reference Count : 1]<UL><LI> startup_m55m1.o(DTCM.VTOR)
</UL>
<P><STRONG><a name="[31]"></a>EPWM1P0_IRQHandler</STRONG> (Thumb, 2 bytes, Stack size 0 bytes, startup_m55m1.o(.text.Default_Handler))
<BR>[Address Reference Count : 1]<UL><LI> startup_m55m1.o(DTCM.VTOR)
</UL>
<P><STRONG><a name="[32]"></a>EPWM1P1_IRQHandler</STRONG> (Thumb, 2 bytes, Stack size 0 bytes, startup_m55m1.o(.text.Default_Handler))
<BR>[Address Reference Count : 1]<UL><LI> startup_m55m1.o(DTCM.VTOR)
</UL>
<P><STRONG><a name="[33]"></a>EPWM1P2_IRQHandler</STRONG> (Thumb, 2 bytes, Stack size 0 bytes, startup_m55m1.o(.text.Default_Handler))
<BR>[Address Reference Count : 1]<UL><LI> startup_m55m1.o(DTCM.VTOR)
</UL>
<P><STRONG><a name="[83]"></a>EQEI0_IRQHandler</STRONG> (Thumb, 2 bytes, Stack size 0 bytes, startup_m55m1.o(.text.Default_Handler))
<BR>[Address Reference Count : 1]<UL><LI> startup_m55m1.o(DTCM.VTOR)
</UL>
<P><STRONG><a name="[84]"></a>EQEI1_IRQHandler</STRONG> (Thumb, 2 bytes, Stack size 0 bytes, startup_m55m1.o(.text.Default_Handler))
<BR>[Address Reference Count : 1]<UL><LI> startup_m55m1.o(DTCM.VTOR)
</UL>
<P><STRONG><a name="[85]"></a>EQEI2_IRQHandler</STRONG> (Thumb, 2 bytes, Stack size 0 bytes, startup_m55m1.o(.text.Default_Handler))
<BR>[Address Reference Count : 1]<UL><LI> startup_m55m1.o(DTCM.VTOR)
</UL>
<P><STRONG><a name="[86]"></a>EQEI3_IRQHandler</STRONG> (Thumb, 2 bytes, Stack size 0 bytes, startup_m55m1.o(.text.Default_Handler))
<BR>[Address Reference Count : 1]<UL><LI> startup_m55m1.o(DTCM.VTOR)
</UL>
<P><STRONG><a name="[8d]"></a>GDMACH0_IRQHandler</STRONG> (Thumb, 2 bytes, Stack size 0 bytes, startup_m55m1.o(.text.Default_Handler))
<BR>[Address Reference Count : 1]<UL><LI> startup_m55m1.o(DTCM.VTOR)
</UL>
<P><STRONG><a name="[8e]"></a>GDMACH1_IRQHandler</STRONG> (Thumb, 2 bytes, Stack size 0 bytes, startup_m55m1.o(.text.Default_Handler))
<BR>[Address Reference Count : 1]<UL><LI> startup_m55m1.o(DTCM.VTOR)
</UL>
<P><STRONG><a name="[22]"></a>GPA_IRQHandler</STRONG> (Thumb, 2 bytes, Stack size 0 bytes, startup_m55m1.o(.text.Default_Handler))
<BR>[Address Reference Count : 1]<UL><LI> startup_m55m1.o(DTCM.VTOR)
</UL>
<P><STRONG><a name="[23]"></a>GPB_IRQHandler</STRONG> (Thumb, 2 bytes, Stack size 0 bytes, startup_m55m1.o(.text.Default_Handler))
<BR>[Address Reference Count : 1]<UL><LI> startup_m55m1.o(DTCM.VTOR)
</UL>
<P><STRONG><a name="[24]"></a>GPC_IRQHandler</STRONG> (Thumb, 2 bytes, Stack size 0 bytes, startup_m55m1.o(.text.Default_Handler))
<BR>[Address Reference Count : 1]<UL><LI> startup_m55m1.o(DTCM.VTOR)
</UL>
<P><STRONG><a name="[25]"></a>GPD_IRQHandler</STRONG> (Thumb, 2 bytes, Stack size 0 bytes, startup_m55m1.o(.text.Default_Handler))
<BR>[Address Reference Count : 1]<UL><LI> startup_m55m1.o(DTCM.VTOR)
</UL>
<P><STRONG><a name="[26]"></a>GPE_IRQHandler</STRONG> (Thumb, 2 bytes, Stack size 0 bytes, startup_m55m1.o(.text.Default_Handler))
<BR>[Address Reference Count : 1]<UL><LI> startup_m55m1.o(DTCM.VTOR)
</UL>
<P><STRONG><a name="[27]"></a>GPF_IRQHandler</STRONG> (Thumb, 2 bytes, Stack size 0 bytes, startup_m55m1.o(.text.Default_Handler))
<BR>[Address Reference Count : 1]<UL><LI> startup_m55m1.o(DTCM.VTOR)
</UL>
<P><STRONG><a name="[28]"></a>GPG_IRQHandler</STRONG> (Thumb, 2 bytes, Stack size 0 bytes, startup_m55m1.o(.text.Default_Handler))
<BR>[Address Reference Count : 1]<UL><LI> startup_m55m1.o(DTCM.VTOR)
</UL>
<P><STRONG><a name="[29]"></a>GPH_IRQHandler</STRONG> (Thumb, 2 bytes, Stack size 0 bytes, startup_m55m1.o(.text.Default_Handler))
<BR>[Address Reference Count : 1]<UL><LI> startup_m55m1.o(DTCM.VTOR)
</UL>
<P><STRONG><a name="[2a]"></a>GPI_IRQHandler</STRONG> (Thumb, 2 bytes, Stack size 0 bytes, startup_m55m1.o(.text.Default_Handler))
<BR>[Address Reference Count : 1]<UL><LI> startup_m55m1.o(DTCM.VTOR)
</UL>
<P><STRONG><a name="[2b]"></a>GPJ_IRQHandler</STRONG> (Thumb, 2 bytes, Stack size 0 bytes, startup_m55m1.o(.text.Default_Handler))
<BR>[Address Reference Count : 1]<UL><LI> startup_m55m1.o(DTCM.VTOR)
</UL>
<P><STRONG><a name="[49]"></a>HSOTG_IRQHandler</STRONG> (Thumb, 2 bytes, Stack size 0 bytes, startup_m55m1.o(.text.Default_Handler))
<BR>[Address Reference Count : 1]<UL><LI> startup_m55m1.o(DTCM.VTOR)
</UL>
<P><STRONG><a name="[48]"></a>HSUSBD_IRQHandler</STRONG> (Thumb, 2 bytes, Stack size 0 bytes, startup_m55m1.o(.text.Default_Handler))
<BR>[Address Reference Count : 1]<UL><LI> startup_m55m1.o(DTCM.VTOR)
</UL>
<P><STRONG><a name="[47]"></a>HSUSBH_IRQHandler</STRONG> (Thumb, 2 bytes, Stack size 0 bytes, startup_m55m1.o(.text.Default_Handler))
<BR>[Address Reference Count : 1]<UL><LI> startup_m55m1.o(DTCM.VTOR)
</UL>
<P><STRONG><a name="[60]"></a>I2C0_IRQHandler</STRONG> (Thumb, 2 bytes, Stack size 0 bytes, startup_m55m1.o(.text.Default_Handler))
<BR>[Address Reference Count : 1]<UL><LI> startup_m55m1.o(DTCM.VTOR)
</UL>
<P><STRONG><a name="[61]"></a>I2C1_IRQHandler</STRONG> (Thumb, 2 bytes, Stack size 0 bytes, startup_m55m1.o(.text.Default_Handler))
<BR>[Address Reference Count : 1]<UL><LI> startup_m55m1.o(DTCM.VTOR)
</UL>
<P><STRONG><a name="[62]"></a>I2C2_IRQHandler</STRONG> (Thumb, 2 bytes, Stack size 0 bytes, startup_m55m1.o(.text.Default_Handler))
<BR>[Address Reference Count : 1]<UL><LI> startup_m55m1.o(DTCM.VTOR)
</UL>
<P><STRONG><a name="[63]"></a>I2C3_IRQHandler</STRONG> (Thumb, 2 bytes, Stack size 0 bytes, startup_m55m1.o(.text.Default_Handler))
<BR>[Address Reference Count : 1]<UL><LI> startup_m55m1.o(DTCM.VTOR)
</UL>
<P><STRONG><a name="[6c]"></a>I2S0_IRQHandler</STRONG> (Thumb, 2 bytes, Stack size 0 bytes, startup_m55m1.o(.text.Default_Handler))
<BR>[Address Reference Count : 1]<UL><LI> startup_m55m1.o(DTCM.VTOR)
</UL>
<P><STRONG><a name="[6d]"></a>I2S1_IRQHandler</STRONG> (Thumb, 2 bytes, Stack size 0 bytes, startup_m55m1.o(.text.Default_Handler))
<BR>[Address Reference Count : 1]<UL><LI> startup_m55m1.o(DTCM.VTOR)
</UL>
<P><STRONG><a name="[6f]"></a>I3C0_IRQHandler</STRONG> (Thumb, 2 bytes, Stack size 0 bytes, startup_m55m1.o(.text.Default_Handler))
<BR>[Address Reference Count : 1]<UL><LI> startup_m55m1.o(DTCM.VTOR)
</UL>
<P><STRONG><a name="[10]"></a>IRC_IRQHandler</STRONG> (Thumb, 2 bytes, Stack size 0 bytes, startup_m55m1.o(.text.Default_Handler))
<BR>[Address Reference Count : 1]<UL><LI> startup_m55m1.o(DTCM.VTOR)
</UL>
<P><STRONG><a name="[14]"></a>ISP_IRQHandler</STRONG> (Thumb, 2 bytes, Stack size 0 bytes, startup_m55m1.o(.text.Default_Handler))
<BR>[Address Reference Count : 1]<UL><LI> startup_m55m1.o(DTCM.VTOR)
</UL>
<P><STRONG><a name="[71]"></a>KPI_IRQHandler</STRONG> (Thumb, 2 bytes, Stack size 0 bytes, startup_m55m1.o(.text.Default_Handler))
<BR>[Address Reference Count : 1]<UL><LI> startup_m55m1.o(DTCM.VTOR)
</UL>
<P><STRONG><a name="[3a]"></a>KS_IRQHandler</STRONG> (Thumb, 2 bytes, Stack size 0 bytes, startup_m55m1.o(.text.Default_Handler))
<BR>[Address Reference Count : 1]<UL><LI> startup_m55m1.o(DTCM.VTOR)
</UL>
<P><STRONG><a name="[81]"></a>LPADC0_IRQHandler</STRONG> (Thumb, 2 bytes, Stack size 0 bytes, startup_m55m1.o(.text.Default_Handler))
<BR>[Address Reference Count : 1]<UL><LI> startup_m55m1.o(DTCM.VTOR)
</UL>
<P><STRONG><a name="[64]"></a>LPI2C0_IRQHandler</STRONG> (Thumb, 2 bytes, Stack size 0 bytes, startup_m55m1.o(.text.Default_Handler))
<BR>[Address Reference Count : 1]<UL><LI> startup_m55m1.o(DTCM.VTOR)
</UL>
<P><STRONG><a name="[38]"></a>LPPDMA_IRQHandler</STRONG> (Thumb, 2 bytes, Stack size 0 bytes, startup_m55m1.o(.text.Default_Handler))
<BR>[Address Reference Count : 1]<UL><LI> startup_m55m1.o(DTCM.VTOR)
</UL>
<P><STRONG><a name="[51]"></a>LPSPI0_IRQHandler</STRONG> (Thumb, 2 bytes, Stack size 0 bytes, startup_m55m1.o(.text.Default_Handler))
<BR>[Address Reference Count : 1]<UL><LI> startup_m55m1.o(DTCM.VTOR)
</UL>
<P><STRONG><a name="[3f]"></a>LPTMR0_IRQHandler</STRONG> (Thumb, 2 bytes, Stack size 0 bytes, startup_m55m1.o(.text.Default_Handler))
<BR>[Address Reference Count : 1]<UL><LI> startup_m55m1.o(DTCM.VTOR)
</UL>
<P><STRONG><a name="[40]"></a>LPTMR1_IRQHandler</STRONG> (Thumb, 2 bytes, Stack size 0 bytes, startup_m55m1.o(.text.Default_Handler))
<BR>[Address Reference Count : 1]<UL><LI> startup_m55m1.o(DTCM.VTOR)
</UL>
<P><STRONG><a name="[5f]"></a>LPUART0_IRQHandler</STRONG> (Thumb, 2 bytes, Stack size 0 bytes, startup_m55m1.o(.text.Default_Handler))
<BR>[Address Reference Count : 1]<UL><LI> startup_m55m1.o(DTCM.VTOR)
</UL>
<P><STRONG><a name="[3]"></a>MemManage_Handler</STRONG> (Thumb, 2 bytes, Stack size 0 bytes, startup_m55m1.o(.text.Default_Handler))
<BR>[Address Reference Count : 2]<UL><LI> startup_m55m1.o(RESET)
<LI> startup_m55m1.o(DTCM.VTOR)
</UL>
<P><STRONG><a name="[1]"></a>NMI_Handler</STRONG> (Thumb, 2 bytes, Stack size 0 bytes, startup_m55m1.o(.text.Default_Handler))
<BR>[Address Reference Count : 2]<UL><LI> startup_m55m1.o(RESET)
<LI> startup_m55m1.o(DTCM.VTOR)
</UL>
<P><STRONG><a name="[1b]"></a>NPU_IRQHandler</STRONG> (Thumb, 2 bytes, Stack size 0 bytes, startup_m55m1.o(.text.Default_Handler))
<BR>[Address Reference Count : 1]<UL><LI> startup_m55m1.o(DTCM.VTOR)
</UL>
<P><STRONG><a name="[70]"></a>OTFC0_IRQHandler</STRONG> (Thumb, 2 bytes, Stack size 0 bytes, startup_m55m1.o(.text.Default_Handler))
<BR>[Address Reference Count : 1]<UL><LI> startup_m55m1.o(DTCM.VTOR)
</UL>
<P><STRONG><a name="[37]"></a>PDMA1_IRQHandler</STRONG> (Thumb, 2 bytes, Stack size 0 bytes, startup_m55m1.o(.text.Default_Handler))
<BR>[Address Reference Count : 1]<UL><LI> startup_m55m1.o(DTCM.VTOR)
</UL>
<P><STRONG><a name="[11]"></a>PMC_IRQHandler</STRONG> (Thumb, 2 bytes, Stack size 0 bytes, startup_m55m1.o(.text.Default_Handler))
<BR>[Address Reference Count : 1]<UL><LI> startup_m55m1.o(DTCM.VTOR)
</UL>
<P><STRONG><a name="[69]"></a>PSIO_IRQHandler</STRONG> (Thumb, 2 bytes, Stack size 0 bytes, startup_m55m1.o(.text.Default_Handler))
<BR>[Address Reference Count : 1]<UL><LI> startup_m55m1.o(DTCM.VTOR)
</UL>
<P><STRONG><a name="[9]"></a>PendSV_Handler</STRONG> (Thumb, 2 bytes, Stack size 0 bytes, startup_m55m1.o(.text.Default_Handler))
<BR>[Address Reference Count : 2]<UL><LI> startup_m55m1.o(RESET)
<LI> startup_m55m1.o(DTCM.VTOR)
</UL>
<P><STRONG><a name="[4b]"></a>QSPI0_IRQHandler</STRONG> (Thumb, 2 bytes, Stack size 0 bytes, startup_m55m1.o(.text.Default_Handler))
<BR>[Address Reference Count : 1]<UL><LI> startup_m55m1.o(DTCM.VTOR)
</UL>
<P><STRONG><a name="[4c]"></a>QSPI1_IRQHandler</STRONG> (Thumb, 2 bytes, Stack size 0 bytes, startup_m55m1.o(.text.Default_Handler))
<BR>[Address Reference Count : 1]<UL><LI> startup_m55m1.o(DTCM.VTOR)
</UL>
<P><STRONG><a name="[16]"></a>RTCTAMPER_IRQHandler</STRONG> (Thumb, 2 bytes, Stack size 0 bytes, startup_m55m1.o(.text.Default_Handler))
<BR>[Address Reference Count : 1]<UL><LI> startup_m55m1.o(DTCM.VTOR)
</UL>
<P><STRONG><a name="[15]"></a>RTC_IRQHandler</STRONG> (Thumb, 2 bytes, Stack size 0 bytes, startup_m55m1.o(.text.Default_Handler))
<BR>[Address Reference Count : 1]<UL><LI> startup_m55m1.o(DTCM.VTOR)
</UL>
<P><STRONG><a name="[66]"></a>SC0_IRQHandler</STRONG> (Thumb, 2 bytes, Stack size 0 bytes, startup_m55m1.o(.text.Default_Handler))
<BR>[Address Reference Count : 1]<UL><LI> startup_m55m1.o(DTCM.VTOR)
</UL>
<P><STRONG><a name="[67]"></a>SC1_IRQHandler</STRONG> (Thumb, 2 bytes, Stack size 0 bytes, startup_m55m1.o(.text.Default_Handler))
<BR>[Address Reference Count : 1]<UL><LI> startup_m55m1.o(DTCM.VTOR)
</UL>
<P><STRONG><a name="[68]"></a>SC2_IRQHandler</STRONG> (Thumb, 2 bytes, Stack size 0 bytes, startup_m55m1.o(.text.Default_Handler))
<BR>[Address Reference Count : 1]<UL><LI> startup_m55m1.o(DTCM.VTOR)
</UL>
<P><STRONG><a name="[39]"></a>SCU_IRQHandler</STRONG> (Thumb, 2 bytes, Stack size 0 bytes, startup_m55m1.o(.text.Default_Handler))
<BR>[Address Reference Count : 1]<UL><LI> startup_m55m1.o(DTCM.VTOR)
</UL>
<P><STRONG><a name="[72]"></a>SDH0_IRQHandler</STRONG> (Thumb, 2 bytes, Stack size 0 bytes, startup_m55m1.o(.text.Default_Handler))
<BR>[Address Reference Count : 1]<UL><LI> startup_m55m1.o(DTCM.VTOR)
</UL>
<P><STRONG><a name="[73]"></a>SDH1_IRQHandler</STRONG> (Thumb, 2 bytes, Stack size 0 bytes, startup_m55m1.o(.text.Default_Handler))
<BR>[Address Reference Count : 1]<UL><LI> startup_m55m1.o(DTCM.VTOR)
</UL>
<P><STRONG><a name="[4d]"></a>SPI0_IRQHandler</STRONG> (Thumb, 2 bytes, Stack size 0 bytes, startup_m55m1.o(.text.Default_Handler))
<BR>[Address Reference Count : 1]<UL><LI> startup_m55m1.o(DTCM.VTOR)
</UL>
<P><STRONG><a name="[4e]"></a>SPI1_IRQHandler</STRONG> (Thumb, 2 bytes, Stack size 0 bytes, startup_m55m1.o(.text.Default_Handler))
<BR>[Address Reference Count : 1]<UL><LI> startup_m55m1.o(DTCM.VTOR)
</UL>
<P><STRONG><a name="[4f]"></a>SPI2_IRQHandler</STRONG> (Thumb, 2 bytes, Stack size 0 bytes, startup_m55m1.o(.text.Default_Handler))
<BR>[Address Reference Count : 1]<UL><LI> startup_m55m1.o(DTCM.VTOR)
</UL>
<P><STRONG><a name="[50]"></a>SPI3_IRQHandler</STRONG> (Thumb, 2 bytes, Stack size 0 bytes, startup_m55m1.o(.text.Default_Handler))
<BR>[Address Reference Count : 1]<UL><LI> startup_m55m1.o(DTCM.VTOR)
</UL>
<P><STRONG><a name="[52]"></a>SPIM0_IRQHandler</STRONG> (Thumb, 2 bytes, Stack size 0 bytes, startup_m55m1.o(.text.Default_Handler))
<BR>[Address Reference Count : 1]<UL><LI> startup_m55m1.o(DTCM.VTOR)
</UL>
<P><STRONG><a name="[12]"></a>SRAMPERR_IRQHandler</STRONG> (Thumb, 2 bytes, Stack size 0 bytes, startup_m55m1.o(.text.Default_Handler))
<BR>[Address Reference Count : 1]<UL><LI> startup_m55m1.o(DTCM.VTOR)
</UL>
<P><STRONG><a name="[7]"></a>SVC_Handler</STRONG> (Thumb, 2 bytes, Stack size 0 bytes, startup_m55m1.o(.text.Default_Handler))
<BR>[Address Reference Count : 2]<UL><LI> startup_m55m1.o(RESET)
<LI> startup_m55m1.o(DTCM.VTOR)
</UL>
<P><STRONG><a name="[6]"></a>SecureFault_Handler</STRONG> (Thumb, 2 bytes, Stack size 0 bytes, startup_m55m1.o(.text.Default_Handler))
<BR>[Address Reference Count : 2]<UL><LI> startup_m55m1.o(RESET)
<LI> startup_m55m1.o(DTCM.VTOR)
</UL>
<P><STRONG><a name="[e]"></a>SysTick_Handler</STRONG> (Thumb, 2 bytes, Stack size 0 bytes, startup_m55m1.o(.text.Default_Handler))
<BR>[Address Reference Count : 1]<UL><LI> startup_m55m1.o(DTCM.VTOR)
</UL>
<P><STRONG><a name="[3b]"></a>TIMER0_IRQHandler</STRONG> (Thumb, 2 bytes, Stack size 0 bytes, startup_m55m1.o(.text.Default_Handler))
<BR>[Address Reference Count : 1]<UL><LI> startup_m55m1.o(DTCM.VTOR)
</UL>
<P><STRONG><a name="[3c]"></a>TIMER1_IRQHandler</STRONG> (Thumb, 2 bytes, Stack size 0 bytes, startup_m55m1.o(.text.Default_Handler))
<BR>[Address Reference Count : 1]<UL><LI> startup_m55m1.o(DTCM.VTOR)
</UL>
<P><STRONG><a name="[3d]"></a>TIMER2_IRQHandler</STRONG> (Thumb, 2 bytes, Stack size 0 bytes, startup_m55m1.o(.text.Default_Handler))
<BR>[Address Reference Count : 1]<UL><LI> startup_m55m1.o(DTCM.VTOR)
</UL>
<P><STRONG><a name="[3e]"></a>TIMER3_IRQHandler</STRONG> (Thumb, 2 bytes, Stack size 0 bytes, startup_m55m1.o(.text.Default_Handler))
<BR>[Address Reference Count : 1]<UL><LI> startup_m55m1.o(DTCM.VTOR)
</UL>
<P><STRONG><a name="[6e]"></a>TRNG_IRQHandler</STRONG> (Thumb, 2 bytes, Stack size 0 bytes, startup_m55m1.o(.text.Default_Handler))
<BR>[Address Reference Count : 1]<UL><LI> startup_m55m1.o(DTCM.VTOR)
</UL>
<P><STRONG><a name="[41]"></a>TTMR0_IRQHandler</STRONG> (Thumb, 2 bytes, Stack size 0 bytes, startup_m55m1.o(.text.Default_Handler))
<BR>[Address Reference Count : 1]<UL><LI> startup_m55m1.o(DTCM.VTOR)
</UL>
<P><STRONG><a name="[42]"></a>TTMR1_IRQHandler</STRONG> (Thumb, 2 bytes, Stack size 0 bytes, startup_m55m1.o(.text.Default_Handler))
<BR>[Address Reference Count : 1]<UL><LI> startup_m55m1.o(DTCM.VTOR)
</UL>
<P><STRONG><a name="[53]"></a>UART0_IRQHandler</STRONG> (Thumb, 2 bytes, Stack size 0 bytes, startup_m55m1.o(.text.Default_Handler))
<BR>[Address Reference Count : 1]<UL><LI> startup_m55m1.o(DTCM.VTOR)
</UL>
<P><STRONG><a name="[54]"></a>UART1_IRQHandler</STRONG> (Thumb, 2 bytes, Stack size 0 bytes, startup_m55m1.o(.text.Default_Handler))
<BR>[Address Reference Count : 1]<UL><LI> startup_m55m1.o(DTCM.VTOR)
</UL>
<P><STRONG><a name="[55]"></a>UART2_IRQHandler</STRONG> (Thumb, 2 bytes, Stack size 0 bytes, startup_m55m1.o(.text.Default_Handler))
<BR>[Address Reference Count : 1]<UL><LI> startup_m55m1.o(DTCM.VTOR)
</UL>
<P><STRONG><a name="[56]"></a>UART3_IRQHandler</STRONG> (Thumb, 2 bytes, Stack size 0 bytes, startup_m55m1.o(.text.Default_Handler))
<BR>[Address Reference Count : 1]<UL><LI> startup_m55m1.o(DTCM.VTOR)
</UL>
<P><STRONG><a name="[57]"></a>UART4_IRQHandler</STRONG> (Thumb, 2 bytes, Stack size 0 bytes, startup_m55m1.o(.text.Default_Handler))
<BR>[Address Reference Count : 1]<UL><LI> startup_m55m1.o(DTCM.VTOR)
</UL>
<P><STRONG><a name="[58]"></a>UART5_IRQHandler</STRONG> (Thumb, 2 bytes, Stack size 0 bytes, startup_m55m1.o(.text.Default_Handler))
<BR>[Address Reference Count : 1]<UL><LI> startup_m55m1.o(DTCM.VTOR)
</UL>
<P><STRONG><a name="[59]"></a>UART6_IRQHandler</STRONG> (Thumb, 2 bytes, Stack size 0 bytes, startup_m55m1.o(.text.Default_Handler))
<BR>[Address Reference Count : 1]<UL><LI> startup_m55m1.o(DTCM.VTOR)
</UL>
<P><STRONG><a name="[5a]"></a>UART7_IRQHandler</STRONG> (Thumb, 2 bytes, Stack size 0 bytes, startup_m55m1.o(.text.Default_Handler))
<BR>[Address Reference Count : 1]<UL><LI> startup_m55m1.o(DTCM.VTOR)
</UL>
<P><STRONG><a name="[5b]"></a>UART8_IRQHandler</STRONG> (Thumb, 2 bytes, Stack size 0 bytes, startup_m55m1.o(.text.Default_Handler))
<BR>[Address Reference Count : 1]<UL><LI> startup_m55m1.o(DTCM.VTOR)
</UL>
<P><STRONG><a name="[5c]"></a>UART9_IRQHandler</STRONG> (Thumb, 2 bytes, Stack size 0 bytes, startup_m55m1.o(.text.Default_Handler))
<BR>[Address Reference Count : 1]<UL><LI> startup_m55m1.o(DTCM.VTOR)
</UL>
<P><STRONG><a name="[45]"></a>USBD_IRQHandler</STRONG> (Thumb, 2 bytes, Stack size 0 bytes, startup_m55m1.o(.text.Default_Handler))
<BR>[Address Reference Count : 1]<UL><LI> startup_m55m1.o(DTCM.VTOR)
</UL>
<P><STRONG><a name="[43]"></a>USBH0_IRQHandler</STRONG> (Thumb, 2 bytes, Stack size 0 bytes, startup_m55m1.o(.text.Default_Handler))
<BR>[Address Reference Count : 1]<UL><LI> startup_m55m1.o(DTCM.VTOR)
</UL>
<P><STRONG><a name="[44]"></a>USBH1_IRQHandler</STRONG> (Thumb, 2 bytes, Stack size 0 bytes, startup_m55m1.o(.text.Default_Handler))
<BR>[Address Reference Count : 1]<UL><LI> startup_m55m1.o(DTCM.VTOR)
</UL>
<P><STRONG><a name="[46]"></a>USBOTG_IRQHandler</STRONG> (Thumb, 2 bytes, Stack size 0 bytes, startup_m55m1.o(.text.Default_Handler))
<BR>[Address Reference Count : 1]<UL><LI> startup_m55m1.o(DTCM.VTOR)
</UL>
<P><STRONG><a name="[65]"></a>USCI0_IRQHandler</STRONG> (Thumb, 2 bytes, Stack size 0 bytes, startup_m55m1.o(.text.Default_Handler))
<BR>[Address Reference Count : 1]<UL><LI> startup_m55m1.o(DTCM.VTOR)
</UL>
<P><STRONG><a name="[8c]"></a>UTCPD_IRQHandler</STRONG> (Thumb, 2 bytes, Stack size 0 bytes, startup_m55m1.o(.text.Default_Handler))
<BR>[Address Reference Count : 1]<UL><LI> startup_m55m1.o(DTCM.VTOR)
</UL>
<P><STRONG><a name="[5]"></a>UsageFault_Handler</STRONG> (Thumb, 2 bytes, Stack size 0 bytes, startup_m55m1.o(.text.Default_Handler))
<BR>[Address Reference Count : 2]<UL><LI> startup_m55m1.o(RESET)
<LI> startup_m55m1.o(DTCM.VTOR)
</UL>
<P><STRONG><a name="[17]"></a>WDT0_IRQHandler</STRONG> (Thumb, 2 bytes, Stack size 0 bytes, startup_m55m1.o(.text.Default_Handler))
<BR>[Address Reference Count : 1]<UL><LI> startup_m55m1.o(DTCM.VTOR)
</UL>
<P><STRONG><a name="[19]"></a>WDT1_IRQHandler</STRONG> (Thumb, 2 bytes, Stack size 0 bytes, startup_m55m1.o(.text.Default_Handler))
<BR>[Address Reference Count : 1]<UL><LI> startup_m55m1.o(DTCM.VTOR)
</UL>
<P><STRONG><a name="[18]"></a>WWDT0_IRQHandler</STRONG> (Thumb, 2 bytes, Stack size 0 bytes, startup_m55m1.o(.text.Default_Handler))
<BR>[Address Reference Count : 1]<UL><LI> startup_m55m1.o(DTCM.VTOR)
</UL>
<P><STRONG><a name="[1a]"></a>WWDT1_IRQHandler</STRONG> (Thumb, 2 bytes, Stack size 0 bytes, startup_m55m1.o(.text.Default_Handler))
<BR>[Address Reference Count : 1]<UL><LI> startup_m55m1.o(DTCM.VTOR)
</UL>
<P><STRONG><a name="[2]"></a>HardFault_Handler</STRONG> (Thumb, 26 bytes, Stack size 0 bytes, startup_m55m1.o(.text.HardFault_Handler))
<BR><BR>[Stack]<UL><LI>Max Depth = 64<LI>Call Chain = HardFault_Handler &rArr; ProcessHardFault &rArr; __2printf
</UL>
<BR>[Calls]<UL><LI><a href="#[9f]">&gt;&gt;</a>&nbsp;&nbsp;&nbsp;ProcessHardFault
</UL>
<BR>[Address Reference Count : 2]<UL><LI> startup_m55m1.o(RESET)
<LI> startup_m55m1.o(DTCM.VTOR)
</UL>
<P><STRONG><a name="[a0]"></a>I2S_GetSourceClockFreq</STRONG> (Thumb, 260 bytes, Stack size 24 bytes, i2s.o(.text.I2S_GetSourceClockFreq))
<BR><BR>[Stack]<UL><LI>Max Depth = 48<LI>Call Chain = I2S_GetSourceClockFreq &rArr; CLK_GetPCLK3Freq &rArr; CLK_SystemClockUpdate
</UL>
<BR>[Calls]<UL><LI><a href="#[a4]">&gt;&gt;</a>&nbsp;&nbsp;&nbsp;CLK_GetModuleClockDivider
<LI><a href="#[a1]">&gt;&gt;</a>&nbsp;&nbsp;&nbsp;CLK_GetModuleClockSource
<LI><a href="#[a2]">&gt;&gt;</a>&nbsp;&nbsp;&nbsp;CLK_GetAPLL1ClockFreq
<LI><a href="#[a3]">&gt;&gt;</a>&nbsp;&nbsp;&nbsp;CLK_GetAPLL0ClockFreq
<LI><a href="#[9a]">&gt;&gt;</a>&nbsp;&nbsp;&nbsp;CLK_GetPCLK3Freq
<LI><a href="#[98]">&gt;&gt;</a>&nbsp;&nbsp;&nbsp;CLK_GetPCLK1Freq
</UL>
<BR>[Called By]<UL><LI><a href="#[a5]">&gt;&gt;</a>&nbsp;&nbsp;&nbsp;I2S_Open
</UL>

<P><STRONG><a name="[a5]"></a>I2S_Open</STRONG> (Thumb, 270 bytes, Stack size 32 bytes, i2s.o(.text.I2S_Open))
<BR><BR>[Stack]<UL><LI>Max Depth = 80<LI>Call Chain = I2S_Open &rArr; I2S_GetSourceClockFreq &rArr; CLK_GetPCLK3Freq &rArr; CLK_SystemClockUpdate
</UL>
<BR>[Calls]<UL><LI><a href="#[a0]">&gt;&gt;</a>&nbsp;&nbsp;&nbsp;I2S_GetSourceClockFreq
<LI><a href="#[a6]">&gt;&gt;</a>&nbsp;&nbsp;&nbsp;SYS_ResetModule
</UL>
<BR>[Called By]<UL><LI><a href="#[b]">&gt;&gt;</a>&nbsp;&nbsp;&nbsp;main
</UL>

<P><STRONG><a name="[b3]"></a>I2S_SetFIFO</STRONG> (Thumb, 26 bytes, Stack size 0 bytes, i2s.o(.text.I2S_SetFIFO))
<BR><BR>[Called By]<UL><LI><a href="#[b]">&gt;&gt;</a>&nbsp;&nbsp;&nbsp;main
</UL>

<P><STRONG><a name="[a7]"></a>InitDebugUart</STRONG> (Thumb, 16 bytes, Stack size 0 bytes, system_m55m1.o(.text.InitDebugUart))
<BR><BR>[Stack]<UL><LI>Max Depth = 48<LI>Call Chain = InitDebugUart &rArr; UART_Open &rArr; CLK_GetAPLL0ClockFreq
</UL>
<BR>[Calls]<UL><LI><a href="#[a8]">&gt;&gt;</a>&nbsp;&nbsp;&nbsp;UART_Open
</UL>
<BR>[Called By]<UL><LI><a href="#[b]">&gt;&gt;</a>&nbsp;&nbsp;&nbsp;main
</UL>

<P><STRONG><a name="[b1]"></a>InitPreDefMPURegion</STRONG> (Thumb, 1520 bytes, Stack size 52 bytes, system_m55m1.o(.text.InitPreDefMPURegion))
<BR><BR>[Stack]<UL><LI>Max Depth = 52<LI>Call Chain = InitPreDefMPURegion
</UL>
<BR>[Called By]<UL><LI><a href="#[d]">&gt;&gt;</a>&nbsp;&nbsp;&nbsp;SystemInit
</UL>

<P><STRONG><a name="[b6]"></a>PDMA_EnableInt</STRONG> (Thumb, 74 bytes, Stack size 8 bytes, pdma.o(.text.PDMA_EnableInt))
<BR><BR>[Stack]<UL><LI>Max Depth = 8<LI>Call Chain = PDMA_EnableInt
</UL>
<BR>[Called By]<UL><LI><a href="#[b]">&gt;&gt;</a>&nbsp;&nbsp;&nbsp;main
</UL>

<P><STRONG><a name="[b4]"></a>PDMA_Open</STRONG> (Thumb, 192 bytes, Stack size 16 bytes, pdma.o(.text.PDMA_Open))
<BR><BR>[Stack]<UL><LI>Max Depth = 16<LI>Call Chain = PDMA_Open
</UL>
<BR>[Called By]<UL><LI><a href="#[b]">&gt;&gt;</a>&nbsp;&nbsp;&nbsp;main
</UL>

<P><STRONG><a name="[b5]"></a>PDMA_SetTransferMode</STRONG> (Thumb, 342 bytes, Stack size 0 bytes, pdma.o(.text.PDMA_SetTransferMode))
<BR><BR>[Called By]<UL><LI><a href="#[b]">&gt;&gt;</a>&nbsp;&nbsp;&nbsp;main
</UL>

<P><STRONG><a name="[9f]"></a>ProcessHardFault</STRONG> (Thumb, 328 bytes, Stack size 40 bytes, retarget.o(.text.ProcessHardFault))
<BR><BR>[Stack]<UL><LI>Max Depth = 64<LI>Call Chain = ProcessHardFault &rArr; __2printf
</UL>
<BR>[Calls]<UL><LI><a href="#[a9]">&gt;&gt;</a>&nbsp;&nbsp;&nbsp;puts
<LI><a href="#[aa]">&gt;&gt;</a>&nbsp;&nbsp;&nbsp;__2printf
</UL>
<BR>[Called By]<UL><LI><a href="#[2]">&gt;&gt;</a>&nbsp;&nbsp;&nbsp;HardFault_Handler
</UL>

<P><STRONG><a name="[0]"></a>Reset_Handler</STRONG> (Thumb, 1140 bytes, Stack size 16 bytes, startup_m55m1.o(.text.Reset_Handler))
<BR><BR>[Stack]<UL><LI>Max Depth = 148 + Unknown Stack Size
<LI>Call Chain = Reset_Handler &rArr; Reset_Handler_PreInit &rArr; CLK_SetBusClock &rArr; CLK_EnableAPLL
</UL>
<BR>[Calls]<UL><LI><a href="#[90]">&gt;&gt;</a>&nbsp;&nbsp;&nbsp;__main
<LI><a href="#[ab]">&gt;&gt;</a>&nbsp;&nbsp;&nbsp;Reset_Handler_PreInit
</UL>
<BR>[Address Reference Count : 2]<UL><LI> startup_m55m1.o(RESET)
<LI> startup_m55m1.o(DTCM.VTOR)
</UL>
<P><STRONG><a name="[ab]"></a>Reset_Handler_PreInit</STRONG> (Thumb, 26 bytes, Stack size 8 bytes, startup_m55m1.o(.text.Reset_Handler_PreInit))
<BR><BR>[Stack]<UL><LI>Max Depth = 132<LI>Call Chain = Reset_Handler_PreInit &rArr; CLK_SetBusClock &rArr; CLK_EnableAPLL
</UL>
<BR>[Calls]<UL><LI><a href="#[9e]">&gt;&gt;</a>&nbsp;&nbsp;&nbsp;SystemCoreClockUpdate
<LI><a href="#[9b]">&gt;&gt;</a>&nbsp;&nbsp;&nbsp;CLK_SetBusClock
</UL>
<BR>[Called By]<UL><LI><a href="#[0]">&gt;&gt;</a>&nbsp;&nbsp;&nbsp;Reset_Handler
</UL>

<P><STRONG><a name="[a6]"></a>SYS_ResetModule</STRONG> (Thumb, 90 bytes, Stack size 16 bytes, sys.o(.text.SYS_ResetModule))
<BR><BR>[Stack]<UL><LI>Max Depth = 16<LI>Call Chain = SYS_ResetModule
</UL>
<BR>[Called By]<UL><LI><a href="#[a5]">&gt;&gt;</a>&nbsp;&nbsp;&nbsp;I2S_Open
<LI><a href="#[ac]">&gt;&gt;</a>&nbsp;&nbsp;&nbsp;SetDebugUartCLK
</UL>

<P><STRONG><a name="[ac]"></a>SetDebugUartCLK</STRONG> (Thumb, 62 bytes, Stack size 16 bytes, system_m55m1.o(.text.SetDebugUartCLK))
<BR><BR>[Stack]<UL><LI>Max Depth = 32<LI>Call Chain = SetDebugUartCLK &rArr; SYS_ResetModule
</UL>
<BR>[Calls]<UL><LI><a href="#[a6]">&gt;&gt;</a>&nbsp;&nbsp;&nbsp;SYS_ResetModule
<LI><a href="#[b0]">&gt;&gt;</a>&nbsp;&nbsp;&nbsp;CLK_EnableModuleClock
<LI><a href="#[af]">&gt;&gt;</a>&nbsp;&nbsp;&nbsp;CLK_SetModuleClock
<LI><a href="#[ae]">&gt;&gt;</a>&nbsp;&nbsp;&nbsp;CLK_WaitClockReady
<LI><a href="#[ad]">&gt;&gt;</a>&nbsp;&nbsp;&nbsp;CLK_EnableXtalRC
</UL>
<BR>[Called By]<UL><LI><a href="#[b]">&gt;&gt;</a>&nbsp;&nbsp;&nbsp;main
</UL>

<P><STRONG><a name="[b2]"></a>SetDebugUartMFP</STRONG> (Thumb, 28 bytes, Stack size 0 bytes, system_m55m1.o(.text.SetDebugUartMFP))
<BR><BR>[Called By]<UL><LI><a href="#[b]">&gt;&gt;</a>&nbsp;&nbsp;&nbsp;main
</UL>

<P><STRONG><a name="[9e]"></a>SystemCoreClockUpdate</STRONG> (Thumb, 50 bytes, Stack size 8 bytes, system_m55m1.o(.text.SystemCoreClockUpdate))
<BR><BR>[Stack]<UL><LI>Max Depth = 24<LI>Call Chain = SystemCoreClockUpdate &rArr; CLK_SystemClockUpdate
</UL>
<BR>[Calls]<UL><LI><a href="#[99]">&gt;&gt;</a>&nbsp;&nbsp;&nbsp;CLK_SystemClockUpdate
</UL>
<BR>[Called By]<UL><LI><a href="#[b]">&gt;&gt;</a>&nbsp;&nbsp;&nbsp;main
<LI><a href="#[9c]">&gt;&gt;</a>&nbsp;&nbsp;&nbsp;CLK_SetSCLK
<LI><a href="#[ab]">&gt;&gt;</a>&nbsp;&nbsp;&nbsp;Reset_Handler_PreInit
</UL>

<P><STRONG><a name="[d]"></a>SystemInit</STRONG> (Thumb, 452 bytes, Stack size 48 bytes, system_m55m1.o(.text.SystemInit))
<BR><BR>[Stack]<UL><LI>Max Depth = 100<LI>Call Chain = SystemInit &rArr; InitPreDefMPURegion
</UL>
<BR>[Calls]<UL><LI><a href="#[b1]">&gt;&gt;</a>&nbsp;&nbsp;&nbsp;InitPreDefMPURegion
</UL>
<BR>[Address Reference Count : 1]<UL><LI> system_m55m1.o(.init_array)
</UL>
<P><STRONG><a name="[a8]"></a>UART_Open</STRONG> (Thumb, 518 bytes, Stack size 40 bytes, uart.o(.text.UART_Open))
<BR><BR>[Stack]<UL><LI>Max Depth = 48<LI>Call Chain = UART_Open &rArr; CLK_GetAPLL0ClockFreq
</UL>
<BR>[Calls]<UL><LI><a href="#[a3]">&gt;&gt;</a>&nbsp;&nbsp;&nbsp;CLK_GetAPLL0ClockFreq
</UL>
<BR>[Called By]<UL><LI><a href="#[a7]">&gt;&gt;</a>&nbsp;&nbsp;&nbsp;InitDebugUart
</UL>

<P><STRONG><a name="[c]"></a>fputc</STRONG> (Thumb, 78 bytes, Stack size 0 bytes, retarget.o(.text.fputc))
<BR><BR>[Called By]<UL><LI><a href="#[a9]">&gt;&gt;</a>&nbsp;&nbsp;&nbsp;puts
</UL>
<BR>[Address Reference Count : 1]<UL><LI> printf8.o(i.__0printf$8)
</UL>
<P><STRONG><a name="[b]"></a>main</STRONG> (Thumb, 688 bytes, Stack size 8 bytes, main.o(.text.main))
<BR><BR>[Stack]<UL><LI>Max Depth = 132<LI>Call Chain = main &rArr; CLK_SetBusClock &rArr; CLK_EnableAPLL
</UL>
<BR>[Calls]<UL><LI><a href="#[a9]">&gt;&gt;</a>&nbsp;&nbsp;&nbsp;puts
<LI><a href="#[b6]">&gt;&gt;</a>&nbsp;&nbsp;&nbsp;PDMA_EnableInt
<LI><a href="#[b5]">&gt;&gt;</a>&nbsp;&nbsp;&nbsp;PDMA_SetTransferMode
<LI><a href="#[b4]">&gt;&gt;</a>&nbsp;&nbsp;&nbsp;PDMA_Open
<LI><a href="#[b3]">&gt;&gt;</a>&nbsp;&nbsp;&nbsp;I2S_SetFIFO
<LI><a href="#[a5]">&gt;&gt;</a>&nbsp;&nbsp;&nbsp;I2S_Open
<LI><a href="#[b7]">&gt;&gt;</a>&nbsp;&nbsp;&nbsp;CLK_SysTickDelay
<LI><a href="#[a7]">&gt;&gt;</a>&nbsp;&nbsp;&nbsp;InitDebugUart
<LI><a href="#[b0]">&gt;&gt;</a>&nbsp;&nbsp;&nbsp;CLK_EnableModuleClock
<LI><a href="#[af]">&gt;&gt;</a>&nbsp;&nbsp;&nbsp;CLK_SetModuleClock
<LI><a href="#[ac]">&gt;&gt;</a>&nbsp;&nbsp;&nbsp;SetDebugUartCLK
<LI><a href="#[b2]">&gt;&gt;</a>&nbsp;&nbsp;&nbsp;SetDebugUartMFP
<LI><a href="#[9e]">&gt;&gt;</a>&nbsp;&nbsp;&nbsp;SystemCoreClockUpdate
<LI><a href="#[9b]">&gt;&gt;</a>&nbsp;&nbsp;&nbsp;CLK_SetBusClock
<LI><a href="#[aa]">&gt;&gt;</a>&nbsp;&nbsp;&nbsp;__2printf
</UL>
<BR>[Address Reference Count : 1]<UL><LI> entry9a.o(.ARM.Collect$$$$0000000B)
</UL>
<P><STRONG><a name="[b8]"></a>__0printf$8</STRONG> (Thumb, 22 bytes, Stack size 24 bytes, printf8.o(i.__0printf$8), UNUSED)
<BR><BR>[Calls]<UL><LI><a href="#[b9]">&gt;&gt;</a>&nbsp;&nbsp;&nbsp;_printf_core
</UL>

<P><STRONG><a name="[c5]"></a>__1printf$8</STRONG> (Thumb, 0 bytes, Stack size 24 bytes, printf8.o(i.__0printf$8), UNUSED)

<P><STRONG><a name="[aa]"></a>__2printf</STRONG> (Thumb, 0 bytes, Stack size 24 bytes, printf8.o(i.__0printf$8))
<BR><BR>[Stack]<UL><LI>Max Depth = 24<LI>Call Chain = __2printf
</UL>
<BR>[Called By]<UL><LI><a href="#[b]">&gt;&gt;</a>&nbsp;&nbsp;&nbsp;main
<LI><a href="#[9f]">&gt;&gt;</a>&nbsp;&nbsp;&nbsp;ProcessHardFault
</UL>

<P><STRONG><a name="[c6]"></a>__scatterload_copy</STRONG> (Thumb, 14 bytes, Stack size unknown bytes, handlers.o(i.__scatterload_copy), UNUSED)

<P><STRONG><a name="[c7]"></a>__scatterload_null</STRONG> (Thumb, 2 bytes, Stack size unknown bytes, handlers.o(i.__scatterload_null), UNUSED)

<P><STRONG><a name="[c8]"></a>__scatterload_zeroinit</STRONG> (Thumb, 14 bytes, Stack size unknown bytes, handlers.o(i.__scatterload_zeroinit), UNUSED)

<P><STRONG><a name="[a9]"></a>puts</STRONG> (Thumb, 30 bytes, Stack size 8 bytes, puts.o(i.puts))
<BR><BR>[Stack]<UL><LI>Max Depth = 8<LI>Call Chain = puts
</UL>
<BR>[Calls]<UL><LI><a href="#[c]">&gt;&gt;</a>&nbsp;&nbsp;&nbsp;fputc
</UL>
<BR>[Called By]<UL><LI><a href="#[b]">&gt;&gt;</a>&nbsp;&nbsp;&nbsp;main
<LI><a href="#[9f]">&gt;&gt;</a>&nbsp;&nbsp;&nbsp;ProcessHardFault
</UL>
<P>
<H3>
Local Symbols
</H3>
<P><STRONG><a name="[b9]"></a>_printf_core</STRONG> (Thumb, 996 bytes, Stack size 104 bytes, printf8.o(i._printf_core), UNUSED)
<BR><BR>[Calls]<UL><LI><a href="#[94]">&gt;&gt;</a>&nbsp;&nbsp;&nbsp;__aeabi_uldivmod
<LI><a href="#[ba]">&gt;&gt;</a>&nbsp;&nbsp;&nbsp;_printf_pre_padding
<LI><a href="#[bb]">&gt;&gt;</a>&nbsp;&nbsp;&nbsp;_printf_post_padding
</UL>
<BR>[Called By]<UL><LI><a href="#[b8]">&gt;&gt;</a>&nbsp;&nbsp;&nbsp;__0printf$8
</UL>

<P><STRONG><a name="[bb]"></a>_printf_post_padding</STRONG> (Thumb, 36 bytes, Stack size 24 bytes, printf8.o(i._printf_post_padding), UNUSED)
<BR><BR>[Called By]<UL><LI><a href="#[b9]">&gt;&gt;</a>&nbsp;&nbsp;&nbsp;_printf_core
</UL>

<P><STRONG><a name="[ba]"></a>_printf_pre_padding</STRONG> (Thumb, 46 bytes, Stack size 24 bytes, printf8.o(i._printf_pre_padding), UNUSED)
<BR><BR>[Called By]<UL><LI><a href="#[b9]">&gt;&gt;</a>&nbsp;&nbsp;&nbsp;_printf_core
</UL>
<P>
<H3>
Undefined Global Symbols
</H3><HR></body></html>
