Component: Arm Compiler for Embedded 6.21 Tool: armlink [5ec1fa00]

==============================================================================

Section Cross References

    startup_m55m1.o(.ARM.exidx.text.Default_Handler) refers to startup_m55m1.o(.text.Default_Handler) for [Anonymous Symbol]
    startup_m55m1.o(.text.Reset_Handler) refers to system_m55m1.o(.data.SystemCoreClock) for SystemCoreClock
    startup_m55m1.o(.text.Reset_Handler) refers to startup_m55m1.o(.text.Reset_Handler_PreInit) for Reset_Handler_PreInit
    startup_m55m1.o(.text.Reset_Handler) refers to entry.o(.ARM.Collect$$$$00000000) for __main
    startup_m55m1.o(.ARM.exidx.text.Reset_Handler) refers to startup_m55m1.o(.text.Reset_Handler) for [Anonymous Symbol]
    startup_m55m1.o(.text.HardFault_Handler) refers to retarget.o(.text.ProcessHardFault) for ProcessHardFault
    startup_m55m1.o(.ARM.exidx.text.HardFault_Handler) refers to startup_m55m1.o(.text.HardFault_Handler) for [Anonymous Symbol]
    startup_m55m1.o(.text.Reset_Handler_PreInit) refers to clk.o(.text.CLK_SetBusClock) for CLK_SetBusClock
    startup_m55m1.o(.text.Reset_Handler_PreInit) refers to system_m55m1.o(.text.SystemCoreClockUpdate) for SystemCoreClockUpdate
    startup_m55m1.o(.ARM.exidx.text.Reset_Handler_PreInit) refers to startup_m55m1.o(.text.Reset_Handler_PreInit) for [Anonymous Symbol]
    startup_m55m1.o(RESET) refers to startup_m55m1.o(.text.Reset_Handler) for Reset_Handler
    startup_m55m1.o(RESET) refers to startup_m55m1.o(.text.Default_Handler) for NMI_Handler
    startup_m55m1.o(RESET) refers to startup_m55m1.o(.text.HardFault_Handler) for HardFault_Handler
    startup_m55m1.o(DTCM.VTOR) refers to startup_m55m1.o(.text.Reset_Handler) for Reset_Handler
    startup_m55m1.o(DTCM.VTOR) refers to startup_m55m1.o(.text.Default_Handler) for NMI_Handler
    startup_m55m1.o(DTCM.VTOR) refers to startup_m55m1.o(.text.HardFault_Handler) for HardFault_Handler
    startup_m55m1.o(DTCM.VTOR) refers to main.o(ITCM) for PDMA0_IRQHandler
    system_m55m1.o(.text.SystemCoreClockUpdate) refers to clk.o(.text.CLK_SystemClockUpdate) for CLK_SystemClockUpdate
    system_m55m1.o(.text.SystemCoreClockUpdate) refers to system_m55m1.o(.data.SystemCoreClock) for SystemCoreClock
    system_m55m1.o(.text.SystemCoreClockUpdate) refers to system_m55m1.o(.data.CyclesPerUs) for CyclesPerUs
    system_m55m1.o(.ARM.exidx.text.SystemCoreClockUpdate) refers to system_m55m1.o(.text.SystemCoreClockUpdate) for [Anonymous Symbol]
    system_m55m1.o(.ARM.exidx.text.SetDebugUartMFP) refers to system_m55m1.o(.text.SetDebugUartMFP) for [Anonymous Symbol]
    system_m55m1.o(.text.SetDebugUartCLK) refers to clk.o(.text.CLK_EnableXtalRC) for CLK_EnableXtalRC
    system_m55m1.o(.text.SetDebugUartCLK) refers to clk.o(.text.CLK_WaitClockReady) for CLK_WaitClockReady
    system_m55m1.o(.text.SetDebugUartCLK) refers to clk.o(.text.CLK_SetModuleClock) for CLK_SetModuleClock
    system_m55m1.o(.text.SetDebugUartCLK) refers to clk.o(.text.CLK_EnableModuleClock) for CLK_EnableModuleClock
    system_m55m1.o(.text.SetDebugUartCLK) refers to sys.o(.text.SYS_ResetModule) for SYS_ResetModule
    system_m55m1.o(.ARM.exidx.text.SetDebugUartCLK) refers to system_m55m1.o(.text.SetDebugUartCLK) for [Anonymous Symbol]
    system_m55m1.o(.text.InitDebugUart) refers to uart.o(.text.UART_Open) for UART_Open
    system_m55m1.o(.ARM.exidx.text.InitDebugUart) refers to system_m55m1.o(.text.InitDebugUart) for [Anonymous Symbol]
    system_m55m1.o(.text.InitPreDefMPURegion) refers to system_m55m1.o(.bss.g_u32NonCacheableBase) for g_u32NonCacheableBase
    system_m55m1.o(.text.InitPreDefMPURegion) refers to system_m55m1.o(.bss.g_u32NonCacheableLimit) for g_u32NonCacheableLimit
    system_m55m1.o(.ARM.exidx.text.InitPreDefMPURegion) refers to system_m55m1.o(.text.InitPreDefMPURegion) for [Anonymous Symbol]
    system_m55m1.o(.text.SystemInit) refers to startup_m55m1.o(DTCM.VTOR) for DTCM_VECTOR_TABLE
    system_m55m1.o(.text.SystemInit) refers to system_m55m1.o(.text.InitPreDefMPURegion) for InitPreDefMPURegion
    system_m55m1.o(.ARM.exidx.text.SystemInit) refers to system_m55m1.o(.text.SystemInit) for [Anonymous Symbol]
    system_m55m1.o(.init_array) refers to system_m55m1.o(.text.SystemInit) for SystemInit
    retarget.o(.ARM.exidx.text.SendChar) refers to retarget.o(.text.SendChar) for [Anonymous Symbol]
    retarget.o(.ARM.exidx.text.GetChar) refers to retarget.o(.text.GetChar) for [Anonymous Symbol]
    retarget.o(.text.ProcessHardFault) refers to retarget.o(.rodata.str1.1) for .Lstr
    retarget.o(.text.ProcessHardFault) refers to puts.o(i.puts) for puts
    retarget.o(.text.ProcessHardFault) refers to printfa.o(i.__0printf) for __2printf
    retarget.o(.ARM.exidx.text.ProcessHardFault) refers to retarget.o(.text.ProcessHardFault) for [Anonymous Symbol]
    retarget.o(.text._sys_open) refers to retarget.o(.rodata.__stdin_name) for __stdin_name
    retarget.o(.text._sys_open) refers to strcmp.o(.text) for strcmp
[...]
    ../clib/microlib/stubs.s                 0x00000000   Number         0  iusefp.o ABSOLUTE
    ../clib/r_arm_target.c                   0x00000000   Number         0  __ARM_resolve_target1.o ABSOLUTE
    ../clib/r_arm_target.c                   0x00000000   Number         0  __ARM_resolve_target1_abs32.o ABSOLUTE
    ../fplib/microlib/fpadd.c                0x00000000   Number         0  dadd.o ABSOLUTE
    ../fplib/microlib/fpdiv.c                0x00000000   Number         0  ddiv.o ABSOLUTE
    ../fplib/microlib/fpepilogue.c           0x00000000   Number         0  depilogue.o ABSOLUTE
    ../fplib/microlib/fpfix.c                0x00000000   Number         0  dfixul.o ABSOLUTE
    ../fplib/microlib/fpmul.c                0x00000000   Number         0  dmul.o ABSOLUTE
    ../fplib/microlib/fpstat.c               0x00000000   Number         0  fpstat.o ABSOLUTE
    ../mathlib/asinf.c                       0x00000000   Number         0  asinf.o ABSOLUTE
    ../mathlib/cosf.c                        0x00000000   Number         0  cosf.o ABSOLUTE
    ../mathlib/dunder.c                      0x00000000   Number         0  dunder.o ABSOLUTE
    ../mathlib/exp.c                         0x00000000   Number         0  exp.o ABSOLUTE
    ../mathlib/expf.c                        0x00000000   Number         0  expf.o ABSOLUTE
    ../mathlib/fpclassify.c                  0x00000000   Number         0  fpclassify.o ABSOLUTE
    ../mathlib/fpclassifyf.c                 0x00000000   Number         0  fpclassifyf.o ABSOLUTE
    ../mathlib/funder.c                      0x00000000   Number         0  funder.o ABSOLUTE
    ../mathlib/log.c                         0x00000000   Number         0  log.o ABSOLUTE
    ../mathlib/logf.c                        0x00000000   Number         0  logf.o ABSOLUTE
    ../mathlib/poly.c                        0x00000000   Number         0  poly.o ABSOLUTE
    ../mathlib/powf.c                        0x00000000   Number         0  powf.o ABSOLUTE
    ../mathlib/qnan.c                        0x00000000   Number         0  qnan.o ABSOLUTE
    ../mathlib/rredf.c                       0x00000000   Number         0  rredf.o ABSOLUTE
    ../mathlib/sqrtf.c                       0x00000000   Number         0  sqrtf.o ABSOLUTE
    BasicMathFunctions.c                     0x00000000   Number         0  basicmathfunctions.o ABSOLUTE
    BasicMathFunctionsF16.c                  0x00000000   Number         0  basicmathfunctionsf16.o ABSOLUTE
    BayesFunctions.c                         0x00000000   Number         0  bayesfunctions.o ABSOLUTE
    BayesFunctionsF16.c                      0x00000000   Number         0  bayesfunctionsf16.o ABSOLUTE
    CommonTables.c                           0x00000000   Number         0  commontables.o ABSOLUTE
    CommonTablesF16.c                        0x00000000   Number         0  commontablesf16.o ABSOLUTE
    ComplexMathFunctions.c                   0x00000000   Number         0  complexmathfunctions.o ABSOLUTE
    ComplexMathFunctionsF16.c                0x00000000   Number         0  complexmathfunctionsf16.o ABSOLUTE
    ControllerFunctions.c                    0x00000000   Number         0  controllerfunctions.o ABSOLUTE
    DistanceFunctions.c                      0x00000000   Number         0  distancefunctions.o ABSOLUTE
    DistanceFunctionsF16.c                   0x00000000   Number         0  distancefunctionsf16.o ABSOLUTE
    DoA.c                                    0x00000000   Number         0  doa.o ABSOLUTE
    FastMathFunctions.c                      0x00000000   Number         0  fastmathfunctions.o ABSOLUTE
    FastMathFunctionsF16.c                   0x00000000   Number         0  fastmathfunctionsf16.o ABSOLUTE
    FilteringFunctions.c                     0x00000000   Number         0  filteringfunctions.o ABSOLUTE
    FilteringFunctionsF16.c                  0x00000000   Number         0  filteringfunctionsf16.o ABSOLUTE
    InterpolationFunctions.c                 0x00000000   Number         0  interpolationfunctions.o ABSOLUTE
    InterpolationFunctionsF16.c              0x00000000   Number         0  interpolationfunctionsf16.o ABSOLUTE
    MatrixFunctions.c                        0x00000000   Number         0  matrixfunctions.o ABSOLUTE
    MatrixFunctionsF16.c                     0x00000000   Number         0  matrixfunctionsf16.o ABSOLUTE
    QuaternionMathFunctions.c                0x00000000   Number         0  quaternionmathfunctions.o ABSOLUTE
    SVMFunctions.c                           0x00000000   Number         0  svmfunctions.o ABSOLUTE
    SVMFunctionsF16.c                        0x00000000   Number         0  svmfunctionsf16.o ABSOLUTE
    StatisticsFunctions.c                    0x00000000   Number         0  statisticsfunctions.o ABSOLUTE
    StatisticsFunctionsF16.c                 0x00000000   Number         0  statisticsfunctionsf16.o ABSOLUTE
    SupportFunctions.c                       0x00000000   Number         0  supportfunctions.o ABSOLUTE
    SupportFunctionsF16.c                    0x00000000   Number         0  supportfunctionsf16.o ABSOLUTE
    TransformFunctions.c                     0x00000000   Number         0  transformfunctions.o ABSOLUTE
    TransformFunctionsF16.c                  0x00000000   Number         0  transformfunctionsf16.o ABSOLUTE
    cdrcmple.s                               0x00000000   Number         0  cdrcmple.o ABSOLUTE
    clk.c                                    0x00000000   Number         0  clk.o ABSOLUTE
    dc.s                                     0x00000000   Number         0  dc.o ABSOLUTE
    doa_test.c                               0x00000000   Number         0  doa_test.o ABSOLUTE
    epwm.c                                   0x00000000   Number         0  epwm.o ABSOLUTE
    gpio.c                                   0x00000000   Number         0  gpio.o ABSOLUTE
    handlers.s                               0x00000000   Number         0  handlers.o ABSOLUTE
    i2c.c                                    0x00000000   Number         0  i2c.o ABSOLUTE
    i2s.c                                    0x00000000   Number         0  i2s.o ABSOLUTE
    init.s                                   0x00000000   Number         0  init.o ABSOLUTE
    main.c                                   0x00000000   Number         0  main.o ABSOLUTE
    motor.c                                  0x00000000   Number         0  motor.o ABSOLUTE
    pdma.c                                   0x00000000   Number         0  pdma.o ABSOLUTE
    retarget.c                               0x00000000   Number         0  retarget.o ABSOLUTE
    startup_M55M1.c                          0x00000000   Number         0  startup_m55m1.o ABSOLUTE
    sys.c                                    0x00000000   Number         0  sys.o ABSOLUTE
    system_M55M1.c                           0x00000000   Number         0  system_m55m1.o ABSOLUTE
    uart.c                                   0x00000000   Number         0  uart.o ABSOLUTE
    [Anonymous Symbol]                       0x00000000   Section        0  main.o(ITCM)
    __tagsym$$used.0                         0x00100000   Number         0  startup_m55m1.o(RESET)
    .ARM.Collect$$$$00000000                 0x00100040   Section        0  entry.o(.ARM.Collect$$$$00000000)
    .ARM.Collect$$$$00000003                 0x00100040   Section        4  entry4.o(.ARM.Collect$$$$00000003)
    .ARM.Collect$$$$00000004                 0x00100044   Section        4  entry5.o(.ARM.Collect$$$$00000004)
    .ARM.Collect$$$$00000008                 0x00100048   Section        0  entry7b.o(.ARM.Collect$$$$00000008)
    .ARM.Collect$$$$00000009                 0x00100048   Section        4  entry8a.o(.ARM.Collect$$$$00000009)
    .ARM.Collect$$$$0000000A                 0x0010004c   Section        0  entry8b.o(.ARM.Collect$$$$0000000A)
    .ARM.Collect$$$$0000000B                 0x0010004c   Section        8  entry9a.o(.ARM.Collect$$$$0000000B)
    __lit__00000000                          0x00100054   Data           4  entry4.o(.ARM.Collect$$$$00002714)
    .ARM.Collect$$$$0000000D                 0x00100054   Section        0  entry10a.o(.ARM.Collect$$$$0000000D)
    .ARM.Collect$$$$0000000F                 0x00100054   Section        0  entry11a.o(.ARM.Collect$$$$0000000F)
    .ARM.Collect$$$$00002714                 0x00100054   Section        4  entry4.o(.ARM.Collect$$$$00002714)
    .text                                    0x00100058   Section        0  uldiv.o(.text)
    .text                                    0x001000ba   Section        0  memcpya.o(.text)
    .text                                    0x001000de   Section        0  memseta.o(.text)
    .text                                    0x00100104   Section        0  cpp_init.o(.text)
    .text                                    0x0010012c   Section        0  uidiv.o(.text)
    .text                                    0x00100158   Section        0  llshl.o(.text)
    .text                                    0x00100176   Section        0  llushr.o(.text)
    .text                                    0x00100196   Section        0  iusefp.o(.text)
    .text                                    0x00100196   Section        0  dadd.o(.text)
    .text                                    0x001002e4   Section        0  dmul.o(.text)
    .text                                    0x001003c8   Section        0  ddiv.o(.text)
    .text                                    0x001004a6   Section        0  dfixul.o(.text)
    .text                                    0x001004d8   Section       48  cdrcmple.o(.text)
    .text                                    0x00100508   Section       48  init.o(.text)
    .text                                    0x00100538   Section        0  llsshr.o(.text)
    .text                                    0x0010055c   Section        0  depilogue.o(.text)
    [Anonymous Symbol]                       0x00100618   Section        0  clk.o(.text.CLK_EnableAPLL)
    [Anonymous Symbol]                       0x00100a30   Section        0  clk.o(.text.CLK_EnableModuleClock)
    [Anonymous Symbol]                       0x00100a54   Section        0  clk.o(.text.CLK_EnableXtalRC)
    [Anonymous Symbol]                       0x00100a64   Section        0  clk.o(.text.CLK_GetAPLL0ClockFreq)
    [Anonymous Symbol]                       0x00100ae8   Section        0  clk.o(.text.CLK_GetAPLL1ClockFreq)
    [Anonymous Symbol]                       0x00100b6c   Section        0  clk.o(.text.CLK_GetHCLK0Freq)
    [Anonymous Symbol]                       0x00100b70   Section        0  clk.o(.text.CLK_GetModuleClockDivider)
    [Anonymous Symbol]                       0x00100b94   Section        0  clk.o(.text.CLK_GetModuleClockSource)
    [Anonymous Symbol]                       0x00100bb8   Section        0  clk.o(.text.CLK_GetPCLK0Freq)
    [Anonymous Symbol]                       0x00100bd4   Section        0  clk.o(.text.CLK_GetPCLK1Freq)
    [Anonymous Symbol]                       0x00100bf0   Section        0  clk.o(.text.CLK_GetPCLK2Freq)
    [Anonymous Symbol]                       0x00100c0c   Section        0  clk.o(.text.CLK_GetPCLK3Freq)
    [Anonymous Symbol]                       0x00100c28   Section        0  clk.o(.text.CLK_SetBusClock)
    [Anonymous Symbol]                       0x00100dbc   Section        0  clk.o(.text.CLK_SetModuleClock)
    [Anonymous Symbol]                       0x00100e2c   Section        0  clk.o(.text.CLK_SetSCLK)
    [Anonymous Symbol]                       0x001011a0   Section        0  clk.o(.text.CLK_SystemClockUpdate)
    [Anonymous Symbol]                       0x00101278   Section        0  clk.o(.text.CLK_WaitClockReady)
    [Anonymous Symbol]                       0x001012c4   Section        0  startup_m55m1.o(.text.Default_Handler)
    [Anonymous Symbol]                       0x001012c8   Section        0  epwm.o(.text.EPWM_ConfigOutputChannel)
    [Anonymous Symbol]                       0x001014d4   Section        0  epwm.o(.text.EPWM_EnableOutput)
    [Anonymous Symbol]                       0x001014e0   Section        0  epwm.o(.text.EPWM_Start)
    [Anonymous Symbol]                       0x001014e8   Section        0  startup_m55m1.o(.text.HardFault_Handler)
    [Anonymous Symbol]                       0x00101504   Section        0  i2s.o(.text.I2S_GetSourceClockFreq)
    [Anonymous Symbol]                       0x00101608   Section        0  i2s.o(.text.I2S_Open)
    [Anonymous Symbol]                       0x00101718   Section        0  i2s.o(.text.I2S_SetFIFO)
    [Anonymous Symbol]                       0x00101734   Section        0  system_m55m1.o(.text.InitDebugUart)
    [Anonymous Symbol]                       0x00101744   Section        0  system_m55m1.o(.text.InitPreDefMPURegion)
    [Anonymous Symbol]                       0x00101d34   Section        0  pdma.o(.text.PDMA_EnableInt)
    [Anonymous Symbol]                       0x00101d80   Section        0  pdma.o(.text.PDMA_Open)
    [Anonymous Symbol]                       0x00101e40   Section        0  pdma.o(.text.PDMA_SetTransferMode)
    [Anonymous Symbol]                       0x00101f98   Section        0  retarget.o(.text.ProcessHardFault)
    [Anonymous Symbol]                       0x00102158   Section        0  startup_m55m1.o(.text.Reset_Handler)
    [Anonymous Symbol]                       0x001025cc   Section        0  startup_m55m1.o(.text.Reset_Handler_PreInit)
    [Anonymous Symbol]                       0x001025e8   Section        0  sys.o(.text.SYS_ResetModule)
    [Anonymous Symbol]                       0x00102644   Section        0  motor.o(.text.Servo_PWM_Init)
    [Anonymous Symbol]                       0x001026a8   Section        0  motor.o(.text.Servo_SetAngle)
    [Anonymous Symbol]                       0x00102710   Section        0  system_m55m1.o(.text.SetDebugUartCLK)
    [Anonymous Symbol]                       0x00102750   Section        0  system_m55m1.o(.text.SetDebugUartMFP)
    [Anonymous Symbol]                       0x0010276c   Section        0  system_m55m1.o(.text.SystemCoreClockUpdate)
    [Anonymous Symbol]                       0x001027a0   Section        0  system_m55m1.o(.text.SystemInit)
    [Anonymous Symbol]                       0x00102964   Section        0  uart.o(.text.UART_Open)
    _arm_radix4_butterfly_f32_mve            0x00102b71   Thumb Code   416  transformfunctions.o(.text._arm_radix4_butterfly_f32_mve)
    [Anonymous Symbol]                       0x00102b70   Section        0  transformfunctions.o(.text._arm_radix4_butterfly_f32_mve)
    _arm_radix4_butterfly_inverse_f32_mve    0x00102d21   Thumb Code   432  transformfunctions.o(.text._arm_radix4_butterfly_inverse_f32_mve)
    [Anonymous Symbol]                       0x00102d20   Section        0  transformfunctions.o(.text._arm_radix4_butterfly_inverse_f32_mve)
    [Anonymous Symbol]                       0x00102ee0   Section        0  transformfunctions.o(.text.arm_cfft_f32)
    [Anonymous Symbol]                       0x00103164   Section        0  transformfunctions.o(.text.arm_rfft_fast_f32)
    [Anonymous Symbol]                       0x00103598   Section        0  transformfunctions.o(.text.arm_rfft_fast_init_f32)
    [Anonymous Symbol]                       0x001038b0   Section        0  doa.o(.text.doa_init)
    [Anonymous Symbol]                       0x00103bec   Section        0  doa.o(.text.doa_process_one_frame)
    __arm_cp.3_12                            0x00104018   Number         4  doa.o(.text.doa_process_one_frame)
    __arm_cp.3_13                            0x00104294   Number         4  doa.o(.text.doa_process_one_frame)
    __arm_cp.3_14                            0x00104298   Number         4  doa.o(.text.doa_process_one_frame)
    [Anonymous Symbol]                       0x00104510   Section        0  retarget.o(.text.fputc)
    [Anonymous Symbol]                       0x00104560   Section        0  main.o(.text.main)
    i.__0printf                              0x00104b24   Section        0  printfa.o(i.__0printf)
    i.__ARM_fpclassifyf                      0x00104b44   Section        0  fpclassifyf.o(i.__ARM_fpclassifyf)
    i.__hardfp_asinf                         0x00104b6c   Section        0  asinf.o(i.__hardfp_asinf)
    i.__hardfp_cosf                          0x00104c98   Section        0  cosf.o(i.__hardfp_cosf)
    i.__mathlib_flt_infnan                   0x00104de8   Section        0  funder.o(i.__mathlib_flt_infnan)
    i.__mathlib_flt_invalid                  0x00104df0   Section        0  funder.o(i.__mathlib_flt_invalid)
    i.__mathlib_flt_underflow                0x00104e00   Section        0  funder.o(i.__mathlib_flt_underflow)
    i.__mathlib_rredf2                       0x00104e10   Section        0  rredf.o(i.__mathlib_rredf2)
    i.__scatterload_copy                     0x00104f64   Section       14  handlers.o(i.__scatterload_copy)
    i.__scatterload_null                     0x00104f72   Section        2  handlers.o(i.__scatterload_null)
    i.__scatterload_zeroinit                 0x00104f74   Section       14  handlers.o(i.__scatterload_zeroinit)
    i.__set_errno                            0x00104f84   Section        0  errno.o(i.__set_errno)
    _fp_digits                               0x00104f91   Thumb Code   366  printfa.o(i._fp_digits)
    i._fp_digits                             0x00104f90   Section        0  printfa.o(i._fp_digits)
    _printf_core                             0x00105115   Thumb Code  1744  printfa.o(i._printf_core)
    i._printf_core                           0x00105114   Section        0  printfa.o(i._printf_core)
    _printf_post_padding                     0x001057f1   Thumb Code    36  printfa.o(i._printf_post_padding)
    i._printf_post_padding                   0x001057f0   Section        0  printfa.o(i._printf_post_padding)
    _printf_pre_padding                      0x00105815   Thumb Code    46  printfa.o(i._printf_pre_padding)
    i._printf_pre_padding                    0x00105814   Section        0  printfa.o(i._printf_pre_padding)
    i.puts                                   0x00105844   Section        0  puts.o(i.puts)
    i.sqrtf                                  0x00105868   Section        0  sqrtf.o(i.sqrtf)
    twooverpi                                0x001058a8   Data          32  rredf.o(.constdata)
    .constdata                               0x001058a8   Section       32  rredf.o(.constdata)
    .L__const.UART_SelectIrDAMode.u32ClkTbl  0x001058c8   Data          20  uart.o(.rodata..L__const.UART_SelectIrDAMode.u32ClkTbl)
    .Lswitch.table.CLK_SystemClockUpdate     0x00107754   Data          16  clk.o(.rodata.cst16)
    .L__const.CLK_GetAPLL1ClockFreq.au8NoTbl 0x00107764   Data           4  clk.o(.rodata.cst4)
    .L.str.5                                 0x0010a210   Data          32  retarget.o(.rodata.str1.1)
    [Anonymous Symbol]                       0x0010a210   Section        0  retarget.o(.rodata.str1.1)
    .L.str.9                                 0x0010a230   Data          31  retarget.o(.rodata.str1.1)
    .L.str.8                                 0x0010a24f   Data          29  retarget.o(.rodata.str1.1)
    .L.str.10                                0x0010a26c   Data          25  retarget.o(.rodata.str1.1)
    .L.str.4                                 0x0010a285   Data          27  retarget.o(.rodata.str1.1)
    .Lstr                                    0x0010a2a0   Data          21  retarget.o(.rodata.str1.1)
    .L.str.6                                 0x0010a2b5   Data           4  retarget.o(.rodata.str1.1)
    .L.str.7                                 0x0010a2b9   Data           4  retarget.o(.rodata.str1.1)
    .Lstr.16                                 0x0010a2bd   Data          23  retarget.o(.rodata.str1.1)
    .L.str.1                                 0x0010a2d4   Data          14  doa.o(.rodata.str1.1)
    [Anonymous Symbol]                       0x0010a2d4   Section        0  doa.o(.rodata.str1.1)
    .init_array                              0x0011a238   Section        0  cpp_init.o(.init_array)
    .data                                    0x20100000   Section        4  stdout.o(.data)
    _errno                                   0x20100004   Data           4  errno.o(.data)
    .data                                    0x20100004   Section        4  errno.o(.data)
    BufferIndex                              0x20100014   Data           1  main.o(.bss.BufferIndex)
    [Anonymous Symbol]                       0x20100014   Section        0  main.o(.bss.BufferIndex)
    Frame_Index                              0x20100015   Data           1  main.o(.bss.Frame_Index)
    [Anonymous Symbol]                       0x20100015   Section        0  main.o(.bss.Frame_Index)
    cpsd_packed                              0x2010001c   Data        1024  doa.o(.bss.cpsd_packed)
    [Anonymous Symbol]                       0x2010001c   Section        0  doa.o(.bss.cpsd_packed)
    g_NewFrame                               0x2010181c   Data           1  main.o(.bss.g_NewFrame)
    [Anonymous Symbol]                       0x2010181c   Section        0  main.o(.bss.g_NewFrame)
    g_NewFrame1                              0x2010181d   Data           1  main.o(.bss.g_NewFrame1)
    [Anonymous Symbol]                       0x2010181d   Section        0  main.o(.bss.g_NewFrame1)
    g_RxBufIdx                               0x2010181e   Data           1  main.o(.bss.g_RxBufIdx)
    [Anonymous Symbol]                       0x2010181e   Section        0  main.o(.bss.g_RxBufIdx)
    g_RxBufIdx1                              0x2010181f   Data           1  main.o(.bss.g_RxBufIdx1)
    [Anonymous Symbol]                       0x2010181f   Section        0  main.o(.bss.g_RxBufIdx1)
    g_rfft                                   0x20101820   Data          48  doa.o(.bss.g_rfft)
    [Anonymous Symbol]                       0x20101820   Section        0  doa.o(.bss.g_rfft)
    g_state                                  0x20101850   Data           1  main.o(.bss.g_state)
    [Anonymous Symbol]                       0x20101850   Section        0  main.o(.bss.g_state)
    ifft_time_tmp                            0x20101c5c   Data        1024  doa.o(.bss.ifft_time_tmp)
    [Anonymous Symbol]                       0x20101c5c   Section        0  doa.o(.bss.ifft_time_tmp)
    lBuffer                                  0x2010205c   Data        1024  main.o(.bss.lBuffer)
    [Anonymous Symbol]                       0x2010205c   Section        0  main.o(.bss.lBuffer)
    rBuffer                                  0x2010285c   Data        1024  main.o(.bss.rBuffer)
    [Anonymous Symbol]                       0x2010285c   Section        0  main.o(.bss.rBuffer)
    specL_packed                             0x2010305c   Data        1024  doa.o(.bss.specL_packed)
    [Anonymous Symbol]                       0x2010305c   Section        0  doa.o(.bss.specL_packed)
    specR_packed                             0x2010345c   Data        1024  doa.o(.bss.specR_packed)
    [Anonymous Symbol]                       0x2010345c   Section        0  doa.o(.bss.specR_packed)
    u32ChSelect                              0x2010385c   Data          64  pdma.o(.bss.u32ChSelect)
    [Anonymous Symbol]                       0x2010385c   Section        0  pdma.o(.bss.u32ChSelect)
    g_PcmRxBuf                               0x20230000   Data         512  main.o(.bss.NonCacheable.ZeroInit)
    [Anonymous Symbol]                       0x20230000   Section        0  main.o(.bss.NonCacheable.ZeroInit)
    g_RxDesc                                 0x20230200   Data          32  main.o(.bss.NonCacheable.ZeroInit)

    Global Symbols

    Symbol Name                              Value     Ov Type        Size  Object(Section)

    BuildAttributes$$THM_ISAv4$E$P$D$K$B$S$7EM$v8.1M$VFPv5_D16$PE$MVEf$A:L22UL41UL21$X:L11$S22US41US21$IEEE1$IW$USESV6$~STKCKD$USESV7$~SHL$OTIME$ROPI$IEEEX$MICROLIB$REQ8$PRES8$EABIv2 0x00000000   Number         0  anon$$obj.o ABSOLUTE
    PDMA0_IRQHandler                         0x00000001   Thumb Code   104  main.o(ITCM)
    _printf_a                                0x00000000   Number         0  printfstubs.o ABSOLUTE
    _printf_c                                0x00000000   Number         0  printfstubs.o ABSOLUTE
    _printf_charcount                        0x00000000   Number         0  printfstubs.o ABSOLUTE
    _printf_d                                0x00000000   Number         0  printfstubs.o ABSOLUTE
    _printf_e                                0x00000000   Number         0  printfstubs.o ABSOLUTE
    _printf_f                                0x00000000   Number         0  printfstubs.o ABSOLUTE
    _printf_flags                            0x00000000   Number         0  printfstubs.o ABSOLUTE
    _printf_fp_dec                           0x00000000   Number         0  printfstubs.o ABSOLUTE
    _printf_fp_hex                           0x00000000   Number         0  printfstubs.o ABSOLUTE
    _printf_g                                0x00000000   Number         0  printfstubs.o ABSOLUTE
    _printf_i                                0x00000000   Number         0  printfstubs.o ABSOLUTE
    _printf_int_dec                          0x00000000   Number         0  printfstubs.o ABSOLUTE
    _printf_l                                0x00000000   Number         0  printfstubs.o ABSOLUTE
    _printf_lc                               0x00000000   Number         0  printfstubs.o ABSOLUTE
    _printf_ll                               0x00000000   Number         0  printfstubs.o ABSOLUTE
    _printf_lld                              0x00000000   Number         0  printfstubs.o ABSOLUTE
    _printf_lli                              0x00000000   Number         0  printfstubs.o ABSOLUTE
    _printf_llo                              0x00000000   Number         0  printfstubs.o ABSOLUTE
    _printf_llu                              0x00000000   Number         0  printfstubs.o ABSOLUTE
    _printf_llx                              0x00000000   Number         0  printfstubs.o ABSOLUTE
    _printf_longlong_dec                     0x00000000   Number         0  printfstubs.o ABSOLUTE
    _printf_longlong_hex                     0x00000000   Number         0  printfstubs.o ABSOLUTE
    _printf_longlong_oct                     0x00000000   Number         0  printfstubs.o ABSOLUTE
    _printf_ls                               0x00000000   Number         0  printfstubs.o ABSOLUTE
    _printf_mbtowc                           0x00000000   Number         0  printfstubs.o ABSOLUTE
    _printf_n                                0x00000000   Number         0  printfstubs.o ABSOLUTE
    _printf_o                                0x00000000   Number         0  printfstubs.o ABSOLUTE
    _printf_p                                0x00000000   Number         0  printfstubs.o ABSOLUTE
    _printf_percent                          0x00000000   Number         0  printfstubs.o ABSOLUTE
    _printf_pre_padding                      0x00000000   Number         0  printfstubs.o ABSOLUTE
    _printf_return_value                     0x00000000   Number         0  printfstubs.o ABSOLUTE
    _printf_s                                0x00000000   Number         0  printfstubs.o ABSOLUTE
    _printf_sizespec                         0x00000000   Number         0  printfstubs.o ABSOLUTE
    _printf_str                              0x00000000   Number         0  printfstubs.o ABSOLUTE
    _printf_truncate_signed                  0x00000000   Number         0  printfstubs.o ABSOLUTE
    _printf_truncate_unsigned                0x00000000   Number         0  printfstubs.o ABSOLUTE
    _printf_u                                0x00000000   Number         0  printfstubs.o ABSOLUTE
    _printf_wc                               0x00000000   Number         0  printfstubs.o ABSOLUTE
    _printf_wctomb                           0x00000000   Number         0  printfstubs.o ABSOLUTE
    _printf_widthprec                        0x00000000   Number         0  printfstubs.o ABSOLUTE
    _printf_x                                0x00000000   Number         0  printfstubs.o ABSOLUTE
    __cxa_finalize                            - Undefined Weak Reference
    __decompress                              - Undefined Weak Reference
    _clock_init                               - Undefined Weak Reference
    _microlib_exit                            - Undefined Weak Reference
    __Vectors                                0x00100000   Data          64  startup_m55m1.o(RESET)
    __main                                   0x00100041   Thumb Code     0  entry.o(.ARM.Collect$$$$00000000)
    _main_stk                                0x00100041   Thumb Code     0  entry4.o(.ARM.Collect$$$$00000003)
    _main_scatterload                        0x00100045   Thumb Code     0  entry5.o(.ARM.Collect$$$$00000004)
    __main_after_scatterload                 0x00100049   Thumb Code     0  entry5.o(.ARM.Collect$$$$00000004)
    _main_clock                              0x00100049   Thumb Code     0  entry7b.o(.ARM.Collect$$$$00000008)
    _main_cpp_init$empty                     0x00100049   Thumb Code     0  entry8a.o(.ARM.Collect$$$$00000009)
    _main_cpp_init                           0x0010004d   Thumb Code     0  entry8b.o(.ARM.Collect$$$$0000000A)
    _main_init                               0x0010004d   Thumb Code     0  entry9a.o(.ARM.Collect$$$$0000000B)
    __rt_final_cpp                           0x00100055   Thumb Code     0  entry10a.o(.ARM.Collect$$$$0000000D)
    __rt_final_exit                          0x00100055   Thumb Code     0  entry11a.o(.ARM.Collect$$$$0000000F)
    __aeabi_uldivmod                         0x00100059   Thumb Code    98  uldiv.o(.text)
    __aeabi_memcpy                           0x001000bb   Thumb Code    36  memcpya.o(.text)
    __aeabi_memcpy4                          0x001000bb   Thumb Code     0  memcpya.o(.text)
    __aeabi_memcpy8                          0x001000bb   Thumb Code     0  memcpya.o(.text)
    __aeabi_memset                           0x001000df   Thumb Code    14  memseta.o(.text)
    __aeabi_memset4                          0x001000df   Thumb Code     0  memseta.o(.text)
    __aeabi_memset8                          0x001000df   Thumb Code     0  memseta.o(.text)
    __aeabi_memclr                           0x001000ed   Thumb Code     4  memseta.o(.text)
    __aeabi_memclr4                          0x001000ed   Thumb Code     0  memseta.o(.text)
    __aeabi_memclr8                          0x001000ed   Thumb Code     0  memseta.o(.text)
    _memset$wrapper                          0x001000f1   Thumb Code    18  memseta.o(.text)
    __cpp_initialize__aeabi_                 0x00100105   Thumb Code    32  cpp_init.o(.text)
    __aeabi_uidiv                            0x0010012d   Thumb Code     0  uidiv.o(.text)
    __aeabi_uidivmod                         0x0010012d   Thumb Code    44  uidiv.o(.text)
    __aeabi_llsl                             0x00100159   Thumb Code    30  llshl.o(.text)
    _ll_shift_l                              0x00100159   Thumb Code     0  llshl.o(.text)
    __aeabi_llsr                             0x00100177   Thumb Code    32  llushr.o(.text)
    _ll_ushift_r                             0x00100177   Thumb Code     0  llushr.o(.text)
    __I$use$fp                               0x00100197   Thumb Code     0  iusefp.o(.text)
    __aeabi_dadd                             0x00100197   Thumb Code   322  dadd.o(.text)
    __aeabi_dsub                             0x001002d9   Thumb Code     6  dadd.o(.text)
    __aeabi_drsub                            0x001002df   Thumb Code     6  dadd.o(.text)
    __aeabi_dmul                             0x001002e5   Thumb Code   228  dmul.o(.text)
    __aeabi_ddiv                             0x001003c9   Thumb Code   222  ddiv.o(.text)
    __aeabi_d2ulz                            0x001004a7   Thumb Code    48  dfixul.o(.text)
    __aeabi_cdrcmple                         0x001004d9   Thumb Code    48  cdrcmple.o(.text)
    __scatterload                            0x00100509   Thumb Code    38  init.o(.text)
    __scatterload_rt2                        0x00100509   Thumb Code     0  init.o(.text)
    __aeabi_lasr                             0x00100539   Thumb Code    36  llsshr.o(.text)
    _ll_sshift_r                             0x00100539   Thumb Code     0  llsshr.o(.text)
    _double_round                            0x0010055d   Thumb Code    30  depilogue.o(.text)
    _double_epilogue                         0x0010057b   Thumb Code   156  depilogue.o(.text)
    CLK_EnableAPLL                           0x00100619   Thumb Code  1046  clk.o(.text.CLK_EnableAPLL)
    CLK_EnableModuleClock                    0x00100a31   Thumb Code    36  clk.o(.text.CLK_EnableModuleClock)
    CLK_EnableXtalRC                         0x00100a55   Thumb Code    16  clk.o(.text.CLK_EnableXtalRC)
    CLK_GetAPLL0ClockFreq                    0x00100a65   Thumb Code   130  clk.o(.text.CLK_GetAPLL0ClockFreq)
    CLK_GetAPLL1ClockFreq                    0x00100ae9   Thumb Code   130  clk.o(.text.CLK_GetAPLL1ClockFreq)
    CLK_GetHCLK0Freq                         0x00100b6d   Thumb Code     4  clk.o(.text.CLK_GetHCLK0Freq)
    CLK_GetModuleClockDivider                0x00100b71   Thumb Code    36  clk.o(.text.CLK_GetModuleClockDivider)
    CLK_GetModuleClockSource                 0x00100b95   Thumb Code    34  clk.o(.text.CLK_GetModuleClockSource)
    CLK_GetPCLK0Freq                         0x00100bb9   Thumb Code    28  clk.o(.text.CLK_GetPCLK0Freq)
    CLK_GetPCLK1Freq                         0x00100bd5   Thumb Code    28  clk.o(.text.CLK_GetPCLK1Freq)
    CLK_GetPCLK2Freq                         0x00100bf1   Thumb Code    28  clk.o(.text.CLK_GetPCLK2Freq)
    CLK_GetPCLK3Freq                         0x00100c0d   Thumb Code    28  clk.o(.text.CLK_GetPCLK3Freq)
    CLK_SetBusClock                          0x00100c29   Thumb Code   404  clk.o(.text.CLK_SetBusClock)
    CLK_SetModuleClock                       0x00100dbd   Thumb Code   110  clk.o(.text.CLK_SetModuleClock)
    CLK_SetSCLK                              0x00100e2d   Thumb Code   882  clk.o(.text.CLK_SetSCLK)
    CLK_SystemClockUpdate                    0x001011a1   Thumb Code   196  clk.o(.text.CLK_SystemClockUpdate)
    CLK_WaitClockReady                       0x00101279   Thumb Code    76  clk.o(.text.CLK_WaitClockReady)
    ACMP01_IRQHandler                        0x001012c5   Thumb Code     2  startup_m55m1.o(.text.Default_Handler)
    ACMP23_IRQHandler                        0x001012c5   Thumb Code     2  startup_m55m1.o(.text.Default_Handler)
    AWF_IRQHandler                           0x001012c5   Thumb Code     2  startup_m55m1.o(.text.Default_Handler)
    BODOUT_IRQHandler                        0x001012c5   Thumb Code     2  startup_m55m1.o(.text.Default_Handler)
    BPWM0_IRQHandler                         0x001012c5   Thumb Code     2  startup_m55m1.o(.text.Default_Handler)
    BPWM1_IRQHandler                         0x001012c5   Thumb Code     2  startup_m55m1.o(.text.Default_Handler)
    BRAKE0_IRQHandler                        0x001012c5   Thumb Code     2  startup_m55m1.o(.text.Default_Handler)
    BRAKE1_IRQHandler                        0x001012c5   Thumb Code     2  startup_m55m1.o(.text.Default_Handler)
    BusFault_Handler                         0x001012c5   Thumb Code     2  startup_m55m1.o(.text.Default_Handler)
    CANFD00_IRQHandler                       0x001012c5   Thumb Code     2  startup_m55m1.o(.text.Default_Handler)
    CANFD01_IRQHandler                       0x001012c5   Thumb Code     2  startup_m55m1.o(.text.Default_Handler)
    CANFD10_IRQHandler                       0x001012c5   Thumb Code     2  startup_m55m1.o(.text.Default_Handler)
    CANFD11_IRQHandler                       0x001012c5   Thumb Code     2  startup_m55m1.o(.text.Default_Handler)
    CCAP_IRQHandler                          0x001012c5   Thumb Code     2  startup_m55m1.o(.text.Default_Handler)
    CKFAIL_IRQHandler                        0x001012c5   Thumb Code     2  startup_m55m1.o(.text.Default_Handler)
    CRC_IRQHandler                           0x001012c5   Thumb Code     2  startup_m55m1.o(.text.Default_Handler)
    CRYPTO_IRQHandler                        0x001012c5   Thumb Code     2  startup_m55m1.o(.text.Default_Handler)
    DAC01_IRQHandler                         0x001012c5   Thumb Code     2  startup_m55m1.o(.text.Default_Handler)
    DMIC0VAD_IRQHandler                      0x001012c5   Thumb Code     2  startup_m55m1.o(.text.Default_Handler)
    DMIC0_IRQHandler                         0x001012c5   Thumb Code     2  startup_m55m1.o(.text.Default_Handler)
    DebugMon_Handler                         0x001012c5   Thumb Code     2  startup_m55m1.o(.text.Default_Handler)
    Default_Handler                          0x001012c5   Thumb Code     2  startup_m55m1.o(.text.Default_Handler)
    EADC00_IRQHandler                        0x001012c5   Thumb Code     2  startup_m55m1.o(.text.Default_Handler)
    EADC01_IRQHandler                        0x001012c5   Thumb Code     2  startup_m55m1.o(.text.Default_Handler)
    EADC02_IRQHandler                        0x001012c5   Thumb Code     2  startup_m55m1.o(.text.Default_Handler)
    EADC03_IRQHandler                        0x001012c5   Thumb Code     2  startup_m55m1.o(.text.Default_Handler)
    ECAP0_IRQHandler                         0x001012c5   Thumb Code     2  startup_m55m1.o(.text.Default_Handler)
    ECAP1_IRQHandler                         0x001012c5   Thumb Code     2  startup_m55m1.o(.text.Default_Handler)
    ECAP2_IRQHandler                         0x001012c5   Thumb Code     2  startup_m55m1.o(.text.Default_Handler)
    ECAP3_IRQHandler                         0x001012c5   Thumb Code     2  startup_m55m1.o(.text.Default_Handler)
    EINT0_IRQHandler                         0x001012c5   Thumb Code     2  startup_m55m1.o(.text.Default_Handler)
    EINT1_IRQHandler                         0x001012c5   Thumb Code     2  startup_m55m1.o(.text.Default_Handler)
    EINT2_IRQHandler                         0x001012c5   Thumb Code     2  startup_m55m1.o(.text.Default_Handler)
    EINT3_IRQHandler                         0x001012c5   Thumb Code     2  startup_m55m1.o(.text.Default_Handler)
    EINT4_IRQHandler                         0x001012c5   Thumb Code     2  startup_m55m1.o(.text.Default_Handler)
    EINT5_IRQHandler                         0x001012c5   Thumb Code     2  startup_m55m1.o(.text.Default_Handler)
    EINT6_IRQHandler                         0x001012c5   Thumb Code     2  startup_m55m1.o(.text.Default_Handler)
    EINT7_IRQHandler                         0x001012c5   Thumb Code     2  startup_m55m1.o(.text.Default_Handler)
    EMAC0_IRQHandler                         0x001012c5   Thumb Code     2  startup_m55m1.o(.text.Default_Handler)
    EPWM0P0_IRQHandler                       0x001012c5   Thumb Code     2  startup_m55m1.o(.text.Default_Handler)
    EPWM0P1_IRQHandler                       0x001012c5   Thumb Code     2  startup_m55m1.o(.text.Default_Handler)
    EPWM0P2_IRQHandler                       0x001012c5   Thumb Code     2  startup_m55m1.o(.text.Default_Handler)
    EPWM1P0_IRQHandler                       0x001012c5   Thumb Code     2  startup_m55m1.o(.text.Default_Handler)
    EPWM1P1_IRQHandler                       0x001012c5   Thumb Code     2  startup_m55m1.o(.text.Default_Handler)
    EPWM1P2_IRQHandler                       0x001012c5   Thumb Code     2  startup_m55m1.o(.text.Default_Handler)
    EQEI0_IRQHandler                         0x001012c5   Thumb Code     2  startup_m55m1.o(.text.Default_Handler)
    EQEI1_IRQHandler                         0x001012c5   Thumb Code     2  startup_m55m1.o(.text.Default_Handler)
    EQEI2_IRQHandler                         0x001012c5   Thumb Code     2  startup_m55m1.o(.text.Default_Handler)
    EQEI3_IRQHandler                         0x001012c5   Thumb Code     2  startup_m55m1.o(.text.Default_Handler)
    GDMACH0_IRQHandler                       0x001012c5   Thumb Code     2  startup_m55m1.o(.text.Default_Handler)
    GDMACH1_IRQHandler                       0x001012c5   Thumb Code     2  startup_m55m1.o(.text.Default_Handler)
    GPA_IRQHandler                           0x001012c5   Thumb Code     2  startup_m55m1.o(.text.Default_Handler)
    GPB_IRQHandler                           0x001012c5   Thumb Code     2  startup_m55m1.o(.text.Default_Handler)
    GPC_IRQHandler                           0x001012c5   Thumb Code     2  startup_m55m1.o(.text.Default_Handler)
    GPD_IRQHandler                           0x001012c5   Thumb Code     2  startup_m55m1.o(.text.Default_Handler)
    GPE_IRQHandler                           0x001012c5   Thumb Code     2  startup_m55m1.o(.text.Default_Handler)
    GPF_IRQHandler                           0x001012c5   Thumb Code     2  startup_m55m1.o(.text.Default_Handler)
    GPG_IRQHandler                           0x001012c5   Thumb Code     2  startup_m55m1.o(.text.Default_Handler)
    GPH_IRQHandler                           0x001012c5   Thumb Code     2  startup_m55m1.o(.text.Default_Handler)
    GPI_IRQHandler                           0x001012c5   Thumb Code     2  startup_m55m1.o(.text.Default_Handler)
    GPJ_IRQHandler                           0x001012c5   Thumb Code     2  startup_m55m1.o(.text.Default_Handler)
    HSOTG_IRQHandler                         0x001012c5   Thumb Code     2  startup_m55m1.o(.text.Default_Handler)
    HSUSBD_IRQHandler                        0x001012c5   Thumb Code     2  startup_m55m1.o(.text.Default_Handler)
    HSUSBH_IRQHandler                        0x001012c5   Thumb Code     2  startup_m55m1.o(.text.Default_Handler)
    I2C0_IRQHandler                          0x001012c5   Thumb Code     2  startup_m55m1.o(.text.Default_Handler)
    I2C1_IRQHandler                          0x001012c5   Thumb Code     2  startup_m55m1.o(.text.Default_Handler)
    I2C2_IRQHandler                          0x001012c5   Thumb Code     2  startup_m55m1.o(.text.Default_Handler)
    I2C3_IRQHandler                          0x001012c5   Thumb Code     2  startup_m55m1.o(.text.Default_Handler)
    I2S0_IRQHandler                          0x001012c5   Thumb Code     2  startup_m55m1.o(.text.Default_Handler)
    I2S1_IRQHandler                          0x001012c5   Thumb Code     2  startup_m55m1.o(.text.Default_Handler)
    I3C0_IRQHandler                          0x001012c5   Thumb Code     2  startup_m55m1.o(.text.Default_Handler)
    IRC_IRQHandler                           0x001012c5   Thumb Code     2  startup_m55m1.o(.text.Default_Handler)
    ISP_IRQHandler                           0x001012c5   Thumb Code     2  startup_m55m1.o(.text.Default_Handler)
    KPI_IRQHandler                           0x001012c5   Thumb Code     2  startup_m55m1.o(.text.Default_Handler)
    KS_IRQHandler                            0x001012c5   Thumb Code     2  startup_m55m1.o(.text.Default_Handler)
    LPADC0_IRQHandler                        0x001012c5   Thumb Code     2  startup_m55m1.o(.text.Default_Handler)
    LPI2C0_IRQHandler                        0x001012c5   Thumb Code     2  startup_m55m1.o(.text.Default_Handler)
    LPPDMA_IRQHandler                        0x001012c5   Thumb Code     2  startup_m55m1.o(.text.Default_Handler)
    LPSPI0_IRQHandler                        0x001012c5   Thumb Code     2  startup_m55m1.o(.text.Default_Handler)
    LPTMR0_IRQHandler                        0x001012c5   Thumb Code     2  startup_m55m1.o(.text.Default_Handler)
    LPTMR1_IRQHandler                        0x001012c5   Thumb Code     2  startup_m55m1.o(.text.Default_Handler)
    LPUART0_IRQHandler                       0x001012c5   Thumb Code     2  startup_m55m1.o(.text.Default_Handler)
    MemManage_Handler                        0x001012c5   Thumb Code     2  startup_m55m1.o(.text.Default_Handler)
    NMI_Handler                              0x001012c5   Thumb Code     2  startup_m55m1.o(.text.Default_Handler)
    NPU_IRQHandler                           0x001012c5   Thumb Code     2  startup_m55m1.o(.text.Default_Handler)
    OTFC0_IRQHandler                         0x001012c5   Thumb Code     2  startup_m55m1.o(.text.Default_Handler)
    PDMA1_IRQHandler                         0x001012c5   Thumb Code     2  startup_m55m1.o(.text.Default_Handler)
    PMC_IRQHandler                           0x001012c5   Thumb Code     2  startup_m55m1.o(.text.Default_Handler)
    PSIO_IRQHandler                          0x001012c5   Thumb Code     2  startup_m55m1.o(.text.Default_Handler)
    PendSV_Handler                           0x001012c5   Thumb Code     2  startup_m55m1.o(.text.Default_Handler)
    QSPI0_IRQHandler                         0x001012c5   Thumb Code     2  startup_m55m1.o(.text.Default_Handler)
    QSPI1_IRQHandler                         0x001012c5   Thumb Code     2  startup_m55m1.o(.text.Default_Handler)
    RTCTAMPER_IRQHandler                     0x001012c5   Thumb Code     2  startup_m55m1.o(.text.Default_Handler)
    RTC_IRQHandler                           0x001012c5   Thumb Code     2  startup_m55m1.o(.text.Default_Handler)
    SC0_IRQHandler                           0x001012c5   Thumb Code     2  startup_m55m1.o(.text.Default_Handler)
    SC1_IRQHandler                           0x001012c5   Thumb Code     2  startup_m55m1.o(.text.Default_Handler)
    SC2_IRQHandler                           0x001012c5   Thumb Code     2  startup_m55m1.o(.text.Default_Handler)
    SCU_IRQHandler                           0x001012c5   Thumb Code     2  startup_m55m1.o(.text.Default_Handler)
    SDH0_IRQHandler                          0x001012c5   Thumb Code     2  startup_m55m1.o(.text.Default_Handler)
    SDH1_IRQHandler                          0x001012c5   Thumb Code     2  startup_m55m1.o(.text.Default_Handler)
    SPI0_IRQHandler                          0x001012c5   Thumb Code     2  startup_m55m1.o(.text.Default_Handler)
    SPI1_IRQHandler                          0x001012c5   Thumb Code     2  startup_m55m1.o(.text.Default_Handler)
    SPI2_IRQHandler                          0x001012c5   Thumb Code     2  startup_m55m1.o(.text.Default_Handler)
    SPI3_IRQHandler                          0x001012c5   Thumb Code     2  startup_m55m1.o(.text.Default_Handler)
    SPIM0_IRQHandler                         0x001012c5   Thumb Code     2  startup_m55m1.o(.text.Default_Handler)
    SRAMPERR_IRQHandler                      0x001012c5   Thumb Code     2  startup_m55m1.o(.text.Default_Handler)
    SVC_Handler                              0x001012c5   Thumb Code     2  startup_m55m1.o(.text.Default_Handler)
    SecureFault_Handler                      0x001012c5   Thumb Code     2  startup_m55m1.o(.text.Default_Handler)
    SysTick_Handler                          0x001012c5   Thumb Code     2  startup_m55m1.o(.text.Default_Handler)
    TIMER0_IRQHandler                        0x001012c5   Thumb Code     2  startup_m55m1.o(.text.Default_Handler)
    TIMER1_IRQHandler                        0x001012c5   Thumb Code     2  startup_m55m1.o(.text.Default_Handler)
    TIMER2_IRQHandler                        0x001012c5   Thumb Code     2  startup_m55m1.o(.text.Default_Handler)
    TIMER3_IRQHandler                        0x001012c5   Thumb Code     2  startup_m55m1.o(.text.Default_Handler)
    TRNG_IRQHandler                          0x001012c5   Thumb Code     2  startup_m55m1.o(.text.Default_Handler)
    TTMR0_IRQHandler                         0x001012c5   Thumb Code     2  startup_m55m1.o(.text.Default_Handler)
    TTMR1_IRQHandler                         0x001012c5   Thumb Code     2  startup_m55m1.o(.text.Default_Handler)
    UART0_IRQHandler                         0x001012c5   Thumb Code     2  startup_m55m1.o(.text.Default_Handler)
    UART1_IRQHandler                         0x001012c5   Thumb Code     2  startup_m55m1.o(.text.Default_Handler)
    UART2_IRQHandler                         0x001012c5   Thumb Code     2  startup_m55m1.o(.text.Default_Handler)
    UART3_IRQHandler                         0x001012c5   Thumb Code     2  startup_m55m1.o(.text.Default_Handler)
    UART4_IRQHandler                         0x001012c5   Thumb Code     2  startup_m55m1.o(.text.Default_Handler)
    UART5_IRQHandler                         0x001012c5   Thumb Code     2  startup_m55m1.o(.text.Default_Handler)
    UART6_IRQHandler                         0x001012c5   Thumb Code     2  startup_m55m1.o(.text.Default_Handler)
    UART7_IRQHandler                         0x001012c5   Thumb Code     2  startup_m55m1.o(.text.Default_Handler)
    UART8_IRQHandler                         0x001012c5   Thumb Code     2  startup_m55m1.o(.text.Default_Handler)
    UART9_IRQHandler                         0x001012c5   Thumb Code     2  startup_m55m1.o(.text.Default_Handler)
    USBD_IRQHandler                          0x001012c5   Thumb Code     2  startup_m55m1.o(.text.Default_Handler)
    USBH0_IRQHandler                         0x001012c5   Thumb Code     2  startup_m55m1.o(.text.Default_Handler)
    USBH1_IRQHandler                         0x001012c5   Thumb Code     2  startup_m55m1.o(.text.Default_Handler)
    USBOTG_IRQHandler                        0x001012c5   Thumb Code     2  startup_m55m1.o(.text.Default_Handler)
    USCI0_IRQHandler                         0x001012c5   Thumb Code     2  startup_m55m1.o(.text.Default_Handler)
    UTCPD_IRQHandler                         0x001012c5   Thumb Code     2  startup_m55m1.o(.text.Default_Handler)
    UsageFault_Handler                       0x001012c5   Thumb Code     2  startup_m55m1.o(.text.Default_Handler)
    WDT0_IRQHandler                          0x001012c5   Thumb Code     2  startup_m55m1.o(.text.Default_Handler)
    WDT1_IRQHandler                          0x001012c5   Thumb Code     2  startup_m55m1.o(.text.Default_Handler)
    WWDT0_IRQHandler                         0x001012c5   Thumb Code     2  startup_m55m1.o(.text.Default_Handler)
    WWDT1_IRQHandler                         0x001012c5   Thumb Code     2  startup_m55m1.o(.text.Default_Handler)
    EPWM_ConfigOutputChannel                 0x001012c9   Thumb Code   524  epwm.o(.text.EPWM_ConfigOutputChannel)
    EPWM_EnableOutput                        0x001014d5   Thumb Code    12  epwm.o(.text.EPWM_EnableOutput)
    EPWM_Start                               0x001014e1   Thumb Code     8  epwm.o(.text.EPWM_Start)
    HardFault_Handler                        0x001014e9   Thumb Code    26  startup_m55m1.o(.text.HardFault_Handler)
    I2S_GetSourceClockFreq                   0x00101505   Thumb Code   260  i2s.o(.text.I2S_GetSourceClockFreq)
    I2S_Open                                 0x00101609   Thumb Code   270  i2s.o(.text.I2S_Open)
    I2S_SetFIFO                              0x00101719   Thumb Code    26  i2s.o(.text.I2S_SetFIFO)
    InitDebugUart                            0x00101735   Thumb Code    16  system_m55m1.o(.text.InitDebugUart)
    InitPreDefMPURegion                      0x00101745   Thumb Code  1520  system_m55m1.o(.text.InitPreDefMPURegion)
    PDMA_EnableInt                           0x00101d35   Thumb Code    74  pdma.o(.text.PDMA_EnableInt)
    PDMA_Open                                0x00101d81   Thumb Code   192  pdma.o(.text.PDMA_Open)
    PDMA_SetTransferMode                     0x00101e41   Thumb Code   342  pdma.o(.text.PDMA_SetTransferMode)
    ProcessHardFault                         0x00101f99   Thumb Code   328  retarget.o(.text.ProcessHardFault)
    Reset_Handler                            0x00102159   Thumb Code  1140  startup_m55m1.o(.text.Reset_Handler)
    Reset_Handler_PreInit                    0x001025cd   Thumb Code    26  startup_m55m1.o(.text.Reset_Handler_PreInit)
    SYS_ResetModule                          0x001025e9   Thumb Code    90  sys.o(.text.SYS_ResetModule)
    Servo_PWM_Init                           0x00102645   Thumb Code    98  motor.o(.text.Servo_PWM_Init)
    Servo_SetAngle                           0x001026a9   Thumb Code    84  motor.o(.text.Servo_SetAngle)
    SetDebugUartCLK                          0x00102711   Thumb Code    62  system_m55m1.o(.text.SetDebugUartCLK)
    SetDebugUartMFP                          0x00102751   Thumb Code    28  system_m55m1.o(.text.SetDebugUartMFP)
    SystemCoreClockUpdate                    0x0010276d   Thumb Code    50  system_m55m1.o(.text.SystemCoreClockUpdate)
    SystemInit                               0x001027a1   Thumb Code   452  system_m55m1.o(.text.SystemInit)
    UART_Open                                0x00102965   Thumb Code   518  uart.o(.text.UART_Open)
    arm_cfft_f32                             0x00102ee1   Thumb Code   608  transformfunctions.o(.text.arm_cfft_f32)
    arm_rfft_fast_f32                        0x00103165   Thumb Code  1074  transformfunctions.o(.text.arm_rfft_fast_f32)
    arm_rfft_fast_init_f32                   0x00103599   Thumb Code   790  transformfunctions.o(.text.arm_rfft_fast_init_f32)
    doa_init                                 0x001038b1   Thumb Code   768  doa.o(.text.doa_init)
    doa_process_one_frame                    0x00103bed   Thumb Code  2308  doa.o(.text.doa_process_one_frame)
    fputc                                    0x00104511   Thumb Code    78  retarget.o(.text.fputc)
    main                                     0x00104561   Thumb Code  1372  main.o(.text.main)
    __0printf                                0x00104b25   Thumb Code    22  printfa.o(i.__0printf)
    __1printf                                0x00104b25   Thumb Code     0  printfa.o(i.__0printf)
    __2printf                                0x00104b25   Thumb Code     0  printfa.o(i.__0printf)
    __c89printf                              0x00104b25   Thumb Code     0  printfa.o(i.__0printf)
    printf                                   0x00104b25   Thumb Code     0  printfa.o(i.__0printf)
    __ARM_fpclassifyf                        0x00104b45   Thumb Code    38  fpclassifyf.o(i.__ARM_fpclassifyf)
    __hardfp_asinf                           0x00104b6d   Thumb Code   258  asinf.o(i.__hardfp_asinf)
    __hardfp_cosf                            0x00104c99   Thumb Code   280  cosf.o(i.__hardfp_cosf)
    __mathlib_flt_infnan                     0x00104de9   Thumb Code     6  funder.o(i.__mathlib_flt_infnan)
    __mathlib_flt_invalid                    0x00104df1   Thumb Code    10  funder.o(i.__mathlib_flt_invalid)
    __mathlib_flt_underflow                  0x00104e01   Thumb Code    10  funder.o(i.__mathlib_flt_underflow)
    __mathlib_rredf2                         0x00104e11   Thumb Code   316  rredf.o(i.__mathlib_rredf2)
    __scatterload_copy                       0x00104f65   Thumb Code    14  handlers.o(i.__scatterload_copy)
    __scatterload_null                       0x00104f73   Thumb Code     2  handlers.o(i.__scatterload_null)
    __scatterload_zeroinit                   0x00104f75   Thumb Code    14  handlers.o(i.__scatterload_zeroinit)
    __set_errno                              0x00104f85   Thumb Code     6  errno.o(i.__set_errno)
    puts                                     0x00105845   Thumb Code    30  puts.o(i.puts)
    sqrtf                                    0x00105869   Thumb Code    62  sqrtf.o(i.sqrtf)
    armBitRevIndexTable_fixed_1024           0x001058dc   Data        1984  commontables.o(.rodata.armBitRevIndexTable_fixed_1024)
    armBitRevIndexTable_fixed_128            0x0010609c   Data         224  commontables.o(.rodata.armBitRevIndexTable_fixed_128)
    armBitRevIndexTable_fixed_16             0x0010617c   Data          24  commontables.o(.rodata.armBitRevIndexTable_fixed_16)
    armBitRevIndexTable_fixed_2048           0x00106194   Data        3968  commontables.o(.rodata.armBitRevIndexTable_fixed_2048)
    armBitRevIndexTable_fixed_256            0x00107114   Data         480  commontables.o(.rodata.armBitRevIndexTable_fixed_256)
    armBitRevIndexTable_fixed_32             0x001072f4   Data          48  commontables.o(.rodata.armBitRevIndexTable_fixed_32)
    armBitRevIndexTable_fixed_512            0x00107324   Data         960  commontables.o(.rodata.armBitRevIndexTable_fixed_512)
    armBitRevIndexTable_fixed_64             0x001076e4   Data         112  commontables.o(.rodata.armBitRevIndexTable_fixed_64)
    rearranged_twiddle_stride1_1024_f32      0x00107768   Data        2720  commontables.o(.rodata.rearranged_twiddle_stride1_1024_f32)
    rearranged_twiddle_stride1_16_f32        0x00108208   Data          32  commontables.o(.rodata.rearranged_twiddle_stride1_16_f32)
    rearranged_twiddle_stride1_256_f32       0x00108228   Data         672  commontables.o(.rodata.rearranged_twiddle_stride1_256_f32)
    rearranged_twiddle_stride1_64_f32        0x001084c8   Data         160  commontables.o(.rodata.rearranged_twiddle_stride1_64_f32)
    rearranged_twiddle_stride2_1024_f32      0x00108568   Data        2720  commontables.o(.rodata.rearranged_twiddle_stride2_1024_f32)
    rearranged_twiddle_stride2_16_f32        0x00109008   Data          32  commontables.o(.rodata.rearranged_twiddle_stride2_16_f32)
    rearranged_twiddle_stride2_256_f32       0x00109028   Data         672  commontables.o(.rodata.rearranged_twiddle_stride2_256_f32)
    rearranged_twiddle_stride2_64_f32        0x001092c8   Data         160  commontables.o(.rodata.rearranged_twiddle_stride2_64_f32)
    rearranged_twiddle_stride3_1024_f32      0x00109368   Data        2720  commontables.o(.rodata.rearranged_twiddle_stride3_1024_f32)
    rearranged_twiddle_stride3_16_f32        0x00109e08   Data          32  commontables.o(.rodata.rearranged_twiddle_stride3_16_f32)
    rearranged_twiddle_stride3_256_f32       0x00109e28   Data         672  commontables.o(.rodata.rearranged_twiddle_stride3_256_f32)
    rearranged_twiddle_stride3_64_f32        0x0010a0c8   Data         160  commontables.o(.rodata.rearranged_twiddle_stride3_64_f32)
    rearranged_twiddle_tab_stride1_arr_1024_f32 0x0010a168   Data          20  commontables.o(.rodata.rearranged_twiddle_tab_stride1_arr_1024_f32)
    rearranged_twiddle_tab_stride1_arr_16_f32 0x0010a17c   Data           8  commontables.o(.rodata.rearranged_twiddle_tab_stride1_arr_16_f32)
    rearranged_twiddle_tab_stride1_arr_256_f32 0x0010a184   Data          16  commontables.o(.rodata.rearranged_twiddle_tab_stride1_arr_256_f32)
    rearranged_twiddle_tab_stride1_arr_64_f32 0x0010a194   Data          12  commontables.o(.rodata.rearranged_twiddle_tab_stride1_arr_64_f32)
    rearranged_twiddle_tab_stride2_arr_1024_f32 0x0010a1a0   Data          20  commontables.o(.rodata.rearranged_twiddle_tab_stride2_arr_1024_f32)
    rearranged_twiddle_tab_stride2_arr_16_f32 0x0010a1b4   Data           8  commontables.o(.rodata.rearranged_twiddle_tab_stride2_arr_16_f32)
    rearranged_twiddle_tab_stride2_arr_256_f32 0x0010a1bc   Data          16  commontables.o(.rodata.rearranged_twiddle_tab_stride2_arr_256_f32)
    rearranged_twiddle_tab_stride2_arr_64_f32 0x0010a1cc   Data          12  commontables.o(.rodata.rearranged_twiddle_tab_stride2_arr_64_f32)
    rearranged_twiddle_tab_stride3_arr_1024_f32 0x0010a1d8   Data          20  commontables.o(.rodata.rearranged_twiddle_tab_stride3_arr_1024_f32)
    rearranged_twiddle_tab_stride3_arr_16_f32 0x0010a1ec   Data           8  commontables.o(.rodata.rearranged_twiddle_tab_stride3_arr_16_f32)
    rearranged_twiddle_tab_stride3_arr_256_f32 0x0010a1f4   Data          16  commontables.o(.rodata.rearranged_twiddle_tab_stride3_arr_256_f32)
    rearranged_twiddle_tab_stride3_arr_64_f32 0x0010a204   Data          12  commontables.o(.rodata.rearranged_twiddle_tab_stride3_arr_64_f32)
    twiddleCoef_1024                         0x0010a2e4   Data        8192  commontables.o(.rodata.twiddleCoef_1024)
    twiddleCoef_128                          0x0010c2e4   Data        1024  commontables.o(.rodata.twiddleCoef_128)
    twiddleCoef_16                           0x0010c6e4   Data         128  commontables.o(.rodata.twiddleCoef_16)
    twiddleCoef_2048                         0x0010c764   Data       16384  commontables.o(.rodata.twiddleCoef_2048)
    twiddleCoef_256                          0x00110764   Data        2048  commontables.o(.rodata.twiddleCoef_256)
    twiddleCoef_32                           0x00110f64   Data         256  commontables.o(.rodata.twiddleCoef_32)
    twiddleCoef_512                          0x00111064   Data        4096  commontables.o(.rodata.twiddleCoef_512)
    twiddleCoef_64                           0x00112064   Data         512  commontables.o(.rodata.twiddleCoef_64)
    twiddleCoef_rfft_1024                    0x00112264   Data        4096  commontables.o(.rodata.twiddleCoef_rfft_1024)
    twiddleCoef_rfft_128                     0x00113264   Data         512  commontables.o(.rodata.twiddleCoef_rfft_128)
    twiddleCoef_rfft_2048                    0x00113464   Data        8192  commontables.o(.rodata.twiddleCoef_rfft_2048)
    twiddleCoef_rfft_256                     0x00115464   Data        1024  commontables.o(.rodata.twiddleCoef_rfft_256)
    twiddleCoef_rfft_32                      0x00115864   Data         128  commontables.o(.rodata.twiddleCoef_rfft_32)
    twiddleCoef_rfft_4096                    0x001158e4   Data       16384  commontables.o(.rodata.twiddleCoef_rfft_4096)
    twiddleCoef_rfft_512                     0x001198e4   Data        2048  commontables.o(.rodata.twiddleCoef_rfft_512)
    twiddleCoef_rfft_64                      0x0011a0e4   Data         256  commontables.o(.rodata.twiddleCoef_rfft_64)
    Region$$Table$$Base                      0x0011a1e4   Number         0  anon$$obj.o(Region$$Table)
    Region$$Table$$Limit                     0x0011a234   Number         0  anon$$obj.o(Region$$Table)
    SHT$$INIT_ARRAY$$Base                    0x0011a234   Number         0  system_m55m1.o(.init_array)
    SHT$$INIT_ARRAY$$Limit                   0x0011a238   Number         0  cpp_init.o(.init_array)
    DTCM_VECTOR_TABLE                        0x20000000   Data         712  startup_m55m1.o(DTCM.VTOR)
    Image$$ARM_LIB_STACK$$ZI$$Base           0x2001f800   Number         0  anon$$obj.o ABSOLUTE
    Image$$ARM_LIB_STACK$$ZI$$Limit          0x20020000   Number         0  anon$$obj.o ABSOLUTE
    __stdout                                 0x20100000   Data           4  stdout.o(.data)
    CyclesPerUs                              0x20100008   Data           4  system_m55m1.o(.data.CyclesPerUs)
    PllClock                                 0x2010000c   Data           4  system_m55m1.o(.data.PllClock)
    SystemCoreClock                          0x20100010   Data           4  system_m55m1.o(.data.SystemCoreClock)
    angle_calc_amount                        0x20100018   Data           4  doa.o(.bss.angle_calc_amount)
    cross_corr                               0x2010041c   Data        1024  doa.o(.bss.cross_corr)
    fft_left_imag                            0x2010081c   Data        1024  doa.o(.bss.fft_left_imag)
    fft_left_real                            0x20100c1c   Data        1024  doa.o(.bss.fft_left_real)
    fft_right_imag                           0x2010101c   Data        1024  doa.o(.bss.fft_right_imag)
    fft_right_real                           0x2010141c   Data        1024  doa.o(.bss.fft_right_real)
    g_u32NonCacheableBase                    0x20101854   Data           4  system_m55m1.o(.bss.g_u32NonCacheableBase)
    g_u32NonCacheableLimit                   0x20101858   Data           4  system_m55m1.o(.bss.g_u32NonCacheableLimit)
    hann_window                              0x2010185c   Data        1024  doa.o(.bss.hann_window)
    left_buffer                              0x2010245c   Data        1024  doa.o(.bss.left_buffer)
    right_buffer                             0x20102c5c   Data        1024  doa.o(.bss.right_buffer)
    Image$$SRAM_NONCACHEABLE$$Base           0x20230000   Number         0  anon$$obj.o ABSOLUTE
    Image$$SRAM_NONCACHEABLE_END$$Base       0x20250000   Number         0  anon$$obj.o ABSOLUTE



==============================================================================

Memory Map of the image

  Image Entry point : 0x00100041

  Load Region LR_ROM (Base: 0x00100000, Size: 0x0001a588, Max: 0x00200000, ABSOLUTE)

    Execution Region ITCM (Exec base: 0x00000000, Load base: 0x0011a238, Size: 0x00000074, Max: 0x00010000, ABSOLUTE)

    Exec Addr    Load Addr    Size         Type   Attr      Idx    E Section Name        Object

    0x00000000   0x0011a238   0x00000074   Code   RO          617    ITCM                main.o


    Execution Region ER_ROM (Exec base: 0x00100000, Load base: 0x00100000, Size: 0x0001a238, Max: 0x00200000, ABSOLUTE)

    Exec Addr    Load Addr    Size         Type   Attr      Idx    E Section Name        Object

    0x00100000   0x00100000   0x00000040   Data   RO           12    RESET               startup_m55m1.o
    0x00100040   0x00100040   0x00000000   Code   RO         2769  * .ARM.Collect$$$$00000000  mc_w.l(entry.o)
    0x00100040   0x00100040   0x00000004   Code   RO         3107    .ARM.Collect$$$$00000003  mc_w.l(entry4.o)
    0x00100044   0x00100044   0x00000004   Code   RO         3110    .ARM.Collect$$$$00000004  mc_w.l(entry5.o)
    0x00100048   0x00100048   0x00000000   Code   RO         3112    .ARM.Collect$$$$00000008  mc_w.l(entry7b.o)
    0x00100048   0x00100048   0x00000004   Code   RO         3113    .ARM.Collect$$$$00000009  mc_w.l(entry8a.o)
    0x0010004c   0x0010004c   0x00000000   Code   RO         3114    .ARM.Collect$$$$0000000A  mc_w.l(entry8b.o)
    0x0010004c   0x0010004c   0x00000008   Code   RO         3115    .ARM.Collect$$$$0000000B  mc_w.l(entry9a.o)
    0x00100054   0x00100054   0x00000000   Code   RO         3117    .ARM.Collect$$$$0000000D  mc_w.l(entry10a.o)
    0x00100054   0x00100054   0x00000000   Code   RO         3119    .ARM.Collect$$$$0000000F  mc_w.l(entry11a.o)
    0x00100054   0x00100054   0x00000004   Code   RO         3108    .ARM.Collect$$$$00002714  mc_w.l(entry4.o)
    0x00100058   0x00100058   0x00000062   Code   RO         2785    .text               mc_w.l(uldiv.o)
    0x001000ba   0x001000ba   0x00000024   Code   RO         2789    .text               mc_w.l(memcpya.o)
    0x001000de   0x001000de   0x00000024   Code   RO         2791    .text               mc_w.l(memseta.o)
    0x00100102   0x00100102   0x00000002   PAD
    0x00100104   0x00100104   0x00000028   Code   RO         3061    .text               mc_w.l(cpp_init.o)
    0x0010012c   0x0010012c   0x0000002c   Code   RO         3131    .text               mc_w.l(uidiv.o)
    0x00100158   0x00100158   0x0000001e   Code   RO         3133    .text               mc_w.l(llshl.o)
    0x00100176   0x00100176   0x00000020   Code   RO         3135    .text               mc_w.l(llushr.o)
    0x00100196   0x00100196   0x00000000   Code   RO         3144    .text               mc_w.l(iusefp.o)
    0x00100196   0x00100196   0x0000014e   Code   RO         3149    .text               mf_w.l(dadd.o)
    0x001002e4   0x001002e4   0x000000e4   Code   RO         3151    .text               mf_w.l(dmul.o)
    0x001003c8   0x001003c8   0x000000de   Code   RO         3153    .text               mf_w.l(ddiv.o)
    0x001004a6   0x001004a6   0x00000030   Code   RO         3155    .text               mf_w.l(dfixul.o)
    0x001004d6   0x001004d6   0x00000002   PAD
    0x001004d8   0x001004d8   0x00000030   Code   RO         3157    .text               mf_w.l(cdrcmple.o)
    0x00100508   0x00100508   0x00000030   Code   RO         3161    .text               mc_w.l(init.o)
    0x00100538   0x00100538   0x00000024   Code   RO         3163    .text               mc_w.l(llsshr.o)
    0x0010055c   0x0010055c   0x000000ba   Code   RO         3165    .text               mf_w.l(depilogue.o)
    0x00100616   0x00100616   0x00000002   PAD
    0x00100618   0x00100618   0x00000416   Code   RO          140    .text.CLK_EnableAPLL  clk.o
    0x00100a2e   0x00100a2e   0x00000002   PAD
    0x00100a30   0x00100a30   0x00000024   Code   RO          154    .text.CLK_EnableModuleClock  clk.o
    0x00100a54   0x00100a54   0x00000010   Code   RO          150    .text.CLK_EnableXtalRC  clk.o
    0x00100a64   0x00100a64   0x00000082   Code   RO          144    .text.CLK_GetAPLL0ClockFreq  clk.o
    0x00100ae6   0x00100ae6   0x00000002   PAD
    0x00100ae8   0x00100ae8   0x00000082   Code   RO          166    .text.CLK_GetAPLL1ClockFreq  clk.o
    0x00100b6a   0x00100b6a   0x00000002   PAD
    0x00100b6c   0x00100b6c   0x00000004   Code   RO          116    .text.CLK_GetHCLK0Freq  clk.o
    0x00100b70   0x00100b70   0x00000024   Code   RO          170    .text.CLK_GetModuleClockDivider  clk.o
    0x00100b94   0x00100b94   0x00000022   Code   RO          168    .text.CLK_GetModuleClockSource  clk.o
    0x00100bb6   0x00100bb6   0x00000002   PAD
    0x00100bb8   0x00100bb8   0x0000001c   Code   RO          114    .text.CLK_GetPCLK0Freq  clk.o
    0x00100bd4   0x00100bd4   0x0000001c   Code   RO          118    .text.CLK_GetPCLK1Freq  clk.o
    0x00100bf0   0x00100bf0   0x0000001c   Code   RO          120    .text.CLK_GetPCLK2Freq  clk.o
    0x00100c0c   0x00100c0c   0x0000001c   Code   RO          122    .text.CLK_GetPCLK3Freq  clk.o
    0x00100c28   0x00100c28   0x00000194   Code   RO          172    .text.CLK_SetBusClock  clk.o
    0x00100dbc   0x00100dbc   0x0000006e   Code   RO          146    .text.CLK_SetModuleClock  clk.o
    0x00100e2a   0x00100e2a   0x00000002   PAD
    0x00100e2c   0x00100e2c   0x00000372   Code   RO          142    .text.CLK_SetSCLK   clk.o
    0x0010119e   0x0010119e   0x00000002   PAD
    0x001011a0   0x001011a0   0x000000d8   Code   RO          134    .text.CLK_SystemClockUpdate  clk.o
    0x00101278   0x00101278   0x0000004c   Code   RO          112    .text.CLK_WaitClockReady  clk.o
    0x001012c4   0x001012c4   0x00000002   Code   RO            4    .text.Default_Handler  startup_m55m1.o
    0x001012c6   0x001012c6   0x00000002   PAD
    0x001012c8   0x001012c8   0x0000020c   Code   RO          421    .text.EPWM_ConfigOutputChannel  epwm.o
    0x001014d4   0x001014d4   0x0000000c   Code   RO          455    .text.EPWM_EnableOutput  epwm.o
    0x001014e0   0x001014e0   0x00000008   Code   RO          423    .text.EPWM_Start    epwm.o
    0x001014e8   0x001014e8   0x0000001a   Code   RO            8    .text.HardFault_Handler  startup_m55m1.o
    0x00101502   0x00101502   0x00000002   PAD
    0x00101504   0x00101504   0x00000104   Code   RO          267    .text.I2S_GetSourceClockFreq  i2s.o
    0x00101608   0x00101608   0x0000010e   Code   RO          269    .text.I2S_Open      i2s.o
    0x00101716   0x00101716   0x00000002   PAD
    0x00101718   0x00101718   0x0000001a   Code   RO          281    .text.I2S_SetFIFO   i2s.o
    0x00101732   0x00101732   0x00000002   PAD
    0x00101734   0x00101734   0x00000010   Code   RO           28    .text.InitDebugUart  system_m55m1.o
    0x00101744   0x00101744   0x000005f0   Code   RO           30    .text.InitPreDefMPURegion  system_m55m1.o
    0x00101d34   0x00101d34   0x0000004a   Code   RO          406    .text.PDMA_EnableInt  pdma.o
    0x00101d7e   0x00101d7e   0x00000002   PAD
    0x00101d80   0x00101d80   0x000000c0   Code   RO          386    .text.PDMA_Open     pdma.o
    0x00101e40   0x00101e40   0x00000156   Code   RO          394    .text.PDMA_SetTransferMode  pdma.o
    0x00101f96   0x00101f96   0x00000002   PAD
    0x00101f98   0x00101f98   0x000001c0   Code   RO           52    .text.ProcessHardFault  retarget.o
    0x00102158   0x00102158   0x00000474   Code   RO            6    .text.Reset_Handler  startup_m55m1.o
    0x001025cc   0x001025cc   0x0000001a   Code   RO           10    .text.Reset_Handler_PreInit  startup_m55m1.o
    0x001025e6   0x001025e6   0x00000002   PAD
    0x001025e8   0x001025e8   0x0000005a   Code   RO          188    .text.SYS_ResetModule  sys.o
    0x00102642   0x00102642   0x00000002   PAD
    0x00102644   0x00102644   0x00000062   Code   RO          694    .text.Servo_PWM_Init  motor.o
    0x001026a6   0x001026a6   0x00000002   PAD
    0x001026a8   0x001026a8   0x00000068   Code   RO          696    .text.Servo_SetAngle  motor.o
    0x00102710   0x00102710   0x0000003e   Code   RO           26    .text.SetDebugUartCLK  system_m55m1.o
    0x0010274e   0x0010274e   0x00000002   PAD
    0x00102750   0x00102750   0x0000001c   Code   RO           24    .text.SetDebugUartMFP  system_m55m1.o
    0x0010276c   0x0010276c   0x00000032   Code   RO           22    .text.SystemCoreClockUpdate  system_m55m1.o
    0x0010279e   0x0010279e   0x00000002   PAD
    0x001027a0   0x001027a0   0x000001c4   Code   RO           32    .text.SystemInit    system_m55m1.o
    0x00102964   0x00102964   0x00000206   Code   RO          214    .text.UART_Open     uart.o
    0x00102b6a   0x00102b6a   0x00000006   PAD
    0x00102b70   0x00102b70   0x000001b0   Code   RO         2285    .text._arm_radix4_butterfly_f32_mve  transformfunctions.o
    0x00102d20   0x00102d20   0x000001c0   Code   RO         2283    .text._arm_radix4_butterfly_inverse_f32_mve  transformfunctions.o
    0x00102ee0   0x00102ee0   0x00000284   Code   RO         2281    .text.arm_cfft_f32  transformfunctions.o
    0x00103164   0x00103164   0x00000432   Code   RO         2427    .text.arm_rfft_fast_f32  transformfunctions.o
    0x00103596   0x00103596   0x00000002   PAD
    0x00103598   0x00103598   0x00000316   Code   RO         2451    .text.arm_rfft_fast_init_f32  transformfunctions.o
    0x001038ae   0x001038ae   0x00000002   PAD
    0x001038b0   0x001038b0   0x0000033c   Code   RO          648    .text.doa_init      doa.o
    0x00103bec   0x00103bec   0x00000924   Code   RO          652    .text.doa_process_one_frame  doa.o
    0x00104510   0x00104510   0x0000004e   Code   RO           82    .text.fputc         retarget.o
    0x0010455e   0x0010455e   0x00000002   PAD
    0x00104560   0x00104560   0x000005c4   Code   RO          619    .text.main          main.o
    0x00104b24   0x00104b24   0x00000020   Code   RO         3030    i.__0printf         mc_w.l(printfa.o)
    0x00104b44   0x00104b44   0x00000026   Code   RO         3079    i.__ARM_fpclassifyf  m_wv.l(fpclassifyf.o)
    0x00104b6a   0x00104b6a   0x00000002   PAD
    0x00104b6c   0x00104b6c   0x0000012c   Code   RO         2722    i.__hardfp_asinf    m_wv.l(asinf.o)
    0x00104c98   0x00104c98   0x00000150   Code   RO         2728    i.__hardfp_cosf     m_wv.l(cosf.o)
    0x00104de8   0x00104de8   0x00000006   Code   RO         3082    i.__mathlib_flt_infnan  m_wv.l(funder.o)
    0x00104dee   0x00104dee   0x00000002   PAD
    0x00104df0   0x00104df0   0x00000010   Code   RO         3084    i.__mathlib_flt_invalid  m_wv.l(funder.o)
    0x00104e00   0x00104e00   0x00000010   Code   RO         3087    i.__mathlib_flt_underflow  m_wv.l(funder.o)
    0x00104e10   0x00104e10   0x00000154   Code   RO         3098    i.__mathlib_rredf2  m_wv.l(rredf.o)
    0x00104f64   0x00104f64   0x0000000e   Code   RO         3169    i.__scatterload_copy  mc_w.l(handlers.o)
    0x00104f72   0x00104f72   0x00000002   Code   RO         3170    i.__scatterload_null  mc_w.l(handlers.o)
    0x00104f74   0x00104f74   0x0000000e   Code   RO         3171    i.__scatterload_zeroinit  mc_w.l(handlers.o)
    0x00104f82   0x00104f82   0x00000002   PAD
    0x00104f84   0x00104f84   0x0000000c   Code   RO         3139    i.__set_errno       mc_w.l(errno.o)
    0x00104f90   0x00104f90   0x00000184   Code   RO         3037    i._fp_digits        mc_w.l(printfa.o)
    0x00105114   0x00105114   0x000006dc   Code   RO         3038    i._printf_core      mc_w.l(printfa.o)
    0x001057f0   0x001057f0   0x00000024   Code   RO         3039    i._printf_post_padding  mc_w.l(printfa.o)
    0x00105814   0x00105814   0x0000002e   Code   RO         3040    i._printf_pre_padding  mc_w.l(printfa.o)
    0x00105842   0x00105842   0x00000002   PAD
    0x00105844   0x00105844   0x00000024   Code   RO         2774    i.puts              mc_w.l(puts.o)
    0x00105868   0x00105868   0x0000003e   Code   RO         3103    i.sqrtf             m_wv.l(sqrtf.o)
    0x001058a6   0x001058a6   0x00000002   PAD
    0x001058a8   0x001058a8   0x00000020   Data   RO         3099    .constdata          m_wv.l(rredf.o)
    0x001058c8   0x001058c8   0x00000014   Data   RO          236    .rodata..L__const.UART_SelectIrDAMode.u32ClkTbl  uart.o
    0x001058dc   0x001058dc   0x000007c0   Data   RO          939    .rodata.armBitRevIndexTable_fixed_1024  commontables.o
    0x0010609c   0x0010609c   0x000000e0   Data   RO          936    .rodata.armBitRevIndexTable_fixed_128  commontables.o
    0x0010617c   0x0010617c   0x00000018   Data   RO          933    .rodata.armBitRevIndexTable_fixed_16  commontables.o
    0x00106194   0x00106194   0x00000f80   Data   RO          940    .rodata.armBitRevIndexTable_fixed_2048  commontables.o
    0x00107114   0x00107114   0x000001e0   Data   RO          937    .rodata.armBitRevIndexTable_fixed_256  commontables.o
    0x001072f4   0x001072f4   0x00000030   Data   RO          934    .rodata.armBitRevIndexTable_fixed_32  commontables.o
    0x00107324   0x00107324   0x000003c0   Data   RO          938    .rodata.armBitRevIndexTable_fixed_512  commontables.o
    0x001076e4   0x001076e4   0x00000070   Data   RO          935    .rodata.armBitRevIndexTable_fixed_64  commontables.o
    0x00107754   0x00107754   0x00000010   Data   RO          179    .rodata.cst16       clk.o
    0x00107764   0x00107764   0x00000004   Data   RO          178    .rodata.cst4        clk.o
    0x00107768   0x00107768   0x00000aa0   Data   RO         1038    .rodata.rearranged_twiddle_stride1_1024_f32  commontables.o
    0x00108208   0x00108208   0x00000020   Data   RO         1020    .rodata.rearranged_twiddle_stride1_16_f32  commontables.o
    0x00108228   0x00108228   0x000002a0   Data   RO         1032    .rodata.rearranged_twiddle_stride1_256_f32  commontables.o
    0x001084c8   0x001084c8   0x000000a0   Data   RO         1026    .rodata.rearranged_twiddle_stride1_64_f32  commontables.o
    0x00108568   0x00108568   0x00000aa0   Data   RO         1039    .rodata.rearranged_twiddle_stride2_1024_f32  commontables.o
    0x00109008   0x00109008   0x00000020   Data   RO         1021    .rodata.rearranged_twiddle_stride2_16_f32  commontables.o
    0x00109028   0x00109028   0x000002a0   Data   RO         1033    .rodata.rearranged_twiddle_stride2_256_f32  commontables.o
    0x001092c8   0x001092c8   0x000000a0   Data   RO         1027    .rodata.rearranged_twiddle_stride2_64_f32  commontables.o
    0x00109368   0x00109368   0x00000aa0   Data   RO         1040    .rodata.rearranged_twiddle_stride3_1024_f32  commontables.o
    0x00109e08   0x00109e08   0x00000020   Data   RO         1022    .rodata.rearranged_twiddle_stride3_16_f32  commontables.o
    0x00109e28   0x00109e28   0x000002a0   Data   RO         1034    .rodata.rearranged_twiddle_stride3_256_f32  commontables.o
    0x0010a0c8   0x0010a0c8   0x000000a0   Data   RO         1028    .rodata.rearranged_twiddle_stride3_64_f32  commontables.o
    0x0010a168   0x0010a168   0x00000014   Data   RO         1035    .rodata.rearranged_twiddle_tab_stride1_arr_1024_f32  commontables.o
    0x0010a17c   0x0010a17c   0x00000008   Data   RO         1017    .rodata.rearranged_twiddle_tab_stride1_arr_16_f32  commontables.o
    0x0010a184   0x0010a184   0x00000010   Data   RO         1029    .rodata.rearranged_twiddle_tab_stride1_arr_256_f32  commontables.o
    0x0010a194   0x0010a194   0x0000000c   Data   RO         1023    .rodata.rearranged_twiddle_tab_stride1_arr_64_f32  commontables.o
    0x0010a1a0   0x0010a1a0   0x00000014   Data   RO         1036    .rodata.rearranged_twiddle_tab_stride2_arr_1024_f32  commontables.o
    0x0010a1b4   0x0010a1b4   0x00000008   Data   RO         1018    .rodata.rearranged_twiddle_tab_stride2_arr_16_f32  commontables.o
    0x0010a1bc   0x0010a1bc   0x00000010   Data   RO         1030    .rodata.rearranged_twiddle_tab_stride2_arr_256_f32  commontables.o
    0x0010a1cc   0x0010a1cc   0x0000000c   Data   RO         1024    .rodata.rearranged_twiddle_tab_stride2_arr_64_f32  commontables.o
    0x0010a1d8   0x0010a1d8   0x00000014   Data   RO         1037    .rodata.rearranged_twiddle_tab_stride3_arr_1024_f32  commontables.o
    0x0010a1ec   0x0010a1ec   0x00000008   Data   RO         1019    .rodata.rearranged_twiddle_tab_stride3_arr_16_f32  commontables.o
    0x0010a1f4   0x0010a1f4   0x00000010   Data   RO         1031    .rodata.rearranged_twiddle_tab_stride3_arr_256_f32  commontables.o
    0x0010a204   0x0010a204   0x0000000c   Data   RO         1025    .rodata.rearranged_twiddle_tab_stride3_arr_64_f32  commontables.o
    0x0010a210   0x0010a210   0x000000c4   Data   RO           86    .rodata.str1.1      retarget.o
    0x0010a2d4   0x0010a2d4   0x0000000e   Data   RO          668    .rodata.str1.1      doa.o
    0x0010a2e2   0x0010a2e2   0x00000002   PAD
    0x0010a2e4   0x0010a2e4   0x00002000   Data   RO          894    .rodata.twiddleCoef_1024  commontables.o
    0x0010c2e4   0x0010c2e4   0x00000400   Data   RO          891    .rodata.twiddleCoef_128  commontables.o
    0x0010c6e4   0x0010c6e4   0x00000080   Data   RO          888    .rodata.twiddleCoef_16  commontables.o
    0x0010c764   0x0010c764   0x00004000   Data   RO          895    .rodata.twiddleCoef_2048  commontables.o
    0x00110764   0x00110764   0x00000800   Data   RO          892    .rodata.twiddleCoef_256  commontables.o
    0x00110f64   0x00110f64   0x00000100   Data   RO          889    .rodata.twiddleCoef_32  commontables.o
    0x00111064   0x00111064   0x00001000   Data   RO          893    .rodata.twiddleCoef_512  commontables.o
    0x00112064   0x00112064   0x00000200   Data   RO          890    .rodata.twiddleCoef_64  commontables.o
    0x00112264   0x00112264   0x00001000   Data   RO          955    .rodata.twiddleCoef_rfft_1024  commontables.o
    0x00113264   0x00113264   0x00000200   Data   RO          952    .rodata.twiddleCoef_rfft_128  commontables.o
    0x00113464   0x00113464   0x00002000   Data   RO          956    .rodata.twiddleCoef_rfft_2048  commontables.o
    0x00115464   0x00115464   0x00000400   Data   RO          953    .rodata.twiddleCoef_rfft_256  commontables.o
    0x00115864   0x00115864   0x00000080   Data   RO          950    .rodata.twiddleCoef_rfft_32  commontables.o
    0x001158e4   0x001158e4   0x00004000   Data   RO          957    .rodata.twiddleCoef_rfft_4096  commontables.o
    0x001198e4   0x001198e4   0x00000800   Data   RO          954    .rodata.twiddleCoef_rfft_512  commontables.o
    0x0011a0e4   0x0011a0e4   0x00000100   Data   RO          951    .rodata.twiddleCoef_rfft_64  commontables.o
    0x0011a1e4   0x0011a1e4   0x00000050   Data   RO         3168    Region$$Table       anon$$obj.o
    0x0011a234   0x0011a234   0x00000004   Data   RO           39    .init_array         system_m55m1.o
    0x0011a238   0x0011a234   0x00000000   Data   RO         3059    .init_array         mc_w.l(cpp_init.o)


    Execution Region DTCM_VTOR (Exec base: 0x20000000, Load base: 0x0011a2c0, Size: 0x000002c8, Max: 0xffffffff, ABSOLUTE)

    Exec Addr    Load Addr    Size         Type   Attr      Idx    E Section Name        Object

    0x20000000   0x0011a2c0   0x000002c8   Data   RO           13    DTCM.VTOR           startup_m55m1.o


    Execution Region DTCM (Exec base: 0x200002c8, Load base: 0x0011a588, Size: 0x00000000, Max: 0xffffffff, ABSOLUTE)

    **** No section assigned to this execution region ****


    Execution Region ARM_LIB_STACK (Exec base: 0x2001f800, Load base: 0x0011a588, Size: 0x00000800, Max: 0x00000800, ABSOLUTE)

    Exec Addr    Load Addr    Size         Type   Attr      Idx    E Section Name        Object

    0x2001f800        -       0x00000800   Zero   RW            2    ARM_LIB_STACK.bss   anon$$obj.o


    Execution Region RW_NOINIT (Exec base: 0x20100000, Load base: 0x0011a2ac, Size: 0x00000000, Max: 0x0012f800, ABSOLUTE, UNINIT)

    **** No section assigned to this execution region ****


    Execution Region RW_RAM (Exec base: 0x20100000, Load base: 0x0011a2ac, Size: 0x0000389c, Max: 0xffffffff, ABSOLUTE)

    Exec Addr    Load Addr    Size         Type   Attr      Idx    E Section Name        Object

    0x20100000   0x0011a2ac   0x00000004   Data   RW         3121    .data               mc_w.l(stdout.o)
    0x20100004   0x0011a2b0   0x00000004   Data   RW         3140    .data               mc_w.l(errno.o)
    0x20100008   0x0011a2b4   0x00000004   Data   RW           35    .data.CyclesPerUs   system_m55m1.o
    0x2010000c   0x0011a2b8   0x00000004   Data   RW           36    .data.PllClock      system_m55m1.o
    0x20100010   0x0011a2bc   0x00000004   Data   RW           34    .data.SystemCoreClock  system_m55m1.o
    0x20100014        -       0x00000001   Zero   RW          630    .bss.BufferIndex    main.o
    0x20100015        -       0x00000001   Zero   RW          627    .bss.Frame_Index    main.o
    0x20100016   0x0011a2c0   0x00000002   PAD
    0x20100018        -       0x00000004   Zero   RW          654    .bss.angle_calc_amount  doa.o
    0x2010001c        -       0x00000400   Zero   RW          660    .bss.cpsd_packed    doa.o
    0x2010041c        -       0x00000400   Zero   RW          666    .bss.cross_corr     doa.o
    0x2010081c        -       0x00000400   Zero   RW          663    .bss.fft_left_imag  doa.o
    0x20100c1c        -       0x00000400   Zero   RW          662    .bss.fft_left_real  doa.o
    0x2010101c        -       0x00000400   Zero   RW          665    .bss.fft_right_imag  doa.o
    0x2010141c        -       0x00000400   Zero   RW          664    .bss.fft_right_real  doa.o
    0x2010181c        -       0x00000001   Zero   RW          624    .bss.g_NewFrame     main.o
    0x2010181d        -       0x00000001   Zero   RW          626    .bss.g_NewFrame1    main.o
    0x2010181e        -       0x00000001   Zero   RW          623    .bss.g_RxBufIdx     main.o
    0x2010181f        -       0x00000001   Zero   RW          625    .bss.g_RxBufIdx1    main.o
    0x20101820        -       0x00000030   Zero   RW          656    .bss.g_rfft         doa.o
    0x20101850        -       0x00000001   Zero   RW          632    .bss.g_state        main.o
    0x20101851   0x0011a2c0   0x00000003   PAD
    0x20101854        -       0x00000004   Zero   RW           37    .bss.g_u32NonCacheableBase  system_m55m1.o
    0x20101858        -       0x00000004   Zero   RW           38    .bss.g_u32NonCacheableLimit  system_m55m1.o
    0x2010185c        -       0x00000400   Zero   RW          657    .bss.hann_window    doa.o
    0x20101c5c        -       0x00000400   Zero   RW          661    .bss.ifft_time_tmp  doa.o
    0x2010205c        -       0x00000400   Zero   RW          629    .bss.lBuffer        main.o
    0x2010245c        -       0x00000400   Zero   RW          669    .bss.left_buffer    doa.o
    0x2010285c        -       0x00000400   Zero   RW          631    .bss.rBuffer        main.o
    0x20102c5c        -       0x00000400   Zero   RW          670    .bss.right_buffer   doa.o
    0x2010305c        -       0x00000400   Zero   RW          658    .bss.specL_packed   doa.o
    0x2010345c        -       0x00000400   Zero   RW          659    .bss.specR_packed   doa.o
    0x2010385c        -       0x00000040   Zero   RW          410    .bss.u32ChSelect    pdma.o


    Execution Region ARM_LIB_HEAP (Exec base: 0x201038a0, Load base: 0x0011a2c0, Size: 0x00000800, Max: 0x00000800, ABSOLUTE)

    Exec Addr    Load Addr    Size         Type   Attr      Idx    E Section Name        Object

    0x201038a0        -       0x00000800   Zero   RW            1    ARM_LIB_HEAP.bss    anon$$obj.o


    Execution Region SRAM_NONCACHEABLE (Exec base: 0x20230000, Load base: 0x0011a588, Size: 0x00000220, Max: 0x00020000, ABSOLUTE)

    Exec Addr    Load Addr    Size         Type   Attr      Idx    E Section Name        Object

    0x20230000        -       0x00000220   Zero   RW          628    .bss.NonCacheable.ZeroInit  main.o


    Execution Region SRAM_NONCACHEABLE_END (Exec base: 0x20250000, Load base: 0x0011a588, Size: 0x00000000, Max: 0xffffffff, ABSOLUTE)

    **** No section assigned to this execution region ****


    Execution Region LPSRAM (Exec base: 0x20310000, Load base: 0x0011a588, Size: 0x00000000, Max: 0x00002000, ABSOLUTE)

    **** No section assigned to this execution region ****


==============================================================================

Image component sizes


      Code (inc. data)   RO Data    RW Data    ZI Data      Debug   Object Name

      3232         24         20          0          0      24231   clk.o
         0          0      84000          0          0      13256   commontables.o
      3168        108         14          0      12340      21243   doa.o
       544          0          0          0          0      29381   epwm.o
       556         12          0          0          0       8937   i2s.o
      1592        116          0          0       2599      12760   main.o
       202         20          0          0          0       7442   motor.o
       608         16          0          0         64       7264   pdma.o
       526        120        196          0          0      11254   retarget.o
      1194          0        776          0          0      15727   startup_m55m1.o
        90          0          0          0          0       8756   sys.o
      2128          0          4         12          8      15613   system_m55m1.o
      3388         68          0          0          0     237700   transformfunctions.o
       518          0         20          0          0      12528   uart.o

    ----------------------------------------------------------------------
     17792        484      85112         12      19112     426092   Object Totals
         0          0         80          0       4096          0   (incl. Generated)
        46          0          2          0          5          0   (incl. Padding)

    ----------------------------------------------------------------------

      Code (inc. data)   RO Data    RW Data    ZI Data      Debug   Library Member Name

       300         42          0          0          0        176   asinf.o
       336         56          0          0          0        136   cosf.o
        38          0          0          0          0        116   fpclassifyf.o
        38         12          0          0          0        348   funder.o
       340         24         32          0          0        160   rredf.o
        62          0          0          0          0        136   sqrtf.o
        40          8          0          0          0         80   cpp_init.o
         0          0          0          0          0          0   entry.o
         0          0          0          0          0          0   entry10a.o
         0          0          0          0          0          0   entry11a.o
         8          4          0          0          0          0   entry4.o
         4          0          0          0          0          0   entry5.o
         0          0          0          0          0          0   entry7b.o
         4          0          0          0          0          0   entry8a.o
         0          0          0          0          0          0   entry8b.o
         8          4          0          0          0          0   entry9a.o
        12          6          0          4          0         68   errno.o
        30          0          0          0          0          0   handlers.o
        48         10          0          0          0         68   init.o
         0          0          0          0          0          0   iusefp.o
        30          0          0          0          0         68   llshl.o
        36          0          0          0          0         68   llsshr.o
        32          0          0          0          0         68   llushr.o
        36          0          0          0          0         68   memcpya.o
        36          0          0          0          0        108   memseta.o
      2258         90          0          0          0        452   printfa.o
        36          6          0          0          0         80   puts.o
         0          0          0          4          0          0   stdout.o
        44          0          0          0          0         80   uidiv.o
        98          0          0          0          0         92   uldiv.o
        48          0          0          0          0         68   cdrcmple.o
       334          0          0          0          0        148   dadd.o
       222          0          0          0          0        100   ddiv.o
       186          0          0          0          0        176   depilogue.o
        48          0          0          0          0         68   dfixul.o
       228          0          0          0          0         96   dmul.o

    ----------------------------------------------------------------------
      4956        262         32          8          0       3028   Library Totals
        16          0          0          0          0          0   (incl. Padding)

    ----------------------------------------------------------------------

      Code (inc. data)   RO Data    RW Data    ZI Data      Debug   Library Name

      1114        134         32          0          0       1072   m_wv.l
      2760        128          0          8          0       1300   mc_w.l
      1066          0          0          0          0        656   mf_w.l

    ----------------------------------------------------------------------
      4956        262         32          8          0       3028   Library Totals

    ----------------------------------------------------------------------

==============================================================================


      Code (inc. data)   RO Data    RW Data    ZI Data      Debug   

     22748        746      85144         20      19112     427396   Grand Totals
     22748        746      85144         20      19112     427396   ELF Image Totals
     22748        746      85144         20          0          0   ROM Totals

==============================================================================

    Total RO  Size (Code + RO Data)               107892 ( 105.36kB)
    Total RW  Size (RW Data + ZI Data)             19132 (  18.68kB)
    Total ROM Size (Code + RO Data + RW Data)     107912 ( 105.38kB)

==============================================================================

