<!doctype html public "-//w3c//dtd html 4.0 transitional//en">
<html><head>
<title>Static Call Graph - [.\Objects\ISP_HID.axf]</title></head>
<body><HR>
<H1>Static Call Graph for image .\Objects\ISP_HID.axf</H1><HR>
<BR><P>#&#060CALLGRAPH&#062# ARM Linker, 6210000: Last Updated: Tue Feb  3 17:14:05 2026
<BR><P>
<H3>Maximum Stack Usage =         96 bytes + Unknown(Cycles, Untraceable Function Pointers)</H3><H3>
Call chain for Maximum Stack Depth:</H3>
main &rArr; SYS_Init &rArr; CLK_EnableAPLL
<P>
<H3>
Mutually Recursive functions
</H3> <LI><a href="#[91]">UserMemCopy</a>&nbsp;&nbsp;&nbsp;&rArr;&nbsp;&nbsp;&nbsp;<a href="#[91]">UserMemCopy</a><BR>
 <LI><a href="#[2]">HardFault_Handler</a>&nbsp;&nbsp;&nbsp;&rArr;&nbsp;&nbsp;&nbsp;<a href="#[2]">HardFault_Handler</a><BR>
</UL>
<P>
<H3>
Function Pointers
</H3><UL>
 <LI><a href="#[f]">BODOUT_IRQHandler</a> from isp_startup_m55m1.o(.text.Default_Handler) referenced from isp_startup_m55m1.o(DTCM.VTOR)
 <LI><a href="#[34]">BPWM0_IRQHandler</a> from isp_startup_m55m1.o(.text.Default_Handler) referenced from isp_startup_m55m1.o(DTCM.VTOR)
 <LI><a href="#[35]">BPWM1_IRQHandler</a> from isp_startup_m55m1.o(.text.Default_Handler) referenced from isp_startup_m55m1.o(DTCM.VTOR)
 <LI><a href="#[2c]">BRAKE0_IRQHandler</a> from isp_startup_m55m1.o(.text.Default_Handler) referenced from isp_startup_m55m1.o(DTCM.VTOR)
 <LI><a href="#[30]">BRAKE1_IRQHandler</a> from isp_startup_m55m1.o(.text.Default_Handler) referenced from isp_startup_m55m1.o(DTCM.VTOR)
 <LI><a href="#[4]">BusFault_Handler</a> from isp_startup_m55m1.o(.text.Default_Handler) referenced from isp_startup_m55m1.o(DTCM.VTOR)
 <LI><a href="#[4]">BusFault_Handler</a> from isp_startup_m55m1.o(.text.Default_Handler) referenced from isp_startup_m55m1.o(RESET)
 <LI><a href="#[75]">CANFD00_IRQHandler</a> from isp_startup_m55m1.o(.text.Default_Handler) referenced from isp_startup_m55m1.o(DTCM.VTOR)
 <LI><a href="#[76]">CANFD01_IRQHandler</a> from isp_startup_m55m1.o(.text.Default_Handler) referenced from isp_startup_m55m1.o(DTCM.VTOR)
 <LI><a href="#[77]">CANFD10_IRQHandler</a> from isp_startup_m55m1.o(.text.Default_Handler) referenced from isp_startup_m55m1.o(DTCM.VTOR)
 <LI><a href="#[78]">CANFD11_IRQHandler</a> from isp_startup_m55m1.o(.text.Default_Handler) referenced from isp_startup_m55m1.o(DTCM.VTOR)
 <LI><a href="#[73]">CCAP_IRQHandler</a> from isp_startup_m55m1.o(.text.Default_Handler) referenced from isp_startup_m55m1.o(DTCM.VTOR)
 <LI><a href="#[13]">CKFAIL_IRQHandler</a> from isp_startup_m55m1.o(.text.Default_Handler) referenced from isp_startup_m55m1.o(DTCM.VTOR)
 <LI><a href="#[8]">CLK_EnableModuleClock</a> from clk.o(.text.CLK_EnableModuleClock) referenced from main.o(.text.SYS_Init)
 <LI><a href="#[74]">CRYPTO_IRQHandler</a> from isp_startup_m55m1.o(.text.Default_Handler) referenced from isp_startup_m55m1.o(DTCM.VTOR)
 <LI><a href="#[6a]">DMIC0VAD_IRQHandler</a> from isp_startup_m55m1.o(.text.Default_Handler) referenced from isp_startup_m55m1.o(DTCM.VTOR)
 <LI><a href="#[69]">DMIC0_IRQHandler</a> from isp_startup_m55m1.o(.text.Default_Handler) referenced from isp_startup_m55m1.o(DTCM.VTOR)
 <LI><a href="#[c]">DebugMon_Handler</a> from isp_startup_m55m1.o(.text.Default_Handler) referenced from isp_startup_m55m1.o(DTCM.VTOR)
 <LI><a href="#[1c]">EINT0_IRQHandler</a> from isp_startup_m55m1.o(.text.Default_Handler) referenced from isp_startup_m55m1.o(DTCM.VTOR)
 <LI><a href="#[1d]">EINT1_IRQHandler</a> from isp_startup_m55m1.o(.text.Default_Handler) referenced from isp_startup_m55m1.o(DTCM.VTOR)
 <LI><a href="#[1e]">EINT2_IRQHandler</a> from isp_startup_m55m1.o(.text.Default_Handler) referenced from isp_startup_m55m1.o(DTCM.VTOR)
 <LI><a href="#[1f]">EINT3_IRQHandler</a> from isp_startup_m55m1.o(.text.Default_Handler) referenced from isp_startup_m55m1.o(DTCM.VTOR)
 <LI><a href="#[20]">EINT4_IRQHandler</a> from isp_startup_m55m1.o(.text.Default_Handler) referenced from isp_startup_m55m1.o(DTCM.VTOR)
 <LI><a href="#[21]">EINT5_IRQHandler</a> from isp_startup_m55m1.o(.text.Default_Handler) referenced from isp_startup_m55m1.o(DTCM.VTOR)
 <LI><a href="#[5c]">EINT6_IRQHandler</a> from isp_startup_m55m1.o(.text.Default_Handler) referenced from isp_startup_m55m1.o(DTCM.VTOR)
 <LI><a href="#[5d]">EINT7_IRQHandler</a> from isp_startup_m55m1.o(.text.Default_Handler) referenced from isp_startup_m55m1.o(DTCM.VTOR)
 <LI><a href="#[49]">EMAC0_IRQHandler</a> from isp_startup_m55m1.o(.text.Default_Handler) referenced from isp_startup_m55m1.o(DTCM.VTOR)
 <LI><a href="#[2d]">EPWM0P0_IRQHandler</a> from isp_startup_m55m1.o(.text.Default_Handler) referenced from isp_startup_m55m1.o(DTCM.VTOR)
 <LI><a href="#[2e]">EPWM0P1_IRQHandler</a> from isp_startup_m55m1.o(.text.Default_Handler) referenced from isp_startup_m55m1.o(DTCM.VTOR)
 <LI><a href="#[2f]">EPWM0P2_IRQHandler</a> from isp_startup_m55m1.o(.text.Default_Handler) referenced from isp_startup_m55m1.o(DTCM.VTOR)
 <LI><a href="#[31]">EPWM1P0_IRQHandler</a> from isp_startup_m55m1.o(.text.Default_Handler) referenced from isp_startup_m55m1.o(DTCM.VTOR)
 <LI><a href="#[32]">EPWM1P1_IRQHandler</a> from isp_startup_m55m1.o(.text.Default_Handler) referenced from isp_startup_m55m1.o(DTCM.VTOR)
 <LI><a href="#[33]">EPWM1P2_IRQHandler</a> from isp_startup_m55m1.o(.text.Default_Handler) referenced from isp_startup_m55m1.o(DTCM.VTOR)
 <LI><a href="#[22]">GPA_IRQHandler</a> from isp_startup_m55m1.o(.text.Default_Handler) referenced from isp_startup_m55m1.o(DTCM.VTOR)
 <LI><a href="#[23]">GPB_IRQHandler</a> from isp_startup_m55m1.o(.text.Default_Handler) referenced from isp_startup_m55m1.o(DTCM.VTOR)
 <LI><a href="#[24]">GPC_IRQHandler</a> from isp_startup_m55m1.o(.text.Default_Handler) referenced from isp_startup_m55m1.o(DTCM.VTOR)
 <LI><a href="#[25]">GPD_IRQHandler</a> from isp_startup_m55m1.o(.text.Default_Handler) referenced from isp_startup_m55m1.o(DTCM.VTOR)
 <LI><a href="#[26]">GPE_IRQHandler</a> from isp_startup_m55m1.o(.text.Default_Handler) referenced from isp_startup_m55m1.o(DTCM.VTOR)
 <LI><a href="#[27]">GPF_IRQHandler</a> from isp_startup_m55m1.o(.text.Default_Handler) referenced from isp_startup_m55m1.o(DTCM.VTOR)
 <LI><a href="#[28]">GPG_IRQHandler</a> from isp_startup_m55m1.o(.text.Default_Handler) referenced from isp_startup_m55m1.o(DTCM.VTOR)
 <LI><a href="#[29]">GPH_IRQHandler</a> from isp_startup_m55m1.o(.text.Default_Handler) referenced from isp_startup_m55m1.o(DTCM.VTOR)
 <LI><a href="#[2a]">GPI_IRQHandler</a> from isp_startup_m55m1.o(.text.Default_Handler) referenced from isp_startup_m55m1.o(DTCM.VTOR)
 <LI><a href="#[2b]">GPJ_IRQHandler</a> from isp_startup_m55m1.o(.text.Default_Handler) referenced from isp_startup_m55m1.o(DTCM.VTOR)
 <LI><a href="#[9]">HID_ClassRequest</a> from hid_transfer.o(.text.HID_ClassRequest) referenced from main.o(.text.main)
 <LI><a href="#[48]">HSOTG_IRQHandler</a> from isp_startup_m55m1.o(.text.Default_Handler) referenced from isp_startup_m55m1.o(DTCM.VTOR)
 <LI><a href="#[47]">HSUSBD_IRQHandler</a> from isp_startup_m55m1.o(.text.Default_Handler) referenced from isp_startup_m55m1.o(DTCM.VTOR)
 <LI><a href="#[46]">HSUSBH_IRQHandler</a> from isp_startup_m55m1.o(.text.Default_Handler) referenced from isp_startup_m55m1.o(DTCM.VTOR)
 <LI><a href="#[2]">HardFault_Handler</a> from isp_startup_m55m1.o(.text.HardFault_Handler) referenced from isp_startup_m55m1.o(DTCM.VTOR)
 <LI><a href="#[2]">HardFault_Handler</a> from isp_startup_m55m1.o(.text.HardFault_Handler) referenced from isp_startup_m55m1.o(RESET)
 <LI><a href="#[5f]">I2C0_IRQHandler</a> from isp_startup_m55m1.o(.text.Default_Handler) referenced from isp_startup_m55m1.o(DTCM.VTOR)
 <LI><a href="#[60]">I2C1_IRQHandler</a> from isp_startup_m55m1.o(.text.Default_Handler) referenced from isp_startup_m55m1.o(DTCM.VTOR)
 <LI><a href="#[61]">I2C2_IRQHandler</a> from isp_startup_m55m1.o(.text.Default_Handler) referenced from isp_startup_m55m1.o(DTCM.VTOR)
 <LI><a href="#[62]">I2C3_IRQHandler</a> from isp_startup_m55m1.o(.text.Default_Handler) referenced from isp_startup_m55m1.o(DTCM.VTOR)
 <LI><a href="#[6b]">I2S0_IRQHandler</a> from isp_startup_m55m1.o(.text.Default_Handler) referenced from isp_startup_m55m1.o(DTCM.VTOR)
 <LI><a href="#[6c]">I2S1_IRQHandler</a> from isp_startup_m55m1.o(.text.Default_Handler) referenced from isp_startup_m55m1.o(DTCM.VTOR)
 <LI><a href="#[6e]">I3C0_IRQHandler</a> from isp_startup_m55m1.o(.text.Default_Handler) referenced from isp_startup_m55m1.o(DTCM.VTOR)
 <LI><a href="#[10]">IRC_IRQHandler</a> from isp_startup_m55m1.o(.text.Default_Handler) referenced from isp_startup_m55m1.o(DTCM.VTOR)
 <LI><a href="#[14]">ISP_IRQHandler</a> from isp_startup_m55m1.o(.text.Default_Handler) referenced from isp_startup_m55m1.o(DTCM.VTOR)
 <LI><a href="#[70]">KPI_IRQHandler</a> from isp_startup_m55m1.o(.text.Default_Handler) referenced from isp_startup_m55m1.o(DTCM.VTOR)
 <LI><a href="#[39]">KS_IRQHandler</a> from isp_startup_m55m1.o(.text.Default_Handler) referenced from isp_startup_m55m1.o(DTCM.VTOR)
 <LI><a href="#[63]">LPI2C0_IRQHandler</a> from isp_startup_m55m1.o(.text.Default_Handler) referenced from isp_startup_m55m1.o(DTCM.VTOR)
 <LI><a href="#[38]">LPPDMA_IRQHandler</a> from isp_startup_m55m1.o(.text.Default_Handler) referenced from isp_startup_m55m1.o(DTCM.VTOR)
 <LI><a href="#[50]">LPSPI0_IRQHandler</a> from isp_startup_m55m1.o(.text.Default_Handler) referenced from isp_startup_m55m1.o(DTCM.VTOR)
 <LI><a href="#[3e]">LPTMR0_IRQHandler</a> from isp_startup_m55m1.o(.text.Default_Handler) referenced from isp_startup_m55m1.o(DTCM.VTOR)
 <LI><a href="#[3f]">LPTMR1_IRQHandler</a> from isp_startup_m55m1.o(.text.Default_Handler) referenced from isp_startup_m55m1.o(DTCM.VTOR)
 <LI><a href="#[5e]">LPUART0_IRQHandler</a> from isp_startup_m55m1.o(.text.Default_Handler) referenced from isp_startup_m55m1.o(DTCM.VTOR)
 <LI><a href="#[3]">MemManage_Handler</a> from isp_startup_m55m1.o(.text.Default_Handler) referenced from isp_startup_m55m1.o(DTCM.VTOR)
 <LI><a href="#[3]">MemManage_Handler</a> from isp_startup_m55m1.o(.text.Default_Handler) referenced from isp_startup_m55m1.o(RESET)
 <LI><a href="#[1]">NMI_Handler</a> from isp_startup_m55m1.o(.text.Default_Handler) referenced from isp_startup_m55m1.o(DTCM.VTOR)
 <LI><a href="#[1]">NMI_Handler</a> from isp_startup_m55m1.o(.text.Default_Handler) referenced from isp_startup_m55m1.o(RESET)
 <LI><a href="#[1b]">NPU_IRQHandler</a> from isp_startup_m55m1.o(.text.Default_Handler) referenced from isp_startup_m55m1.o(DTCM.VTOR)
 <LI><a href="#[6f]">OTFC0_IRQHandler</a> from isp_startup_m55m1.o(.text.Default_Handler) referenced from isp_startup_m55m1.o(DTCM.VTOR)
 <LI><a href="#[36]">PDMA0_IRQHandler</a> from isp_startup_m55m1.o(.text.Default_Handler) referenced from isp_startup_m55m1.o(DTCM.VTOR)
 <LI><a href="#[37]">PDMA1_IRQHandler</a> from isp_startup_m55m1.o(.text.Default_Handler) referenced from isp_startup_m55m1.o(DTCM.VTOR)
 <LI><a href="#[11]">PMC_IRQHandler</a> from isp_startup_m55m1.o(.text.Default_Handler) referenced from isp_startup_m55m1.o(DTCM.VTOR)
 <LI><a href="#[68]">PSIO_IRQHandler</a> from isp_startup_m55m1.o(.text.Default_Handler) referenced from isp_startup_m55m1.o(DTCM.VTOR)
 <LI><a href="#[d]">PendSV_Handler</a> from isp_startup_m55m1.o(.text.Default_Handler) referenced from isp_startup_m55m1.o(DTCM.VTOR)
 <LI><a href="#[4a]">QSPI0_IRQHandler</a> from isp_startup_m55m1.o(.text.Default_Handler) referenced from isp_startup_m55m1.o(DTCM.VTOR)
 <LI><a href="#[4b]">QSPI1_IRQHandler</a> from isp_startup_m55m1.o(.text.Default_Handler) referenced from isp_startup_m55m1.o(DTCM.VTOR)
 <LI><a href="#[16]">RTCTAMPER_IRQHandler</a> from isp_startup_m55m1.o(.text.Default_Handler) referenced from isp_startup_m55m1.o(DTCM.VTOR)
 <LI><a href="#[15]">RTC_IRQHandler</a> from isp_startup_m55m1.o(.text.Default_Handler) referenced from isp_startup_m55m1.o(DTCM.VTOR)
 <LI><a href="#[0]">Reset_Handler</a> from isp_startup_m55m1.o(.text.Reset_Handler) referenced from isp_startup_m55m1.o(DTCM.VTOR)
 <LI><a href="#[0]">Reset_Handler</a> from isp_startup_m55m1.o(.text.Reset_Handler) referenced from isp_startup_m55m1.o(RESET)
 <LI><a href="#[65]">SC0_IRQHandler</a> from isp_startup_m55m1.o(.text.Default_Handler) referenced from isp_startup_m55m1.o(DTCM.VTOR)
 <LI><a href="#[66]">SC1_IRQHandler</a> from isp_startup_m55m1.o(.text.Default_Handler) referenced from isp_startup_m55m1.o(DTCM.VTOR)
 <LI><a href="#[67]">SC2_IRQHandler</a> from isp_startup_m55m1.o(.text.Default_Handler) referenced from isp_startup_m55m1.o(DTCM.VTOR)
 <LI><a href="#[71]">SDH0_IRQHandler</a> from isp_startup_m55m1.o(.text.Default_Handler) referenced from isp_startup_m55m1.o(DTCM.VTOR)
 <LI><a href="#[72]">SDH1_IRQHandler</a> from isp_startup_m55m1.o(.text.Default_Handler) referenced from isp_startup_m55m1.o(DTCM.VTOR)
 <LI><a href="#[4c]">SPI0_IRQHandler</a> from isp_startup_m55m1.o(.text.Default_Handler) referenced from isp_startup_m55m1.o(DTCM.VTOR)
 <LI><a href="#[4d]">SPI1_IRQHandler</a> from isp_startup_m55m1.o(.text.Default_Handler) referenced from isp_startup_m55m1.o(DTCM.VTOR)
 <LI><a href="#[4e]">SPI2_IRQHandler</a> from isp_startup_m55m1.o(.text.Default_Handler) referenced from isp_startup_m55m1.o(DTCM.VTOR)
 <LI><a href="#[4f]">SPI3_IRQHandler</a> from isp_startup_m55m1.o(.text.Default_Handler) referenced from isp_startup_m55m1.o(DTCM.VTOR)
 <LI><a href="#[51]">SPIM0_IRQHandler</a> from isp_startup_m55m1.o(.text.Default_Handler) referenced from isp_startup_m55m1.o(DTCM.VTOR)
 <LI><a href="#[12]">SRAMPERR_IRQHandler</a> from isp_startup_m55m1.o(.text.Default_Handler) referenced from isp_startup_m55m1.o(DTCM.VTOR)
 <LI><a href="#[b]">SVC_Handler</a> from isp_startup_m55m1.o(.text.Default_Handler) referenced from isp_startup_m55m1.o(DTCM.VTOR)
 <LI><a href="#[6]">SecureFault_Handler</a> from isp_startup_m55m1.o(.text.Default_Handler) referenced from isp_startup_m55m1.o(DTCM.VTOR)
 <LI><a href="#[6]">SecureFault_Handler</a> from isp_startup_m55m1.o(.text.Default_Handler) referenced from isp_startup_m55m1.o(RESET)
 <LI><a href="#[e]">SysTick_Handler</a> from isp_startup_m55m1.o(.text.Default_Handler) referenced from isp_startup_m55m1.o(DTCM.VTOR)
 <LI><a href="#[a]">SystemInit</a> from isp_system_m55m1.o(.text.SystemInit) referenced from isp_system_m55m1.o(.init_array)
 <LI><a href="#[3a]">TIMER0_IRQHandler</a> from isp_startup_m55m1.o(.text.Default_Handler) referenced from isp_startup_m55m1.o(DTCM.VTOR)
 <LI><a href="#[3b]">TIMER1_IRQHandler</a> from isp_startup_m55m1.o(.text.Default_Handler) referenced from isp_startup_m55m1.o(DTCM.VTOR)
 <LI><a href="#[3c]">TIMER2_IRQHandler</a> from isp_startup_m55m1.o(.text.Default_Handler) referenced from isp_startup_m55m1.o(DTCM.VTOR)
 <LI><a href="#[3d]">TIMER3_IRQHandler</a> from isp_startup_m55m1.o(.text.Default_Handler) referenced from isp_startup_m55m1.o(DTCM.VTOR)
 <LI><a href="#[6d]">TRNG_IRQHandler</a> from isp_startup_m55m1.o(.text.Default_Handler) referenced from isp_startup_m55m1.o(DTCM.VTOR)
 <LI><a href="#[40]">TTMR0_IRQHandler</a> from isp_startup_m55m1.o(.text.Default_Handler) referenced from isp_startup_m55m1.o(DTCM.VTOR)
 <LI><a href="#[41]">TTMR1_IRQHandler</a> from isp_startup_m55m1.o(.text.Default_Handler) referenced from isp_startup_m55m1.o(DTCM.VTOR)
 <LI><a href="#[52]">UART0_IRQHandler</a> from isp_startup_m55m1.o(.text.Default_Handler) referenced from isp_startup_m55m1.o(DTCM.VTOR)
 <LI><a href="#[53]">UART1_IRQHandler</a> from isp_startup_m55m1.o(.text.Default_Handler) referenced from isp_startup_m55m1.o(DTCM.VTOR)
 <LI><a href="#[54]">UART2_IRQHandler</a> from isp_startup_m55m1.o(.text.Default_Handler) referenced from isp_startup_m55m1.o(DTCM.VTOR)
 <LI><a href="#[55]">UART3_IRQHandler</a> from isp_startup_m55m1.o(.text.Default_Handler) referenced from isp_startup_m55m1.o(DTCM.VTOR)
 <LI><a href="#[56]">UART4_IRQHandler</a> from isp_startup_m55m1.o(.text.Default_Handler) referenced from isp_startup_m55m1.o(DTCM.VTOR)
 <LI><a href="#[57]">UART5_IRQHandler</a> from isp_startup_m55m1.o(.text.Default_Handler) referenced from isp_startup_m55m1.o(DTCM.VTOR)
 <LI><a href="#[58]">UART6_IRQHandler</a> from isp_startup_m55m1.o(.text.Default_Handler) referenced from isp_startup_m55m1.o(DTCM.VTOR)
 <LI><a href="#[59]">UART7_IRQHandler</a> from isp_startup_m55m1.o(.text.Default_Handler) referenced from isp_startup_m55m1.o(DTCM.VTOR)
 <LI><a href="#[5a]">UART8_IRQHandler</a> from isp_startup_m55m1.o(.text.Default_Handler) referenced from isp_startup_m55m1.o(DTCM.VTOR)
 <LI><a href="#[5b]">UART9_IRQHandler</a> from isp_startup_m55m1.o(.text.Default_Handler) referenced from isp_startup_m55m1.o(DTCM.VTOR)
 <LI><a href="#[44]">USBD_IRQHandler</a> from hid_transfer.o(ITCM) referenced from isp_startup_m55m1.o(DTCM.VTOR)
 <LI><a href="#[42]">USBH0_IRQHandler</a> from isp_startup_m55m1.o(.text.Default_Handler) referenced from isp_startup_m55m1.o(DTCM.VTOR)
 <LI><a href="#[43]">USBH1_IRQHandler</a> from isp_startup_m55m1.o(.text.Default_Handler) referenced from isp_startup_m55m1.o(DTCM.VTOR)
 <LI><a href="#[45]">USBOTG_IRQHandler</a> from isp_startup_m55m1.o(.text.Default_Handler) referenced from isp_startup_m55m1.o(DTCM.VTOR)
 <LI><a href="#[64]">USCI0_IRQHandler</a> from isp_startup_m55m1.o(.text.Default_Handler) referenced from isp_startup_m55m1.o(DTCM.VTOR)
 <LI><a href="#[5]">UsageFault_Handler</a> from isp_startup_m55m1.o(.text.Default_Handler) referenced from isp_startup_m55m1.o(DTCM.VTOR)
 <LI><a href="#[5]">UsageFault_Handler</a> from isp_startup_m55m1.o(.text.Default_Handler) referenced from isp_startup_m55m1.o(RESET)
 <LI><a href="#[17]">WDT0_IRQHandler</a> from isp_startup_m55m1.o(.text.Default_Handler) referenced from isp_startup_m55m1.o(DTCM.VTOR)
 <LI><a href="#[19]">WDT1_IRQHandler</a> from isp_startup_m55m1.o(.text.Default_Handler) referenced from isp_startup_m55m1.o(DTCM.VTOR)
 <LI><a href="#[18]">WWDT0_IRQHandler</a> from isp_startup_m55m1.o(.text.Default_Handler) referenced from isp_startup_m55m1.o(DTCM.VTOR)
 <LI><a href="#[1a]">WWDT1_IRQHandler</a> from isp_startup_m55m1.o(.text.Default_Handler) referenced from isp_startup_m55m1.o(DTCM.VTOR)
 <LI><a href="#[7]">main</a> from main.o(.text.main) referenced from entry9a.o(.ARM.Collect$$$$0000000B)
</UL>
<P>
<H3>
Global Symbols
</H3>
<P><STRONG><a name="[44]"></a>USBD_IRQHandler</STRONG> (Thumb, 228 bytes, Stack size 0 bytes, hid_transfer.o(ITCM))
<BR><BR>[Stack]<UL><LI>Max Depth = 64<LI>Call Chain = USBD_IRQHandler &rArr; USBD_ProcessSetupPacket &rArr; USBD_StandardRequest &rArr; USBD_GetDescriptor &rArr; USBD_PrepareCtrlIn
</UL>
<BR>[Calls]<UL><LI><a href="#[aa]">&gt;&gt;</a>&nbsp;&nbsp;&nbsp;EP3_Handler
<LI><a href="#[9e]">&gt;&gt;</a>&nbsp;&nbsp;&nbsp;USBD_CtrlOut (via Veneer)
<LI><a href="#[9d]">&gt;&gt;</a>&nbsp;&nbsp;&nbsp;USBD_CtrlIn (via Veneer)
<LI><a href="#[a1]">&gt;&gt;</a>&nbsp;&nbsp;&nbsp;USBD_ProcessSetupPacket (via Veneer)
<LI><a href="#[a9]">&gt;&gt;</a>&nbsp;&nbsp;&nbsp;USBD_SwReset (via Veneer)
</UL>
<BR>[Address Reference Count : 1]<UL><LI> isp_startup_m55m1.o(DTCM.VTOR)
</UL>
<P><STRONG><a name="[aa]"></a>EP3_Handler</STRONG> (Thumb, 32 bytes, Stack size 16 bytes, hid_transfer.o(ITCM))
<BR><BR>[Stack]<UL><LI>Max Depth = 16<LI>Call Chain = EP3_Handler
</UL>
<BR>[Calls]<UL><LI><a href="#[91]">&gt;&gt;</a>&nbsp;&nbsp;&nbsp;UserMemCopy (via Veneer)
</UL>
<BR>[Called By]<UL><LI><a href="#[44]">&gt;&gt;</a>&nbsp;&nbsp;&nbsp;USBD_IRQHandler
</UL>

<P><STRONG><a name="[a6]"></a>EP2_Handler</STRONG> (Thumb, 28 bytes, Stack size 16 bytes, hid_transfer.o(ITCM))
<BR><BR>[Stack]<UL><LI>Max Depth = 16<LI>Call Chain = EP2_Handler
</UL>
<BR>[Calls]<UL><LI><a href="#[91]">&gt;&gt;</a>&nbsp;&nbsp;&nbsp;UserMemCopy (via Veneer)
</UL>
<BR>[Called By]<UL><LI><a href="#[7]">&gt;&gt;</a>&nbsp;&nbsp;&nbsp;main (via Veneer)
</UL>

<P><STRONG><a name="[79]"></a>__main</STRONG> (Thumb, 0 bytes, Stack size unknown bytes, entry.o(.ARM.Collect$$$$00000000))
<BR><BR>[Called By]<UL><LI><a href="#[0]">&gt;&gt;</a>&nbsp;&nbsp;&nbsp;Reset_Handler
</UL>

<P><STRONG><a name="[ab]"></a>_main_stk</STRONG> (Thumb, 0 bytes, Stack size unknown bytes, entry4.o(.ARM.Collect$$$$00000003))

<P><STRONG><a name="[7b]"></a>_main_scatterload</STRONG> (Thumb, 0 bytes, Stack size unknown bytes, entry5.o(.ARM.Collect$$$$00000004))
<BR><BR>[Calls]<UL><LI><a href="#[7c]">&gt;&gt;</a>&nbsp;&nbsp;&nbsp;__scatterload
</UL>

<P><STRONG><a name="[81]"></a>__main_after_scatterload</STRONG> (Thumb, 0 bytes, Stack size unknown bytes, entry5.o(.ARM.Collect$$$$00000004))
<BR><BR>[Called By]<UL><LI><a href="#[7c]">&gt;&gt;</a>&nbsp;&nbsp;&nbsp;__scatterload
</UL>

<P><STRONG><a name="[ac]"></a>_main_clock</STRONG> (Thumb, 0 bytes, Stack size unknown bytes, entry7b.o(.ARM.Collect$$$$00000008))

<P><STRONG><a name="[7d]"></a>_main_cpp_init$empty</STRONG> (Thumb, 0 bytes, Stack size unknown bytes, entry8a.o(.ARM.Collect$$$$00000009))
<BR><BR>[Stack]<UL><LI>Max Depth = 24 + Unknown Stack Size
<LI>Call Chain = _main_cpp_init$empty &rArr; __cpp_initialize__aeabi_
</UL>
<BR>[Calls]<UL><LI><a href="#[7a]">&gt;&gt;</a>&nbsp;&nbsp;&nbsp;__cpp_initialize__aeabi_
</UL>

<P><STRONG><a name="[ad]"></a>_main_cpp_init</STRONG> (Thumb, 0 bytes, Stack size unknown bytes, entry8b.o(.ARM.Collect$$$$0000000A))

<P><STRONG><a name="[ae]"></a>_main_init</STRONG> (Thumb, 0 bytes, Stack size unknown bytes, entry9a.o(.ARM.Collect$$$$0000000B))

<P><STRONG><a name="[af]"></a>__rt_final_cpp</STRONG> (Thumb, 0 bytes, Stack size unknown bytes, entry10a.o(.ARM.Collect$$$$0000000D))

<P><STRONG><a name="[b0]"></a>__rt_final_exit</STRONG> (Thumb, 0 bytes, Stack size unknown bytes, entry11a.o(.ARM.Collect$$$$0000000F))

<P><STRONG><a name="[7f]"></a>__aeabi_memset</STRONG> (Thumb, 14 bytes, Stack size 0 bytes, memseta.o(.text))
<BR><BR>[Called By]<UL><LI><a href="#[80]">&gt;&gt;</a>&nbsp;&nbsp;&nbsp;_memset$wrapper
<LI><a href="#[7e]">&gt;&gt;</a>&nbsp;&nbsp;&nbsp;__aeabi_memclr
</UL>

<P><STRONG><a name="[b1]"></a>__aeabi_memset4</STRONG> (Thumb, 0 bytes, Stack size 0 bytes, memseta.o(.text), UNUSED)

<P><STRONG><a name="[b2]"></a>__aeabi_memset8</STRONG> (Thumb, 0 bytes, Stack size 0 bytes, memseta.o(.text), UNUSED)

<P><STRONG><a name="[7e]"></a>__aeabi_memclr</STRONG> (Thumb, 4 bytes, Stack size 0 bytes, memseta.o(.text))
<BR><BR>[Calls]<UL><LI><a href="#[7f]">&gt;&gt;</a>&nbsp;&nbsp;&nbsp;__aeabi_memset
</UL>
<BR>[Called By]<UL><LI><a href="#[92]">&gt;&gt;</a>&nbsp;&nbsp;&nbsp;ParseCmd
</UL>

<P><STRONG><a name="[b3]"></a>__aeabi_memclr4</STRONG> (Thumb, 0 bytes, Stack size 0 bytes, memseta.o(.text), UNUSED)

<P><STRONG><a name="[b4]"></a>__aeabi_memclr8</STRONG> (Thumb, 0 bytes, Stack size 0 bytes, memseta.o(.text), UNUSED)

<P><STRONG><a name="[80]"></a>_memset$wrapper</STRONG> (Thumb, 18 bytes, Stack size 8 bytes, memseta.o(.text), UNUSED)
<BR><BR>[Calls]<UL><LI><a href="#[7f]">&gt;&gt;</a>&nbsp;&nbsp;&nbsp;__aeabi_memset
</UL>

<P><STRONG><a name="[7a]"></a>__cpp_initialize__aeabi_</STRONG> (Thumb, 32 bytes, Stack size 24 bytes, cpp_init.o(.text))
<BR><BR>[Stack]<UL><LI>Max Depth = 24<LI>Call Chain = __cpp_initialize__aeabi_
</UL>
<BR>[Called By]<UL><LI><a href="#[7d]">&gt;&gt;</a>&nbsp;&nbsp;&nbsp;_main_cpp_init$empty
</UL>

<P><STRONG><a name="[7c]"></a>__scatterload</STRONG> (Thumb, 38 bytes, Stack size 0 bytes, init.o(.text))
<BR><BR>[Calls]<UL><LI><a href="#[81]">&gt;&gt;</a>&nbsp;&nbsp;&nbsp;__main_after_scatterload
</UL>
<BR>[Called By]<UL><LI><a href="#[7b]">&gt;&gt;</a>&nbsp;&nbsp;&nbsp;_main_scatterload
</UL>

<P><STRONG><a name="[b5]"></a>__scatterload_rt2</STRONG> (Thumb, 0 bytes, Stack size 0 bytes, init.o(.text), UNUSED)

<P><STRONG><a name="[82]"></a>CLK_EnableAPLL</STRONG> (Thumb, 364 bytes, Stack size 72 bytes, clk.o(.text.CLK_EnableAPLL))
<BR><BR>[Stack]<UL><LI>Max Depth = 72<LI>Call Chain = CLK_EnableAPLL
</UL>
<BR>[Calls]<UL><LI><a href="#[83]">&gt;&gt;</a>&nbsp;&nbsp;&nbsp;CLK_WaitClockReady
</UL>
<BR>[Called By]<UL><LI><a href="#[9a]">&gt;&gt;</a>&nbsp;&nbsp;&nbsp;SYS_Init
</UL>

<P><STRONG><a name="[8]"></a>CLK_EnableModuleClock</STRONG> (Thumb, 28 bytes, Stack size 0 bytes, clk.o(.text.CLK_EnableModuleClock))
<BR>[Address Reference Count : 1]<UL><LI> main.o(.text.SYS_Init)
</UL>
<P><STRONG><a name="[9b]"></a>CLK_EnableXtalRC</STRONG> (Thumb, 12 bytes, Stack size 0 bytes, clk.o(.text.CLK_EnableXtalRC))
<BR><BR>[Called By]<UL><LI><a href="#[9a]">&gt;&gt;</a>&nbsp;&nbsp;&nbsp;SYS_Init
</UL>

<P><STRONG><a name="[84]"></a>CLK_GetAPLL0ClockFreq</STRONG> (Thumb, 68 bytes, Stack size 8 bytes, clk.o(.text.CLK_GetAPLL0ClockFreq))
<BR><BR>[Stack]<UL><LI>Max Depth = 8<LI>Call Chain = CLK_GetAPLL0ClockFreq
</UL>
<BR>[Calls]<UL><LI><a href="#[85]">&gt;&gt;</a>&nbsp;&nbsp;&nbsp;OUTLINED_FUNCTION_0
</UL>
<BR>[Called By]<UL><LI><a href="#[86]">&gt;&gt;</a>&nbsp;&nbsp;&nbsp;CLK_SetSCLK
<LI><a href="#[88]">&gt;&gt;</a>&nbsp;&nbsp;&nbsp;CLK_SystemClockUpdate
</UL>

<P><STRONG><a name="[89]"></a>CLK_GetMIRCFreq</STRONG> (Thumb, 28 bytes, Stack size 0 bytes, clk.o(.text.CLK_GetMIRCFreq))
<BR><BR>[Called By]<UL><LI><a href="#[88]">&gt;&gt;</a>&nbsp;&nbsp;&nbsp;CLK_SystemClockUpdate
</UL>

<P><STRONG><a name="[9c]"></a>CLK_SetModuleClock</STRONG> (Thumb, 92 bytes, Stack size 20 bytes, clk.o(.text.CLK_SetModuleClock))
<BR><BR>[Stack]<UL><LI>Max Depth = 20<LI>Call Chain = CLK_SetModuleClock
</UL>
<BR>[Called By]<UL><LI><a href="#[9a]">&gt;&gt;</a>&nbsp;&nbsp;&nbsp;SYS_Init
</UL>

<P><STRONG><a name="[86]"></a>CLK_SetSCLK</STRONG> (Thumb, 448 bytes, Stack size 32 bytes, clk.o(.text.CLK_SetSCLK))
<BR><BR>[Stack]<UL><LI>Max Depth = 56<LI>Call Chain = CLK_SetSCLK &rArr; SystemCoreClockUpdate &rArr; CLK_SystemClockUpdate &rArr; CLK_GetAPLL0ClockFreq
</UL>
<BR>[Calls]<UL><LI><a href="#[84]">&gt;&gt;</a>&nbsp;&nbsp;&nbsp;CLK_GetAPLL0ClockFreq
<LI><a href="#[83]">&gt;&gt;</a>&nbsp;&nbsp;&nbsp;CLK_WaitClockReady
<LI><a href="#[87]">&gt;&gt;</a>&nbsp;&nbsp;&nbsp;SystemCoreClockUpdate
</UL>
<BR>[Called By]<UL><LI><a href="#[9a]">&gt;&gt;</a>&nbsp;&nbsp;&nbsp;SYS_Init
</UL>

<P><STRONG><a name="[88]"></a>CLK_SystemClockUpdate</STRONG> (Thumb, 52 bytes, Stack size 8 bytes, clk.o(.text.CLK_SystemClockUpdate))
<BR><BR>[Stack]<UL><LI>Max Depth = 16<LI>Call Chain = CLK_SystemClockUpdate &rArr; CLK_GetAPLL0ClockFreq
</UL>
<BR>[Calls]<UL><LI><a href="#[84]">&gt;&gt;</a>&nbsp;&nbsp;&nbsp;CLK_GetAPLL0ClockFreq
<LI><a href="#[89]">&gt;&gt;</a>&nbsp;&nbsp;&nbsp;CLK_GetMIRCFreq
</UL>
<BR>[Called By]<UL><LI><a href="#[87]">&gt;&gt;</a>&nbsp;&nbsp;&nbsp;SystemCoreClockUpdate
</UL>

<P><STRONG><a name="[83]"></a>CLK_WaitClockReady</STRONG> (Thumb, 32 bytes, Stack size 0 bytes, clk.o(.text.CLK_WaitClockReady))
<BR><BR>[Called By]<UL><LI><a href="#[9a]">&gt;&gt;</a>&nbsp;&nbsp;&nbsp;SYS_Init
<LI><a href="#[86]">&gt;&gt;</a>&nbsp;&nbsp;&nbsp;CLK_SetSCLK
<LI><a href="#[82]">&gt;&gt;</a>&nbsp;&nbsp;&nbsp;CLK_EnableAPLL
</UL>

<P><STRONG><a name="[8a]"></a>ACMP01_IRQHandler</STRONG> (Thumb, 2 bytes, Stack size 0 bytes, isp_startup_m55m1.o(.text.Default_Handler), UNUSED)
<BR><BR>[Calls]<UL><LI><a href="#[8a]">&gt;&gt;</a>&nbsp;&nbsp;&nbsp;ACMP01_IRQHandler
</UL>
<BR>[Called By]<UL><LI><a href="#[8a]">&gt;&gt;</a>&nbsp;&nbsp;&nbsp;ACMP01_IRQHandler
</UL>

<P><STRONG><a name="[b6]"></a>ACMP23_IRQHandler</STRONG> (Thumb, 2 bytes, Stack size 0 bytes, isp_startup_m55m1.o(.text.Default_Handler), UNUSED)

<P><STRONG><a name="[b7]"></a>AWF_IRQHandler</STRONG> (Thumb, 2 bytes, Stack size 0 bytes, isp_startup_m55m1.o(.text.Default_Handler), UNUSED)

<P><STRONG><a name="[f]"></a>BODOUT_IRQHandler</STRONG> (Thumb, 2 bytes, Stack size 0 bytes, isp_startup_m55m1.o(.text.Default_Handler))
<BR>[Address Reference Count : 1]<UL><LI> isp_startup_m55m1.o(DTCM.VTOR)
</UL>
<P><STRONG><a name="[34]"></a>BPWM0_IRQHandler</STRONG> (Thumb, 2 bytes, Stack size 0 bytes, isp_startup_m55m1.o(.text.Default_Handler))
<BR>[Address Reference Count : 1]<UL><LI> isp_startup_m55m1.o(DTCM.VTOR)
</UL>
<P><STRONG><a name="[35]"></a>BPWM1_IRQHandler</STRONG> (Thumb, 2 bytes, Stack size 0 bytes, isp_startup_m55m1.o(.text.Default_Handler))
<BR>[Address Reference Count : 1]<UL><LI> isp_startup_m55m1.o(DTCM.VTOR)
</UL>
<P><STRONG><a name="[2c]"></a>BRAKE0_IRQHandler</STRONG> (Thumb, 2 bytes, Stack size 0 bytes, isp_startup_m55m1.o(.text.Default_Handler))
<BR>[Address Reference Count : 1]<UL><LI> isp_startup_m55m1.o(DTCM.VTOR)
</UL>
<P><STRONG><a name="[30]"></a>BRAKE1_IRQHandler</STRONG> (Thumb, 2 bytes, Stack size 0 bytes, isp_startup_m55m1.o(.text.Default_Handler))
<BR>[Address Reference Count : 1]<UL><LI> isp_startup_m55m1.o(DTCM.VTOR)
</UL>
<P><STRONG><a name="[4]"></a>BusFault_Handler</STRONG> (Thumb, 2 bytes, Stack size 0 bytes, isp_startup_m55m1.o(.text.Default_Handler))
<BR>[Address Reference Count : 2]<UL><LI> isp_startup_m55m1.o(RESET)
<LI> isp_startup_m55m1.o(DTCM.VTOR)
</UL>
<P><STRONG><a name="[75]"></a>CANFD00_IRQHandler</STRONG> (Thumb, 2 bytes, Stack size 0 bytes, isp_startup_m55m1.o(.text.Default_Handler))
<BR>[Address Reference Count : 1]<UL><LI> isp_startup_m55m1.o(DTCM.VTOR)
</UL>
<P><STRONG><a name="[76]"></a>CANFD01_IRQHandler</STRONG> (Thumb, 2 bytes, Stack size 0 bytes, isp_startup_m55m1.o(.text.Default_Handler))
<BR>[Address Reference Count : 1]<UL><LI> isp_startup_m55m1.o(DTCM.VTOR)
</UL>
<P><STRONG><a name="[77]"></a>CANFD10_IRQHandler</STRONG> (Thumb, 2 bytes, Stack size 0 bytes, isp_startup_m55m1.o(.text.Default_Handler))
<BR>[Address Reference Count : 1]<UL><LI> isp_startup_m55m1.o(DTCM.VTOR)
</UL>
<P><STRONG><a name="[78]"></a>CANFD11_IRQHandler</STRONG> (Thumb, 2 bytes, Stack size 0 bytes, isp_startup_m55m1.o(.text.Default_Handler))
<BR>[Address Reference Count : 1]<UL><LI> isp_startup_m55m1.o(DTCM.VTOR)
</UL>
<P><STRONG><a name="[73]"></a>CCAP_IRQHandler</STRONG> (Thumb, 2 bytes, Stack size 0 bytes, isp_startup_m55m1.o(.text.Default_Handler))
<BR>[Address Reference Count : 1]<UL><LI> isp_startup_m55m1.o(DTCM.VTOR)
</UL>
<P><STRONG><a name="[13]"></a>CKFAIL_IRQHandler</STRONG> (Thumb, 2 bytes, Stack size 0 bytes, isp_startup_m55m1.o(.text.Default_Handler))
<BR>[Address Reference Count : 1]<UL><LI> isp_startup_m55m1.o(DTCM.VTOR)
</UL>
<P><STRONG><a name="[b8]"></a>CRC_IRQHandler</STRONG> (Thumb, 2 bytes, Stack size 0 bytes, isp_startup_m55m1.o(.text.Default_Handler), UNUSED)

<P><STRONG><a name="[74]"></a>CRYPTO_IRQHandler</STRONG> (Thumb, 2 bytes, Stack size 0 bytes, isp_startup_m55m1.o(.text.Default_Handler))
<BR>[Address Reference Count : 1]<UL><LI> isp_startup_m55m1.o(DTCM.VTOR)
</UL>
<P><STRONG><a name="[b9]"></a>DAC01_IRQHandler</STRONG> (Thumb, 2 bytes, Stack size 0 bytes, isp_startup_m55m1.o(.text.Default_Handler), UNUSED)

<P><STRONG><a name="[6a]"></a>DMIC0VAD_IRQHandler</STRONG> (Thumb, 2 bytes, Stack size 0 bytes, isp_startup_m55m1.o(.text.Default_Handler))
<BR>[Address Reference Count : 1]<UL><LI> isp_startup_m55m1.o(DTCM.VTOR)
</UL>
<P><STRONG><a name="[69]"></a>DMIC0_IRQHandler</STRONG> (Thumb, 2 bytes, Stack size 0 bytes, isp_startup_m55m1.o(.text.Default_Handler))
<BR>[Address Reference Count : 1]<UL><LI> isp_startup_m55m1.o(DTCM.VTOR)
</UL>
<P><STRONG><a name="[c]"></a>DebugMon_Handler</STRONG> (Thumb, 2 bytes, Stack size 0 bytes, isp_startup_m55m1.o(.text.Default_Handler))
<BR>[Address Reference Count : 1]<UL><LI> isp_startup_m55m1.o(DTCM.VTOR)
</UL>
<P><STRONG><a name="[ba]"></a>Default_Handler</STRONG> (Thumb, 2 bytes, Stack size 0 bytes, isp_startup_m55m1.o(.text.Default_Handler), UNUSED)

<P><STRONG><a name="[bb]"></a>EADC00_IRQHandler</STRONG> (Thumb, 2 bytes, Stack size 0 bytes, isp_startup_m55m1.o(.text.Default_Handler), UNUSED)

<P><STRONG><a name="[bc]"></a>EADC01_IRQHandler</STRONG> (Thumb, 2 bytes, Stack size 0 bytes, isp_startup_m55m1.o(.text.Default_Handler), UNUSED)

<P><STRONG><a name="[bd]"></a>EADC02_IRQHandler</STRONG> (Thumb, 2 bytes, Stack size 0 bytes, isp_startup_m55m1.o(.text.Default_Handler), UNUSED)

<P><STRONG><a name="[be]"></a>EADC03_IRQHandler</STRONG> (Thumb, 2 bytes, Stack size 0 bytes, isp_startup_m55m1.o(.text.Default_Handler), UNUSED)

<P><STRONG><a name="[bf]"></a>ECAP0_IRQHandler</STRONG> (Thumb, 2 bytes, Stack size 0 bytes, isp_startup_m55m1.o(.text.Default_Handler), UNUSED)

<P><STRONG><a name="[c0]"></a>ECAP1_IRQHandler</STRONG> (Thumb, 2 bytes, Stack size 0 bytes, isp_startup_m55m1.o(.text.Default_Handler), UNUSED)

<P><STRONG><a name="[c1]"></a>ECAP2_IRQHandler</STRONG> (Thumb, 2 bytes, Stack size 0 bytes, isp_startup_m55m1.o(.text.Default_Handler), UNUSED)

<P><STRONG><a name="[c2]"></a>ECAP3_IRQHandler</STRONG> (Thumb, 2 bytes, Stack size 0 bytes, isp_startup_m55m1.o(.text.Default_Handler), UNUSED)

<P><STRONG><a name="[1c]"></a>EINT0_IRQHandler</STRONG> (Thumb, 2 bytes, Stack size 0 bytes, isp_startup_m55m1.o(.text.Default_Handler))
<BR>[Address Reference Count : 1]<UL><LI> isp_startup_m55m1.o(DTCM.VTOR)
</UL>
<P><STRONG><a name="[1d]"></a>EINT1_IRQHandler</STRONG> (Thumb, 2 bytes, Stack size 0 bytes, isp_startup_m55m1.o(.text.Default_Handler))
<BR>[Address Reference Count : 1]<UL><LI> isp_startup_m55m1.o(DTCM.VTOR)
</UL>
<P><STRONG><a name="[1e]"></a>EINT2_IRQHandler</STRONG> (Thumb, 2 bytes, Stack size 0 bytes, isp_startup_m55m1.o(.text.Default_Handler))
<BR>[Address Reference Count : 1]<UL><LI> isp_startup_m55m1.o(DTCM.VTOR)
</UL>
<P><STRONG><a name="[1f]"></a>EINT3_IRQHandler</STRONG> (Thumb, 2 bytes, Stack size 0 bytes, isp_startup_m55m1.o(.text.Default_Handler))
<BR>[Address Reference Count : 1]<UL><LI> isp_startup_m55m1.o(DTCM.VTOR)
</UL>
<P><STRONG><a name="[20]"></a>EINT4_IRQHandler</STRONG> (Thumb, 2 bytes, Stack size 0 bytes, isp_startup_m55m1.o(.text.Default_Handler))
<BR>[Address Reference Count : 1]<UL><LI> isp_startup_m55m1.o(DTCM.VTOR)
</UL>
<P><STRONG><a name="[21]"></a>EINT5_IRQHandler</STRONG> (Thumb, 2 bytes, Stack size 0 bytes, isp_startup_m55m1.o(.text.Default_Handler))
<BR>[Address Reference Count : 1]<UL><LI> isp_startup_m55m1.o(DTCM.VTOR)
</UL>
<P><STRONG><a name="[5c]"></a>EINT6_IRQHandler</STRONG> (Thumb, 2 bytes, Stack size 0 bytes, isp_startup_m55m1.o(.text.Default_Handler))
<BR>[Address Reference Count : 1]<UL><LI> isp_startup_m55m1.o(DTCM.VTOR)
</UL>
<P><STRONG><a name="[5d]"></a>EINT7_IRQHandler</STRONG> (Thumb, 2 bytes, Stack size 0 bytes, isp_startup_m55m1.o(.text.Default_Handler))
<BR>[Address Reference Count : 1]<UL><LI> isp_startup_m55m1.o(DTCM.VTOR)
</UL>
<P><STRONG><a name="[49]"></a>EMAC0_IRQHandler</STRONG> (Thumb, 2 bytes, Stack size 0 bytes, isp_startup_m55m1.o(.text.Default_Handler))
<BR>[Address Reference Count : 1]<UL><LI> isp_startup_m55m1.o(DTCM.VTOR)
</UL>
<P><STRONG><a name="[2d]"></a>EPWM0P0_IRQHandler</STRONG> (Thumb, 2 bytes, Stack size 0 bytes, isp_startup_m55m1.o(.text.Default_Handler))
<BR>[Address Reference Count : 1]<UL><LI> isp_startup_m55m1.o(DTCM.VTOR)
</UL>
<P><STRONG><a name="[2e]"></a>EPWM0P1_IRQHandler</STRONG> (Thumb, 2 bytes, Stack size 0 bytes, isp_startup_m55m1.o(.text.Default_Handler))
<BR>[Address Reference Count : 1]<UL><LI> isp_startup_m55m1.o(DTCM.VTOR)
</UL>
<P><STRONG><a name="[2f]"></a>EPWM0P2_IRQHandler</STRONG> (Thumb, 2 bytes, Stack size 0 bytes, isp_startup_m55m1.o(.text.Default_Handler))
<BR>[Address Reference Count : 1]<UL><LI> isp_startup_m55m1.o(DTCM.VTOR)
</UL>
<P><STRONG><a name="[31]"></a>EPWM1P0_IRQHandler</STRONG> (Thumb, 2 bytes, Stack size 0 bytes, isp_startup_m55m1.o(.text.Default_Handler))
<BR>[Address Reference Count : 1]<UL><LI> isp_startup_m55m1.o(DTCM.VTOR)
</UL>
<P><STRONG><a name="[32]"></a>EPWM1P1_IRQHandler</STRONG> (Thumb, 2 bytes, Stack size 0 bytes, isp_startup_m55m1.o(.text.Default_Handler))
<BR>[Address Reference Count : 1]<UL><LI> isp_startup_m55m1.o(DTCM.VTOR)
</UL>
<P><STRONG><a name="[33]"></a>EPWM1P2_IRQHandler</STRONG> (Thumb, 2 bytes, Stack size 0 bytes, isp_startup_m55m1.o(.text.Default_Handler))
<BR>[Address Reference Count : 1]<UL><LI> isp_startup_m55m1.o(DTCM.VTOR)
</UL>
<P><STRONG><a name="[c3]"></a>EQEI0_IRQHandler</STRONG> (Thumb, 2 bytes, Stack size 0 bytes, isp_startup_m55m1.o(.text.Default_Handler), UNUSED)

<P><STRONG><a name="[c4]"></a>EQEI1_IRQHandler</STRONG> (Thumb, 2 bytes, Stack size 0 bytes, isp_startup_m55m1.o(.text.Default_Handler), UNUSED)

<P><STRONG><a name="[c5]"></a>EQEI2_IRQHandler</STRONG> (Thumb, 2 bytes, Stack size 0 bytes, isp_startup_m55m1.o(.text.Default_Handler), UNUSED)

<P><STRONG><a name="[c6]"></a>EQEI3_IRQHandler</STRONG> (Thumb, 2 bytes, Stack size 0 bytes, isp_startup_m55m1.o(.text.Default_Handler), UNUSED)

<P><STRONG><a name="[c7]"></a>ETI_IRQHandler</STRONG> (Thumb, 2 bytes, Stack size 0 bytes, isp_startup_m55m1.o(.text.Default_Handler), UNUSED)

<P><STRONG><a name="[c8]"></a>GDMACH0_IRQHandler</STRONG> (Thumb, 2 bytes, Stack size 0 bytes, isp_startup_m55m1.o(.text.Default_Handler), UNUSED)

<P><STRONG><a name="[c9]"></a>GDMACH1_IRQHandler</STRONG> (Thumb, 2 bytes, Stack size 0 bytes, isp_startup_m55m1.o(.text.Default_Handler), UNUSED)

<P><STRONG><a name="[22]"></a>GPA_IRQHandler</STRONG> (Thumb, 2 bytes, Stack size 0 bytes, isp_startup_m55m1.o(.text.Default_Handler))
<BR>[Address Reference Count : 1]<UL><LI> isp_startup_m55m1.o(DTCM.VTOR)
</UL>
<P><STRONG><a name="[23]"></a>GPB_IRQHandler</STRONG> (Thumb, 2 bytes, Stack size 0 bytes, isp_startup_m55m1.o(.text.Default_Handler))
<BR>[Address Reference Count : 1]<UL><LI> isp_startup_m55m1.o(DTCM.VTOR)
</UL>
<P><STRONG><a name="[24]"></a>GPC_IRQHandler</STRONG> (Thumb, 2 bytes, Stack size 0 bytes, isp_startup_m55m1.o(.text.Default_Handler))
<BR>[Address Reference Count : 1]<UL><LI> isp_startup_m55m1.o(DTCM.VTOR)
</UL>
<P><STRONG><a name="[25]"></a>GPD_IRQHandler</STRONG> (Thumb, 2 bytes, Stack size 0 bytes, isp_startup_m55m1.o(.text.Default_Handler))
<BR>[Address Reference Count : 1]<UL><LI> isp_startup_m55m1.o(DTCM.VTOR)
</UL>
<P><STRONG><a name="[26]"></a>GPE_IRQHandler</STRONG> (Thumb, 2 bytes, Stack size 0 bytes, isp_startup_m55m1.o(.text.Default_Handler))
<BR>[Address Reference Count : 1]<UL><LI> isp_startup_m55m1.o(DTCM.VTOR)
</UL>
<P><STRONG><a name="[27]"></a>GPF_IRQHandler</STRONG> (Thumb, 2 bytes, Stack size 0 bytes, isp_startup_m55m1.o(.text.Default_Handler))
<BR>[Address Reference Count : 1]<UL><LI> isp_startup_m55m1.o(DTCM.VTOR)
</UL>
<P><STRONG><a name="[28]"></a>GPG_IRQHandler</STRONG> (Thumb, 2 bytes, Stack size 0 bytes, isp_startup_m55m1.o(.text.Default_Handler))
<BR>[Address Reference Count : 1]<UL><LI> isp_startup_m55m1.o(DTCM.VTOR)
</UL>
<P><STRONG><a name="[29]"></a>GPH_IRQHandler</STRONG> (Thumb, 2 bytes, Stack size 0 bytes, isp_startup_m55m1.o(.text.Default_Handler))
<BR>[Address Reference Count : 1]<UL><LI> isp_startup_m55m1.o(DTCM.VTOR)
</UL>
<P><STRONG><a name="[2a]"></a>GPI_IRQHandler</STRONG> (Thumb, 2 bytes, Stack size 0 bytes, isp_startup_m55m1.o(.text.Default_Handler))
<BR>[Address Reference Count : 1]<UL><LI> isp_startup_m55m1.o(DTCM.VTOR)
</UL>
<P><STRONG><a name="[2b]"></a>GPJ_IRQHandler</STRONG> (Thumb, 2 bytes, Stack size 0 bytes, isp_startup_m55m1.o(.text.Default_Handler))
<BR>[Address Reference Count : 1]<UL><LI> isp_startup_m55m1.o(DTCM.VTOR)
</UL>
<P><STRONG><a name="[48]"></a>HSOTG_IRQHandler</STRONG> (Thumb, 2 bytes, Stack size 0 bytes, isp_startup_m55m1.o(.text.Default_Handler))
<BR>[Address Reference Count : 1]<UL><LI> isp_startup_m55m1.o(DTCM.VTOR)
</UL>
<P><STRONG><a name="[47]"></a>HSUSBD_IRQHandler</STRONG> (Thumb, 2 bytes, Stack size 0 bytes, isp_startup_m55m1.o(.text.Default_Handler))
<BR>[Address Reference Count : 1]<UL><LI> isp_startup_m55m1.o(DTCM.VTOR)
</UL>
<P><STRONG><a name="[46]"></a>HSUSBH_IRQHandler</STRONG> (Thumb, 2 bytes, Stack size 0 bytes, isp_startup_m55m1.o(.text.Default_Handler))
<BR>[Address Reference Count : 1]<UL><LI> isp_startup_m55m1.o(DTCM.VTOR)
</UL>
<P><STRONG><a name="[5f]"></a>I2C0_IRQHandler</STRONG> (Thumb, 2 bytes, Stack size 0 bytes, isp_startup_m55m1.o(.text.Default_Handler))
<BR>[Address Reference Count : 1]<UL><LI> isp_startup_m55m1.o(DTCM.VTOR)
</UL>
<P><STRONG><a name="[60]"></a>I2C1_IRQHandler</STRONG> (Thumb, 2 bytes, Stack size 0 bytes, isp_startup_m55m1.o(.text.Default_Handler))
<BR>[Address Reference Count : 1]<UL><LI> isp_startup_m55m1.o(DTCM.VTOR)
</UL>
<P><STRONG><a name="[61]"></a>I2C2_IRQHandler</STRONG> (Thumb, 2 bytes, Stack size 0 bytes, isp_startup_m55m1.o(.text.Default_Handler))
<BR>[Address Reference Count : 1]<UL><LI> isp_startup_m55m1.o(DTCM.VTOR)
</UL>
<P><STRONG><a name="[62]"></a>I2C3_IRQHandler</STRONG> (Thumb, 2 bytes, Stack size 0 bytes, isp_startup_m55m1.o(.text.Default_Handler))
<BR>[Address Reference Count : 1]<UL><LI> isp_startup_m55m1.o(DTCM.VTOR)
</UL>
<P><STRONG><a name="[6b]"></a>I2S0_IRQHandler</STRONG> (Thumb, 2 bytes, Stack size 0 bytes, isp_startup_m55m1.o(.text.Default_Handler))
<BR>[Address Reference Count : 1]<UL><LI> isp_startup_m55m1.o(DTCM.VTOR)
</UL>
<P><STRONG><a name="[6c]"></a>I2S1_IRQHandler</STRONG> (Thumb, 2 bytes, Stack size 0 bytes, isp_startup_m55m1.o(.text.Default_Handler))
<BR>[Address Reference Count : 1]<UL><LI> isp_startup_m55m1.o(DTCM.VTOR)
</UL>
<P><STRONG><a name="[6e]"></a>I3C0_IRQHandler</STRONG> (Thumb, 2 bytes, Stack size 0 bytes, isp_startup_m55m1.o(.text.Default_Handler))
<BR>[Address Reference Count : 1]<UL><LI> isp_startup_m55m1.o(DTCM.VTOR)
</UL>
<P><STRONG><a name="[10]"></a>IRC_IRQHandler</STRONG> (Thumb, 2 bytes, Stack size 0 bytes, isp_startup_m55m1.o(.text.Default_Handler))
<BR>[Address Reference Count : 1]<UL><LI> isp_startup_m55m1.o(DTCM.VTOR)
</UL>
<P><STRONG><a name="[14]"></a>ISP_IRQHandler</STRONG> (Thumb, 2 bytes, Stack size 0 bytes, isp_startup_m55m1.o(.text.Default_Handler))
<BR>[Address Reference Count : 1]<UL><LI> isp_startup_m55m1.o(DTCM.VTOR)
</UL>
<P><STRONG><a name="[70]"></a>KPI_IRQHandler</STRONG> (Thumb, 2 bytes, Stack size 0 bytes, isp_startup_m55m1.o(.text.Default_Handler))
<BR>[Address Reference Count : 1]<UL><LI> isp_startup_m55m1.o(DTCM.VTOR)
</UL>
<P><STRONG><a name="[39]"></a>KS_IRQHandler</STRONG> (Thumb, 2 bytes, Stack size 0 bytes, isp_startup_m55m1.o(.text.Default_Handler))
<BR>[Address Reference Count : 1]<UL><LI> isp_startup_m55m1.o(DTCM.VTOR)
</UL>
<P><STRONG><a name="[ca]"></a>LPADC0_IRQHandler</STRONG> (Thumb, 2 bytes, Stack size 0 bytes, isp_startup_m55m1.o(.text.Default_Handler), UNUSED)

<P><STRONG><a name="[63]"></a>LPI2C0_IRQHandler</STRONG> (Thumb, 2 bytes, Stack size 0 bytes, isp_startup_m55m1.o(.text.Default_Handler))
<BR>[Address Reference Count : 1]<UL><LI> isp_startup_m55m1.o(DTCM.VTOR)
</UL>
<P><STRONG><a name="[38]"></a>LPPDMA_IRQHandler</STRONG> (Thumb, 2 bytes, Stack size 0 bytes, isp_startup_m55m1.o(.text.Default_Handler))
<BR>[Address Reference Count : 1]<UL><LI> isp_startup_m55m1.o(DTCM.VTOR)
</UL>
<P><STRONG><a name="[50]"></a>LPSPI0_IRQHandler</STRONG> (Thumb, 2 bytes, Stack size 0 bytes, isp_startup_m55m1.o(.text.Default_Handler))
<BR>[Address Reference Count : 1]<UL><LI> isp_startup_m55m1.o(DTCM.VTOR)
</UL>
<P><STRONG><a name="[3e]"></a>LPTMR0_IRQHandler</STRONG> (Thumb, 2 bytes, Stack size 0 bytes, isp_startup_m55m1.o(.text.Default_Handler))
<BR>[Address Reference Count : 1]<UL><LI> isp_startup_m55m1.o(DTCM.VTOR)
</UL>
<P><STRONG><a name="[3f]"></a>LPTMR1_IRQHandler</STRONG> (Thumb, 2 bytes, Stack size 0 bytes, isp_startup_m55m1.o(.text.Default_Handler))
<BR>[Address Reference Count : 1]<UL><LI> isp_startup_m55m1.o(DTCM.VTOR)
</UL>
<P><STRONG><a name="[5e]"></a>LPUART0_IRQHandler</STRONG> (Thumb, 2 bytes, Stack size 0 bytes, isp_startup_m55m1.o(.text.Default_Handler))
<BR>[Address Reference Count : 1]<UL><LI> isp_startup_m55m1.o(DTCM.VTOR)
</UL>
<P><STRONG><a name="[3]"></a>MemManage_Handler</STRONG> (Thumb, 2 bytes, Stack size 0 bytes, isp_startup_m55m1.o(.text.Default_Handler))
<BR>[Address Reference Count : 2]<UL><LI> isp_startup_m55m1.o(RESET)
<LI> isp_startup_m55m1.o(DTCM.VTOR)
</UL>
<P><STRONG><a name="[1]"></a>NMI_Handler</STRONG> (Thumb, 2 bytes, Stack size 0 bytes, isp_startup_m55m1.o(.text.Default_Handler))
<BR>[Address Reference Count : 2]<UL><LI> isp_startup_m55m1.o(RESET)
<LI> isp_startup_m55m1.o(DTCM.VTOR)
</UL>
<P><STRONG><a name="[1b]"></a>NPU_IRQHandler</STRONG> (Thumb, 2 bytes, Stack size 0 bytes, isp_startup_m55m1.o(.text.Default_Handler))
<BR>[Address Reference Count : 1]<UL><LI> isp_startup_m55m1.o(DTCM.VTOR)
</UL>
<P><STRONG><a name="[6f]"></a>OTFC0_IRQHandler</STRONG> (Thumb, 2 bytes, Stack size 0 bytes, isp_startup_m55m1.o(.text.Default_Handler))
<BR>[Address Reference Count : 1]<UL><LI> isp_startup_m55m1.o(DTCM.VTOR)
</UL>
<P><STRONG><a name="[36]"></a>PDMA0_IRQHandler</STRONG> (Thumb, 2 bytes, Stack size 0 bytes, isp_startup_m55m1.o(.text.Default_Handler))
<BR>[Address Reference Count : 1]<UL><LI> isp_startup_m55m1.o(DTCM.VTOR)
</UL>
<P><STRONG><a name="[37]"></a>PDMA1_IRQHandler</STRONG> (Thumb, 2 bytes, Stack size 0 bytes, isp_startup_m55m1.o(.text.Default_Handler))
<BR>[Address Reference Count : 1]<UL><LI> isp_startup_m55m1.o(DTCM.VTOR)
</UL>
<P><STRONG><a name="[11]"></a>PMC_IRQHandler</STRONG> (Thumb, 2 bytes, Stack size 0 bytes, isp_startup_m55m1.o(.text.Default_Handler))
<BR>[Address Reference Count : 1]<UL><LI> isp_startup_m55m1.o(DTCM.VTOR)
</UL>
<P><STRONG><a name="[68]"></a>PSIO_IRQHandler</STRONG> (Thumb, 2 bytes, Stack size 0 bytes, isp_startup_m55m1.o(.text.Default_Handler))
<BR>[Address Reference Count : 1]<UL><LI> isp_startup_m55m1.o(DTCM.VTOR)
</UL>
<P><STRONG><a name="[d]"></a>PendSV_Handler</STRONG> (Thumb, 2 bytes, Stack size 0 bytes, isp_startup_m55m1.o(.text.Default_Handler))
<BR>[Address Reference Count : 1]<UL><LI> isp_startup_m55m1.o(DTCM.VTOR)
</UL>
<P><STRONG><a name="[4a]"></a>QSPI0_IRQHandler</STRONG> (Thumb, 2 bytes, Stack size 0 bytes, isp_startup_m55m1.o(.text.Default_Handler))
<BR>[Address Reference Count : 1]<UL><LI> isp_startup_m55m1.o(DTCM.VTOR)
</UL>
<P><STRONG><a name="[4b]"></a>QSPI1_IRQHandler</STRONG> (Thumb, 2 bytes, Stack size 0 bytes, isp_startup_m55m1.o(.text.Default_Handler))
<BR>[Address Reference Count : 1]<UL><LI> isp_startup_m55m1.o(DTCM.VTOR)
</UL>
<P><STRONG><a name="[16]"></a>RTCTAMPER_IRQHandler</STRONG> (Thumb, 2 bytes, Stack size 0 bytes, isp_startup_m55m1.o(.text.Default_Handler))
<BR>[Address Reference Count : 1]<UL><LI> isp_startup_m55m1.o(DTCM.VTOR)
</UL>
<P><STRONG><a name="[15]"></a>RTC_IRQHandler</STRONG> (Thumb, 2 bytes, Stack size 0 bytes, isp_startup_m55m1.o(.text.Default_Handler))
<BR>[Address Reference Count : 1]<UL><LI> isp_startup_m55m1.o(DTCM.VTOR)
</UL>
<P><STRONG><a name="[65]"></a>SC0_IRQHandler</STRONG> (Thumb, 2 bytes, Stack size 0 bytes, isp_startup_m55m1.o(.text.Default_Handler))
<BR>[Address Reference Count : 1]<UL><LI> isp_startup_m55m1.o(DTCM.VTOR)
</UL>
<P><STRONG><a name="[66]"></a>SC1_IRQHandler</STRONG> (Thumb, 2 bytes, Stack size 0 bytes, isp_startup_m55m1.o(.text.Default_Handler))
<BR>[Address Reference Count : 1]<UL><LI> isp_startup_m55m1.o(DTCM.VTOR)
</UL>
<P><STRONG><a name="[67]"></a>SC2_IRQHandler</STRONG> (Thumb, 2 bytes, Stack size 0 bytes, isp_startup_m55m1.o(.text.Default_Handler))
<BR>[Address Reference Count : 1]<UL><LI> isp_startup_m55m1.o(DTCM.VTOR)
</UL>
<P><STRONG><a name="[71]"></a>SDH0_IRQHandler</STRONG> (Thumb, 2 bytes, Stack size 0 bytes, isp_startup_m55m1.o(.text.Default_Handler))
<BR>[Address Reference Count : 1]<UL><LI> isp_startup_m55m1.o(DTCM.VTOR)
</UL>
<P><STRONG><a name="[72]"></a>SDH1_IRQHandler</STRONG> (Thumb, 2 bytes, Stack size 0 bytes, isp_startup_m55m1.o(.text.Default_Handler))
<BR>[Address Reference Count : 1]<UL><LI> isp_startup_m55m1.o(DTCM.VTOR)
</UL>
<P><STRONG><a name="[4c]"></a>SPI0_IRQHandler</STRONG> (Thumb, 2 bytes, Stack size 0 bytes, isp_startup_m55m1.o(.text.Default_Handler))
<BR>[Address Reference Count : 1]<UL><LI> isp_startup_m55m1.o(DTCM.VTOR)
</UL>
<P><STRONG><a name="[4d]"></a>SPI1_IRQHandler</STRONG> (Thumb, 2 bytes, Stack size 0 bytes, isp_startup_m55m1.o(.text.Default_Handler))
<BR>[Address Reference Count : 1]<UL><LI> isp_startup_m55m1.o(DTCM.VTOR)
</UL>
<P><STRONG><a name="[4e]"></a>SPI2_IRQHandler</STRONG> (Thumb, 2 bytes, Stack size 0 bytes, isp_startup_m55m1.o(.text.Default_Handler))
<BR>[Address Reference Count : 1]<UL><LI> isp_startup_m55m1.o(DTCM.VTOR)
</UL>
<P><STRONG><a name="[4f]"></a>SPI3_IRQHandler</STRONG> (Thumb, 2 bytes, Stack size 0 bytes, isp_startup_m55m1.o(.text.Default_Handler))
<BR>[Address Reference Count : 1]<UL><LI> isp_startup_m55m1.o(DTCM.VTOR)
</UL>
<P><STRONG><a name="[51]"></a>SPIM0_IRQHandler</STRONG> (Thumb, 2 bytes, Stack size 0 bytes, isp_startup_m55m1.o(.text.Default_Handler))
<BR>[Address Reference Count : 1]<UL><LI> isp_startup_m55m1.o(DTCM.VTOR)
</UL>
<P><STRONG><a name="[12]"></a>SRAMPERR_IRQHandler</STRONG> (Thumb, 2 bytes, Stack size 0 bytes, isp_startup_m55m1.o(.text.Default_Handler))
<BR>[Address Reference Count : 1]<UL><LI> isp_startup_m55m1.o(DTCM.VTOR)
</UL>
<P><STRONG><a name="[b]"></a>SVC_Handler</STRONG> (Thumb, 2 bytes, Stack size 0 bytes, isp_startup_m55m1.o(.text.Default_Handler))
<BR>[Address Reference Count : 1]<UL><LI> isp_startup_m55m1.o(DTCM.VTOR)
</UL>
<P><STRONG><a name="[6]"></a>SecureFault_Handler</STRONG> (Thumb, 2 bytes, Stack size 0 bytes, isp_startup_m55m1.o(.text.Default_Handler))
<BR>[Address Reference Count : 2]<UL><LI> isp_startup_m55m1.o(RESET)
<LI> isp_startup_m55m1.o(DTCM.VTOR)
</UL>
<P><STRONG><a name="[e]"></a>SysTick_Handler</STRONG> (Thumb, 2 bytes, Stack size 0 bytes, isp_startup_m55m1.o(.text.Default_Handler))
<BR>[Address Reference Count : 1]<UL><LI> isp_startup_m55m1.o(DTCM.VTOR)
</UL>
<P><STRONG><a name="[3a]"></a>TIMER0_IRQHandler</STRONG> (Thumb, 2 bytes, Stack size 0 bytes, isp_startup_m55m1.o(.text.Default_Handler))
<BR>[Address Reference Count : 1]<UL><LI> isp_startup_m55m1.o(DTCM.VTOR)
</UL>
<P><STRONG><a name="[3b]"></a>TIMER1_IRQHandler</STRONG> (Thumb, 2 bytes, Stack size 0 bytes, isp_startup_m55m1.o(.text.Default_Handler))
<BR>[Address Reference Count : 1]<UL><LI> isp_startup_m55m1.o(DTCM.VTOR)
</UL>
<P><STRONG><a name="[3c]"></a>TIMER2_IRQHandler</STRONG> (Thumb, 2 bytes, Stack size 0 bytes, isp_startup_m55m1.o(.text.Default_Handler))
<BR>[Address Reference Count : 1]<UL><LI> isp_startup_m55m1.o(DTCM.VTOR)
</UL>
<P><STRONG><a name="[3d]"></a>TIMER3_IRQHandler</STRONG> (Thumb, 2 bytes, Stack size 0 bytes, isp_startup_m55m1.o(.text.Default_Handler))
<BR>[Address Reference Count : 1]<UL><LI> isp_startup_m55m1.o(DTCM.VTOR)
</UL>
<P><STRONG><a name="[6d]"></a>TRNG_IRQHandler</STRONG> (Thumb, 2 bytes, Stack size 0 bytes, isp_startup_m55m1.o(.text.Default_Handler))
<BR>[Address Reference Count : 1]<UL><LI> isp_startup_m55m1.o(DTCM.VTOR)
</UL>
<P><STRONG><a name="[40]"></a>TTMR0_IRQHandler</STRONG> (Thumb, 2 bytes, Stack size 0 bytes, isp_startup_m55m1.o(.text.Default_Handler))
<BR>[Address Reference Count : 1]<UL><LI> isp_startup_m55m1.o(DTCM.VTOR)
</UL>
<P><STRONG><a name="[41]"></a>TTMR1_IRQHandler</STRONG> (Thumb, 2 bytes, Stack size 0 bytes, isp_startup_m55m1.o(.text.Default_Handler))
<BR>[Address Reference Count : 1]<UL><LI> isp_startup_m55m1.o(DTCM.VTOR)
</UL>
<P><STRONG><a name="[52]"></a>UART0_IRQHandler</STRONG> (Thumb, 2 bytes, Stack size 0 bytes, isp_startup_m55m1.o(.text.Default_Handler))
<BR>[Address Reference Count : 1]<UL><LI> isp_startup_m55m1.o(DTCM.VTOR)
</UL>
<P><STRONG><a name="[53]"></a>UART1_IRQHandler</STRONG> (Thumb, 2 bytes, Stack size 0 bytes, isp_startup_m55m1.o(.text.Default_Handler))
<BR>[Address Reference Count : 1]<UL><LI> isp_startup_m55m1.o(DTCM.VTOR)
</UL>
<P><STRONG><a name="[54]"></a>UART2_IRQHandler</STRONG> (Thumb, 2 bytes, Stack size 0 bytes, isp_startup_m55m1.o(.text.Default_Handler))
<BR>[Address Reference Count : 1]<UL><LI> isp_startup_m55m1.o(DTCM.VTOR)
</UL>
<P><STRONG><a name="[55]"></a>UART3_IRQHandler</STRONG> (Thumb, 2 bytes, Stack size 0 bytes, isp_startup_m55m1.o(.text.Default_Handler))
<BR>[Address Reference Count : 1]<UL><LI> isp_startup_m55m1.o(DTCM.VTOR)
</UL>
<P><STRONG><a name="[56]"></a>UART4_IRQHandler</STRONG> (Thumb, 2 bytes, Stack size 0 bytes, isp_startup_m55m1.o(.text.Default_Handler))
<BR>[Address Reference Count : 1]<UL><LI> isp_startup_m55m1.o(DTCM.VTOR)
</UL>
<P><STRONG><a name="[57]"></a>UART5_IRQHandler</STRONG> (Thumb, 2 bytes, Stack size 0 bytes, isp_startup_m55m1.o(.text.Default_Handler))
<BR>[Address Reference Count : 1]<UL><LI> isp_startup_m55m1.o(DTCM.VTOR)
</UL>
<P><STRONG><a name="[58]"></a>UART6_IRQHandler</STRONG> (Thumb, 2 bytes, Stack size 0 bytes, isp_startup_m55m1.o(.text.Default_Handler))
<BR>[Address Reference Count : 1]<UL><LI> isp_startup_m55m1.o(DTCM.VTOR)
</UL>
<P><STRONG><a name="[59]"></a>UART7_IRQHandler</STRONG> (Thumb, 2 bytes, Stack size 0 bytes, isp_startup_m55m1.o(.text.Default_Handler))
<BR>[Address Reference Count : 1]<UL><LI> isp_startup_m55m1.o(DTCM.VTOR)
</UL>
<P><STRONG><a name="[5a]"></a>UART8_IRQHandler</STRONG> (Thumb, 2 bytes, Stack size 0 bytes, isp_startup_m55m1.o(.text.Default_Handler))
<BR>[Address Reference Count : 1]<UL><LI> isp_startup_m55m1.o(DTCM.VTOR)
</UL>
<P><STRONG><a name="[5b]"></a>UART9_IRQHandler</STRONG> (Thumb, 2 bytes, Stack size 0 bytes, isp_startup_m55m1.o(.text.Default_Handler))
<BR>[Address Reference Count : 1]<UL><LI> isp_startup_m55m1.o(DTCM.VTOR)
</UL>
<P><STRONG><a name="[42]"></a>USBH0_IRQHandler</STRONG> (Thumb, 2 bytes, Stack size 0 bytes, isp_startup_m55m1.o(.text.Default_Handler))
<BR>[Address Reference Count : 1]<UL><LI> isp_startup_m55m1.o(DTCM.VTOR)
</UL>
<P><STRONG><a name="[43]"></a>USBH1_IRQHandler</STRONG> (Thumb, 2 bytes, Stack size 0 bytes, isp_startup_m55m1.o(.text.Default_Handler))
<BR>[Address Reference Count : 1]<UL><LI> isp_startup_m55m1.o(DTCM.VTOR)
</UL>
<P><STRONG><a name="[45]"></a>USBOTG_IRQHandler</STRONG> (Thumb, 2 bytes, Stack size 0 bytes, isp_startup_m55m1.o(.text.Default_Handler))
<BR>[Address Reference Count : 1]<UL><LI> isp_startup_m55m1.o(DTCM.VTOR)
</UL>
<P><STRONG><a name="[64]"></a>USCI0_IRQHandler</STRONG> (Thumb, 2 bytes, Stack size 0 bytes, isp_startup_m55m1.o(.text.Default_Handler))
<BR>[Address Reference Count : 1]<UL><LI> isp_startup_m55m1.o(DTCM.VTOR)
</UL>
<P><STRONG><a name="[cb]"></a>UTCPD_IRQHandler</STRONG> (Thumb, 2 bytes, Stack size 0 bytes, isp_startup_m55m1.o(.text.Default_Handler), UNUSED)

<P><STRONG><a name="[5]"></a>UsageFault_Handler</STRONG> (Thumb, 2 bytes, Stack size 0 bytes, isp_startup_m55m1.o(.text.Default_Handler))
<BR>[Address Reference Count : 2]<UL><LI> isp_startup_m55m1.o(RESET)
<LI> isp_startup_m55m1.o(DTCM.VTOR)
</UL>
<P><STRONG><a name="[17]"></a>WDT0_IRQHandler</STRONG> (Thumb, 2 bytes, Stack size 0 bytes, isp_startup_m55m1.o(.text.Default_Handler))
<BR>[Address Reference Count : 1]<UL><LI> isp_startup_m55m1.o(DTCM.VTOR)
</UL>
<P><STRONG><a name="[19]"></a>WDT1_IRQHandler</STRONG> (Thumb, 2 bytes, Stack size 0 bytes, isp_startup_m55m1.o(.text.Default_Handler))
<BR>[Address Reference Count : 1]<UL><LI> isp_startup_m55m1.o(DTCM.VTOR)
</UL>
<P><STRONG><a name="[18]"></a>WWDT0_IRQHandler</STRONG> (Thumb, 2 bytes, Stack size 0 bytes, isp_startup_m55m1.o(.text.Default_Handler))
<BR>[Address Reference Count : 1]<UL><LI> isp_startup_m55m1.o(DTCM.VTOR)
</UL>
<P><STRONG><a name="[1a]"></a>WWDT1_IRQHandler</STRONG> (Thumb, 2 bytes, Stack size 0 bytes, isp_startup_m55m1.o(.text.Default_Handler))
<BR>[Address Reference Count : 1]<UL><LI> isp_startup_m55m1.o(DTCM.VTOR)
</UL>
<P><STRONG><a name="[96]"></a>EraseAP</STRONG> (Thumb, 100 bytes, Stack size 20 bytes, fmc_user.o(.text.EraseAP))
<BR><BR>[Stack]<UL><LI>Max Depth = 20<LI>Call Chain = EraseAP
</UL>
<BR>[Called By]<UL><LI><a href="#[92]">&gt;&gt;</a>&nbsp;&nbsp;&nbsp;ParseCmd
</UL>

<P><STRONG><a name="[94]"></a>FMC_Erase_User</STRONG> (Thumb, 12 bytes, Stack size 0 bytes, fmc_user.o(.text.FMC_Erase_User))
<BR><BR>[Called By]<UL><LI><a href="#[92]">&gt;&gt;</a>&nbsp;&nbsp;&nbsp;ParseCmd
</UL>

<P><STRONG><a name="[8c]"></a>FMC_Proc</STRONG> (Thumb, 88 bytes, Stack size 20 bytes, fmc_user.o(.text.FMC_Proc))
<BR><BR>[Stack]<UL><LI>Max Depth = 20<LI>Call Chain = FMC_Proc
</UL>
<BR>[Called By]<UL><LI><a href="#[97]">&gt;&gt;</a>&nbsp;&nbsp;&nbsp;UpdateConfig
<LI><a href="#[95]">&gt;&gt;</a>&nbsp;&nbsp;&nbsp;WriteData
<LI><a href="#[93]">&gt;&gt;</a>&nbsp;&nbsp;&nbsp;ReadData
<LI><a href="#[8b]">&gt;&gt;</a>&nbsp;&nbsp;&nbsp;FMC_Read_User
</UL>

<P><STRONG><a name="[8b]"></a>FMC_Read_User</STRONG> (Thumb, 12 bytes, Stack size 0 bytes, fmc_user.o(.text.FMC_Read_User))
<BR><BR>[Stack]<UL><LI>Max Depth = 20<LI>Call Chain = FMC_Read_User &rArr; FMC_Proc
</UL>
<BR>[Calls]<UL><LI><a href="#[8c]">&gt;&gt;</a>&nbsp;&nbsp;&nbsp;FMC_Proc
</UL>
<BR>[Called By]<UL><LI><a href="#[8d]">&gt;&gt;</a>&nbsp;&nbsp;&nbsp;GetApromSize
</UL>

<P><STRONG><a name="[8d]"></a>GetApromSize</STRONG> (Thumb, 32 bytes, Stack size 24 bytes, targetdev.o(.text.GetApromSize))
<BR><BR>[Stack]<UL><LI>Max Depth = 44<LI>Call Chain = GetApromSize &rArr; FMC_Read_User &rArr; FMC_Proc
</UL>
<BR>[Calls]<UL><LI><a href="#[8b]">&gt;&gt;</a>&nbsp;&nbsp;&nbsp;FMC_Read_User
</UL>
<BR>[Called By]<UL><LI><a href="#[7]">&gt;&gt;</a>&nbsp;&nbsp;&nbsp;main
</UL>

<P><STRONG><a name="[9]"></a>HID_ClassRequest</STRONG> (Thumb, 76 bytes, Stack size 16 bytes, hid_transfer.o(.text.HID_ClassRequest))
<BR><BR>[Stack]<UL><LI>Max Depth = 16<LI>Call Chain = HID_ClassRequest
</UL>
<BR>[Calls]<UL><LI><a href="#[8e]">&gt;&gt;</a>&nbsp;&nbsp;&nbsp;USBD_GetSetupPacket
<LI><a href="#[8f]">&gt;&gt;</a>&nbsp;&nbsp;&nbsp;USBD_SetStall
</UL>
<BR>[Address Reference Count : 1]<UL><LI> main.o(.text.main)
</UL>
<P><STRONG><a name="[a4]"></a>HID_Init</STRONG> (Thumb, 52 bytes, Stack size 0 bytes, hid_transfer.o(.text.HID_Init))
<BR><BR>[Called By]<UL><LI><a href="#[7]">&gt;&gt;</a>&nbsp;&nbsp;&nbsp;main
</UL>

<P><STRONG><a name="[2]"></a>HardFault_Handler</STRONG> (Thumb, 2 bytes, Stack size 0 bytes, isp_startup_m55m1.o(.text.HardFault_Handler))
<BR><BR>[Calls]<UL><LI><a href="#[2]">&gt;&gt;</a>&nbsp;&nbsp;&nbsp;HardFault_Handler
</UL>
<BR>[Called By]<UL><LI><a href="#[2]">&gt;&gt;</a>&nbsp;&nbsp;&nbsp;HardFault_Handler
</UL>
<BR>[Address Reference Count : 2]<UL><LI> isp_startup_m55m1.o(RESET)
<LI> isp_startup_m55m1.o(DTCM.VTOR)
</UL>
<P><STRONG><a name="[92]"></a>ParseCmd</STRONG> (Thumb, 604 bytes, Stack size 40 bytes, isp_user.o(.text.ParseCmd))
<BR><BR>[Stack]<UL><LI>Max Depth = 92<LI>Call Chain = ParseCmd &rArr; UpdateConfig &rArr; FMC_Proc
</UL>
<BR>[Calls]<UL><LI><a href="#[7e]">&gt;&gt;</a>&nbsp;&nbsp;&nbsp;__aeabi_memclr
<LI><a href="#[98]">&gt;&gt;</a>&nbsp;&nbsp;&nbsp;Checksum
<LI><a href="#[97]">&gt;&gt;</a>&nbsp;&nbsp;&nbsp;UpdateConfig
<LI><a href="#[96]">&gt;&gt;</a>&nbsp;&nbsp;&nbsp;EraseAP
<LI><a href="#[95]">&gt;&gt;</a>&nbsp;&nbsp;&nbsp;WriteData
<LI><a href="#[93]">&gt;&gt;</a>&nbsp;&nbsp;&nbsp;ReadData
<LI><a href="#[94]">&gt;&gt;</a>&nbsp;&nbsp;&nbsp;FMC_Erase_User
</UL>
<BR>[Called By]<UL><LI><a href="#[7]">&gt;&gt;</a>&nbsp;&nbsp;&nbsp;main
</UL>

<P><STRONG><a name="[93]"></a>ReadData</STRONG> (Thumb, 12 bytes, Stack size 0 bytes, fmc_user.o(.text.ReadData))
<BR><BR>[Stack]<UL><LI>Max Depth = 20<LI>Call Chain = ReadData &rArr; FMC_Proc
</UL>
<BR>[Calls]<UL><LI><a href="#[8c]">&gt;&gt;</a>&nbsp;&nbsp;&nbsp;FMC_Proc
</UL>
<BR>[Called By]<UL><LI><a href="#[92]">&gt;&gt;</a>&nbsp;&nbsp;&nbsp;ParseCmd
</UL>

<P><STRONG><a name="[0]"></a>Reset_Handler</STRONG> (Thumb, 212 bytes, Stack size 8 bytes, isp_startup_m55m1.o(.text.Reset_Handler))
<BR><BR>[Stack]<UL><LI>Max Depth = 8 + Unknown Stack Size
<LI>Call Chain = Reset_Handler
</UL>
<BR>[Calls]<UL><LI><a href="#[79]">&gt;&gt;</a>&nbsp;&nbsp;&nbsp;__main
<LI><a href="#[99]">&gt;&gt;</a>&nbsp;&nbsp;&nbsp;OUTLINED_FUNCTION_0
</UL>
<BR>[Address Reference Count : 2]<UL><LI> isp_startup_m55m1.o(RESET)
<LI> isp_startup_m55m1.o(DTCM.VTOR)
</UL>
<P><STRONG><a name="[9a]"></a>SYS_Init</STRONG> (Thumb, 216 bytes, Stack size 24 bytes, main.o(.text.SYS_Init))
<BR><BR>[Stack]<UL><LI>Max Depth = 96<LI>Call Chain = SYS_Init &rArr; CLK_EnableAPLL
</UL>
<BR>[Calls]<UL><LI><a href="#[9b]">&gt;&gt;</a>&nbsp;&nbsp;&nbsp;CLK_EnableXtalRC
<LI><a href="#[86]">&gt;&gt;</a>&nbsp;&nbsp;&nbsp;CLK_SetSCLK
<LI><a href="#[82]">&gt;&gt;</a>&nbsp;&nbsp;&nbsp;CLK_EnableAPLL
<LI><a href="#[83]">&gt;&gt;</a>&nbsp;&nbsp;&nbsp;CLK_WaitClockReady
<LI><a href="#[9c]">&gt;&gt;</a>&nbsp;&nbsp;&nbsp;CLK_SetModuleClock
</UL>
<BR>[Called By]<UL><LI><a href="#[7]">&gt;&gt;</a>&nbsp;&nbsp;&nbsp;main
</UL>

<P><STRONG><a name="[87]"></a>SystemCoreClockUpdate</STRONG> (Thumb, 24 bytes, Stack size 8 bytes, isp_system_m55m1.o(.text.SystemCoreClockUpdate))
<BR><BR>[Stack]<UL><LI>Max Depth = 24<LI>Call Chain = SystemCoreClockUpdate &rArr; CLK_SystemClockUpdate &rArr; CLK_GetAPLL0ClockFreq
</UL>
<BR>[Calls]<UL><LI><a href="#[88]">&gt;&gt;</a>&nbsp;&nbsp;&nbsp;CLK_SystemClockUpdate
</UL>
<BR>[Called By]<UL><LI><a href="#[86]">&gt;&gt;</a>&nbsp;&nbsp;&nbsp;CLK_SetSCLK
</UL>

<P><STRONG><a name="[a]"></a>SystemInit</STRONG> (Thumb, 56 bytes, Stack size 0 bytes, isp_system_m55m1.o(.text.SystemInit))
<BR>[Address Reference Count : 1]<UL><LI> isp_system_m55m1.o(.init_array)
</UL>
<P><STRONG><a name="[9d]"></a>USBD_CtrlIn</STRONG> (Thumb, 116 bytes, Stack size 16 bytes, usbd_user.o(.text.USBD_CtrlIn))
<BR><BR>[Stack]<UL><LI>Max Depth = 16<LI>Call Chain = USBD_CtrlIn
</UL>
<BR>[Calls]<UL><LI><a href="#[91]">&gt;&gt;</a>&nbsp;&nbsp;&nbsp;UserMemCopy
</UL>
<BR>[Called By]<UL><LI><a href="#[44]">&gt;&gt;</a>&nbsp;&nbsp;&nbsp;USBD_IRQHandler (via Veneer)
</UL>

<P><STRONG><a name="[9e]"></a>USBD_CtrlOut</STRONG> (Thumb, 60 bytes, Stack size 24 bytes, usbd_user.o(.text.USBD_CtrlOut))
<BR><BR>[Stack]<UL><LI>Max Depth = 24<LI>Call Chain = USBD_CtrlOut
</UL>
<BR>[Calls]<UL><LI><a href="#[91]">&gt;&gt;</a>&nbsp;&nbsp;&nbsp;UserMemCopy
</UL>
<BR>[Called By]<UL><LI><a href="#[44]">&gt;&gt;</a>&nbsp;&nbsp;&nbsp;USBD_IRQHandler (via Veneer)
</UL>

<P><STRONG><a name="[9f]"></a>USBD_GetDescriptor</STRONG> (Thumb, 192 bytes, Stack size 16 bytes, usbd_user.o(.text.USBD_GetDescriptor))
<BR><BR>[Stack]<UL><LI>Max Depth = 32<LI>Call Chain = USBD_GetDescriptor &rArr; USBD_PrepareCtrlIn
</UL>
<BR>[Calls]<UL><LI><a href="#[a0]">&gt;&gt;</a>&nbsp;&nbsp;&nbsp;USBD_PrepareCtrlIn
</UL>
<BR>[Called By]<UL><LI><a href="#[a2]">&gt;&gt;</a>&nbsp;&nbsp;&nbsp;USBD_StandardRequest
</UL>

<P><STRONG><a name="[8e]"></a>USBD_GetSetupPacket</STRONG> (Thumb, 12 bytes, Stack size 0 bytes, usbd_user.o(.text.USBD_GetSetupPacket))
<BR><BR>[Calls]<UL><LI><a href="#[91]">&gt;&gt;</a>&nbsp;&nbsp;&nbsp;UserMemCopy
</UL>
<BR>[Called By]<UL><LI><a href="#[9]">&gt;&gt;</a>&nbsp;&nbsp;&nbsp;HID_ClassRequest
</UL>

<P><STRONG><a name="[a3]"></a>USBD_Open</STRONG> (Thumb, 40 bytes, Stack size 0 bytes, usbd_user.o(.text.USBD_Open))
<BR><BR>[Called By]<UL><LI><a href="#[7]">&gt;&gt;</a>&nbsp;&nbsp;&nbsp;main
</UL>

<P><STRONG><a name="[a0]"></a>USBD_PrepareCtrlIn</STRONG> (Thumb, 80 bytes, Stack size 16 bytes, usbd_user.o(.text.USBD_PrepareCtrlIn))
<BR><BR>[Stack]<UL><LI>Max Depth = 16<LI>Call Chain = USBD_PrepareCtrlIn
</UL>
<BR>[Calls]<UL><LI><a href="#[90]">&gt;&gt;</a>&nbsp;&nbsp;&nbsp;OUTLINED_FUNCTION_0
</UL>
<BR>[Called By]<UL><LI><a href="#[9f]">&gt;&gt;</a>&nbsp;&nbsp;&nbsp;USBD_GetDescriptor
</UL>

<P><STRONG><a name="[a1]"></a>USBD_ProcessSetupPacket</STRONG> (Thumb, 84 bytes, Stack size 16 bytes, usbd_user.o(.text.USBD_ProcessSetupPacket))
<BR><BR>[Stack]<UL><LI>Max Depth = 64<LI>Call Chain = USBD_ProcessSetupPacket &rArr; USBD_StandardRequest &rArr; USBD_GetDescriptor &rArr; USBD_PrepareCtrlIn
</UL>
<BR>[Calls]<UL><LI><a href="#[a2]">&gt;&gt;</a>&nbsp;&nbsp;&nbsp;USBD_StandardRequest
<LI><a href="#[91]">&gt;&gt;</a>&nbsp;&nbsp;&nbsp;UserMemCopy
</UL>
<BR>[Called By]<UL><LI><a href="#[44]">&gt;&gt;</a>&nbsp;&nbsp;&nbsp;USBD_IRQHandler (via Veneer)
</UL>

<P><STRONG><a name="[a2]"></a>USBD_StandardRequest</STRONG> (Thumb, 280 bytes, Stack size 16 bytes, usbd_user.o(.text.USBD_StandardRequest))
<BR><BR>[Stack]<UL><LI>Max Depth = 48<LI>Call Chain = USBD_StandardRequest &rArr; USBD_GetDescriptor &rArr; USBD_PrepareCtrlIn
</UL>
<BR>[Calls]<UL><LI><a href="#[9f]">&gt;&gt;</a>&nbsp;&nbsp;&nbsp;USBD_GetDescriptor
</UL>
<BR>[Called By]<UL><LI><a href="#[a1]">&gt;&gt;</a>&nbsp;&nbsp;&nbsp;USBD_ProcessSetupPacket
</UL>

<P><STRONG><a name="[a5]"></a>USBD_Start</STRONG> (Thumb, 28 bytes, Stack size 0 bytes, usbd_user.o(.text.USBD_Start))
<BR><BR>[Called By]<UL><LI><a href="#[7]">&gt;&gt;</a>&nbsp;&nbsp;&nbsp;main
</UL>

<P><STRONG><a name="[a9]"></a>USBD_SwReset</STRONG> (Thumb, 60 bytes, Stack size 0 bytes, usbd_user.o(.text.USBD_SwReset))
<BR><BR>[Called By]<UL><LI><a href="#[44]">&gt;&gt;</a>&nbsp;&nbsp;&nbsp;USBD_IRQHandler (via Veneer)
</UL>

<P><STRONG><a name="[97]"></a>UpdateConfig</STRONG> (Thumb, 100 bytes, Stack size 32 bytes, fmc_user.o(.text.UpdateConfig))
<BR><BR>[Stack]<UL><LI>Max Depth = 52<LI>Call Chain = UpdateConfig &rArr; FMC_Proc
</UL>
<BR>[Calls]<UL><LI><a href="#[8c]">&gt;&gt;</a>&nbsp;&nbsp;&nbsp;FMC_Proc
</UL>
<BR>[Called By]<UL><LI><a href="#[92]">&gt;&gt;</a>&nbsp;&nbsp;&nbsp;ParseCmd
</UL>

<P><STRONG><a name="[91]"></a>UserMemCopy</STRONG> (Thumb, 20 bytes, Stack size 0 bytes, targetdev.o(.text.UserMemCopy))
<BR><BR>[Calls]<UL><LI><a href="#[91]">&gt;&gt;</a>&nbsp;&nbsp;&nbsp;UserMemCopy
</UL>
<BR>[Called By]<UL><LI><a href="#[90]">&gt;&gt;</a>&nbsp;&nbsp;&nbsp;OUTLINED_FUNCTION_0
<LI><a href="#[8e]">&gt;&gt;</a>&nbsp;&nbsp;&nbsp;USBD_GetSetupPacket
<LI><a href="#[91]">&gt;&gt;</a>&nbsp;&nbsp;&nbsp;UserMemCopy
<LI><a href="#[aa]">&gt;&gt;</a>&nbsp;&nbsp;&nbsp;EP3_Handler (via Veneer)
<LI><a href="#[9e]">&gt;&gt;</a>&nbsp;&nbsp;&nbsp;USBD_CtrlOut
<LI><a href="#[9d]">&gt;&gt;</a>&nbsp;&nbsp;&nbsp;USBD_CtrlIn
<LI><a href="#[a1]">&gt;&gt;</a>&nbsp;&nbsp;&nbsp;USBD_ProcessSetupPacket
<LI><a href="#[a6]">&gt;&gt;</a>&nbsp;&nbsp;&nbsp;EP2_Handler (via Veneer)
</UL>

<P><STRONG><a name="[95]"></a>WriteData</STRONG> (Thumb, 12 bytes, Stack size 0 bytes, fmc_user.o(.text.WriteData))
<BR><BR>[Stack]<UL><LI>Max Depth = 20<LI>Call Chain = WriteData &rArr; FMC_Proc
</UL>
<BR>[Calls]<UL><LI><a href="#[8c]">&gt;&gt;</a>&nbsp;&nbsp;&nbsp;FMC_Proc
</UL>
<BR>[Called By]<UL><LI><a href="#[92]">&gt;&gt;</a>&nbsp;&nbsp;&nbsp;ParseCmd
</UL>

<P><STRONG><a name="[7]"></a>main</STRONG> (Thumb, 196 bytes, Stack size 0 bytes, main.o(.text.main))
<BR><BR>[Stack]<UL><LI>Max Depth = 96<LI>Call Chain = main &rArr; SYS_Init &rArr; CLK_EnableAPLL
</UL>
<BR>[Calls]<UL><LI><a href="#[a6]">&gt;&gt;</a>&nbsp;&nbsp;&nbsp;EP2_Handler (via Veneer)
<LI><a href="#[92]">&gt;&gt;</a>&nbsp;&nbsp;&nbsp;ParseCmd
<LI><a href="#[a5]">&gt;&gt;</a>&nbsp;&nbsp;&nbsp;USBD_Start
<LI><a href="#[a4]">&gt;&gt;</a>&nbsp;&nbsp;&nbsp;HID_Init
<LI><a href="#[a3]">&gt;&gt;</a>&nbsp;&nbsp;&nbsp;USBD_Open
<LI><a href="#[8d]">&gt;&gt;</a>&nbsp;&nbsp;&nbsp;GetApromSize
<LI><a href="#[9a]">&gt;&gt;</a>&nbsp;&nbsp;&nbsp;SYS_Init
<LI><a href="#[a8]">&gt;&gt;</a>&nbsp;&nbsp;&nbsp;__NVIC_SystemReset
<LI><a href="#[a7]">&gt;&gt;</a>&nbsp;&nbsp;&nbsp;FMC_SetVectorPageAddr
</UL>
<BR>[Address Reference Count : 1]<UL><LI> entry9a.o(.ARM.Collect$$$$0000000B)
</UL>
<P><STRONG><a name="[cc]"></a>__scatterload_copy</STRONG> (Thumb, 14 bytes, Stack size unknown bytes, handlers.o(i.__scatterload_copy), UNUSED)

<P><STRONG><a name="[cd]"></a>__scatterload_null</STRONG> (Thumb, 2 bytes, Stack size unknown bytes, handlers.o(i.__scatterload_null), UNUSED)

<P><STRONG><a name="[ce]"></a>__scatterload_zeroinit</STRONG> (Thumb, 14 bytes, Stack size unknown bytes, handlers.o(i.__scatterload_zeroinit), UNUSED)
<P>
<H3>
Local Symbols
</H3>
<P><STRONG><a name="[99]"></a>OUTLINED_FUNCTION_0</STRONG> (Thumb, 30 bytes, Stack size 0 bytes, isp_startup_m55m1.o(.text.OUTLINED_FUNCTION_0))
<BR><BR>[Called By]<UL><LI><a href="#[0]">&gt;&gt;</a>&nbsp;&nbsp;&nbsp;Reset_Handler
</UL>

<P><STRONG><a name="[85]"></a>OUTLINED_FUNCTION_0</STRONG> (Thumb, 38 bytes, Stack size 0 bytes, clk.o(.text.OUTLINED_FUNCTION_0))
<BR><BR>[Called By]<UL><LI><a href="#[84]">&gt;&gt;</a>&nbsp;&nbsp;&nbsp;CLK_GetAPLL0ClockFreq
</UL>

<P><STRONG><a name="[a7]"></a>FMC_SetVectorPageAddr</STRONG> (Thumb, 48 bytes, Stack size 0 bytes, main.o(.text.FMC_SetVectorPageAddr))
<BR><BR>[Called By]<UL><LI><a href="#[7]">&gt;&gt;</a>&nbsp;&nbsp;&nbsp;main
</UL>

<P><STRONG><a name="[a8]"></a>__NVIC_SystemReset</STRONG> (Thumb, 28 bytes, Stack size 0 bytes, main.o(.text.__NVIC_SystemReset))
<BR><BR>[Called By]<UL><LI><a href="#[7]">&gt;&gt;</a>&nbsp;&nbsp;&nbsp;main
</UL>

<P><STRONG><a name="[8f]"></a>USBD_SetStall</STRONG> (Thumb, 32 bytes, Stack size 0 bytes, hid_transfer.o(.text.USBD_SetStall))
<BR><BR>[Called By]<UL><LI><a href="#[9]">&gt;&gt;</a>&nbsp;&nbsp;&nbsp;HID_ClassRequest
</UL>

<P><STRONG><a name="[90]"></a>OUTLINED_FUNCTION_0</STRONG> (Thumb, 10 bytes, Stack size 0 bytes, usbd_user.o(.text.OUTLINED_FUNCTION_0))
<BR><BR>[Calls]<UL><LI><a href="#[91]">&gt;&gt;</a>&nbsp;&nbsp;&nbsp;UserMemCopy
</UL>
<BR>[Called By]<UL><LI><a href="#[a0]">&gt;&gt;</a>&nbsp;&nbsp;&nbsp;USBD_PrepareCtrlIn
</UL>

<P><STRONG><a name="[98]"></a>Checksum</STRONG> (Thumb, 24 bytes, Stack size 8 bytes, isp_user.o(.text.Checksum))
<BR><BR>[Stack]<UL><LI>Max Depth = 8<LI>Call Chain = Checksum
</UL>
<BR>[Called By]<UL><LI><a href="#[92]">&gt;&gt;</a>&nbsp;&nbsp;&nbsp;ParseCmd
</UL>
<P>
<H3>
Undefined Global Symbols
</H3><HR></body></html>
