<html>
<body>
<pre>
<h1>µVision Build Log</h1>
<h2>Tool Versions:</h2>
IDE-Version: µVision V5.39.0.0
Copyright (C) 2023 ARM Ltd and ARM Germany GmbH. All rights reserved.
License Information: Pablo Landriz
University of California, Santa Barbara
User-based license: Keil MDK Nuvoton Edition - Full Cortex-M
Valid until: Sep 26 2034. Cached until: Apr 30 2026
 
Tool Versions:
Toolchain:       Keil MDK Nuvoton Edition - Full Cortex-M  Version: 5.39.0.0
Toolchain Path:  C:\Keil_v5\ARM\ARMCLANG\Bin
C Compiler:      ArmClang.exe V6.21
Assembler:       Armasm.exe V6.21
Linker/Locator:  ArmLink.exe V6.21
Library Manager: ArmAr.exe V6.21
Hex Converter:   FromElf.exe V6.21
CPU DLL:         
Dialog DLL:      
Target DLL:      Nu_Link.dll V3.22
Dialog DLL:      TCM.DLL V1.56.4.0
 
<h2>Project:</h2>
C:\Users\rohankoshy\Downloads\en-us--M55M1_Series_BSP_CMSIS_V3.01.003\SampleCode\NuEdgeWise\PoseLandmark\KEIL\PoseLandmark.uvprojx
Project File Date:  04/19/2026

<h2>Output:</h2>
*** Using Compiler 'V6.21', folder: 'C:\Keil_v5\ARM\ARMCLANG\Bin'
Rebuild target 'PoseLandmark'
creating preprocessor file for uart.c...
creating preprocessor file for startup_M55M1.c...
creating list file for startup_M55M1.c...
compiling system_M55M1.c...
creating preprocessor file for clk.c...
creating preprocessor file for ccap.c...
creating preprocessor file for retarget.c...
creating preprocessor file for system_M55M1.c...
compiling startup_M55M1.c...
creating preprocessor file for sys.c...
creating list file for sys.c...
creating list file for retarget.c...
compiling retarget.c...
creating list file for ccap.c...
compiling clk.c...
compiling ccap.c...
compiling uart.c...
creating preprocessor file for ethosu_device_u55_u65.c...
creating list file for uart.c...
creating list file for system_M55M1.c...
compiling sys.c...
creating preprocessor file for gpio.c...
creating list file for gpio.c...
creating preprocessor file for ethosu_driver.c...
creating list file for ethosu_device_u55_u65.c...
compiling ethosu_device_u55_u65.c...
creating list file for clk.c...
compiling gpio.c...
creating preprocessor file for ethosu_pmu.c...
creating list file for ethosu_driver.c...
compiling ethosu_driver.c...
compiling ethosu_pmu.c...
creating list file for ethosu_pmu.c...
creating preprocessor file for ebi.c...
creating preprocessor file for spim_hyper.c...
creating preprocessor file for sdh.c...
creating list file for ebi.c...
compiling ebi.c...
creating preprocessor file for spi.c...
creating preprocessor file for hsusbd.c...
creating preprocessor file for pdma.c...
compiling spim_hyper.c...
creating list file for spim_hyper.c...
creating preprocessor file for BoardInit.cpp...
compiling spi.c...
creating list file for spi.c...
creating list file for hsusbd.c...
creating list file for pdma.c...
compiling hsusbd.c...
compiling pdma.c...
creating list file for BoardInit.cpp...
compiling BoardInit.cpp...
creating list file for sdh.c...
compiling sdh.c...
creating preprocessor file for PoseLandmarkPostProcessing.cpp...
creating preprocessor file for main.cpp...
creating preprocessor file for PoseLandmarkModel.cpp...
creating preprocessor file for Model.cc...
creating preprocessor file for TensorFlowLiteMicro.cc...
creating preprocessor file for pose_landmark_lite_int8_vela.tflite.cpp...
creating preprocessor file for PlatformMath.cc...
creating preprocessor file for Profiler.cc...
creating list file for ethosu_cpu_cache.c...
creating preprocessor file for ethosu_cpu_cache.c...
compiling ethosu_cpu_cache.c...
creating list file for ethosu_npu_init.c...
creating preprocessor file for ethosu_npu_init.c...
creating list file for ethosu_profiler.c...
creating preprocessor file for ethosu_profiler.c...
compiling ethosu_npu_init.c...
compiling ethosu_profiler.c...
creating list file for PlatformMath.cc...
creating list file for pmu_counter.c...
creating preprocessor file for pmu_counter.c...
compiling PlatformMath.cc...
compiling pmu_counter.c...
creating list file for ImageSensor.c...
creating preprocessor file for ImageSensor.c...
compiling ImageSensor.c...
creating list file for Sensor_HM1055.c...
creating preprocessor file for Sensor_HM1055.c...
creating list file for Profiler.cc...
compiling Sensor_HM1055.c...
creating preprocessor file for SWI2C.c...
compiling Profiler.cc...
creating preprocessor file for Display.c...
creating list file for Display.c...
creating list file for SWI2C.c...
creating preprocessor file for LCD_FSA506.c...
creating list file for LCD_FSA506.c...
compiling SWI2C.c...
compiling Display.c...
creating preprocessor file for Font8_16.c...
creating list file for Font8_16.c...
compiling LCD_FSA506.c...
compiling Font8_16.c...
creating list file for TensorFlowLiteMicro.cc...
creating preprocessor file for hyperram_code.c...
creating preprocessor file for LCD_ILI9341.c...
creating list file for LCD_ILI9341.c...
creating list file for PoseLandmarkModel.cpp...
creating list file for hyperram_code.c...
compiling hyperram_code.c...
creating preprocessor file for descriptors.c...
compiling LCD_ILI9341.c...
creating list file for descriptors.c...
creating list file for PoseLandmarkPostProcessing.cpp...
compiling descriptors.c...
creating preprocessor file for UVC.c...
compiling PoseLandmarkModel.cpp...
creating preprocessor file for LCD_LT7381.c...
creating list file for main.cpp...
compiling TensorFlowLiteMicro.cc...
compiling Model.cc...
creating preprocessor file for drv_pdma.c...
creating list file for UVC.c...
creating list file for Model.cc...
compiling UVC.c...
compiling PoseLandmarkPostProcessing.cpp...
creating list file for LCD_LT7381.c...
compiling LCD_LT7381.c...
compiling main.cpp...
creating list file for drv_pdma.c...
compiling drv_pdma.c...
creating list file for pose_landmark_lite_int8_vela.tflite.cpp...
compiling pose_landmark_lite_int8_vela.tflite.cpp...
linking...
Program Size: Code=98342 RO-data=1595518 RW-data=2160 ZI-data=3568752  
After Build - User command #1: fromelf --bin ".\Objects\PoseLandmark.axf" --output ".\release\PoseLandmark.bin"
".\Objects\PoseLandmark.axf" - 0 Error(s), 0 Warning(s).

<h2>Software Packages used:</h2>

Package Vendor: Nuvoton
                https://github.com/OpenNuvoton/cmsis-packs/raw/master/Nuvoton_DFP/Nuvoton.NuMicroM55_DFP.3.1.4-rc.3.pack
                Nuvoton::NuMicroM55_DFP@3.1.4-rc.3
                Nuvoton ARM Cortex-M55 NuMicro Family Device Support

<h2>Collection of Component include folders:</h2>
  C:/Keil_v5/Packs/Nuvoton/NuMicroM55_DFP/3.1.4-rc.3/Library/Device/Nuvoton/M55M1/Include

<h2>Collection of Component Files used:</h2>
Build Time Elapsed:  00:00:08
</pre>
</body>
</html>
