<html>
<body>
<pre>
<h1>�Vision Build Log</h1>
<h2>Tool Versions:</h2>
IDE-Version: �Vision V5.39.0.0
Copyright (C) 2023 ARM Ltd and ARM Germany GmbH. All rights reserved.
License Information: Pablo Landriz
University of California, Santa Barbara
User-based license: Keil MDK Nuvoton Edition - Full Cortex-M
Valid until: Sep 26 2034. Cached until: May 12 2026
 
Tool Versions:
Toolchain:       Keil MDK Nuvoton Edition - Full Cortex-M  Version: 5.39.0.0
Toolchain Path:  C:\Keil_v5\ARM\ARMCLANG\Bin
C Compiler:      ArmClang.exe V6.21
Assembler:       Armasm.exe V6.21
Linker/Locator:  ArmLink.exe V6.21
Library Manager: ArmAr.exe V6.21
Hex Converter:   FromElf.exe V6.21
CPU DLL:         
Dialog DLL:      
Target DLL:      Nu_Link.dll V3.22
Dialog DLL:      TCM.DLL V1.56.4.0
 
<h2>Project:</h2>
C:\Final_Code_Capstone\Nuvoton_EchoTrack\en-us--M55M1_Series_BSP_CMSIS_V3.01.003\SampleCode\NuEdgeWise\PoseLandmark_YOLOv8n\KEIL\PoseLandmark.uvprojx
Project File Date:  04/17/2026

<h2>Output:</h2>
*** Using Compiler 'V6.21', folder: 'C:\Keil_v5\ARM\ARMCLANG\Bin'
Rebuild target 'PoseLandmark'
creating preprocessor file for startup_M55M1.c...
creating list file for sys.c...
creating preprocessor file for uart.c...
creating preprocessor file for system_M55M1.c...
creating preprocessor file for ccap.c...
creating list file for startup_M55M1.c...
creating preprocessor file for retarget.c...
creating preprocessor file for clk.c...
compiling system_M55M1.c...
creating preprocessor file for sys.c...
creating list file for system_M55M1.c...
compiling retarget.c...
compiling ccap.c...
creating list file for retarget.c...
creating list file for ccap.c...
compiling uart.c...
compiling startup_M55M1.c...
creating preprocessor file for gpio.c...
creating list file for uart.c...
creating preprocessor file for ethosu_device_u55_u65.c...
compiling clk.c...
creating preprocessor file for ethosu_driver.c...
compiling sys.c...
creating list file for gpio.c...
compiling ethosu_device_u55_u65.c...
creating list file for ethosu_device_u55_u65.c...
creating list file for clk.c...
compiling gpio.c...
creating list file for ethosu_driver.c...
creating preprocessor file for ethosu_pmu.c...
creating list file for ethosu_pmu.c...
compiling ethosu_driver.c...
compiling ethosu_pmu.c...
creating preprocessor file for ebi.c...
creating preprocessor file for spim_hyper.c...
creating preprocessor file for sdh.c...
compiling ebi.c...
creating list file for ebi.c...
creating preprocessor file for spi.c...
creating preprocessor file for hsusbd.c...
creating list file for spim_hyper.c...
creating preprocessor file for pdma.c...
compiling spim_hyper.c...
creating preprocessor file for i2s.c...
creating list file for spi.c...
compiling spi.c...
creating list file for pdma.c...
creating list file for hsusbd.c...
compiling pdma.c...
compiling hsusbd.c...
creating preprocessor file for epwm.c...
creating list file for i2s.c...
compiling i2s.c...
creating preprocessor file for i2c.c...
creating preprocessor file for BoardInit.cpp...
creating list file for epwm.c...
compiling epwm.c...
creating preprocessor file for ModelFileReader.c...
compiling sdh.c...
creating list file for i2c.c...
creating list file for sdh.c...
compiling i2c.c...
creating list file for ModelFileReader.c...
creating list file for BoardInit.cpp...
compiling BoardInit.cpp...
compiling ModelFileReader.c...
creating preprocessor file for main.cpp...
creating preprocessor file for MouthYOLOv8PostProcessing.cpp...
creating preprocessor file for FaceDetectorPostProcessing.cpp...
creating preprocessor file for MouthDetectionModel.cpp...
creating preprocessor file for FaceDetectionModel.cpp...
creating preprocessor file for SpeakingDetector.cpp...
creating preprocessor file for face_detection_int8_vela_H256.tflite.cpp...
creating preprocessor file for Model.cc...
creating list file for main.cpp...
creating preprocessor file for TensorFlowLiteMicro.cc...
../main.cpp(182): warning: treating Unicode character as whitespace [-Wunicode-whitespace]
  182 |                             I2S_DATABIT_32, I2S_STEREO, I2S_FORMAT_I2S);
      | ^
../main.cpp(182): warning: treating Unicode character as whitespace [-Wunicode-whitespace]
  182 |                             I2S_DATABIT_32, I2S_STEREO, I2S_FORMAT_I2S);
      |  ^
../main.cpp(182): warning: treating Unicode character as whitespace [-Wunicode-whitespace]
  182 |                             I2S_DATABIT_32, I2S_STEREO, I2S_FORMAT_I2S);
      |   ^
../main.cpp(182): warning: treating Unicode character as whitespace [-Wunicode-whitespace]
  182 |                             I2S_DATABIT_32, I2S_STEREO, I2S_FORMAT_I2S);
      |    ^
../main.cpp(182): warning: treating Unicode character as whitespace [-Wunicode-whitespace]
  182 |                             I2S_DATABIT_32, I2S_STEREO, I2S_FORMAT_I2S);
      |     ^
../main.cpp(182): warning: treating Unicode character as whitespace [-Wunicode-whitespace]
  182 |                             I2S_DATABIT_32, I2S_STEREO, I2S_FORMAT_I2S);
      |      ^
../main.cpp(182): warning: treating Unicode character as whitespace [-Wunicode-whitespace]
  182 |                             I2S_DATABIT_32, I2S_STEREO, I2S_FORMAT_I2S);
      |       ^
../main.cpp(182): warning: treating Unicode character as whitespace [-Wunicode-whitespace]
  182 |                             I2S_DATABIT_32, I2S_STEREO, I2S_FORMAT_I2S);
      |        ^
../main.cpp(182): warning: treating Unicode character as whitespace [-Wunicode-whitespace]
  182 |                             I2S_DATABIT_32, I2S_STEREO, I2S_FORMAT_I2S);
      |         ^
../main.cpp(182): warning: treating Unicode character as whitespace [-Wunicode-whitespace]
  182 |                             I2S_DATABIT_32, I2S_STEREO, I2S_FORMAT_I2S);
      |          ^
../main.cpp(182): warning: treating Unicode character as whitespace [-Wunicode-whitespace]
  182 |                             I2S_DATABIT_32, I2S_STEREO, I2S_FORMAT_I2S);
      |           ^
../main.cpp(182): warning: treating Unicode character as whitespace [-Wunicode-whitespace]
  182 |                             I2S_DATABIT_32, I2S_STEREO, I2S_FORMAT_I2S);
      |            ^
../main.cpp(182): warning: treating Unicode character as whitespace [-Wunicode-whitespace]
  182 |                             I2S_DATABIT_32, I2S_STEREO, I2S_FORMAT_I2S);
      |             ^
../main.cpp(182): warning: treating Unicode character as whitespace [-Wunicode-whitespace]
  182 |                             I2S_DATABIT_32, I2S_STEREO, I2S_FORMAT_I2S);
      |              ^
../main.cpp(182): warning: treating Unicode character as whitespace [-Wunicode-whitespace]
  182 |                             I2S_DATABIT_32, I2S_STEREO, I2S_FORMAT_I2S);
      |               ^
../main.cpp(182): warning: treating Unicode character as whitespace [-Wunicode-whitespace]
  182 |                             I2S_DATABIT_32, I2S_STEREO, I2S_FORMAT_I2S);
      |                ^
../main.cpp(182): warning: treating Unicode character as whitespace [-Wunicode-whitespace]
  182 |                             I2S_DATABIT_32, I2S_STEREO, I2S_FORMAT_I2S);
      |                 ^
../main.cpp(182): warning: treating Unicode character as whitespace [-Wunicode-whitespace]
  182 |                             I2S_DATABIT_32, I2S_STEREO, I2S_FORMAT_I2S);
      |                  ^
../main.cpp(182): warning: treating Unicode character as whitespace [-Wunicode-whitespace]
  182 |                             I2S_DATABIT_32, I2S_STEREO, I2S_FORMAT_I2S);
      |                   ^
../main.cpp(182): warning: treating Unicode character as whitespace [-Wunicode-whitespace]
  182 |                             I2S_DATABIT_32, I2S_STEREO, I2S_FORMAT_I2S);
      |                    ^
../main.cpp(182): warning: treating Unicode character as whitespace [-Wunicode-whitespace]
  182 |                             I2S_DATABIT_32, I2S_STEREO, I2S_FORMAT_I2S);
      |                     ^
../main.cpp(182): warning: treating Unicode character as whitespace [-Wunicode-whitespace]
  182 |                             I2S_DATABIT_32, I2S_STEREO, I2S_FORMAT_I2S);
      |                      ^
../main.cpp(182): warning: treating Unicode character as whitespace [-Wunicode-whitespace]
  182 |                             I2S_DATABIT_32, I2S_STEREO, I2S_FORMAT_I2S);
      |                       ^
../main.cpp(182): warning: treating Unicode character as whitespace [-Wunicode-whitespace]
  182 |                             I2S_DATABIT_32, I2S_STEREO, I2S_FORMAT_I2S);
      |                        ^
../main.cpp(182): warning: treating Unicode character as whitespace [-Wunicode-whitespace]
  182 |                             I2S_DATABIT_32, I2S_STEREO, I2S_FORMAT_I2S);
      |                         ^
../main.cpp(182): warning: treating Unicode character as whitespace [-Wunicode-whitespace]
  182 |                             I2S_DATABIT_32, I2S_STEREO, I2S_FORMAT_I2S);
      |                          ^
../main.cpp(182): warning: treating Unicode character as whitespace [-Wunicode-whitespace]
  182 |                             I2S_DATABIT_32, I2S_STEREO, I2S_FORMAT_I2S);
      |                           ^
../main.cpp(182): warning: treating Unicode character as whitespace [-Wunicode-whitespace]
  182 |                             I2S_DATABIT_32, I2S_STEREO, I2S_FORMAT_I2S);
      |                            ^
../main.cpp(184): warning: treating Unicode character as whitespace [-Wunicode-whitespace]
  184 |     (unsigned)actual0, (unsigned)AUDIO_FS_HZ);
      | ^
../main.cpp(184): warning: treating Unicode character as whitespace [-Wunicode-whitespace]
  184 |     (unsigned)actual0, (unsigned)AUDIO_FS_HZ);
      |  ^
../main.cpp(184): warning: treating Unicode character as whitespace [-Wunicode-whitespace]
  184 |     (unsigned)actual0, (unsigned)AUDIO_FS_HZ);
      |   ^
../main.cpp(184): warning: treating Unicode character as whitespace [-Wunicode-whitespace]
  184 |     (unsigned)actual0, (unsigned)AUDIO_FS_HZ);
      |    ^
../main.cpp(186): warning: treating Unicode character as whitespace [-Wunicode-whitespace]
  186 |     (unsigned)I2S0->CTL0, (unsigned)I2S0->CLKDIV);
      | ^
../main.cpp(186): warning: treating Unicode character as whitespace [-Wunicode-whitespace]
  186 |     (unsigned)I2S0->CTL0, (unsigned)I2S0->CLKDIV);
      |  ^
../main.cpp(186): warning: treating Unicode character as whitespace [-Wunicode-whitespace]
  186 |     (unsigned)I2S0->CTL0, (unsigned)I2S0->CLKDIV);
      |   ^
../main.cpp(186): warning: treating Unicode character as whitespace [-Wunicode-whitespace]
  186 |     (unsigned)I2S0->CTL0, (unsigned)I2S0->CLKDIV);
      |    ^
36 warnings generated.
compiling main.cpp...
creating preprocessor file for PlatformMath.cc...
creating list file for PlatformMath.cc...
creating list file for FaceDetectionModel.cpp...
creating list file for MouthDetectionModel.cpp...
compiling MouthDetectionModel.cpp...
creating preprocessor file for Profiler.cc...
compiling FaceDetectionModel.cpp...
compiling PlatformMath.cc...
creating list file for MouthYOLOv8PostProcessing.cpp...
compiling MouthYOLOv8PostProcessing.cpp...
creating list file for SpeakingDetector.cpp...
creating preprocessor file for ethosu_cpu_cache.c...
creating list file for TensorFlowLiteMicro.cc...
creating preprocessor file for ImageUtils.cc...
creating list file for FaceDetectorPostProcessing.cpp...
creating list file for ethosu_cpu_cache.c...
creating list file for Profiler.cc...
compiling ethosu_cpu_cache.c...
compiling FaceDetectorPostProcessing.cpp...
creating preprocessor file for ethosu_npu_init.c...
creating list file for ethosu_npu_init.c...
creating preprocessor file for ethosu_profiler.c...
compiling ethosu_profiler.c...
creating list file for ethosu_profiler.c...
compiling Model.cc...
compiling ethosu_npu_init.c...
creating preprocessor file for pmu_counter.c...
creating list file for pmu_counter.c...
creating list file for Model.cc...
compiling SpeakingDetector.cpp...
creating preprocessor file for ImageSensor.c...
compiling pmu_counter.c...
creating preprocessor file for Sensor_HM1055.c...
compiling TensorFlowLiteMicro.cc...
creating list file for ImageSensor.c...
creating list file for Sensor_HM1055.c...
compiling ImageSensor.c...
compiling Sensor_HM1055.c...
creating preprocessor file for SWI2C.c...
creating list file for face_detection_int8_vela_H256.tflite.cpp...
creating preprocessor file for Display.c...
creating preprocessor file for Font8_16.c...
creating list file for Display.c...
creating list file for Font8_16.c...
creating preprocessor file for LCD_FSA506.c...
creating list file for LCD_FSA506.c...
creating list file for ImageUtils.cc...
compiling LCD_FSA506.c...
compiling Font8_16.c...
compiling face_detection_int8_vela_H256.tflite.cpp...
compiling Display.c...
creating list file for SWI2C.c...
creating preprocessor file for hyperram_code.c...
compiling SWI2C.c...
compiling ImageUtils.cc...
creating preprocessor file for sdglue.c...
creating list file for hyperram_code.c...
creating list file for sdglue.c...
compiling hyperram_code.c...
creating preprocessor file for LCD_ILI9341.c...
compiling sdglue.c...
creating preprocessor file for descriptors.c...
creating preprocessor file for UVC.c...
compiling Profiler.cc...
creating list file for LCD_ILI9341.c...
compiling LCD_ILI9341.c...
creating preprocessor file for LCD_LT7381.c...
compiling descriptors.c...
creating list file for descriptors.c...
creating preprocessor file for drv_pdma.c...
creating preprocessor file for ff.c...
creating list file for LCD_LT7381.c...
creating list file for UVC.c...
compiling UVC.c...
creating list file for diskio_SDH.c...
creating preprocessor file for diskio_SDH.c...
compiling LCD_LT7381.c...
creating preprocessor file for ffunicode.c...
creating preprocessor file for DoA.c...
compiling diskio_SDH.c...
compiling ffunicode.c...
creating list file for drv_pdma.c...
compiling drv_pdma.c...
creating list file for ffunicode.c...
creating preprocessor file for motor.c...
creating preprocessor file for microphones.c...
creating list file for motor.c...
compiling motor.c...
creating list file for microphones.c...
compiling microphones.c...
creating list file for DoA.c...
compiling DoA.c...
creating list file for ff.c...
compiling ff.c...
linking...
Program Size: Code=134902 RO-data=599806 RW-data=2172 ZI-data=1426692  
After Build - User command #1: fromelf --bin ".\Objects\PoseLandmark.axf" --output ".\release\PoseLandmark.bin"
".\Objects\PoseLandmark.axf" - 0 Error(s), 36 Warning(s).

<h2>Software Packages used:</h2>

Package Vendor: Nuvoton
                https://github.com/OpenNuvoton/cmsis-packs/raw/master/Nuvoton_DFP/Nuvoton.NuMicroM55_DFP.3.1.4-rc.3.pack
                Nuvoton::NuMicroM55_DFP@3.1.4-rc.3
                Nuvoton ARM Cortex-M55 NuMicro Family Device Support

<h2>Collection of Component include folders:</h2>
  C:/Keil_v5/Packs/Nuvoton/NuMicroM55_DFP/3.1.4-rc.3/Library/Device/Nuvoton/M55M1/Include

<h2>Collection of Component Files used:</h2>
Build Time Elapsed:  00:00:09
</pre>
</body>
</html>
